
=== Compute Shader Performance Benchmark ===
specs/023 dq8ca_q4gsw dbuf-variant sweep bench (M=2048, variant=tsweep_t32x32k32g21s64)
----------------------------------------------------------------------
Executing 7 test cases for Dq8caDbufSweepBench
----------------------------------------------------------------------
quantize_and_pack_4h4w_with_group_sums_o4w16..     (4,32,1)        (4,1,16)                                                                                                                  711.513 μs                                 
linear_dq8ca_q4gsw_coopmat_tsweep_t32x32k32g..     (512,4,1)       (128,1,1)                                                                                                                 719.985 μs                                 
et_vk.linear_dq8ca_q4gsw.default                                               linear_dq8ca_q4gsw_correctness_M128_K128_N128_Buffer                                        [128x128]        1431.497 μs          2.930 GFLOP/s   PASSED
quantize_and_pack_4h4w_with_group_sums_o4w16..     (64,512,1)      (4,1,16)                                                                                                                 1094.682 μs                                 
linear_dq8ca_q4gsw_coopmat_tsweep_t32x32k32g..     (8192,64,1)     (128,1,1)                                                                                                               13491.953 μs                                 
et_vk.linear_dq8ca_q4gsw.default                                               linear_dq8ca_q4gsw_1b_wq_M2048_K2048_N2048_Buffer                                         [2048x2048]       14586.636 μs       1177.781 GFLOP/s  SKIPPED
quantize_and_pack_4h4w_with_group_sums_o4w16..     (64,512,1)      (4,1,16)                                                                                                                 1120.535 μs                                 
linear_dq8ca_q4gsw_coopmat_tsweep_t32x32k32g..     (32768,64,1)    (128,1,1)                                                                                                               53622.281 μs                                 
et_vk.linear_dq8ca_q4gsw.default                                               linear_dq8ca_q4gsw_1b_w1_gate_M2048_K2048_N8192_Buffer                                    [2048x2048]       54742.816 μs       1255.315 GFLOP/s  SKIPPED
quantize_and_pack_4h4w_with_group_sums_o4w16..     (96,512,1)      (4,1,16)                                                                                                                 1277.514 μs                                 
linear_dq8ca_q4gsw_coopmat_tsweep_t32x32k32g..     (12288,64,1)    (128,1,1)                                                                                                               30441.438 μs                                 
et_vk.linear_dq8ca_q4gsw.default                                               linear_dq8ca_q4gsw_3b_wq_M2048_K3072_N3072_Buffer                                         [2048x3072]       31718.953 μs       1218.663 GFLOP/s  SKIPPED
quantize_and_pack_4h4w_with_group_sums_o4w16..     (96,512,1)      (4,1,16)                                                                                                                 1349.088 μs                                 
linear_dq8ca_q4gsw_coopmat_tsweep_t32x32k32g..     (32768,64,1)    (128,1,1)                                                                                                               80482.906 μs                                 
et_vk.linear_dq8ca_q4gsw.default                                               linear_dq8ca_q4gsw_3b_w1_gate_M2048_K3072_N8192_Buffer                                    [2048x3072]       81832.000 μs       1259.644 GFLOP/s  SKIPPED
quantize_and_pack_4h4w_with_group_sums_o4w16..     (128,512,1)     (4,1,16)                                                                                                                 1484.288 μs                                 
linear_dq8ca_q4gsw_coopmat_tsweep_t32x32k32g..     (16384,64,1)    (128,1,1)                                                                                                               53914.488 μs                                 
et_vk.linear_dq8ca_q4gsw.default                                               linear_dq8ca_q4gsw_8b_wq_M2048_K4096_N4096_Buffer                                         [2048x4096]       55398.770 μs       1240.451 GFLOP/s  SKIPPED
quantize_and_pack_4h4w_with_group_sums_o4w16..     (128,512,1)     (4,1,16)                                                                                                                 1724.294 μs                                 
linear_dq8ca_q4gsw_coopmat_tsweep_t32x32k32g..     (57344,64,1)    (128,1,1)                                                                                                              190139.750 μs                                 
et_vk.linear_dq8ca_q4gsw.default                                               linear_dq8ca_q4gsw_8b_w1_gate_M2048_K4096_N14336_Buffer                                   [2048x4096]      191864.062 μs       1253.586 GFLOP/s  SKIPPED
----------------------------------------------------------------------
Completed 7 test cases
[correctness] linear_dq8ca_q4gsw_correctness_M128_K128_N128_Buffer -> linear_dq8ca_q4gsw_coopmat_tsweep_t32x32k32g21s64_buffer_texture2d_half (coopmat dispatched), correctness=PASSED

================ SUMMARY: dq8ca_q4gsw dbuf sweep (GFLOP/s) ================
shape           (K,N)                avg_us   cov_pct     GFLOP/s  dispatched kernel
1b_wq           (2048,2048)         14586.6     0.14%      1177.8  linear_dq8ca_q4gsw_coopmat_tsweep_t32x32k32g21s64_buffer_texture2d_half
1b_w1_gate      (2048,8192)         54742.8     0.36%      1255.3  linear_dq8ca_q4gsw_coopmat_tsweep_t32x32k32g21s64_buffer_texture2d_half
3b_wq           (3072,3072)         31719.0     0.03%      1218.7  linear_dq8ca_q4gsw_coopmat_tsweep_t32x32k32g21s64_buffer_texture2d_half
3b_w1_gate      (3072,8192)         81832.0     0.60%      1259.6  linear_dq8ca_q4gsw_coopmat_tsweep_t32x32k32g21s64_buffer_texture2d_half
8b_wq           (4096,4096)         55398.8     0.75%      1240.5  linear_dq8ca_q4gsw_coopmat_tsweep_t32x32k32g21s64_buffer_texture2d_half
8b_w1_gate      (4096,14336)       191864.1     0.20%      1253.6  linear_dq8ca_q4gsw_coopmat_tsweep_t32x32k32g21s64_buffer_texture2d_half
