
=== Compute Shader Performance Benchmark ===
specs/023 dq8ca_q4gsw dbuf-variant sweep bench (M=2048, variant=tsweep_t16x128k16g21s64)
----------------------------------------------------------------------
Executing 7 test cases for Dq8caDbufSweepBench
----------------------------------------------------------------------
quantize_and_pack_4h4w_with_group_sums_o4w16..     (4,32,1)        (4,1,16)                                                                                                                  711.268 μs                                 
linear_dq8ca_q4gsw_coopmat_tsweep_t16x128k16..     (128,8,1)       (128,1,1)                                                                                                                 730.758 μs                                 
et_vk.linear_dq8ca_q4gsw.default                                               linear_dq8ca_q4gsw_correctness_M128_K128_N128_Buffer                                        [128x128]        1442.026 μs          2.909 GFLOP/s   PASSED
quantize_and_pack_4h4w_with_group_sums_o4w16..     (64,512,1)      (4,1,16)                                                                                                                 1104.269 μs                                 
linear_dq8ca_q4gsw_coopmat_tsweep_t16x128k16..     (2048,128,1)    (128,1,1)                                                                                                               17122.070 μs                                 
et_vk.linear_dq8ca_q4gsw.default                                               linear_dq8ca_q4gsw_1b_wq_M2048_K2048_N2048_Buffer                                         [2048x2048]       18226.342 μs        942.585 GFLOP/s  SKIPPED
quantize_and_pack_4h4w_with_group_sums_o4w16..     (64,512,1)      (4,1,16)                                                                                                                 1106.196 μs                                 
linear_dq8ca_q4gsw_coopmat_tsweep_t16x128k16..     (8192,128,1)    (128,1,1)                                                                                                               68368.961 μs                                 
et_vk.linear_dq8ca_q4gsw.default                                               linear_dq8ca_q4gsw_1b_w1_gate_M2048_K2048_N8192_Buffer                                    [2048x2048]       69475.156 μs        989.123 GFLOP/s  SKIPPED
quantize_and_pack_4h4w_with_group_sums_o4w16..     (96,512,1)      (4,1,16)                                                                                                                 1324.011 μs                                 
linear_dq8ca_q4gsw_coopmat_tsweep_t16x128k16..     (3072,128,1)    (128,1,1)                                                                                                               38121.188 μs                                 
et_vk.linear_dq8ca_q4gsw.default                                               linear_dq8ca_q4gsw_3b_wq_M2048_K3072_N3072_Buffer                                         [2048x3072]       39445.199 μs        979.960 GFLOP/s  SKIPPED
quantize_and_pack_4h4w_with_group_sums_o4w16..     (96,512,1)      (4,1,16)                                                                                                                 1317.355 μs                                 
linear_dq8ca_q4gsw_coopmat_tsweep_t16x128k16..     (8192,128,1)    (128,1,1)                                                                                                              103028.344 μs                                 
et_vk.linear_dq8ca_q4gsw.default                                               linear_dq8ca_q4gsw_3b_w1_gate_M2048_K3072_N8192_Buffer                                    [2048x3072]      104345.695 μs        987.863 GFLOP/s  SKIPPED
quantize_and_pack_4h4w_with_group_sums_o4w16..     (128,512,1)     (4,1,16)                                                                                                                 1536.418 μs                                 
linear_dq8ca_q4gsw_coopmat_tsweep_t16x128k16..     (4096,128,1)    (128,1,1)                                                                                                               68858.219 μs                                 
et_vk.linear_dq8ca_q4gsw.default                                               linear_dq8ca_q4gsw_8b_wq_M2048_K4096_N4096_Buffer                                         [2048x4096]       70394.633 μs        976.203 GFLOP/s  SKIPPED
quantize_and_pack_4h4w_with_group_sums_o4w16..     (128,512,1)     (4,1,16)                                                                                                                 1568.944 μs                                 
linear_dq8ca_q4gsw_coopmat_tsweep_t16x128k16..     (14336,128,1)   (128,1,1)                                                                                                              249053.875 μs                                 
et_vk.linear_dq8ca_q4gsw.default                                               linear_dq8ca_q4gsw_8b_w1_gate_M2048_K4096_N14336_Buffer                                   [2048x4096]      250622.812 μs        959.682 GFLOP/s  SKIPPED
----------------------------------------------------------------------
Completed 7 test cases
[correctness] linear_dq8ca_q4gsw_correctness_M128_K128_N128_Buffer -> linear_dq8ca_q4gsw_coopmat_tsweep_t16x128k16g21s64_buffer_texture2d_half (coopmat dispatched), correctness=PASSED

================ SUMMARY: dq8ca_q4gsw dbuf sweep (GFLOP/s) ================
shape           (K,N)                avg_us   cov_pct     GFLOP/s  dispatched kernel
1b_wq           (2048,2048)         18226.3     0.20%       942.6  linear_dq8ca_q4gsw_coopmat_tsweep_t16x128k16g21s64_buffer_texture2d_half
1b_w1_gate      (2048,8192)         69475.2     0.17%       989.1  linear_dq8ca_q4gsw_coopmat_tsweep_t16x128k16g21s64_buffer_texture2d_half
3b_wq           (3072,3072)         39445.2     0.22%       980.0  linear_dq8ca_q4gsw_coopmat_tsweep_t16x128k16g21s64_buffer_texture2d_half
3b_w1_gate      (3072,8192)        104345.7     0.52%       987.9  linear_dq8ca_q4gsw_coopmat_tsweep_t16x128k16g21s64_buffer_texture2d_half
8b_wq           (4096,4096)         70394.6     0.65%       976.2  linear_dq8ca_q4gsw_coopmat_tsweep_t16x128k16g21s64_buffer_texture2d_half
8b_w1_gate      (4096,14336)       250622.8     0.57%       959.7  linear_dq8ca_q4gsw_coopmat_tsweep_t16x128k16g21s64_buffer_texture2d_half
