
=== Compute Shader Performance Benchmark ===
specs/023 dq8ca_q4gsw dbuf-variant sweep bench (M=2048, variant=tsweep_t64x16k32g12s64)
----------------------------------------------------------------------
Executing 7 test cases for Dq8caDbufSweepBench
----------------------------------------------------------------------
quantize_and_pack_4h4w_with_group_sums_o4w16..     (4,32,1)        (4,1,16)                                                                                                                  712.088 μs                                 
linear_dq8ca_q4gsw_coopmat_tsweep_t64x16k32g..     (1024,2,1)      (128,1,1)                                                                                                                 719.830 μs                                 
et_vk.linear_dq8ca_q4gsw.default                                               linear_dq8ca_q4gsw_correctness_M128_K128_N128_Buffer                                        [128x128]        1431.919 μs          2.929 GFLOP/s   PASSED
quantize_and_pack_4h4w_with_group_sums_o4w16..     (64,512,1)      (4,1,16)                                                                                                                 1108.157 μs                                 
linear_dq8ca_q4gsw_coopmat_tsweep_t64x16k32g..     (16384,32,1)    (128,1,1)                                                                                                               11097.583 μs                                 
et_vk.linear_dq8ca_q4gsw.default                                               linear_dq8ca_q4gsw_1b_wq_M2048_K2048_N2048_Buffer                                         [2048x2048]       12205.741 μs       1407.524 GFLOP/s  SKIPPED
quantize_and_pack_4h4w_with_group_sums_o4w16..     (64,512,1)      (4,1,16)                                                                                                                 1096.719 μs                                 
linear_dq8ca_q4gsw_coopmat_tsweep_t64x16k32g..     (65536,32,1)    (128,1,1)                                                                                                               42621.000 μs                                 
et_vk.linear_dq8ca_q4gsw.default                                               linear_dq8ca_q4gsw_1b_w1_gate_M2048_K2048_N8192_Buffer                                    [2048x2048]       43717.719 μs       1571.891 GFLOP/s  SKIPPED
quantize_and_pack_4h4w_with_group_sums_o4w16..     (96,512,1)      (4,1,16)                                                                                                                 1270.936 μs                                 
linear_dq8ca_q4gsw_coopmat_tsweep_t64x16k32g..     (24576,32,1)    (128,1,1)                                                                                                               25302.691 μs                                 
et_vk.linear_dq8ca_q4gsw.default                                               linear_dq8ca_q4gsw_3b_wq_M2048_K3072_N3072_Buffer                                         [2048x3072]       26573.631 μs       1454.626 GFLOP/s  SKIPPED
quantize_and_pack_4h4w_with_group_sums_o4w16..     (96,512,1)      (4,1,16)                                                                                                                 1315.197 μs                                 
linear_dq8ca_q4gsw_coopmat_tsweep_t64x16k32g..     (65536,32,1)    (128,1,1)                                                                                                               66660.023 μs                                 
et_vk.linear_dq8ca_q4gsw.default                                               linear_dq8ca_q4gsw_3b_w1_gate_M2048_K3072_N8192_Buffer                                    [2048x3072]       67975.219 μs       1516.424 GFLOP/s  SKIPPED
quantize_and_pack_4h4w_with_group_sums_o4w16..     (128,512,1)     (4,1,16)                                                                                                                 1524.497 μs                                 
linear_dq8ca_q4gsw_coopmat_tsweep_t64x16k32g..     (32768,32,1)    (128,1,1)                                                                                                               44707.531 μs                                 
et_vk.linear_dq8ca_q4gsw.default                                               linear_dq8ca_q4gsw_8b_wq_M2048_K4096_N4096_Buffer                                         [2048x4096]       46232.031 μs       1486.404 GFLOP/s  SKIPPED
quantize_and_pack_4h4w_with_group_sums_o4w16..     (128,512,1)     (4,1,16)                                                                                                                 1565.915 μs                                 
linear_dq8ca_q4gsw_coopmat_tsweep_t64x16k32g..     (114688,32,1)   (128,1,1)                                                                                                              157550.438 μs                                 
et_vk.linear_dq8ca_q4gsw.default                                               linear_dq8ca_q4gsw_8b_w1_gate_M2048_K4096_N14336_Buffer                                   [2048x4096]      159116.359 μs       1511.587 GFLOP/s  SKIPPED
----------------------------------------------------------------------
Completed 7 test cases
[correctness] linear_dq8ca_q4gsw_correctness_M128_K128_N128_Buffer -> linear_dq8ca_q4gsw_coopmat_tsweep_t64x16k32g12s64_buffer_texture2d_half (coopmat dispatched), correctness=PASSED

================ SUMMARY: dq8ca_q4gsw dbuf sweep (GFLOP/s) ================
shape           (K,N)                avg_us   cov_pct     GFLOP/s  dispatched kernel
1b_wq           (2048,2048)         12205.7     0.09%      1407.5  linear_dq8ca_q4gsw_coopmat_tsweep_t64x16k32g12s64_buffer_texture2d_half
1b_w1_gate      (2048,8192)         43717.7     0.08%      1571.9  linear_dq8ca_q4gsw_coopmat_tsweep_t64x16k32g12s64_buffer_texture2d_half
3b_wq           (3072,3072)         26573.6     0.06%      1454.6  linear_dq8ca_q4gsw_coopmat_tsweep_t64x16k32g12s64_buffer_texture2d_half
3b_w1_gate      (3072,8192)         67975.2     0.56%      1516.4  linear_dq8ca_q4gsw_coopmat_tsweep_t64x16k32g12s64_buffer_texture2d_half
8b_wq           (4096,4096)         46232.0     0.41%      1486.4  linear_dq8ca_q4gsw_coopmat_tsweep_t64x16k32g12s64_buffer_texture2d_half
8b_w1_gate      (4096,14336)       159116.4     0.26%      1511.6  linear_dq8ca_q4gsw_coopmat_tsweep_t64x16k32g12s64_buffer_texture2d_half
