
=== Compute Shader Performance Benchmark ===
specs/023 dq8ca_q4gsw dbuf-variant sweep bench (M=2048, variant=tsweep_t64x32k16g21s64)
----------------------------------------------------------------------
Executing 7 test cases for Dq8caDbufSweepBench
----------------------------------------------------------------------
quantize_and_pack_4h4w_with_group_sums_o4w16..     (4,32,1)        (4,1,16)                                                                                                                  711.937 μs                                 
linear_dq8ca_q4gsw_coopmat_tsweep_t64x32k16g..     (512,2,1)       (128,1,1)                                                                                                                 725.901 μs                                 
et_vk.linear_dq8ca_q4gsw.default                                               linear_dq8ca_q4gsw_correctness_M128_K128_N128_Buffer                                        [128x128]        1437.838 μs          2.917 GFLOP/s   PASSED
quantize_and_pack_4h4w_with_group_sums_o4w16..     (64,512,1)      (4,1,16)                                                                                                                 1105.225 μs                                 
linear_dq8ca_q4gsw_coopmat_tsweep_t64x32k16g..     (8192,32,1)     (128,1,1)                                                                                                               11501.958 μs                                 
et_vk.linear_dq8ca_q4gsw.default                                               linear_dq8ca_q4gsw_1b_wq_M2048_K2048_N2048_Buffer                                         [2048x2048]       12607.183 μs       1362.705 GFLOP/s  SKIPPED
quantize_and_pack_4h4w_with_group_sums_o4w16..     (64,512,1)      (4,1,16)                                                                                                                 1102.933 μs                                 
linear_dq8ca_q4gsw_coopmat_tsweep_t64x32k16g..     (32768,32,1)    (128,1,1)                                                                                                               44521.453 μs                                 
et_vk.linear_dq8ca_q4gsw.default                                               linear_dq8ca_q4gsw_1b_w1_gate_M2048_K2048_N8192_Buffer                                    [2048x2048]       45624.387 μs       1506.201 GFLOP/s  SKIPPED
quantize_and_pack_4h4w_with_group_sums_o4w16..     (96,512,1)      (4,1,16)                                                                                                                 1274.563 μs                                 
linear_dq8ca_q4gsw_coopmat_tsweep_t64x32k16g..     (12288,32,1)    (128,1,1)                                                                                                               25339.879 μs                                 
et_vk.linear_dq8ca_q4gsw.default                                               linear_dq8ca_q4gsw_3b_wq_M2048_K3072_N3072_Buffer                                         [2048x3072]       26614.439 μs       1452.396 GFLOP/s  SKIPPED
quantize_and_pack_4h4w_with_group_sums_o4w16..     (96,512,1)      (4,1,16)                                                                                                                 1261.897 μs                                 
linear_dq8ca_q4gsw_coopmat_tsweep_t64x32k16g..     (32768,32,1)    (128,1,1)                                                                                                               66780.688 μs                                 
et_vk.linear_dq8ca_q4gsw.default                                               linear_dq8ca_q4gsw_3b_w1_gate_M2048_K3072_N8192_Buffer                                    [2048x3072]       68042.586 μs       1514.922 GFLOP/s  SKIPPED
quantize_and_pack_4h4w_with_group_sums_o4w16..     (128,512,1)     (4,1,16)                                                                                                                 1555.099 μs                                 
linear_dq8ca_q4gsw_coopmat_tsweep_t64x32k16g..     (16384,32,1)    (128,1,1)                                                                                                               44807.766 μs                                 
et_vk.linear_dq8ca_q4gsw.default                                               linear_dq8ca_q4gsw_8b_wq_M2048_K4096_N4096_Buffer                                         [2048x4096]       46362.863 μs       1482.209 GFLOP/s  SKIPPED
quantize_and_pack_4h4w_with_group_sums_o4w16..     (128,512,1)     (4,1,16)                                                                                                                 1488.071 μs                                 
linear_dq8ca_q4gsw_coopmat_tsweep_t64x32k16g..     (57344,32,1)    (128,1,1)                                                                                                              155250.234 μs                                 
et_vk.linear_dq8ca_q4gsw.default                                               linear_dq8ca_q4gsw_8b_w1_gate_M2048_K4096_N14336_Buffer                                   [2048x4096]      156738.297 μs       1534.521 GFLOP/s  SKIPPED
----------------------------------------------------------------------
Completed 7 test cases
[correctness] linear_dq8ca_q4gsw_correctness_M128_K128_N128_Buffer -> linear_dq8ca_q4gsw_coopmat_tsweep_t64x32k16g21s64_buffer_texture2d_half (coopmat dispatched), correctness=PASSED

================ SUMMARY: dq8ca_q4gsw dbuf sweep (GFLOP/s) ================
shape           (K,N)                avg_us   cov_pct     GFLOP/s  dispatched kernel
1b_wq           (2048,2048)         12607.2     0.17%      1362.7  linear_dq8ca_q4gsw_coopmat_tsweep_t64x32k16g21s64_buffer_texture2d_half
1b_w1_gate      (2048,8192)         45624.4     0.13%      1506.2  linear_dq8ca_q4gsw_coopmat_tsweep_t64x32k16g21s64_buffer_texture2d_half
3b_wq           (3072,3072)         26614.4     0.17%      1452.4  linear_dq8ca_q4gsw_coopmat_tsweep_t64x32k16g21s64_buffer_texture2d_half
3b_w1_gate      (3072,8192)         68042.6     1.01%      1514.9  linear_dq8ca_q4gsw_coopmat_tsweep_t64x32k16g21s64_buffer_texture2d_half
8b_wq           (4096,4096)         46362.9     0.10%      1482.2  linear_dq8ca_q4gsw_coopmat_tsweep_t64x32k16g21s64_buffer_texture2d_half
8b_w1_gate      (4096,14336)       156738.3     1.82%      1534.5  linear_dq8ca_q4gsw_coopmat_tsweep_t64x32k16g21s64_buffer_texture2d_half
