
=== Compute Shader Performance Benchmark ===
specs/023 dq8ca_q4gsw dbuf-variant sweep bench (M=2048, variant=tsweep_t16x32k32g21s64)
----------------------------------------------------------------------
Executing 7 test cases for Dq8caDbufSweepBench
----------------------------------------------------------------------
quantize_and_pack_4h4w_with_group_sums_o4w16..     (4,32,1)        (4,1,16)                                                                                                                  711.927 μs                                 
linear_dq8ca_q4gsw_coopmat_tsweep_t16x32k32g..     (512,8,1)       (128,1,1)                                                                                                                 719.848 μs                                 
et_vk.linear_dq8ca_q4gsw.default                                               linear_dq8ca_q4gsw_correctness_M128_K128_N128_Buffer                                        [128x128]        1431.775 μs          2.929 GFLOP/s   PASSED
quantize_and_pack_4h4w_with_group_sums_o4w16..     (64,512,1)      (4,1,16)                                                                                                                 1109.689 μs                                 
linear_dq8ca_q4gsw_coopmat_tsweep_t16x32k32g..     (8192,128,1)    (128,1,1)                                                                                                               15048.462 μs                                 
et_vk.linear_dq8ca_q4gsw.default                                               linear_dq8ca_q4gsw_1b_wq_M2048_K2048_N2048_Buffer                                         [2048x2048]       16158.152 μs       1063.232 GFLOP/s  SKIPPED
quantize_and_pack_4h4w_with_group_sums_o4w16..     (64,512,1)      (4,1,16)                                                                                                                 1109.043 μs                                 
linear_dq8ca_q4gsw_coopmat_tsweep_t16x32k32g..     (32768,128,1)   (128,1,1)                                                                                                               61360.688 μs                                 
et_vk.linear_dq8ca_q4gsw.default                                               linear_dq8ca_q4gsw_1b_w1_gate_M2048_K2048_N8192_Buffer                                    [2048x2048]       62469.734 μs       1100.044 GFLOP/s  SKIPPED
quantize_and_pack_4h4w_with_group_sums_o4w16..     (96,512,1)      (4,1,16)                                                                                                                 1277.984 μs                                 
linear_dq8ca_q4gsw_coopmat_tsweep_t16x32k32g..     (12288,128,1)   (128,1,1)                                                                                                               43716.918 μs                                 
et_vk.linear_dq8ca_q4gsw.default                                               linear_dq8ca_q4gsw_3b_wq_M2048_K3072_N3072_Buffer                                         [2048x3072]       44994.906 μs        859.091 GFLOP/s  SKIPPED
quantize_and_pack_4h4w_with_group_sums_o4w16..     (96,512,1)      (4,1,16)                                                                                                                 1278.160 μs                                 
linear_dq8ca_q4gsw_coopmat_tsweep_t16x32k32g..     (32768,128,1)   (128,1,1)                                                                                                              115669.031 μs                                 
et_vk.linear_dq8ca_q4gsw.default                                               linear_dq8ca_q4gsw_3b_w1_gate_M2048_K3072_N8192_Buffer                                    [2048x3072]      116947.195 μs        881.417 GFLOP/s  SKIPPED
quantize_and_pack_4h4w_with_group_sums_o4w16..     (128,512,1)     (4,1,16)                                                                                                                 1488.110 μs                                 
linear_dq8ca_q4gsw_coopmat_tsweep_t16x32k32g..     (16384,128,1)   (128,1,1)                                                                                                               77091.516 μs                                 
et_vk.linear_dq8ca_q4gsw.default                                               linear_dq8ca_q4gsw_8b_wq_M2048_K4096_N4096_Buffer                                         [2048x4096]       78579.625 μs        874.520 GFLOP/s  SKIPPED
quantize_and_pack_4h4w_with_group_sums_o4w16..     (128,512,1)     (4,1,16)                                                                                                                 1609.127 μs                                 
linear_dq8ca_q4gsw_coopmat_tsweep_t16x32k32g..     (57344,128,1)   (128,1,1)                                                                                                              270240.531 μs                                 
et_vk.linear_dq8ca_q4gsw.default                                               linear_dq8ca_q4gsw_8b_w1_gate_M2048_K4096_N14336_Buffer                                   [2048x4096]      271849.656 μs        884.747 GFLOP/s  SKIPPED
----------------------------------------------------------------------
Completed 7 test cases
[correctness] linear_dq8ca_q4gsw_correctness_M128_K128_N128_Buffer -> linear_dq8ca_q4gsw_coopmat_tsweep_t16x32k32g21s64_buffer_texture2d_half (coopmat dispatched), correctness=PASSED

================ SUMMARY: dq8ca_q4gsw dbuf sweep (GFLOP/s) ================
shape           (K,N)                avg_us   cov_pct     GFLOP/s  dispatched kernel
1b_wq           (2048,2048)         16158.2     0.05%      1063.2  linear_dq8ca_q4gsw_coopmat_tsweep_t16x32k32g21s64_buffer_texture2d_half
1b_w1_gate      (2048,8192)         62469.7     0.04%      1100.0  linear_dq8ca_q4gsw_coopmat_tsweep_t16x32k32g21s64_buffer_texture2d_half
3b_wq           (3072,3072)         44994.9     0.06%       859.1  linear_dq8ca_q4gsw_coopmat_tsweep_t16x32k32g21s64_buffer_texture2d_half
3b_w1_gate      (3072,8192)        116947.2     0.07%       881.4  linear_dq8ca_q4gsw_coopmat_tsweep_t16x32k32g21s64_buffer_texture2d_half
8b_wq           (4096,4096)         78579.6     0.09%       874.5  linear_dq8ca_q4gsw_coopmat_tsweep_t16x32k32g21s64_buffer_texture2d_half
8b_w1_gate      (4096,14336)       271849.7     0.29%       884.7  linear_dq8ca_q4gsw_coopmat_tsweep_t16x32k32g21s64_buffer_texture2d_half
