
=== Compute Shader Performance Benchmark ===
specs/023 dq8ca_q4gsw dbuf-variant sweep bench (M=2048, variant=tsweep_t32x32k32g12s64)
----------------------------------------------------------------------
Executing 7 test cases for Dq8caDbufSweepBench
----------------------------------------------------------------------
quantize_and_pack_4h4w_with_group_sums_o4w16..     (4,32,1)        (4,1,16)                                                                                                                  711.598 μs                                 
linear_dq8ca_q4gsw_coopmat_tsweep_t32x32k32g..     (512,4,1)       (128,1,1)                                                                                                                 719.797 μs                                 
et_vk.linear_dq8ca_q4gsw.default                                               linear_dq8ca_q4gsw_correctness_M128_K128_N128_Buffer                                        [128x128]        1431.395 μs          2.930 GFLOP/s   PASSED
quantize_and_pack_4h4w_with_group_sums_o4w16..     (64,512,1)      (4,1,16)                                                                                                                 1102.212 μs                                 
linear_dq8ca_q4gsw_coopmat_tsweep_t32x32k32g..     (8192,64,1)     (128,1,1)                                                                                                               13828.961 μs                                 
et_vk.linear_dq8ca_q4gsw.default                                               linear_dq8ca_q4gsw_1b_wq_M2048_K2048_N2048_Buffer                                         [2048x2048]       14931.171 μs       1150.604 GFLOP/s  SKIPPED
quantize_and_pack_4h4w_with_group_sums_o4w16..     (64,512,1)      (4,1,16)                                                                                                                 1099.735 μs                                 
linear_dq8ca_q4gsw_coopmat_tsweep_t32x32k32g..     (32768,64,1)    (128,1,1)                                                                                                               54375.254 μs                                 
et_vk.linear_dq8ca_q4gsw.default                                               linear_dq8ca_q4gsw_1b_w1_gate_M2048_K2048_N8192_Buffer                                    [2048x2048]       55474.988 μs       1238.747 GFLOP/s  SKIPPED
quantize_and_pack_4h4w_with_group_sums_o4w16..     (96,512,1)      (4,1,16)                                                                                                                 1268.449 μs                                 
linear_dq8ca_q4gsw_coopmat_tsweep_t32x32k32g..     (12288,64,1)    (128,1,1)                                                                                                               30827.656 μs                                 
et_vk.linear_dq8ca_q4gsw.default                                               linear_dq8ca_q4gsw_3b_wq_M2048_K3072_N3072_Buffer                                         [2048x3072]       32096.104 μs       1204.343 GFLOP/s  SKIPPED
quantize_and_pack_4h4w_with_group_sums_o4w16..     (96,512,1)      (4,1,16)                                                                                                                 1343.264 μs                                 
linear_dq8ca_q4gsw_coopmat_tsweep_t32x32k32g..     (32768,64,1)    (128,1,1)                                                                                                               81897.039 μs                                 
et_vk.linear_dq8ca_q4gsw.default                                               linear_dq8ca_q4gsw_3b_w1_gate_M2048_K3072_N8192_Buffer                                    [2048x3072]       83240.305 μs       1238.333 GFLOP/s  SKIPPED
quantize_and_pack_4h4w_with_group_sums_o4w16..     (128,512,1)     (4,1,16)                                                                                                                 2272.985 μs                                 
linear_dq8ca_q4gsw_coopmat_tsweep_t32x32k32g..     (16384,64,1)    (128,1,1)                                                                                                               55502.371 μs                                 
et_vk.linear_dq8ca_q4gsw.default                                               linear_dq8ca_q4gsw_8b_wq_M2048_K4096_N4096_Buffer                                         [2048x4096]       57775.355 μs       1189.425 GFLOP/s  SKIPPED
quantize_and_pack_4h4w_with_group_sums_o4w16..     (128,512,1)     (4,1,16)                                                                                                                 1523.587 μs                                 
linear_dq8ca_q4gsw_coopmat_tsweep_t32x32k32g..     (57344,64,1)    (128,1,1)                                                                                                              193749.125 μs                                 
et_vk.linear_dq8ca_q4gsw.default                                               linear_dq8ca_q4gsw_8b_w1_gate_M2048_K4096_N14336_Buffer                                   [2048x4096]      195272.703 μs       1231.704 GFLOP/s  SKIPPED
----------------------------------------------------------------------
Completed 7 test cases
[correctness] linear_dq8ca_q4gsw_correctness_M128_K128_N128_Buffer -> linear_dq8ca_q4gsw_coopmat_tsweep_t32x32k32g12s64_buffer_texture2d_half (coopmat dispatched), correctness=PASSED

================ SUMMARY: dq8ca_q4gsw dbuf sweep (GFLOP/s) ================
shape           (K,N)                avg_us   cov_pct     GFLOP/s  dispatched kernel
1b_wq           (2048,2048)         14931.2     0.06%      1150.6  linear_dq8ca_q4gsw_coopmat_tsweep_t32x32k32g12s64_buffer_texture2d_half
1b_w1_gate      (2048,8192)         55475.0     0.26%      1238.7  linear_dq8ca_q4gsw_coopmat_tsweep_t32x32k32g12s64_buffer_texture2d_half
3b_wq           (3072,3072)         32096.1     0.07%      1204.3  linear_dq8ca_q4gsw_coopmat_tsweep_t32x32k32g12s64_buffer_texture2d_half
3b_w1_gate      (3072,8192)         83240.3     0.19%      1238.3  linear_dq8ca_q4gsw_coopmat_tsweep_t32x32k32g12s64_buffer_texture2d_half
8b_wq           (4096,4096)         57775.4     0.44%      1189.4  linear_dq8ca_q4gsw_coopmat_tsweep_t32x32k32g12s64_buffer_texture2d_half
8b_w1_gate      (4096,14336)       195272.7     0.40%      1231.7  linear_dq8ca_q4gsw_coopmat_tsweep_t32x32k32g12s64_buffer_texture2d_half
