
=== Compute Shader Performance Benchmark ===
specs/023 dq8ca_q4gsw dbuf-variant sweep bench (M=2048, variant=tsweep_t64x64k16g21s64)
----------------------------------------------------------------------
Executing 7 test cases for Dq8caDbufSweepBench
----------------------------------------------------------------------
quantize_and_pack_4h4w_with_group_sums_o4w16..     (4,32,1)        (4,1,16)                                                                                                                  711.564 μs                                 
linear_dq8ca_q4gsw_coopmat_tsweep_t64x64k16g..     (256,2,1)       (128,1,1)                                                                                                                 730.232 μs                                 
et_vk.linear_dq8ca_q4gsw.default                                               linear_dq8ca_q4gsw_correctness_M128_K128_N128_Buffer                                        [128x128]        1441.796 μs          2.909 GFLOP/s   PASSED
quantize_and_pack_4h4w_with_group_sums_o4w16..     (64,512,1)      (4,1,16)                                                                                                                 1101.254 μs                                 
linear_dq8ca_q4gsw_coopmat_tsweep_t64x64k16g..     (4096,32,1)     (128,1,1)                                                                                                               14933.842 μs                                 
et_vk.linear_dq8ca_q4gsw.default                                               linear_dq8ca_q4gsw_1b_wq_M2048_K2048_N2048_Buffer                                         [2048x2048]       16035.098 μs       1071.391 GFLOP/s  SKIPPED
quantize_and_pack_4h4w_with_group_sums_o4w16..     (64,512,1)      (4,1,16)                                                                                                                 1104.506 μs                                 
linear_dq8ca_q4gsw_coopmat_tsweep_t64x64k16g..     (16384,32,1)    (128,1,1)                                                                                                               52912.574 μs                                 
et_vk.linear_dq8ca_q4gsw.default                                               linear_dq8ca_q4gsw_1b_w1_gate_M2048_K2048_N8192_Buffer                                    [2048x2048]       54017.082 μs       1272.180 GFLOP/s  SKIPPED
quantize_and_pack_4h4w_with_group_sums_o4w16..     (96,512,1)      (4,1,16)                                                                                                                 1328.648 μs                                 
linear_dq8ca_q4gsw_coopmat_tsweep_t64x64k16g..     (6144,32,1)     (128,1,1)                                                                                                               29756.945 μs                                 
et_vk.linear_dq8ca_q4gsw.default                                               linear_dq8ca_q4gsw_3b_wq_M2048_K3072_N3072_Buffer                                         [2048x3072]       31085.588 μs       1243.493 GFLOP/s  SKIPPED
quantize_and_pack_4h4w_with_group_sums_o4w16..     (96,512,1)      (4,1,16)                                                                                                                 1284.751 μs                                 
linear_dq8ca_q4gsw_coopmat_tsweep_t64x64k16g..     (16384,32,1)    (128,1,1)                                                                                                               78868.805 μs                                 
et_vk.linear_dq8ca_q4gsw.default                                               linear_dq8ca_q4gsw_3b_w1_gate_M2048_K3072_N8192_Buffer                                    [2048x3072]       80153.555 μs       1286.022 GFLOP/s  SKIPPED
quantize_and_pack_4h4w_with_group_sums_o4w16..     (128,512,1)     (4,1,16)                                                                                                                 1800.630 μs                                 
linear_dq8ca_q4gsw_coopmat_tsweep_t64x64k16g..     (8192,32,1)     (128,1,1)                                                                                                               53431.000 μs                                 
et_vk.linear_dq8ca_q4gsw.default                                               linear_dq8ca_q4gsw_8b_wq_M2048_K4096_N4096_Buffer                                         [2048x4096]       55231.629 μs       1244.205 GFLOP/s  SKIPPED
quantize_and_pack_4h4w_with_group_sums_o4w16..     (128,512,1)     (4,1,16)                                                                                                                 1467.986 μs                                 
linear_dq8ca_q4gsw_coopmat_tsweep_t64x64k16g..     (28672,32,1)    (128,1,1)                                                                                                              183099.562 μs                                 
et_vk.linear_dq8ca_q4gsw.default                                               linear_dq8ca_q4gsw_8b_w1_gate_M2048_K4096_N14336_Buffer                                   [2048x4096]      184567.547 μs       1303.145 GFLOP/s  SKIPPED
----------------------------------------------------------------------
Completed 7 test cases
[correctness] linear_dq8ca_q4gsw_correctness_M128_K128_N128_Buffer -> linear_dq8ca_q4gsw_coopmat_tsweep_t64x64k16g21s64_buffer_texture2d_half (coopmat dispatched), correctness=PASSED

================ SUMMARY: dq8ca_q4gsw dbuf sweep (GFLOP/s) ================
shape           (K,N)                avg_us   cov_pct     GFLOP/s  dispatched kernel
1b_wq           (2048,2048)         16035.1     0.23%      1071.4  linear_dq8ca_q4gsw_coopmat_tsweep_t64x64k16g21s64_buffer_texture2d_half
1b_w1_gate      (2048,8192)         54017.1     0.06%      1272.2  linear_dq8ca_q4gsw_coopmat_tsweep_t64x64k16g21s64_buffer_texture2d_half
3b_wq           (3072,3072)         31085.6     0.03%      1243.5  linear_dq8ca_q4gsw_coopmat_tsweep_t64x64k16g21s64_buffer_texture2d_half
3b_w1_gate      (3072,8192)         80153.6     0.22%      1286.0  linear_dq8ca_q4gsw_coopmat_tsweep_t64x64k16g21s64_buffer_texture2d_half
8b_wq           (4096,4096)         55231.6     0.29%      1244.2  linear_dq8ca_q4gsw_coopmat_tsweep_t64x64k16g21s64_buffer_texture2d_half
8b_w1_gate      (4096,14336)       184567.5     0.74%      1303.1  linear_dq8ca_q4gsw_coopmat_tsweep_t64x64k16g21s64_buffer_texture2d_half
