
=== Compute Shader Performance Benchmark ===
specs/023 dq8ca_q4gsw dbuf-variant sweep bench (M=2048, variant=tsweep_t32x32k16g21s64)
----------------------------------------------------------------------
Executing 7 test cases for Dq8caDbufSweepBench
----------------------------------------------------------------------
quantize_and_pack_4h4w_with_group_sums_o4w16..     (4,32,1)        (4,1,16)                                                                                                                  711.268 μs                                 
linear_dq8ca_q4gsw_coopmat_tsweep_t32x32k16g..     (512,4,1)       (128,1,1)                                                                                                                 724.430 μs                                 
et_vk.linear_dq8ca_q4gsw.default                                               linear_dq8ca_q4gsw_correctness_M128_K128_N128_Buffer                                        [128x128]        1435.698 μs          2.921 GFLOP/s   PASSED
quantize_and_pack_4h4w_with_group_sums_o4w16..     (64,512,1)      (4,1,16)                                                                                                                 1104.556 μs                                 
linear_dq8ca_q4gsw_coopmat_tsweep_t32x32k16g..     (8192,64,1)     (128,1,1)                                                                                                               14238.535 μs                                 
et_vk.linear_dq8ca_q4gsw.default                                               linear_dq8ca_q4gsw_1b_wq_M2048_K2048_N2048_Buffer                                         [2048x2048]       15343.093 μs       1119.714 GFLOP/s  SKIPPED
quantize_and_pack_4h4w_with_group_sums_o4w16..     (64,512,1)      (4,1,16)                                                                                                                 1137.019 μs                                 
linear_dq8ca_q4gsw_coopmat_tsweep_t32x32k16g..     (32768,64,1)    (128,1,1)                                                                                                               59632.938 μs                                 
et_vk.linear_dq8ca_q4gsw.default                                               linear_dq8ca_q4gsw_1b_w1_gate_M2048_K2048_N8192_Buffer                                    [2048x2048]       60769.957 μs       1130.813 GFLOP/s  SKIPPED
quantize_and_pack_4h4w_with_group_sums_o4w16..     (96,512,1)      (4,1,16)                                                                                                                 1285.160 μs                                 
linear_dq8ca_q4gsw_coopmat_tsweep_t32x32k16g..     (12288,64,1)    (128,1,1)                                                                                                               33769.762 μs                                 
et_vk.linear_dq8ca_q4gsw.default                                               linear_dq8ca_q4gsw_3b_wq_M2048_K3072_N3072_Buffer                                         [2048x3072]       35054.922 μs       1102.690 GFLOP/s  SKIPPED
quantize_and_pack_4h4w_with_group_sums_o4w16..     (96,512,1)      (4,1,16)                                                                                                                 1354.314 μs                                 
linear_dq8ca_q4gsw_coopmat_tsweep_t32x32k16g..     (32768,64,1)    (128,1,1)                                                                                                               89633.406 μs                                 
et_vk.linear_dq8ca_q4gsw.default                                               linear_dq8ca_q4gsw_3b_w1_gate_M2048_K3072_N8192_Buffer                                    [2048x3072]       90987.727 μs       1132.891 GFLOP/s  SKIPPED
quantize_and_pack_4h4w_with_group_sums_o4w16..     (128,512,1)     (4,1,16)                                                                                                                 1489.904 μs                                 
linear_dq8ca_q4gsw_coopmat_tsweep_t32x32k16g..     (16384,64,1)    (128,1,1)                                                                                                               59586.551 μs                                 
et_vk.linear_dq8ca_q4gsw.default                                               linear_dq8ca_q4gsw_8b_wq_M2048_K4096_N4096_Buffer                                         [2048x4096]       61076.457 μs       1125.139 GFLOP/s  SKIPPED
quantize_and_pack_4h4w_with_group_sums_o4w16..     (128,512,1)     (4,1,16)                                                                                                                 1553.032 μs                                 
linear_dq8ca_q4gsw_coopmat_tsweep_t32x32k16g..     (57344,64,1)    (128,1,1)                                                                                                              209051.672 μs                                 
et_vk.linear_dq8ca_q4gsw.default                                               linear_dq8ca_q4gsw_8b_w1_gate_M2048_K4096_N14336_Buffer                                   [2048x4096]      210604.703 μs       1142.036 GFLOP/s  SKIPPED
----------------------------------------------------------------------
Completed 7 test cases
[correctness] linear_dq8ca_q4gsw_correctness_M128_K128_N128_Buffer -> linear_dq8ca_q4gsw_coopmat_tsweep_t32x32k16g21s64_buffer_texture2d_half (coopmat dispatched), correctness=PASSED

================ SUMMARY: dq8ca_q4gsw dbuf sweep (GFLOP/s) ================
shape           (K,N)                avg_us   cov_pct     GFLOP/s  dispatched kernel
1b_wq           (2048,2048)         15343.1     0.16%      1119.7  linear_dq8ca_q4gsw_coopmat_tsweep_t32x32k16g21s64_buffer_texture2d_half
1b_w1_gate      (2048,8192)         60770.0     0.12%      1130.8  linear_dq8ca_q4gsw_coopmat_tsweep_t32x32k16g21s64_buffer_texture2d_half
3b_wq           (3072,3072)         35054.9     0.17%      1102.7  linear_dq8ca_q4gsw_coopmat_tsweep_t32x32k16g21s64_buffer_texture2d_half
3b_w1_gate      (3072,8192)         90987.7     0.39%      1132.9  linear_dq8ca_q4gsw_coopmat_tsweep_t32x32k16g21s64_buffer_texture2d_half
8b_wq           (4096,4096)         61076.5     0.06%      1125.1  linear_dq8ca_q4gsw_coopmat_tsweep_t32x32k16g21s64_buffer_texture2d_half
8b_w1_gate      (4096,14336)       210604.7     1.04%      1142.0  linear_dq8ca_q4gsw_coopmat_tsweep_t32x32k16g21s64_buffer_texture2d_half
