
=== Compute Shader Performance Benchmark ===
specs/023 dq8ca_q4gsw dbuf-variant sweep bench (M=2048, variant=tsweep_t64x32k32g12s64)
----------------------------------------------------------------------
Executing 7 test cases for Dq8caDbufSweepBench
----------------------------------------------------------------------
quantize_and_pack_4h4w_with_group_sums_o4w16..     (4,32,1)        (4,1,16)                                                                                                                  711.665 μs                                 
linear_dq8ca_q4gsw_coopmat_tsweep_t64x32k32g..     (512,2,1)       (128,1,1)                                                                                                                 721.695 μs                                 
et_vk.linear_dq8ca_q4gsw.default                                               linear_dq8ca_q4gsw_correctness_M128_K128_N128_Buffer                                        [128x128]        1433.360 μs          2.926 GFLOP/s   PASSED
quantize_and_pack_4h4w_with_group_sums_o4w16..     (64,512,1)      (4,1,16)                                                                                                                 1099.252 μs                                 
linear_dq8ca_q4gsw_coopmat_tsweep_t64x32k32g..     (8192,32,1)     (128,1,1)                                                                                                               10840.181 μs                                 
et_vk.linear_dq8ca_q4gsw.default                                               linear_dq8ca_q4gsw_1b_wq_M2048_K2048_N2048_Buffer                                         [2048x2048]       11939.433 μs       1438.918 GFLOP/s  SKIPPED
quantize_and_pack_4h4w_with_group_sums_o4w16..     (64,512,1)      (4,1,16)                                                                                                                 1109.680 μs                                 
linear_dq8ca_q4gsw_coopmat_tsweep_t64x32k32g..     (32768,32,1)    (128,1,1)                                                                                                               42234.934 μs                                 
et_vk.linear_dq8ca_q4gsw.default                                               linear_dq8ca_q4gsw_1b_w1_gate_M2048_K2048_N8192_Buffer                                    [2048x2048]       43344.613 μs       1585.421 GFLOP/s  SKIPPED
quantize_and_pack_4h4w_with_group_sums_o4w16..     (96,512,1)      (4,1,16)                                                                                                                 1283.754 μs                                 
linear_dq8ca_q4gsw_coopmat_tsweep_t64x32k32g..     (12288,32,1)    (128,1,1)                                                                                                               24058.221 μs                                 
et_vk.linear_dq8ca_q4gsw.default                                               linear_dq8ca_q4gsw_3b_wq_M2048_K3072_N3072_Buffer                                         [2048x3072]       25341.977 μs       1525.323 GFLOP/s  SKIPPED
quantize_and_pack_4h4w_with_group_sums_o4w16..     (96,512,1)      (4,1,16)                                                                                                                 1349.894 μs                                 
linear_dq8ca_q4gsw_coopmat_tsweep_t64x32k32g..     (32768,32,1)    (128,1,1)                                                                                                               63800.645 μs                                 
et_vk.linear_dq8ca_q4gsw.default                                               linear_dq8ca_q4gsw_3b_w1_gate_M2048_K3072_N8192_Buffer                                    [2048x3072]       65150.543 μs       1582.170 GFLOP/s  SKIPPED
quantize_and_pack_4h4w_with_group_sums_o4w16..     (128,512,1)     (4,1,16)                                                                                                                 1572.974 μs                                 
linear_dq8ca_q4gsw_coopmat_tsweep_t64x32k32g..     (16384,32,1)    (128,1,1)                                                                                                               42463.598 μs                                 
et_vk.linear_dq8ca_q4gsw.default                                               linear_dq8ca_q4gsw_8b_wq_M2048_K4096_N4096_Buffer                                         [2048x4096]       44036.574 μs       1560.509 GFLOP/s  SKIPPED
quantize_and_pack_4h4w_with_group_sums_o4w16..     (128,512,1)     (4,1,16)                                                                                                                 1604.057 μs                                 
linear_dq8ca_q4gsw_coopmat_tsweep_t64x32k32g..     (57344,32,1)    (128,1,1)                                                                                                              147219.328 μs                                 
et_vk.linear_dq8ca_q4gsw.default                                               linear_dq8ca_q4gsw_8b_w1_gate_M2048_K4096_N14336_Buffer                                   [2048x4096]      148823.391 μs       1616.131 GFLOP/s  SKIPPED
----------------------------------------------------------------------
Completed 7 test cases
[correctness] linear_dq8ca_q4gsw_correctness_M128_K128_N128_Buffer -> linear_dq8ca_q4gsw_coopmat_tsweep_t64x32k32g12s64_buffer_texture2d_half (coopmat dispatched), correctness=PASSED

================ SUMMARY: dq8ca_q4gsw dbuf sweep (GFLOP/s) ================
shape           (K,N)                avg_us   cov_pct     GFLOP/s  dispatched kernel
1b_wq           (2048,2048)         11939.4     0.07%      1438.9  linear_dq8ca_q4gsw_coopmat_tsweep_t64x32k32g12s64_buffer_texture2d_half
1b_w1_gate      (2048,8192)         43344.6     0.21%      1585.4  linear_dq8ca_q4gsw_coopmat_tsweep_t64x32k32g12s64_buffer_texture2d_half
3b_wq           (3072,3072)         25342.0     0.23%      1525.3  linear_dq8ca_q4gsw_coopmat_tsweep_t64x32k32g12s64_buffer_texture2d_half
3b_w1_gate      (3072,8192)         65150.5     0.21%      1582.2  linear_dq8ca_q4gsw_coopmat_tsweep_t64x32k32g12s64_buffer_texture2d_half
8b_wq           (4096,4096)         44036.6     0.33%      1560.5  linear_dq8ca_q4gsw_coopmat_tsweep_t64x32k32g12s64_buffer_texture2d_half
8b_w1_gate      (4096,14336)       148823.4     0.26%      1616.1  linear_dq8ca_q4gsw_coopmat_tsweep_t64x32k32g12s64_buffer_texture2d_half
