
=== Compute Shader Performance Benchmark ===
specs/023 dq8ca_q4gsw dbuf-variant sweep bench (M=2048, variant=tsweep_t64x32k16g12s64)
----------------------------------------------------------------------
Executing 7 test cases for Dq8caDbufSweepBench
----------------------------------------------------------------------
quantize_and_pack_4h4w_with_group_sums_o4w16..     (4,32,1)        (4,1,16)                                                                                                                  710.783 μs                                 
linear_dq8ca_q4gsw_coopmat_tsweep_t64x32k16g..     (512,2,1)       (128,1,1)                                                                                                                 723.961 μs                                 
et_vk.linear_dq8ca_q4gsw.default                                               linear_dq8ca_q4gsw_correctness_M128_K128_N128_Buffer                                        [128x128]        1434.744 μs          2.923 GFLOP/s   PASSED
quantize_and_pack_4h4w_with_group_sums_o4w16..     (64,512,1)      (4,1,16)                                                                                                                 1081.034 μs                                 
linear_dq8ca_q4gsw_coopmat_tsweep_t64x32k16g..     (8192,32,1)     (128,1,1)                                                                                                               11750.650 μs                                 
et_vk.linear_dq8ca_q4gsw.default                                               linear_dq8ca_q4gsw_1b_wq_M2048_K2048_N2048_Buffer                                         [2048x2048]       12831.684 μs       1338.863 GFLOP/s  SKIPPED
quantize_and_pack_4h4w_with_group_sums_o4w16..     (64,512,1)      (4,1,16)                                                                                                                 1099.124 μs                                 
linear_dq8ca_q4gsw_coopmat_tsweep_t64x32k16g..     (32768,32,1)    (128,1,1)                                                                                                               45274.105 μs                                 
et_vk.linear_dq8ca_q4gsw.default                                               linear_dq8ca_q4gsw_1b_w1_gate_M2048_K2048_N8192_Buffer                                    [2048x2048]       46373.223 μs       1481.878 GFLOP/s  SKIPPED
quantize_and_pack_4h4w_with_group_sums_o4w16..     (96,512,1)      (4,1,16)                                                                                                                 1312.736 μs                                 
linear_dq8ca_q4gsw_coopmat_tsweep_t64x32k16g..     (12288,32,1)    (128,1,1)                                                                                                               25709.312 μs                                 
et_vk.linear_dq8ca_q4gsw.default                                               linear_dq8ca_q4gsw_3b_wq_M2048_K3072_N3072_Buffer                                         [2048x3072]       27022.047 μs       1430.488 GFLOP/s  SKIPPED
quantize_and_pack_4h4w_with_group_sums_o4w16..     (96,512,1)      (4,1,16)                                                                                                                 1350.414 μs                                 
linear_dq8ca_q4gsw_coopmat_tsweep_t64x32k16g..     (32768,32,1)    (128,1,1)                                                                                                               68114.461 μs                                 
et_vk.linear_dq8ca_q4gsw.default                                               linear_dq8ca_q4gsw_3b_w1_gate_M2048_K3072_N8192_Buffer                                    [2048x3072]       69464.875 μs       1483.904 GFLOP/s  SKIPPED
quantize_and_pack_4h4w_with_group_sums_o4w16..     (128,512,1)     (4,1,16)                                                                                                                 1565.655 μs                                 
linear_dq8ca_q4gsw_coopmat_tsweep_t64x32k16g..     (16384,32,1)    (128,1,1)                                                                                                               45552.793 μs                                 
et_vk.linear_dq8ca_q4gsw.default                                               linear_dq8ca_q4gsw_8b_wq_M2048_K4096_N4096_Buffer                                         [2048x4096]       47118.441 μs       1458.441 GFLOP/s  SKIPPED
quantize_and_pack_4h4w_with_group_sums_o4w16..     (128,512,1)     (4,1,16)                                                                                                                 1496.833 μs                                 
linear_dq8ca_q4gsw_coopmat_tsweep_t64x32k16g..     (57344,32,1)    (128,1,1)                                                                                                              157271.500 μs                                 
et_vk.linear_dq8ca_q4gsw.default                                               linear_dq8ca_q4gsw_8b_w1_gate_M2048_K4096_N14336_Buffer                                   [2048x4096]      158768.328 μs       1514.900 GFLOP/s  SKIPPED
----------------------------------------------------------------------
Completed 7 test cases
[correctness] linear_dq8ca_q4gsw_correctness_M128_K128_N128_Buffer -> linear_dq8ca_q4gsw_coopmat_tsweep_t64x32k16g12s64_buffer_texture2d_half (coopmat dispatched), correctness=PASSED

================ SUMMARY: dq8ca_q4gsw dbuf sweep (GFLOP/s) ================
shape           (K,N)                avg_us   cov_pct     GFLOP/s  dispatched kernel
1b_wq           (2048,2048)         12831.7     0.06%      1338.9  linear_dq8ca_q4gsw_coopmat_tsweep_t64x32k16g12s64_buffer_texture2d_half
1b_w1_gate      (2048,8192)         46373.2     0.04%      1481.9  linear_dq8ca_q4gsw_coopmat_tsweep_t64x32k16g12s64_buffer_texture2d_half
3b_wq           (3072,3072)         27022.0     0.13%      1430.5  linear_dq8ca_q4gsw_coopmat_tsweep_t64x32k16g12s64_buffer_texture2d_half
3b_w1_gate      (3072,8192)         69464.9     0.39%      1483.9  linear_dq8ca_q4gsw_coopmat_tsweep_t64x32k16g12s64_buffer_texture2d_half
8b_wq           (4096,4096)         47118.4     0.03%      1458.4  linear_dq8ca_q4gsw_coopmat_tsweep_t64x32k16g12s64_buffer_texture2d_half
8b_w1_gate      (4096,14336)       158768.3     0.24%      1514.9  linear_dq8ca_q4gsw_coopmat_tsweep_t64x32k16g12s64_buffer_texture2d_half
