
=== Compute Shader Performance Benchmark ===
specs/023 dq8ca_q4gsw dbuf-variant sweep bench (M=2048, variant=tsweep_t32x64k16g21s64)
----------------------------------------------------------------------
Executing 7 test cases for Dq8caDbufSweepBench
----------------------------------------------------------------------
quantize_and_pack_4h4w_with_group_sums_o4w16..     (4,32,1)        (4,1,16)                                                                                                                  712.114 μs                                 
linear_dq8ca_q4gsw_coopmat_tsweep_t32x64k16g..     (256,4,1)       (128,1,1)                                                                                                                 726.469 μs                                 
et_vk.linear_dq8ca_q4gsw.default                                               linear_dq8ca_q4gsw_correctness_M128_K128_N128_Buffer                                        [128x128]        1438.583 μs          2.916 GFLOP/s   PASSED
quantize_and_pack_4h4w_with_group_sums_o4w16..     (64,512,1)      (4,1,16)                                                                                                                 1107.284 μs                                 
linear_dq8ca_q4gsw_coopmat_tsweep_t32x64k16g..     (4096,64,1)     (128,1,1)                                                                                                               14520.803 μs                                 
et_vk.linear_dq8ca_q4gsw.default                                               linear_dq8ca_q4gsw_1b_wq_M2048_K2048_N2048_Buffer                                         [2048x2048]       15628.086 μs       1099.294 GFLOP/s  SKIPPED
quantize_and_pack_4h4w_with_group_sums_o4w16..     (64,512,1)      (4,1,16)                                                                                                                 1139.099 μs                                 
linear_dq8ca_q4gsw_coopmat_tsweep_t32x64k16g..     (16384,64,1)    (128,1,1)                                                                                                               58877.547 μs                                 
et_vk.linear_dq8ca_q4gsw.default                                               linear_dq8ca_q4gsw_1b_w1_gate_M2048_K2048_N8192_Buffer                                    [2048x2048]       60016.645 μs       1145.007 GFLOP/s  SKIPPED
quantize_and_pack_4h4w_with_group_sums_o4w16..     (96,512,1)      (4,1,16)                                                                                                                 1299.090 μs                                 
linear_dq8ca_q4gsw_coopmat_tsweep_t32x64k16g..     (6144,64,1)     (128,1,1)                                                                                                               33033.312 μs                                 
et_vk.linear_dq8ca_q4gsw.default                                               linear_dq8ca_q4gsw_3b_wq_M2048_K3072_N3072_Buffer                                         [2048x3072]       34332.402 μs       1125.896 GFLOP/s  SKIPPED
quantize_and_pack_4h4w_with_group_sums_o4w16..     (96,512,1)      (4,1,16)                                                                                                                 1359.592 μs                                 
linear_dq8ca_q4gsw_coopmat_tsweep_t32x64k16g..     (16384,64,1)    (128,1,1)                                                                                                               89163.188 μs                                 
et_vk.linear_dq8ca_q4gsw.default                                               linear_dq8ca_q4gsw_3b_w1_gate_M2048_K3072_N8192_Buffer                                    [2048x3072]       90522.773 μs       1138.710 GFLOP/s  SKIPPED
quantize_and_pack_4h4w_with_group_sums_o4w16..     (128,512,1)     (4,1,16)                                                                                                                 1560.078 μs                                 
linear_dq8ca_q4gsw_coopmat_tsweep_t32x64k16g..     (8192,64,1)     (128,1,1)                                                                                                               59818.395 μs                                 
et_vk.linear_dq8ca_q4gsw.default                                               linear_dq8ca_q4gsw_8b_wq_M2048_K4096_N4096_Buffer                                         [2048x4096]       61378.469 μs       1119.602 GFLOP/s  SKIPPED
quantize_and_pack_4h4w_with_group_sums_o4w16..     (128,512,1)     (4,1,16)                                                                                                                 1463.319 μs                                 
linear_dq8ca_q4gsw_coopmat_tsweep_t32x64k16g..     (28672,64,1)    (128,1,1)                                                                                                              211376.625 μs                                 
et_vk.linear_dq8ca_q4gsw.default                                               linear_dq8ca_q4gsw_8b_w1_gate_M2048_K4096_N14336_Buffer                                   [2048x4096]      212839.938 μs       1130.042 GFLOP/s  SKIPPED
----------------------------------------------------------------------
Completed 7 test cases
[correctness] linear_dq8ca_q4gsw_correctness_M128_K128_N128_Buffer -> linear_dq8ca_q4gsw_coopmat_tsweep_t32x64k16g21s64_buffer_texture2d_half (coopmat dispatched), correctness=PASSED

================ SUMMARY: dq8ca_q4gsw dbuf sweep (GFLOP/s) ================
shape           (K,N)                avg_us   cov_pct     GFLOP/s  dispatched kernel
1b_wq           (2048,2048)         15628.1     0.17%      1099.3  linear_dq8ca_q4gsw_coopmat_tsweep_t32x64k16g21s64_buffer_texture2d_half
1b_w1_gate      (2048,8192)         60016.6     0.10%      1145.0  linear_dq8ca_q4gsw_coopmat_tsweep_t32x64k16g21s64_buffer_texture2d_half
3b_wq           (3072,3072)         34332.4     0.12%      1125.9  linear_dq8ca_q4gsw_coopmat_tsweep_t32x64k16g21s64_buffer_texture2d_half
3b_w1_gate      (3072,8192)         90522.8     0.43%      1138.7  linear_dq8ca_q4gsw_coopmat_tsweep_t32x64k16g21s64_buffer_texture2d_half
8b_wq           (4096,4096)         61378.5     0.17%      1119.6  linear_dq8ca_q4gsw_coopmat_tsweep_t32x64k16g21s64_buffer_texture2d_half
8b_w1_gate      (4096,14336)       212839.9     0.53%      1130.0  linear_dq8ca_q4gsw_coopmat_tsweep_t32x64k16g21s64_buffer_texture2d_half
