
=== Compute Shader Performance Benchmark ===
specs/023 dq8ca_q4gsw dbuf-variant sweep bench (M=2048, variant=tsweep_t32x64k32g21s64)
----------------------------------------------------------------------
Executing 7 test cases for Dq8caDbufSweepBench
----------------------------------------------------------------------
quantize_and_pack_4h4w_with_group_sums_o4w16..     (4,32,1)        (4,1,16)                                                                                                                  711.379 μs                                 
linear_dq8ca_q4gsw_coopmat_tsweep_t32x64k32g..     (256,4,1)       (128,1,1)                                                                                                                 722.803 μs                                 
et_vk.linear_dq8ca_q4gsw.default                                               linear_dq8ca_q4gsw_correctness_M128_K128_N128_Buffer                                        [128x128]        1434.182 μs          2.925 GFLOP/s   PASSED
quantize_and_pack_4h4w_with_group_sums_o4w16..     (64,512,1)      (4,1,16)                                                                                                                 1100.262 μs                                 
linear_dq8ca_q4gsw_coopmat_tsweep_t32x64k32g..     (4096,64,1)     (128,1,1)                                                                                                               12634.488 μs                                 
et_vk.linear_dq8ca_q4gsw.default                                               linear_dq8ca_q4gsw_1b_wq_M2048_K2048_N2048_Buffer                                         [2048x2048]       13734.751 μs       1250.832 GFLOP/s  SKIPPED
quantize_and_pack_4h4w_with_group_sums_o4w16..     (64,512,1)      (4,1,16)                                                                                                                 1125.228 μs                                 
linear_dq8ca_q4gsw_coopmat_tsweep_t32x64k32g..     (16384,64,1)    (128,1,1)                                                                                                               49286.582 μs                                 
et_vk.linear_dq8ca_q4gsw.default                                               linear_dq8ca_q4gsw_1b_w1_gate_M2048_K2048_N8192_Buffer                                    [2048x2048]       50411.812 μs       1363.162 GFLOP/s  SKIPPED
quantize_and_pack_4h4w_with_group_sums_o4w16..     (96,512,1)      (4,1,16)                                                                                                                 1264.159 μs                                 
linear_dq8ca_q4gsw_coopmat_tsweep_t32x64k32g..     (6144,64,1)     (128,1,1)                                                                                                               27917.727 μs                                 
et_vk.linear_dq8ca_q4gsw.default                                               linear_dq8ca_q4gsw_3b_wq_M2048_K3072_N3072_Buffer                                         [2048x3072]       29181.885 μs       1324.613 GFLOP/s  SKIPPED
quantize_and_pack_4h4w_with_group_sums_o4w16..     (96,512,1)      (4,1,16)                                                                                                                 1275.105 μs                                 
linear_dq8ca_q4gsw_coopmat_tsweep_t32x64k32g..     (16384,64,1)    (128,1,1)                                                                                                               74141.664 μs                                 
et_vk.linear_dq8ca_q4gsw.default                                               linear_dq8ca_q4gsw_3b_w1_gate_M2048_K3072_N8192_Buffer                                    [2048x3072]       75416.773 μs       1366.794 GFLOP/s  SKIPPED
quantize_and_pack_4h4w_with_group_sums_o4w16..     (128,512,1)     (4,1,16)                                                                                                                 1518.062 μs                                 
linear_dq8ca_q4gsw_coopmat_tsweep_t32x64k32g..     (8192,64,1)     (128,1,1)                                                                                                               49342.941 μs                                 
et_vk.linear_dq8ca_q4gsw.default                                               linear_dq8ca_q4gsw_8b_wq_M2048_K4096_N4096_Buffer                                         [2048x4096]       50861.004 μs       1351.123 GFLOP/s  SKIPPED
quantize_and_pack_4h4w_with_group_sums_o4w16..     (128,512,1)     (4,1,16)                                                                                                                 1500.044 μs                                 
linear_dq8ca_q4gsw_coopmat_tsweep_t32x64k32g..     (28672,64,1)    (128,1,1)                                                                                                              175593.359 μs                                 
et_vk.linear_dq8ca_q4gsw.default                                               linear_dq8ca_q4gsw_8b_w1_gate_M2048_K4096_N14336_Buffer                                   [2048x4096]      177093.422 μs       1358.143 GFLOP/s  SKIPPED
----------------------------------------------------------------------
Completed 7 test cases
[correctness] linear_dq8ca_q4gsw_correctness_M128_K128_N128_Buffer -> linear_dq8ca_q4gsw_coopmat_tsweep_t32x64k32g21s64_buffer_texture2d_half (coopmat dispatched), correctness=PASSED

================ SUMMARY: dq8ca_q4gsw dbuf sweep (GFLOP/s) ================
shape           (K,N)                avg_us   cov_pct     GFLOP/s  dispatched kernel
1b_wq           (2048,2048)         13734.8     0.13%      1250.8  linear_dq8ca_q4gsw_coopmat_tsweep_t32x64k32g21s64_buffer_texture2d_half
1b_w1_gate      (2048,8192)         50411.8     0.34%      1363.2  linear_dq8ca_q4gsw_coopmat_tsweep_t32x64k32g21s64_buffer_texture2d_half
3b_wq           (3072,3072)         29181.9     0.15%      1324.6  linear_dq8ca_q4gsw_coopmat_tsweep_t32x64k32g21s64_buffer_texture2d_half
3b_w1_gate      (3072,8192)         75416.8     1.12%      1366.8  linear_dq8ca_q4gsw_coopmat_tsweep_t32x64k32g21s64_buffer_texture2d_half
8b_wq           (4096,4096)         50861.0     0.48%      1351.1  linear_dq8ca_q4gsw_coopmat_tsweep_t32x64k32g21s64_buffer_texture2d_half
8b_w1_gate      (4096,14336)       177093.4     0.86%      1358.1  linear_dq8ca_q4gsw_coopmat_tsweep_t32x64k32g21s64_buffer_texture2d_half
