
=== Compute Shader Performance Benchmark ===
specs/023 dq8ca_q4gsw dbuf-variant sweep bench (M=2048, variant=tsweep_t32x64k16g12s64)
----------------------------------------------------------------------
Executing 7 test cases for Dq8caDbufSweepBench
----------------------------------------------------------------------
quantize_and_pack_4h4w_with_group_sums_o4w16..     (4,32,1)        (4,1,16)                                                                                                                  711.004 μs                                 
linear_dq8ca_q4gsw_coopmat_tsweep_t32x64k16g..     (256,4,1)       (128,1,1)                                                                                                                 728.544 μs                                 
et_vk.linear_dq8ca_q4gsw.default                                               linear_dq8ca_q4gsw_correctness_M128_K128_N128_Buffer                                        [128x128]        1439.548 μs          2.914 GFLOP/s   PASSED
quantize_and_pack_4h4w_with_group_sums_o4w16..     (64,512,1)      (4,1,16)                                                                                                                 1098.849 μs                                 
linear_dq8ca_q4gsw_coopmat_tsweep_t32x64k16g..     (4096,64,1)     (128,1,1)                                                                                                               13051.048 μs                                 
et_vk.linear_dq8ca_q4gsw.default                                               linear_dq8ca_q4gsw_1b_wq_M2048_K2048_N2048_Buffer                                         [2048x2048]       14149.896 μs       1214.134 GFLOP/s  SKIPPED
quantize_and_pack_4h4w_with_group_sums_o4w16..     (64,512,1)      (4,1,16)                                                                                                                 1086.995 μs                                 
linear_dq8ca_q4gsw_coopmat_tsweep_t32x64k16g..     (16384,64,1)    (128,1,1)                                                                                                               51784.031 μs                                 
et_vk.linear_dq8ca_q4gsw.default                                               linear_dq8ca_q4gsw_1b_w1_gate_M2048_K2048_N8192_Buffer                                    [2048x2048]       52871.027 μs       1299.757 GFLOP/s  SKIPPED
quantize_and_pack_4h4w_with_group_sums_o4w16..     (96,512,1)      (4,1,16)                                                                                                                 1282.667 μs                                 
linear_dq8ca_q4gsw_coopmat_tsweep_t32x64k16g..     (6144,64,1)     (128,1,1)                                                                                                               29544.211 μs                                 
et_vk.linear_dq8ca_q4gsw.default                                               linear_dq8ca_q4gsw_3b_wq_M2048_K3072_N3072_Buffer                                         [2048x3072]       30826.877 μs       1253.929 GFLOP/s  SKIPPED
quantize_and_pack_4h4w_with_group_sums_o4w16..     (96,512,1)      (4,1,16)                                                                                                                 1331.278 μs                                 
linear_dq8ca_q4gsw_coopmat_tsweep_t32x64k16g..     (16384,64,1)    (128,1,1)                                                                                                               80276.562 μs                                 
et_vk.linear_dq8ca_q4gsw.default                                               linear_dq8ca_q4gsw_3b_w1_gate_M2048_K3072_N8192_Buffer                                    [2048x3072]       81607.836 μs       1263.104 GFLOP/s  SKIPPED
quantize_and_pack_4h4w_with_group_sums_o4w16..     (128,512,1)     (4,1,16)                                                                                                                 1530.776 μs                                 
linear_dq8ca_q4gsw_coopmat_tsweep_t32x64k16g..     (8192,64,1)     (128,1,1)                                                                                                               53323.660 μs                                 
et_vk.linear_dq8ca_q4gsw.default                                               linear_dq8ca_q4gsw_8b_wq_M2048_K4096_N4096_Buffer                                         [2048x4096]       54854.438 μs       1252.760 GFLOP/s  SKIPPED
quantize_and_pack_4h4w_with_group_sums_o4w16..     (128,512,1)     (4,1,16)                                                                                                                 1447.875 μs                                 
linear_dq8ca_q4gsw_coopmat_tsweep_t32x64k16g..     (28672,64,1)    (128,1,1)                                                                                                              188993.750 μs                                 
et_vk.linear_dq8ca_q4gsw.default                                               linear_dq8ca_q4gsw_8b_w1_gate_M2048_K4096_N14336_Buffer                                   [2048x4096]      190441.625 μs       1262.950 GFLOP/s  SKIPPED
----------------------------------------------------------------------
Completed 7 test cases
[correctness] linear_dq8ca_q4gsw_correctness_M128_K128_N128_Buffer -> linear_dq8ca_q4gsw_coopmat_tsweep_t32x64k16g12s64_buffer_texture2d_half (coopmat dispatched), correctness=PASSED

================ SUMMARY: dq8ca_q4gsw dbuf sweep (GFLOP/s) ================
shape           (K,N)                avg_us   cov_pct     GFLOP/s  dispatched kernel
1b_wq           (2048,2048)         14149.9     0.08%      1214.1  linear_dq8ca_q4gsw_coopmat_tsweep_t32x64k16g12s64_buffer_texture2d_half
1b_w1_gate      (2048,8192)         52871.0     0.39%      1299.8  linear_dq8ca_q4gsw_coopmat_tsweep_t32x64k16g12s64_buffer_texture2d_half
3b_wq           (3072,3072)         30826.9     0.09%      1253.9  linear_dq8ca_q4gsw_coopmat_tsweep_t32x64k16g12s64_buffer_texture2d_half
3b_w1_gate      (3072,8192)         81607.8     1.10%      1263.1  linear_dq8ca_q4gsw_coopmat_tsweep_t32x64k16g12s64_buffer_texture2d_half
8b_wq           (4096,4096)         54854.4     0.25%      1252.8  linear_dq8ca_q4gsw_coopmat_tsweep_t32x64k16g12s64_buffer_texture2d_half
8b_w1_gate      (4096,14336)       190441.6     0.54%      1262.9  linear_dq8ca_q4gsw_coopmat_tsweep_t32x64k16g12s64_buffer_texture2d_half
