[sarc_dev] softmax variant: orin_g64
[sarc_dev] profile active: orin-refine5
[sarc_dev] overrides active: unverified=1 variant= dq8ca_variant=
prompt 0 tokens 1792 vocab 128256 top1 220 17.750000
prompt 1 tokens 64 vocab 128256 top1 439 21.250000
prompt 2 tokens 128 vocab 128256 top1 315 24.031250
prompt 3 tokens 192 vocab 128256 top1 1472 20.734375
prompt 4 tokens 256 vocab 128256 top1 4953 21.859375
prompt 5 tokens 320 vocab 128256 top1 23909 17.750000
prompt 6 tokens 384 vocab 128256 top1 29882 23.250000
prompt 7 tokens 448 vocab 128256 top1 13 23.562500
prompt 8 tokens 512 vocab 128256 top1 904 19.015625
prompt 9 tokens 576 vocab 128256 top1 2349 21.812500
prompt 10 tokens 640 vocab 128256 top1 64750 19.000000
prompt 11 tokens 704 vocab 128256 top1 279 21.343750
prompt 12 tokens 768 vocab 128256 top1 2085 26.406250
prompt 13 tokens 832 vocab 128256 top1 264 25.593750
prompt 14 tokens 896 vocab 128256 top1 433 19.437500
prompt 15 tokens 960 vocab 128256 top1 2383 15.765625
prompt 16 tokens 1024 vocab 128256 top1 1778 17.062500
prompt 17 tokens 1088 vocab 128256 top1 315 22.562500
prompt 18 tokens 1152 vocab 128256 top1 64 19.937500
prompt 19 tokens 1216 vocab 128256 top1 477 20.937500
prompt 20 tokens 1280 vocab 128256 top1 12 19.531250
prompt 21 tokens 1344 vocab 128256 top1 2864 23.250000
prompt 22 tokens 1408 vocab 128256 top1 1253 24.468750
prompt 23 tokens 1472 vocab 128256 top1 279 25.625000
prompt 24 tokens 1536 vocab 128256 top1 26069 21.796875
prompt 25 tokens 1600 vocab 128256 top1 13 27.718750
prompt 26 tokens 1664 vocab 128256 top1 16564 24.671875
prompt 27 tokens 1728 vocab 128256 top1 279 20.500000
prompt 28 tokens 1792 vocab 128256 top1 323 25.468750
prompt 29 tokens 1856 vocab 128256 top1 220 19.906250
prompt 30 tokens 1920 vocab 128256 top1 2317 22.125000
prompt 31 tokens 1984 vocab 128256 top1 6826 22.343750
prompt 32 tokens 2048 vocab 128256 top1 372 24.796875
prompt 33 tokens 57 vocab 128256 top1 1005 17.218750
prompt 34 tokens 250 vocab 128256 top1 13 24.546875
prompt 35 tokens 411 vocab 128256 top1 2794 21.125000
prompt 36 tokens 777 vocab 128256 top1 477 17.062500
prompt 37 tokens 1001 vocab 128256 top1 23794 17.640625
prompt 38 tokens 1500 vocab 128256 top1 198 21.781250
prompt 39 tokens 1771 vocab 128256 top1 279 18.281250
prompt 40 tokens 1972 vocab 128256 top1 3083 22.265625
prompts 41
