
=== Compute Shader Performance Benchmark ===
specs/023 dq8ca_q4gsw dbuf-variant sweep bench (M=2048, variant=dbuf1)
----------------------------------------------------------------------
Executing 7 test cases for Dq8caDbufSweepBench
----------------------------------------------------------------------
quantize_and_pack_4h4w_with_group_sums_o4w16..     (4,32,1)        (4,1,16)                                                                                                                  711.970 μs                                 
linear_dq8ca_q4gsw_coopmat_dbuf1_buffer_text..     (512,1,1)       (256,1,1)                                                                                                                 731.171 μs                                 
et_vk.linear_dq8ca_q4gsw.default                                               linear_dq8ca_q4gsw_correctness_M128_K128_N128_Buffer                                        [128x128]        1443.141 μs          2.906 GFLOP/s   PASSED
quantize_and_pack_4h4w_with_group_sums_o4w16..     (64,512,1)      (4,1,16)                                                                                                                 1099.936 μs                                 
linear_dq8ca_q4gsw_coopmat_dbuf1_buffer_text..     (8192,16,1)     (256,1,1)                                                                                                               11984.651 μs                                 
et_vk.linear_dq8ca_q4gsw.default                                               linear_dq8ca_q4gsw_1b_wq_M2048_K2048_N2048_Buffer                                         [2048x2048]       13084.586 μs       1312.985 GFLOP/s  SKIPPED
quantize_and_pack_4h4w_with_group_sums_o4w16..     (64,512,1)      (4,1,16)                                                                                                                 1091.701 μs                                 
linear_dq8ca_q4gsw_coopmat_dbuf1_buffer_text..     (32768,16,1)    (256,1,1)                                                                                                               51576.469 μs                                 
et_vk.linear_dq8ca_q4gsw.default                                               linear_dq8ca_q4gsw_1b_w1_gate_M2048_K2048_N8192_Buffer                                    [2048x2048]       52668.172 μs       1304.763 GFLOP/s  SKIPPED
quantize_and_pack_4h4w_with_group_sums_o4w16..     (96,512,1)      (4,1,16)                                                                                                                 1271.903 μs                                 
linear_dq8ca_q4gsw_coopmat_dbuf1_buffer_text..     (12288,16,1)    (256,1,1)                                                                                                               29527.633 μs                                 
et_vk.linear_dq8ca_q4gsw.default                                               linear_dq8ca_q4gsw_3b_wq_M2048_K3072_N3072_Buffer                                         [2048x3072]       30799.537 μs       1255.042 GFLOP/s  SKIPPED
quantize_and_pack_4h4w_with_group_sums_o4w16..     (96,512,1)      (4,1,16)                                                                                                                 1263.301 μs                                 
linear_dq8ca_q4gsw_coopmat_dbuf1_buffer_text..     (32768,16,1)    (256,1,1)                                                                                                               79055.375 μs                                 
et_vk.linear_dq8ca_q4gsw.default                                               linear_dq8ca_q4gsw_3b_w1_gate_M2048_K3072_N8192_Buffer                                    [2048x3072]       80318.680 μs       1283.378 GFLOP/s  SKIPPED
quantize_and_pack_4h4w_with_group_sums_o4w16..     (128,512,1)     (4,1,16)                                                                                                                 1550.731 μs                                 
linear_dq8ca_q4gsw_coopmat_dbuf1_buffer_text..     (16384,16,1)    (256,1,1)                                                                                                               54566.266 μs                                 
et_vk.linear_dq8ca_q4gsw.default                                               linear_dq8ca_q4gsw_8b_wq_M2048_K4096_N4096_Buffer                                         [2048x4096]       56117.000 μs       1224.575 GFLOP/s  SKIPPED
quantize_and_pack_4h4w_with_group_sums_o4w16..     (128,512,1)     (4,1,16)                                                                                                                 1591.486 μs                                 
linear_dq8ca_q4gsw_coopmat_dbuf1_buffer_text..     (57344,16,1)    (256,1,1)                                                                                                              183336.922 μs                                 
et_vk.linear_dq8ca_q4gsw.default                                               linear_dq8ca_q4gsw_8b_w1_gate_M2048_K4096_N14336_Buffer                                   [2048x4096]      184928.391 μs       1300.602 GFLOP/s  SKIPPED
----------------------------------------------------------------------
Completed 7 test cases
[correctness] linear_dq8ca_q4gsw_correctness_M128_K128_N128_Buffer -> linear_dq8ca_q4gsw_coopmat_dbuf1_buffer_texture2d_half (coopmat dispatched), correctness=PASSED

================ SUMMARY: dq8ca_q4gsw dbuf sweep (GFLOP/s) ================
shape           (K,N)                avg_us   cov_pct     GFLOP/s  dispatched kernel
1b_wq           (2048,2048)         13084.6     0.12%      1313.0  linear_dq8ca_q4gsw_coopmat_dbuf1_buffer_texture2d_half
1b_w1_gate      (2048,8192)         52668.2     0.48%      1304.8  linear_dq8ca_q4gsw_coopmat_dbuf1_buffer_texture2d_half
3b_wq           (3072,3072)         30799.5     0.29%      1255.0  linear_dq8ca_q4gsw_coopmat_dbuf1_buffer_texture2d_half
3b_w1_gate      (3072,8192)         80318.7     0.17%      1283.4  linear_dq8ca_q4gsw_coopmat_dbuf1_buffer_texture2d_half
8b_wq           (4096,4096)         56117.0     0.23%      1224.6  linear_dq8ca_q4gsw_coopmat_dbuf1_buffer_texture2d_half
8b_w1_gate      (4096,14336)       184928.4     0.21%      1300.6  linear_dq8ca_q4gsw_coopmat_dbuf1_buffer_texture2d_half
