llama3_2_1b 4w tiled r1 rc=0 "prefill_token_per_sec":6564.1
llama3_2_1b 4w stock r1 rc=0 "prefill_token_per_sec":6522.29
llama3_2_1b 4w sarc_bt r1 rc=0 "prefill_token_per_sec":10951.9
llama3_2_3b 4w tiled r1 rc=0 "prefill_token_per_sec":2550.44
llama3_2_3b 4w stock r1 rc=0 "prefill_token_per_sec":2509.8
llama3_2_3b 4w sarc_bt r1 rc=0 "prefill_token_per_sec":4561.25
llama3_1_8b 4w tiled r1 rc=0 "prefill_token_per_sec":1237.46
llama3_1_8b 4w stock r1 rc=0 "prefill_token_per_sec":1240.46
llama3_1_8b 4w sarc_bt r1 rc=0 "prefill_token_per_sec":2589.13
llama3_2_1b 4w tiled r2 rc=0 "prefill_token_per_sec":6522.29
llama3_2_1b 4w stock r2 rc=0 "prefill_token_per_sec":6501.59
llama3_2_1b 4w sarc_bt r2 rc=0 "prefill_token_per_sec":10836
llama3_2_3b 4w tiled r2 rc=0 "prefill_token_per_sec":2531.52
llama3_2_3b 4w stock r2 rc=0 "prefill_token_per_sec":2515.97
llama3_2_3b 4w sarc_bt r2 rc=0 "prefill_token_per_sec":4551.11
llama3_1_8b 4w tiled r2 rc=0 "prefill_token_per_sec":1229.29
llama3_1_8b 4w stock r2 rc=0 "prefill_token_per_sec":1235.97
llama3_1_8b 4w sarc_bt r2 rc=0 "prefill_token_per_sec":2605.6
llama3_2_1b 4w tiled r3 rc=0 "prefill_token_per_sec":6543.13
llama3_2_1b 4w stock r3 rc=0 "prefill_token_per_sec":6481.01
llama3_2_1b 4w sarc_bt r3 rc=0 "prefill_token_per_sec":10836
llama3_2_3b 4w tiled r3 rc=0 "prefill_token_per_sec":2515.97
llama3_2_3b 4w stock r3 rc=0 "prefill_token_per_sec":2515.97
llama3_2_3b 4w sarc_bt r3 rc=0 "prefill_token_per_sec":4561.25
llama3_1_8b 4w tiled r3 rc=0 "prefill_token_per_sec":1243.47
llama3_1_8b 4w stock r3 rc=0 "prefill_token_per_sec":1235.97
llama3_1_8b 4w sarc_bt r3 rc=0 "prefill_token_per_sec":2612.24
E2E_DONE
