
=== Compute Shader Performance Benchmark ===
specs/023 dq8ca_q4gsw dbuf-variant sweep bench (M=2048, variant=tsweep_t64x32k32g21s64)
----------------------------------------------------------------------
Executing 7 test cases for Dq8caDbufSweepBench
----------------------------------------------------------------------
quantize_and_pack_4h4w_with_group_sums_o4w16..     (4,32,1)        (4,1,16)                                                                                                                  711.113 μs                                 
linear_dq8ca_q4gsw_coopmat_tsweep_t64x32k32g..     (512,2,1)       (128,1,1)                                                                                                                 721.681 μs                                 
et_vk.linear_dq8ca_q4gsw.default                                               linear_dq8ca_q4gsw_correctness_M128_K128_N128_Buffer                                        [128x128]        1432.793 μs          2.927 GFLOP/s   PASSED
quantize_and_pack_4h4w_with_group_sums_o4w16..     (64,512,1)      (4,1,16)                                                                                                                 1101.924 μs                                 
linear_dq8ca_q4gsw_coopmat_tsweep_t64x32k32g..     (8192,32,1)     (128,1,1)                                                                                                               10742.497 μs                                 
et_vk.linear_dq8ca_q4gsw.default                                               linear_dq8ca_q4gsw_1b_wq_M2048_K2048_N2048_Buffer                                         [2048x2048]       11844.421 μs       1450.461 GFLOP/s  SKIPPED
quantize_and_pack_4h4w_with_group_sums_o4w16..     (64,512,1)      (4,1,16)                                                                                                                 1105.858 μs                                 
linear_dq8ca_q4gsw_coopmat_tsweep_t64x32k32g..     (32768,32,1)    (128,1,1)                                                                                                               41817.895 μs                                 
et_vk.linear_dq8ca_q4gsw.default                                               linear_dq8ca_q4gsw_1b_w1_gate_M2048_K2048_N8192_Buffer                                    [2048x2048]       42923.754 μs       1600.966 GFLOP/s  SKIPPED
quantize_and_pack_4h4w_with_group_sums_o4w16..     (96,512,1)      (4,1,16)                                                                                                                 1300.939 μs                                 
linear_dq8ca_q4gsw_coopmat_tsweep_t64x32k32g..     (12288,32,1)    (128,1,1)                                                                                                               23603.479 μs                                 
et_vk.linear_dq8ca_q4gsw.default                                               linear_dq8ca_q4gsw_3b_wq_M2048_K3072_N3072_Buffer                                         [2048x3072]       24904.416 μs       1552.122 GFLOP/s  SKIPPED
quantize_and_pack_4h4w_with_group_sums_o4w16..     (96,512,1)      (4,1,16)                                                                                                                 1281.969 μs                                 
linear_dq8ca_q4gsw_coopmat_tsweep_t64x32k32g..     (32768,32,1)    (128,1,1)                                                                                                               62124.645 μs                                 
et_vk.linear_dq8ca_q4gsw.default                                               linear_dq8ca_q4gsw_3b_w1_gate_M2048_K3072_N8192_Buffer                                    [2048x3072]       63406.613 μs       1625.685 GFLOP/s  SKIPPED
quantize_and_pack_4h4w_with_group_sums_o4w16..     (128,512,1)     (4,1,16)                                                                                                                 1501.454 μs                                 
linear_dq8ca_q4gsw_coopmat_tsweep_t64x32k32g..     (16384,32,1)    (128,1,1)                                                                                                               41755.742 μs                                 
et_vk.linear_dq8ca_q4gsw.default                                               linear_dq8ca_q4gsw_8b_wq_M2048_K4096_N4096_Buffer                                         [2048x4096]       43257.195 μs       1588.625 GFLOP/s  SKIPPED
quantize_and_pack_4h4w_with_group_sums_o4w16..     (128,512,1)     (4,1,16)                                                                                                                 1721.577 μs                                 
linear_dq8ca_q4gsw_coopmat_tsweep_t64x32k32g..     (57344,32,1)    (128,1,1)                                                                                                              146346.328 μs                                 
et_vk.linear_dq8ca_q4gsw.default                                               linear_dq8ca_q4gsw_8b_w1_gate_M2048_K4096_N14336_Buffer                                   [2048x4096]      148067.906 μs       1624.377 GFLOP/s  SKIPPED
----------------------------------------------------------------------
Completed 7 test cases
[correctness] linear_dq8ca_q4gsw_correctness_M128_K128_N128_Buffer -> linear_dq8ca_q4gsw_coopmat_tsweep_t64x32k32g21s64_buffer_texture2d_half (coopmat dispatched), correctness=PASSED

================ SUMMARY: dq8ca_q4gsw dbuf sweep (GFLOP/s) ================
shape           (K,N)                avg_us   cov_pct     GFLOP/s  dispatched kernel
1b_wq           (2048,2048)         11844.4     0.07%      1450.5  linear_dq8ca_q4gsw_coopmat_tsweep_t64x32k32g21s64_buffer_texture2d_half
1b_w1_gate      (2048,8192)         42923.8     0.25%      1601.0  linear_dq8ca_q4gsw_coopmat_tsweep_t64x32k32g21s64_buffer_texture2d_half
3b_wq           (3072,3072)         24904.4     0.14%      1552.1  linear_dq8ca_q4gsw_coopmat_tsweep_t64x32k32g21s64_buffer_texture2d_half
3b_w1_gate      (3072,8192)         63406.6     0.46%      1625.7  linear_dq8ca_q4gsw_coopmat_tsweep_t64x32k32g21s64_buffer_texture2d_half
8b_wq           (4096,4096)         43257.2     0.43%      1588.6  linear_dq8ca_q4gsw_coopmat_tsweep_t64x32k32g21s64_buffer_texture2d_half
8b_w1_gate      (4096,14336)       148067.9     0.30%      1624.4  linear_dq8ca_q4gsw_coopmat_tsweep_t64x32k32g21s64_buffer_texture2d_half
