
=== Compute Shader Performance Benchmark ===
specs/023 dq8ca_q4gsw dbuf-variant sweep bench (M=2048, variant=tsweep_t64x16k32g12s64)
----------------------------------------------------------------------
Executing 7 test cases for Dq8caDbufSweepBench
----------------------------------------------------------------------
quantize_and_pack_4h4w_with_group_sums_o4w16..     (4,32,1)        (4,1,16)                                                                                                                  711.042 μs                                 
linear_dq8ca_q4gsw_coopmat_tsweep_t64x16k32g..     (1024,2,1)      (128,1,1)                                                                                                                 718.917 μs                                 
et_vk.linear_dq8ca_q4gsw.default                                               linear_dq8ca_q4gsw_correctness_M128_K128_N128_Buffer                                        [128x128]        1429.959 μs          2.933 GFLOP/s   PASSED
quantize_and_pack_4h4w_with_group_sums_o4w16..     (64,512,1)      (4,1,16)                                                                                                                 1106.635 μs                                 
linear_dq8ca_q4gsw_coopmat_tsweep_t64x16k32g..     (16384,32,1)    (128,1,1)                                                                                                               11107.147 μs                                 
et_vk.linear_dq8ca_q4gsw.default                                               linear_dq8ca_q4gsw_1b_wq_M2048_K2048_N2048_Buffer                                         [2048x2048]       12213.782 μs       1406.597 GFLOP/s  SKIPPED
quantize_and_pack_4h4w_with_group_sums_o4w16..     (64,512,1)      (4,1,16)                                                                                                                 1098.156 μs                                 
linear_dq8ca_q4gsw_coopmat_tsweep_t64x16k32g..     (65536,32,1)    (128,1,1)                                                                                                               42688.711 μs                                 
et_vk.linear_dq8ca_q4gsw.default                                               linear_dq8ca_q4gsw_1b_w1_gate_M2048_K2048_N8192_Buffer                                    [2048x2048]       43786.863 μs       1569.408 GFLOP/s  SKIPPED
quantize_and_pack_4h4w_with_group_sums_o4w16..     (96,512,1)      (4,1,16)                                                                                                                 1306.565 μs                                 
linear_dq8ca_q4gsw_coopmat_tsweep_t64x16k32g..     (24576,32,1)    (128,1,1)                                                                                                               25395.152 μs                                 
et_vk.linear_dq8ca_q4gsw.default                                               linear_dq8ca_q4gsw_3b_wq_M2048_K3072_N3072_Buffer                                         [2048x3072]       26701.719 μs       1447.649 GFLOP/s  SKIPPED
quantize_and_pack_4h4w_with_group_sums_o4w16..     (96,512,1)      (4,1,16)                                                                                                                 1393.886 μs                                 
linear_dq8ca_q4gsw_coopmat_tsweep_t64x16k32g..     (65536,32,1)    (128,1,1)                                                                                                               66928.133 μs                                 
et_vk.linear_dq8ca_q4gsw.default                                               linear_dq8ca_q4gsw_3b_w1_gate_M2048_K3072_N8192_Buffer                                    [2048x3072]       68322.023 μs       1508.726 GFLOP/s  SKIPPED
quantize_and_pack_4h4w_with_group_sums_o4w16..     (128,512,1)     (4,1,16)                                                                                                                 1570.452 μs                                 
linear_dq8ca_q4gsw_coopmat_tsweep_t64x16k32g..     (32768,32,1)    (128,1,1)                                                                                                               44662.156 μs                                 
et_vk.linear_dq8ca_q4gsw.default                                               linear_dq8ca_q4gsw_8b_wq_M2048_K4096_N4096_Buffer                                         [2048x4096]       46232.609 μs       1486.385 GFLOP/s  SKIPPED
quantize_and_pack_4h4w_with_group_sums_o4w16..     (128,512,1)     (4,1,16)                                                                                                                 1551.017 μs                                 
linear_dq8ca_q4gsw_coopmat_tsweep_t64x16k32g..     (114688,32,1)   (128,1,1)                                                                                                              155007.609 μs                                 
et_vk.linear_dq8ca_q4gsw.default                                               linear_dq8ca_q4gsw_8b_w1_gate_M2048_K4096_N14336_Buffer                                   [2048x4096]      156558.625 μs       1536.282 GFLOP/s  SKIPPED
----------------------------------------------------------------------
Completed 7 test cases
[correctness] linear_dq8ca_q4gsw_correctness_M128_K128_N128_Buffer -> linear_dq8ca_q4gsw_coopmat_tsweep_t64x16k32g12s64_buffer_texture2d_half (coopmat dispatched), correctness=PASSED

================ SUMMARY: dq8ca_q4gsw dbuf sweep (GFLOP/s) ================
shape           (K,N)                avg_us   cov_pct     GFLOP/s  dispatched kernel
1b_wq           (2048,2048)         12213.8     0.12%      1406.6  linear_dq8ca_q4gsw_coopmat_tsweep_t64x16k32g12s64_buffer_texture2d_half
1b_w1_gate      (2048,8192)         43786.9     0.08%      1569.4  linear_dq8ca_q4gsw_coopmat_tsweep_t64x16k32g12s64_buffer_texture2d_half
3b_wq           (3072,3072)         26701.7     0.16%      1447.6  linear_dq8ca_q4gsw_coopmat_tsweep_t64x16k32g12s64_buffer_texture2d_half
3b_w1_gate      (3072,8192)         68322.0     0.14%      1508.7  linear_dq8ca_q4gsw_coopmat_tsweep_t64x16k32g12s64_buffer_texture2d_half
8b_wq           (4096,4096)         46232.6     0.12%      1486.4  linear_dq8ca_q4gsw_coopmat_tsweep_t64x16k32g12s64_buffer_texture2d_half
8b_w1_gate      (4096,14336)       156558.6     0.26%      1536.3  linear_dq8ca_q4gsw_coopmat_tsweep_t64x16k32g12s64_buffer_texture2d_half
