
=== Compute Shader Performance Benchmark ===
specs/023 dq8ca_q4gsw dbuf-variant sweep bench (M=2048, variant=tsweep_t64x32k32g12s64)
----------------------------------------------------------------------
Executing 7 test cases for Dq8caDbufSweepBench
----------------------------------------------------------------------
quantize_and_pack_4h4w_with_group_sums_o4w16..     (4,32,1)        (4,1,16)                                                                                                                  711.224 μs                                 
linear_dq8ca_q4gsw_coopmat_tsweep_t64x32k32g..     (512,2,1)       (128,1,1)                                                                                                                 721.470 μs                                 
et_vk.linear_dq8ca_q4gsw.default                                               linear_dq8ca_q4gsw_correctness_M128_K128_N128_Buffer                                        [128x128]        1432.694 μs          2.928 GFLOP/s   PASSED
quantize_and_pack_4h4w_with_group_sums_o4w16..     (64,512,1)      (4,1,16)                                                                                                                 1091.067 μs                                 
linear_dq8ca_q4gsw_coopmat_tsweep_t64x32k32g..     (8192,32,1)     (128,1,1)                                                                                                               10843.773 μs                                 
et_vk.linear_dq8ca_q4gsw.default                                               linear_dq8ca_q4gsw_1b_wq_M2048_K2048_N2048_Buffer                                         [2048x2048]       11934.841 μs       1439.472 GFLOP/s  SKIPPED
quantize_and_pack_4h4w_with_group_sums_o4w16..     (64,512,1)      (4,1,16)                                                                                                                 1090.654 μs                                 
linear_dq8ca_q4gsw_coopmat_tsweep_t64x32k32g..     (32768,32,1)    (128,1,1)                                                                                                               42199.082 μs                                 
et_vk.linear_dq8ca_q4gsw.default                                               linear_dq8ca_q4gsw_1b_w1_gate_M2048_K2048_N8192_Buffer                                    [2048x2048]       43289.738 μs       1587.431 GFLOP/s  SKIPPED
quantize_and_pack_4h4w_with_group_sums_o4w16..     (96,512,1)      (4,1,16)                                                                                                                 1297.595 μs                                 
linear_dq8ca_q4gsw_coopmat_tsweep_t64x32k32g..     (12288,32,1)    (128,1,1)                                                                                                               24022.396 μs                                 
et_vk.linear_dq8ca_q4gsw.default                                               linear_dq8ca_q4gsw_3b_wq_M2048_K3072_N3072_Buffer                                         [2048x3072]       25319.992 μs       1526.648 GFLOP/s  SKIPPED
quantize_and_pack_4h4w_with_group_sums_o4w16..     (96,512,1)      (4,1,16)                                                                                                                 1315.925 μs                                 
linear_dq8ca_q4gsw_coopmat_tsweep_t64x32k32g..     (32768,32,1)    (128,1,1)                                                                                                               63352.848 μs                                 
et_vk.linear_dq8ca_q4gsw.default                                               linear_dq8ca_q4gsw_3b_w1_gate_M2048_K3072_N8192_Buffer                                    [2048x3072]       64668.770 μs       1593.957 GFLOP/s  SKIPPED
quantize_and_pack_4h4w_with_group_sums_o4w16..     (128,512,1)     (4,1,16)                                                                                                                 1562.944 μs                                 
linear_dq8ca_q4gsw_coopmat_tsweep_t64x32k32g..     (16384,32,1)    (128,1,1)                                                                                                               42309.078 μs                                 
et_vk.linear_dq8ca_q4gsw.default                                               linear_dq8ca_q4gsw_8b_wq_M2048_K4096_N4096_Buffer                                         [2048x4096]       43872.020 μs       1566.362 GFLOP/s  SKIPPED
quantize_and_pack_4h4w_with_group_sums_o4w16..     (128,512,1)     (4,1,16)                                                                                                                 1524.640 μs                                 
linear_dq8ca_q4gsw_coopmat_tsweep_t64x32k32g..     (57344,32,1)    (128,1,1)                                                                                                              148696.562 μs                                 
et_vk.linear_dq8ca_q4gsw.default                                               linear_dq8ca_q4gsw_8b_w1_gate_M2048_K4096_N14336_Buffer                                   [2048x4096]      150221.203 μs       1601.093 GFLOP/s  SKIPPED
----------------------------------------------------------------------
Completed 7 test cases
[correctness] linear_dq8ca_q4gsw_correctness_M128_K128_N128_Buffer -> linear_dq8ca_q4gsw_coopmat_tsweep_t64x32k32g12s64_buffer_texture2d_half (coopmat dispatched), correctness=PASSED

================ SUMMARY: dq8ca_q4gsw dbuf sweep (GFLOP/s) ================
shape           (K,N)                avg_us   cov_pct     GFLOP/s  dispatched kernel
1b_wq           (2048,2048)         11934.8     0.06%      1439.5  linear_dq8ca_q4gsw_coopmat_tsweep_t64x32k32g12s64_buffer_texture2d_half
1b_w1_gate      (2048,8192)         43289.7     0.13%      1587.4  linear_dq8ca_q4gsw_coopmat_tsweep_t64x32k32g12s64_buffer_texture2d_half
3b_wq           (3072,3072)         25320.0     0.26%      1526.6  linear_dq8ca_q4gsw_coopmat_tsweep_t64x32k32g12s64_buffer_texture2d_half
3b_w1_gate      (3072,8192)         64668.8     1.05%      1594.0  linear_dq8ca_q4gsw_coopmat_tsweep_t64x32k32g12s64_buffer_texture2d_half
8b_wq           (4096,4096)         43872.0     0.07%      1566.4  linear_dq8ca_q4gsw_coopmat_tsweep_t64x32k32g12s64_buffer_texture2d_half
8b_w1_gate      (4096,14336)       150221.2     0.53%      1601.1  linear_dq8ca_q4gsw_coopmat_tsweep_t64x32k32g12s64_buffer_texture2d_half
