
=== Compute Shader Performance Benchmark ===
specs/023 dq8ca_q4gsw dbuf-variant sweep bench (M=2048, variant=tsweep_t64x32k16g21s64)
----------------------------------------------------------------------
Executing 7 test cases for Dq8caDbufSweepBench
----------------------------------------------------------------------
quantize_and_pack_4h4w_with_group_sums_o4w16..     (4,32,1)        (4,1,16)                                                                                                                  711.461 μs                                 
linear_dq8ca_q4gsw_coopmat_tsweep_t64x32k16g..     (512,2,1)       (128,1,1)                                                                                                                 724.888 μs                                 
et_vk.linear_dq8ca_q4gsw.default                                               linear_dq8ca_q4gsw_correctness_M128_K128_N128_Buffer                                        [128x128]        1436.349 μs          2.920 GFLOP/s   PASSED
quantize_and_pack_4h4w_with_group_sums_o4w16..     (64,512,1)      (4,1,16)                                                                                                                 1104.913 μs                                 
linear_dq8ca_q4gsw_coopmat_tsweep_t64x32k16g..     (8192,32,1)     (128,1,1)                                                                                                               11480.031 μs                                 
et_vk.linear_dq8ca_q4gsw.default                                               linear_dq8ca_q4gsw_1b_wq_M2048_K2048_N2048_Buffer                                         [2048x2048]       12584.942 μs       1365.113 GFLOP/s  SKIPPED
quantize_and_pack_4h4w_with_group_sums_o4w16..     (64,512,1)      (4,1,16)                                                                                                                 1095.679 μs                                 
linear_dq8ca_q4gsw_coopmat_tsweep_t64x32k16g..     (32768,32,1)    (128,1,1)                                                                                                               44466.559 μs                                 
et_vk.linear_dq8ca_q4gsw.default                                               linear_dq8ca_q4gsw_1b_w1_gate_M2048_K2048_N8192_Buffer                                    [2048x2048]       45562.234 μs       1508.255 GFLOP/s  SKIPPED
quantize_and_pack_4h4w_with_group_sums_o4w16..     (96,512,1)      (4,1,16)                                                                                                                 1293.621 μs                                 
linear_dq8ca_q4gsw_coopmat_tsweep_t64x32k16g..     (12288,32,1)    (128,1,1)                                                                                                               25366.396 μs                                 
et_vk.linear_dq8ca_q4gsw.default                                               linear_dq8ca_q4gsw_3b_wq_M2048_K3072_N3072_Buffer                                         [2048x3072]       26660.018 μs       1449.913 GFLOP/s  SKIPPED
quantize_and_pack_4h4w_with_group_sums_o4w16..     (96,512,1)      (4,1,16)                                                                                                                 1317.485 μs                                 
linear_dq8ca_q4gsw_coopmat_tsweep_t64x32k16g..     (32768,32,1)    (128,1,1)                                                                                                               67110.164 μs                                 
et_vk.linear_dq8ca_q4gsw.default                                               linear_dq8ca_q4gsw_3b_w1_gate_M2048_K3072_N8192_Buffer                                    [2048x3072]       68427.648 μs       1506.397 GFLOP/s  SKIPPED
quantize_and_pack_4h4w_with_group_sums_o4w16..     (128,512,1)     (4,1,16)                                                                                                                 1510.880 μs                                 
linear_dq8ca_q4gsw_coopmat_tsweep_t64x32k16g..     (16384,32,1)    (128,1,1)                                                                                                               44649.887 μs                                 
et_vk.linear_dq8ca_q4gsw.default                                               linear_dq8ca_q4gsw_8b_wq_M2048_K4096_N4096_Buffer                                         [2048x4096]       46160.766 μs       1488.699 GFLOP/s  SKIPPED
quantize_and_pack_4h4w_with_group_sums_o4w16..     (128,512,1)     (4,1,16)                                                                                                                 1543.750 μs                                 
linear_dq8ca_q4gsw_coopmat_tsweep_t64x32k16g..     (57344,32,1)    (128,1,1)                                                                                                              156354.406 μs                                 
et_vk.linear_dq8ca_q4gsw.default                                               linear_dq8ca_q4gsw_8b_w1_gate_M2048_K4096_N14336_Buffer                                   [2048x4096]      157898.156 μs       1523.249 GFLOP/s  SKIPPED
----------------------------------------------------------------------
Completed 7 test cases
[correctness] linear_dq8ca_q4gsw_correctness_M128_K128_N128_Buffer -> linear_dq8ca_q4gsw_coopmat_tsweep_t64x32k16g21s64_buffer_texture2d_half (coopmat dispatched), correctness=PASSED

================ SUMMARY: dq8ca_q4gsw dbuf sweep (GFLOP/s) ================
shape           (K,N)                avg_us   cov_pct     GFLOP/s  dispatched kernel
1b_wq           (2048,2048)         12584.9     0.14%      1365.1  linear_dq8ca_q4gsw_coopmat_tsweep_t64x32k16g21s64_buffer_texture2d_half
1b_w1_gate      (2048,8192)         45562.2     0.06%      1508.3  linear_dq8ca_q4gsw_coopmat_tsweep_t64x32k16g21s64_buffer_texture2d_half
3b_wq           (3072,3072)         26660.0     0.22%      1449.9  linear_dq8ca_q4gsw_coopmat_tsweep_t64x32k16g21s64_buffer_texture2d_half
3b_w1_gate      (3072,8192)         68427.6     0.58%      1506.4  linear_dq8ca_q4gsw_coopmat_tsweep_t64x32k16g21s64_buffer_texture2d_half
8b_wq           (4096,4096)         46160.8     0.32%      1488.7  linear_dq8ca_q4gsw_coopmat_tsweep_t64x32k16g21s64_buffer_texture2d_half
8b_w1_gate      (4096,14336)       157898.2     0.27%      1523.2  linear_dq8ca_q4gsw_coopmat_tsweep_t64x32k16g21s64_buffer_texture2d_half
