
=== Compute Shader Performance Benchmark ===
specs/023 dq8ca_q4gsw dbuf-variant sweep bench (M=2048, variant=tsweep_t64x32k16g21s64)
----------------------------------------------------------------------
Executing 7 test cases for Dq8caDbufSweepBench
----------------------------------------------------------------------
quantize_and_pack_4h4w_with_group_sums_o4w16..     (4,32,1)        (4,1,16)                                                                                                                  711.036 μs                                 
linear_dq8ca_q4gsw_coopmat_tsweep_t64x32k16g..     (512,2,1)       (128,1,1)                                                                                                                 724.394 μs                                 
et_vk.linear_dq8ca_q4gsw.default                                               linear_dq8ca_q4gsw_correctness_M128_K128_N128_Buffer                                        [128x128]        1435.430 μs          2.922 GFLOP/s   PASSED
quantize_and_pack_4h4w_with_group_sums_o4w16..     (64,512,1)      (4,1,16)                                                                                                                 1102.376 μs                                 
linear_dq8ca_q4gsw_coopmat_tsweep_t64x32k16g..     (8192,32,1)     (128,1,1)                                                                                                               11483.339 μs                                 
et_vk.linear_dq8ca_q4gsw.default                                               linear_dq8ca_q4gsw_1b_wq_M2048_K2048_N2048_Buffer                                         [2048x2048]       12585.714 μs       1365.029 GFLOP/s  SKIPPED
quantize_and_pack_4h4w_with_group_sums_o4w16..     (64,512,1)      (4,1,16)                                                                                                                 1108.698 μs                                 
linear_dq8ca_q4gsw_coopmat_tsweep_t64x32k16g..     (32768,32,1)    (128,1,1)                                                                                                               44327.199 μs                                 
et_vk.linear_dq8ca_q4gsw.default                                               linear_dq8ca_q4gsw_1b_w1_gate_M2048_K2048_N8192_Buffer                                    [2048x2048]       45435.895 μs       1512.449 GFLOP/s  SKIPPED
quantize_and_pack_4h4w_with_group_sums_o4w16..     (96,512,1)      (4,1,16)                                                                                                                 1293.812 μs                                 
linear_dq8ca_q4gsw_coopmat_tsweep_t64x32k16g..     (12288,32,1)    (128,1,1)                                                                                                               25435.281 μs                                 
et_vk.linear_dq8ca_q4gsw.default                                               linear_dq8ca_q4gsw_3b_wq_M2048_K3072_N3072_Buffer                                         [2048x3072]       26729.094 μs       1446.166 GFLOP/s  SKIPPED
quantize_and_pack_4h4w_with_group_sums_o4w16..     (96,512,1)      (4,1,16)                                                                                                                 1344.278 μs                                 
linear_dq8ca_q4gsw_coopmat_tsweep_t64x32k16g..     (32768,32,1)    (128,1,1)                                                                                                               67157.039 μs                                 
et_vk.linear_dq8ca_q4gsw.default                                               linear_dq8ca_q4gsw_3b_w1_gate_M2048_K3072_N8192_Buffer                                    [2048x3072]       68501.320 μs       1504.777 GFLOP/s  SKIPPED
quantize_and_pack_4h4w_with_group_sums_o4w16..     (128,512,1)     (4,1,16)                                                                                                                 1528.527 μs                                 
linear_dq8ca_q4gsw_coopmat_tsweep_t64x32k16g..     (16384,32,1)    (128,1,1)                                                                                                               44692.184 μs                                 
et_vk.linear_dq8ca_q4gsw.default                                               linear_dq8ca_q4gsw_8b_wq_M2048_K4096_N4096_Buffer                                         [2048x4096]       46220.707 μs       1486.768 GFLOP/s  SKIPPED
quantize_and_pack_4h4w_with_group_sums_o4w16..     (128,512,1)     (4,1,16)                                                                                                                 1554.501 μs                                 
linear_dq8ca_q4gsw_coopmat_tsweep_t64x32k16g..     (57344,32,1)    (128,1,1)                                                                                                              159314.328 μs                                 
et_vk.linear_dq8ca_q4gsw.default                                               linear_dq8ca_q4gsw_8b_w1_gate_M2048_K4096_N14336_Buffer                                   [2048x4096]      160868.828 μs       1495.120 GFLOP/s  SKIPPED
----------------------------------------------------------------------
Completed 7 test cases
[correctness] linear_dq8ca_q4gsw_correctness_M128_K128_N128_Buffer -> linear_dq8ca_q4gsw_coopmat_tsweep_t64x32k16g21s64_buffer_texture2d_half (coopmat dispatched), correctness=PASSED

================ SUMMARY: dq8ca_q4gsw dbuf sweep (GFLOP/s) ================
shape           (K,N)                avg_us   cov_pct     GFLOP/s  dispatched kernel
1b_wq           (2048,2048)         12585.7     0.11%      1365.0  linear_dq8ca_q4gsw_coopmat_tsweep_t64x32k16g21s64_buffer_texture2d_half
1b_w1_gate      (2048,8192)         45435.9     0.03%      1512.4  linear_dq8ca_q4gsw_coopmat_tsweep_t64x32k16g21s64_buffer_texture2d_half
3b_wq           (3072,3072)         26729.1     0.19%      1446.2  linear_dq8ca_q4gsw_coopmat_tsweep_t64x32k16g21s64_buffer_texture2d_half
3b_w1_gate      (3072,8192)         68501.3     0.46%      1504.8  linear_dq8ca_q4gsw_coopmat_tsweep_t64x32k16g21s64_buffer_texture2d_half
8b_wq           (4096,4096)         46220.7     0.24%      1486.8  linear_dq8ca_q4gsw_coopmat_tsweep_t64x32k16g21s64_buffer_texture2d_half
8b_w1_gate      (4096,14336)       160868.8     0.48%      1495.1  linear_dq8ca_q4gsw_coopmat_tsweep_t64x32k16g21s64_buffer_texture2d_half
