
=== Compute Shader Performance Benchmark ===
specs/023 dq8ca_q4gsw dbuf-variant sweep bench (M=2048, variant=tsweep_t64x32k16g21s64)
----------------------------------------------------------------------
Executing 7 test cases for Dq8caDbufSweepBench
----------------------------------------------------------------------
quantize_and_pack_4h4w_with_group_sums_o4w16..     (4,32,1)        (4,1,16)                                                                                                                  711.632 μs                                 
linear_dq8ca_q4gsw_coopmat_tsweep_t64x32k16g..     (512,2,1)       (128,1,1)                                                                                                                 725.277 μs                                 
et_vk.linear_dq8ca_q4gsw.default                                               linear_dq8ca_q4gsw_correctness_M128_K128_N128_Buffer                                        [128x128]        1436.909 μs          2.919 GFLOP/s   PASSED
quantize_and_pack_4h4w_with_group_sums_o4w16..     (64,512,1)      (4,1,16)                                                                                                                 1103.382 μs                                 
linear_dq8ca_q4gsw_coopmat_tsweep_t64x32k16g..     (8192,32,1)     (128,1,1)                                                                                                               11478.661 μs                                 
et_vk.linear_dq8ca_q4gsw.default                                               linear_dq8ca_q4gsw_1b_wq_M2048_K2048_N2048_Buffer                                         [2048x2048]       12582.044 μs       1365.427 GFLOP/s  SKIPPED
quantize_and_pack_4h4w_with_group_sums_o4w16..     (64,512,1)      (4,1,16)                                                                                                                 1117.233 μs                                 
linear_dq8ca_q4gsw_coopmat_tsweep_t64x32k16g..     (32768,32,1)    (128,1,1)                                                                                                               44468.887 μs                                 
et_vk.linear_dq8ca_q4gsw.default                                               linear_dq8ca_q4gsw_1b_w1_gate_M2048_K2048_N8192_Buffer                                    [2048x2048]       45586.121 μs       1507.465 GFLOP/s  SKIPPED
quantize_and_pack_4h4w_with_group_sums_o4w16..     (96,512,1)      (4,1,16)                                                                                                                 1285.193 μs                                 
linear_dq8ca_q4gsw_coopmat_tsweep_t64x32k16g..     (12288,32,1)    (128,1,1)                                                                                                               25356.490 μs                                 
et_vk.linear_dq8ca_q4gsw.default                                               linear_dq8ca_q4gsw_3b_wq_M2048_K3072_N3072_Buffer                                         [2048x3072]       26641.680 μs       1450.911 GFLOP/s  SKIPPED
quantize_and_pack_4h4w_with_group_sums_o4w16..     (96,512,1)      (4,1,16)                                                                                                                 1276.678 μs                                 
linear_dq8ca_q4gsw_coopmat_tsweep_t64x32k16g..     (32768,32,1)    (128,1,1)                                                                                                               66408.664 μs                                 
et_vk.linear_dq8ca_q4gsw.default                                               linear_dq8ca_q4gsw_3b_w1_gate_M2048_K3072_N8192_Buffer                                    [2048x3072]       67685.352 μs       1522.918 GFLOP/s  SKIPPED
quantize_and_pack_4h4w_with_group_sums_o4w16..     (128,512,1)     (4,1,16)                                                                                                                 1524.718 μs                                 
linear_dq8ca_q4gsw_coopmat_tsweep_t64x32k16g..     (16384,32,1)    (128,1,1)                                                                                                               44868.746 μs                                 
et_vk.linear_dq8ca_q4gsw.default                                               linear_dq8ca_q4gsw_8b_wq_M2048_K4096_N4096_Buffer                                         [2048x4096]       46393.465 μs       1481.232 GFLOP/s  SKIPPED
quantize_and_pack_4h4w_with_group_sums_o4w16..     (128,512,1)     (4,1,16)                                                                                                                 1590.667 μs                                 
linear_dq8ca_q4gsw_coopmat_tsweep_t64x32k16g..     (57344,32,1)    (128,1,1)                                                                                                              155284.812 μs                                 
et_vk.linear_dq8ca_q4gsw.default                                               linear_dq8ca_q4gsw_8b_w1_gate_M2048_K4096_N14336_Buffer                                   [2048x4096]      156875.484 μs       1533.179 GFLOP/s  SKIPPED
----------------------------------------------------------------------
Completed 7 test cases
[correctness] linear_dq8ca_q4gsw_correctness_M128_K128_N128_Buffer -> linear_dq8ca_q4gsw_coopmat_tsweep_t64x32k16g21s64_buffer_texture2d_half (coopmat dispatched), correctness=PASSED

================ SUMMARY: dq8ca_q4gsw dbuf sweep (GFLOP/s) ================
shape           (K,N)                avg_us   cov_pct     GFLOP/s  dispatched kernel
1b_wq           (2048,2048)         12582.0     0.18%      1365.4  linear_dq8ca_q4gsw_coopmat_tsweep_t64x32k16g21s64_buffer_texture2d_half
1b_w1_gate      (2048,8192)         45586.1     0.08%      1507.5  linear_dq8ca_q4gsw_coopmat_tsweep_t64x32k16g21s64_buffer_texture2d_half
3b_wq           (3072,3072)         26641.7     0.22%      1450.9  linear_dq8ca_q4gsw_coopmat_tsweep_t64x32k16g21s64_buffer_texture2d_half
3b_w1_gate      (3072,8192)         67685.4     0.13%      1522.9  linear_dq8ca_q4gsw_coopmat_tsweep_t64x32k16g21s64_buffer_texture2d_half
8b_wq           (4096,4096)         46393.5     0.64%      1481.2  linear_dq8ca_q4gsw_coopmat_tsweep_t64x32k16g21s64_buffer_texture2d_half
8b_w1_gate      (4096,14336)       156875.5     0.27%      1533.2  linear_dq8ca_q4gsw_coopmat_tsweep_t64x32k16g21s64_buffer_texture2d_half
