
=== Compute Shader Performance Benchmark ===
specs/023 dq8ca_q4gsw dbuf-variant sweep bench (M=2048, variant=tsweep_t64x16k32g12s64)
----------------------------------------------------------------------
Executing 7 test cases for Dq8caDbufSweepBench
----------------------------------------------------------------------
quantize_and_pack_4h4w_with_group_sums_o4w16..     (4,32,1)        (4,1,16)                                                                                                                  712.388 μs                                 
linear_dq8ca_q4gsw_coopmat_tsweep_t64x16k32g..     (1024,2,1)      (128,1,1)                                                                                                                 720.798 μs                                 
et_vk.linear_dq8ca_q4gsw.default                                               linear_dq8ca_q4gsw_correctness_M128_K128_N128_Buffer                                        [128x128]        1433.187 μs          2.927 GFLOP/s   PASSED
quantize_and_pack_4h4w_with_group_sums_o4w16..     (64,512,1)      (4,1,16)                                                                                                                 1107.491 μs                                 
linear_dq8ca_q4gsw_coopmat_tsweep_t64x16k32g..     (16384,32,1)    (128,1,1)                                                                                                               11103.836 μs                                 
et_vk.linear_dq8ca_q4gsw.default                                               linear_dq8ca_q4gsw_1b_wq_M2048_K2048_N2048_Buffer                                         [2048x2048]       12211.325 μs       1406.880 GFLOP/s  SKIPPED
quantize_and_pack_4h4w_with_group_sums_o4w16..     (64,512,1)      (4,1,16)                                                                                                                 1105.526 μs                                 
linear_dq8ca_q4gsw_coopmat_tsweep_t64x16k32g..     (65536,32,1)    (128,1,1)                                                                                                               42810.781 μs                                 
et_vk.linear_dq8ca_q4gsw.default                                               linear_dq8ca_q4gsw_1b_w1_gate_M2048_K2048_N8192_Buffer                                    [2048x2048]       43916.309 μs       1564.783 GFLOP/s  SKIPPED
quantize_and_pack_4h4w_with_group_sums_o4w16..     (96,512,1)      (4,1,16)                                                                                                                 1261.997 μs                                 
linear_dq8ca_q4gsw_coopmat_tsweep_t64x16k32g..     (24576,32,1)    (128,1,1)                                                                                                               25301.846 μs                                 
et_vk.linear_dq8ca_q4gsw.default                                               linear_dq8ca_q4gsw_3b_wq_M2048_K3072_N3072_Buffer                                         [2048x3072]       26563.844 μs       1455.162 GFLOP/s  SKIPPED
quantize_and_pack_4h4w_with_group_sums_o4w16..     (96,512,1)      (4,1,16)                                                                                                                 1330.953 μs                                 
linear_dq8ca_q4gsw_coopmat_tsweep_t64x16k32g..     (65536,32,1)    (128,1,1)                                                                                                               67237.992 μs                                 
et_vk.linear_dq8ca_q4gsw.default                                               linear_dq8ca_q4gsw_3b_w1_gate_M2048_K3072_N8192_Buffer                                    [2048x3072]       68568.938 μs       1503.293 GFLOP/s  SKIPPED
quantize_and_pack_4h4w_with_group_sums_o4w16..     (128,512,1)     (4,1,16)                                                                                                                 1487.694 μs                                 
linear_dq8ca_q4gsw_coopmat_tsweep_t64x16k32g..     (32768,32,1)    (128,1,1)                                                                                                               44405.812 μs                                 
et_vk.linear_dq8ca_q4gsw.default                                               linear_dq8ca_q4gsw_8b_wq_M2048_K4096_N4096_Buffer                                         [2048x4096]       45893.504 μs       1497.368 GFLOP/s  SKIPPED
quantize_and_pack_4h4w_with_group_sums_o4w16..     (128,512,1)     (4,1,16)                                                                                                                 1536.327 μs                                 
linear_dq8ca_q4gsw_coopmat_tsweep_t64x16k32g..     (114688,32,1)   (128,1,1)                                                                                                              154959.891 μs                                 
et_vk.linear_dq8ca_q4gsw.default                                               linear_dq8ca_q4gsw_8b_w1_gate_M2048_K4096_N14336_Buffer                                   [2048x4096]      156496.203 μs       1536.895 GFLOP/s  SKIPPED
----------------------------------------------------------------------
Completed 7 test cases
[correctness] linear_dq8ca_q4gsw_correctness_M128_K128_N128_Buffer -> linear_dq8ca_q4gsw_coopmat_tsweep_t64x16k32g12s64_buffer_texture2d_half (coopmat dispatched), correctness=PASSED

================ SUMMARY: dq8ca_q4gsw dbuf sweep (GFLOP/s) ================
shape           (K,N)                avg_us   cov_pct     GFLOP/s  dispatched kernel
1b_wq           (2048,2048)         12211.3     0.19%      1406.9  linear_dq8ca_q4gsw_coopmat_tsweep_t64x16k32g12s64_buffer_texture2d_half
1b_w1_gate      (2048,8192)         43916.3     0.07%      1564.8  linear_dq8ca_q4gsw_coopmat_tsweep_t64x16k32g12s64_buffer_texture2d_half
3b_wq           (3072,3072)         26563.8     0.10%      1455.2  linear_dq8ca_q4gsw_coopmat_tsweep_t64x16k32g12s64_buffer_texture2d_half
3b_w1_gate      (3072,8192)         68568.9     0.49%      1503.3  linear_dq8ca_q4gsw_coopmat_tsweep_t64x16k32g12s64_buffer_texture2d_half
8b_wq           (4096,4096)         45893.5     0.14%      1497.4  linear_dq8ca_q4gsw_coopmat_tsweep_t64x16k32g12s64_buffer_texture2d_half
8b_w1_gate      (4096,14336)       156496.2     0.14%      1536.9  linear_dq8ca_q4gsw_coopmat_tsweep_t64x16k32g12s64_buffer_texture2d_half
