
=== Compute Shader Performance Benchmark ===
specs/023 dq8ca_q4gsw dbuf-variant sweep bench (M=2048, variant=tsweep_t64x32k32g12s64)
----------------------------------------------------------------------
Executing 7 test cases for Dq8caDbufSweepBench
----------------------------------------------------------------------
quantize_and_pack_4h4w_with_group_sums_o4w16..     (4,32,1)        (4,1,16)                                                                                                                  711.110 μs                                 
linear_dq8ca_q4gsw_coopmat_tsweep_t64x32k32g..     (512,2,1)       (128,1,1)                                                                                                                 721.554 μs                                 
et_vk.linear_dq8ca_q4gsw.default                                               linear_dq8ca_q4gsw_correctness_M128_K128_N128_Buffer                                        [128x128]        1432.663 μs          2.928 GFLOP/s   PASSED
quantize_and_pack_4h4w_with_group_sums_o4w16..     (64,512,1)      (4,1,16)                                                                                                                 1098.567 μs                                 
linear_dq8ca_q4gsw_coopmat_tsweep_t64x32k32g..     (8192,32,1)     (128,1,1)                                                                                                               10850.522 μs                                 
et_vk.linear_dq8ca_q4gsw.default                                               linear_dq8ca_q4gsw_1b_wq_M2048_K2048_N2048_Buffer                                         [2048x2048]       11949.090 μs       1437.755 GFLOP/s  SKIPPED
quantize_and_pack_4h4w_with_group_sums_o4w16..     (64,512,1)      (4,1,16)                                                                                                                 1109.245 μs                                 
linear_dq8ca_q4gsw_coopmat_tsweep_t64x32k32g..     (32768,32,1)    (128,1,1)                                                                                                               42323.977 μs                                 
et_vk.linear_dq8ca_q4gsw.default                                               linear_dq8ca_q4gsw_1b_w1_gate_M2048_K2048_N8192_Buffer                                    [2048x2048]       43433.223 μs       1582.187 GFLOP/s  SKIPPED
quantize_and_pack_4h4w_with_group_sums_o4w16..     (96,512,1)      (4,1,16)                                                                                                                 1274.100 μs                                 
linear_dq8ca_q4gsw_coopmat_tsweep_t64x32k32g..     (12288,32,1)    (128,1,1)                                                                                                               24027.559 μs                                 
et_vk.linear_dq8ca_q4gsw.default                                               linear_dq8ca_q4gsw_3b_wq_M2048_K3072_N3072_Buffer                                         [2048x3072]       25301.656 μs       1527.754 GFLOP/s  SKIPPED
quantize_and_pack_4h4w_with_group_sums_o4w16..     (96,512,1)      (4,1,16)                                                                                                                 1291.758 μs                                 
linear_dq8ca_q4gsw_coopmat_tsweep_t64x32k32g..     (32768,32,1)    (128,1,1)                                                                                                               63583.094 μs                                 
et_vk.linear_dq8ca_q4gsw.default                                               linear_dq8ca_q4gsw_3b_w1_gate_M2048_K3072_N8192_Buffer                                    [2048x3072]       64874.848 μs       1588.893 GFLOP/s  SKIPPED
quantize_and_pack_4h4w_with_group_sums_o4w16..     (128,512,1)     (4,1,16)                                                                                                                 1558.862 μs                                 
linear_dq8ca_q4gsw_coopmat_tsweep_t64x32k32g..     (16384,32,1)    (128,1,1)                                                                                                               42720.555 μs                                 
et_vk.linear_dq8ca_q4gsw.default                                               linear_dq8ca_q4gsw_8b_wq_M2048_K4096_N4096_Buffer                                         [2048x4096]       44279.418 μs       1551.951 GFLOP/s  SKIPPED
quantize_and_pack_4h4w_with_group_sums_o4w16..     (128,512,1)     (4,1,16)                                                                                                                 1532.674 μs                                 
linear_dq8ca_q4gsw_coopmat_tsweep_t64x32k32g..     (57344,32,1)    (128,1,1)                                                                                                              148123.438 μs                                 
et_vk.linear_dq8ca_q4gsw.default                                               linear_dq8ca_q4gsw_8b_w1_gate_M2048_K4096_N14336_Buffer                                   [2048x4096]      149656.109 μs       1607.139 GFLOP/s  SKIPPED
----------------------------------------------------------------------
Completed 7 test cases
[correctness] linear_dq8ca_q4gsw_correctness_M128_K128_N128_Buffer -> linear_dq8ca_q4gsw_coopmat_tsweep_t64x32k32g12s64_buffer_texture2d_half (coopmat dispatched), correctness=PASSED

================ SUMMARY: dq8ca_q4gsw dbuf sweep (GFLOP/s) ================
shape           (K,N)                avg_us   cov_pct     GFLOP/s  dispatched kernel
1b_wq           (2048,2048)         11949.1     0.11%      1437.8  linear_dq8ca_q4gsw_coopmat_tsweep_t64x32k32g12s64_buffer_texture2d_half
1b_w1_gate      (2048,8192)         43433.2     0.20%      1582.2  linear_dq8ca_q4gsw_coopmat_tsweep_t64x32k32g12s64_buffer_texture2d_half
3b_wq           (3072,3072)         25301.7     0.10%      1527.8  linear_dq8ca_q4gsw_coopmat_tsweep_t64x32k32g12s64_buffer_texture2d_half
3b_w1_gate      (3072,8192)         64874.8     0.56%      1588.9  linear_dq8ca_q4gsw_coopmat_tsweep_t64x32k32g12s64_buffer_texture2d_half
8b_wq           (4096,4096)         44279.4     0.51%      1552.0  linear_dq8ca_q4gsw_coopmat_tsweep_t64x32k32g12s64_buffer_texture2d_half
8b_w1_gate      (4096,14336)       149656.1     0.27%      1607.1  linear_dq8ca_q4gsw_coopmat_tsweep_t64x32k32g12s64_buffer_texture2d_half
