
=== Compute Shader Performance Benchmark ===
specs/023 dq8ca_q4gsw dbuf-variant sweep bench (M=2048, variant=tsweep_t128x32k16g12s64)
----------------------------------------------------------------------
Executing 7 test cases for Dq8caDbufSweepBench
----------------------------------------------------------------------
quantize_and_pack_4h4w_with_group_sums_o4w16..     (4,32,1)        (4,1,16)                                                                                                                  711.364 μs                                 
linear_dq8ca_q4gsw_coopmat_tsweep_t128x32k16..     (512,1,1)       (128,1,1)                                                                                                                 728.404 μs                                 
et_vk.linear_dq8ca_q4gsw.default                                               linear_dq8ca_q4gsw_correctness_M128_K128_N128_Buffer                                        [128x128]        1439.768 μs          2.913 GFLOP/s   PASSED
quantize_and_pack_4h4w_with_group_sums_o4w16..     (64,512,1)      (4,1,16)                                                                                                                 1097.092 μs                                 
linear_dq8ca_q4gsw_coopmat_tsweep_t128x32k16..     (8192,16,1)     (128,1,1)                                                                                                                9598.264 μs                                 
et_vk.linear_dq8ca_q4gsw.default                                               linear_dq8ca_q4gsw_1b_wq_M2048_K2048_N2048_Buffer                                         [2048x2048]       10695.355 μs       1606.292 GFLOP/s  SKIPPED
quantize_and_pack_4h4w_with_group_sums_o4w16..     (64,512,1)      (4,1,16)                                                                                                                 1102.693 μs                                 
linear_dq8ca_q4gsw_coopmat_tsweep_t128x32k16..     (32768,16,1)    (128,1,1)                                                                                                               37674.715 μs                                 
et_vk.linear_dq8ca_q4gsw.default                                               linear_dq8ca_q4gsw_1b_w1_gate_M2048_K2048_N8192_Buffer                                    [2048x2048]       38777.406 μs       1772.152 GFLOP/s  SKIPPED
quantize_and_pack_4h4w_with_group_sums_o4w16..     (96,512,1)      (4,1,16)                                                                                                                 1285.394 μs                                 
linear_dq8ca_q4gsw_coopmat_tsweep_t128x32k16..     (12288,16,1)    (128,1,1)                                                                                                               21563.326 μs                                 
et_vk.linear_dq8ca_q4gsw.default                                               linear_dq8ca_q4gsw_3b_wq_M2048_K3072_N3072_Buffer                                         [2048x3072]       22848.725 μs       1691.766 GFLOP/s  SKIPPED
quantize_and_pack_4h4w_with_group_sums_o4w16..     (96,512,1)      (4,1,16)                                                                                                                 1282.411 μs                                 
linear_dq8ca_q4gsw_coopmat_tsweep_t128x32k16..     (32768,16,1)    (128,1,1)                                                                                                               56471.191 μs                                 
et_vk.linear_dq8ca_q4gsw.default                                               linear_dq8ca_q4gsw_3b_w1_gate_M2048_K3072_N8192_Buffer                                    [2048x3072]       57753.605 μs       1784.810 GFLOP/s  SKIPPED
quantize_and_pack_4h4w_with_group_sums_o4w16..     (128,512,1)     (4,1,16)                                                                                                                 1565.499 μs                                 
linear_dq8ca_q4gsw_coopmat_tsweep_t128x32k16..     (16384,16,1)    (128,1,1)                                                                                                               37925.004 μs                                 
et_vk.linear_dq8ca_q4gsw.default                                               linear_dq8ca_q4gsw_8b_wq_M2048_K4096_N4096_Buffer                                         [2048x4096]       39490.500 μs       1740.152 GFLOP/s  SKIPPED
quantize_and_pack_4h4w_with_group_sums_o4w16..     (128,512,1)     (4,1,16)                                                                                                                 1665.482 μs                                 
linear_dq8ca_q4gsw_coopmat_tsweep_t128x32k16..     (57344,16,1)    (128,1,1)                                                                                                              133811.812 μs                                 
et_vk.linear_dq8ca_q4gsw.default                                               linear_dq8ca_q4gsw_8b_w1_gate_M2048_K4096_N14336_Buffer                                   [2048x4096]      135477.297 μs       1775.339 GFLOP/s  SKIPPED
----------------------------------------------------------------------
Completed 7 test cases
[correctness] linear_dq8ca_q4gsw_correctness_M128_K128_N128_Buffer -> linear_dq8ca_q4gsw_coopmat_tsweep_t128x32k16g12s64_buffer_texture2d_half (coopmat dispatched), correctness=PASSED

================ SUMMARY: dq8ca_q4gsw dbuf sweep (GFLOP/s) ================
shape           (K,N)                avg_us   cov_pct     GFLOP/s  dispatched kernel
1b_wq           (2048,2048)         10695.4     0.04%      1606.3  linear_dq8ca_q4gsw_coopmat_tsweep_t128x32k16g12s64_buffer_texture2d_half
1b_w1_gate      (2048,8192)         38777.4     0.11%      1772.2  linear_dq8ca_q4gsw_coopmat_tsweep_t128x32k16g12s64_buffer_texture2d_half
3b_wq           (3072,3072)         22848.7     0.14%      1691.8  linear_dq8ca_q4gsw_coopmat_tsweep_t128x32k16g12s64_buffer_texture2d_half
3b_w1_gate      (3072,8192)         57753.6     0.48%      1784.8  linear_dq8ca_q4gsw_coopmat_tsweep_t128x32k16g12s64_buffer_texture2d_half
8b_wq           (4096,4096)         39490.5     0.23%      1740.2  linear_dq8ca_q4gsw_coopmat_tsweep_t128x32k16g12s64_buffer_texture2d_half
8b_w1_gate      (4096,14336)       135477.3     0.17%      1775.3  linear_dq8ca_q4gsw_coopmat_tsweep_t128x32k16g12s64_buffer_texture2d_half
