[sarc_dev] softmax variant: 4070ti_nzf
[sarc_dev] profile active: orin-refine1
[sarc_dev] overrides active: unverified=1 variant= dq8ca_variant=
prompt 0 tokens 1792 vocab 128256 top1 82816 16.234375
prompt 1 tokens 64 vocab 128256 top1 11 18.953125
prompt 2 tokens 128 vocab 128256 top1 315 23.687500
prompt 3 tokens 192 vocab 128256 top1 1472 16.656250
prompt 4 tokens 256 vocab 128256 top1 902 17.125000
prompt 5 tokens 320 vocab 128256 top1 23909 29.875000
prompt 6 tokens 384 vocab 128256 top1 29882 21.984375
prompt 7 tokens 448 vocab 128256 top1 13 22.671875
prompt 8 tokens 512 vocab 128256 top1 904 16.343750
prompt 9 tokens 576 vocab 128256 top1 2349 25.031250
prompt 10 tokens 640 vocab 128256 top1 17805 19.437500
prompt 11 tokens 704 vocab 128256 top1 11 22.906250
prompt 12 tokens 768 vocab 128256 top1 2085 23.343750
prompt 13 tokens 832 vocab 128256 top1 264 21.812500
prompt 14 tokens 896 vocab 128256 top1 279 19.468750
prompt 15 tokens 960 vocab 128256 top1 13890 31.000000
prompt 16 tokens 1024 vocab 128256 top1 1778 20.406250
prompt 17 tokens 1088 vocab 128256 top1 315 20.859375
prompt 18 tokens 1152 vocab 128256 top1 36009 16.531250
prompt 19 tokens 1216 vocab 128256 top1 477 16.875000
prompt 20 tokens 1280 vocab 128256 top1 12 18.093750
prompt 21 tokens 1344 vocab 128256 top1 2864 24.046875
prompt 22 tokens 1408 vocab 128256 top1 1253 22.187500
prompt 23 tokens 1472 vocab 128256 top1 279 21.250000
prompt 24 tokens 1536 vocab 128256 top1 26069 19.218750
prompt 25 tokens 1600 vocab 128256 top1 13 25.750000
prompt 26 tokens 1664 vocab 128256 top1 998 21.031250
prompt 27 tokens 1728 vocab 128256 top1 499 18.781250
prompt 28 tokens 1792 vocab 128256 top1 323 23.375000
prompt 29 tokens 1856 vocab 128256 top1 330 15.781250
prompt 30 tokens 1920 vocab 128256 top1 2317 23.296875
prompt 31 tokens 1984 vocab 128256 top1 653 21.062500
prompt 32 tokens 2048 vocab 128256 top1 372 30.281250
prompt 33 tokens 57 vocab 128256 top1 477 16.812500
prompt 34 tokens 250 vocab 128256 top1 13 23.937500
prompt 35 tokens 411 vocab 128256 top1 2794 19.687500
prompt 36 tokens 777 vocab 128256 top1 323 24.500000
prompt 37 tokens 1001 vocab 128256 top1 23794 22.031250
prompt 38 tokens 1500 vocab 128256 top1 198 24.343750
prompt 39 tokens 1771 vocab 128256 top1 279 14.148438
prompt 40 tokens 1972 vocab 128256 top1 3083 23.421875
prompts 41
