[env] RAM total: 28.9 GiB    Swap total: 24.0 GiB
[env] RADV_GTT_PCT=80 set

=== Calibration: N=1 (load + iter 0 + teardown) ===
[run] RLIMIT_AS cap on child: 50.9 GiB (oom_score_adj=1000)
[run] $ /home/doremy/sarc-acl/executorch/main/executorch/cmake-out-vk/executor_runner --model_path=/home/doremy/llama31_pure_run_int8/llama31_8b_32L_seq128_int8.pte --inputs=/home/doremy/llama31_pure_run_int8/llama31_8b_32L_seq128_int8_input0.bin --num_executions=1
OutputX 0: tensor(sizes=[1, 128256], [
  -inf, 44352., -33216., 25424., -2.77734, 13464., -inf, 39616., -inf, 29296., 
  -198.75, 38368., -5088., 33888., -inf, 27824., -35.625, 27920., -55680., 16224., 
  -5.23047, 6868., -13.1562, 13800., -nan, 42432., -4.76172, 28672., -inf, 22880., 
  -14640., 2452., -nan, 37696., -inf, 35648., -inf, 14352., -inf, 24224., 
  -inf, 21680., -3092., 29296., -6932., 32624., -15256., 26496., -691., 26000., 
  -25.75, 36864., -inf, 38112., -2.47656, 11040., -2.51758, 34400., -inf, 27440., 
  -6624., 26800., -3.10156, 15152., -inf, 28208., -inf, 14072., -inf, 31088., 
  -inf, 28352., -1155., 17520., -4046., 19392., -155.75, 26336., -2208., 25488., 
  -1199., 17456., -2.86328, 17424., -11.9844, 18944., -14384., 37568., -25168., 18144., 
  -6580., 15848., -24.9062, 17664., -inf, 16016., -inf, 16704., -87.375, 7044., 
  ...,
  15.9766, -4452., 2084., -4532., inf, -4260., inf, -4604., 6916., -4552., 
  1223., -4524., inf, -4728., 6916., -4552., 52.8125, -4472., 3.9707, -4428., 
  inf, -4624., 128.875, -4852., 0.581543, -4396., inf, -4624., 13.1094, -4448., 
  5648., -4184., 55904., -4584., 0.808105, -4404., 75.6875, -4476., 7.96484, -4440., 
  87.125, -4480., 856., -4516., inf, -4248., 0.134399, -4384., 19744., -4568., 
  5648., -4548., 2084., -4532., 15.9766, -4452., 3448., -4540., inf, -4324., 
  inf, -4264., 3.25586, -4792., 350., -4504., 4180., -4908., 518.5, -4508., 
  9.39844, -4808., inf, -4264., 174.625, -4492., 0.670898, -4400., 0.223877, -4384., 
  13.1094, -4448., 26.3125, -4460., 0.0448914, -4380., 0.987305, -4404., 3.9707, -4428., 
  1039., -4520., 39584., -4580., 4.6875, -4432., 3.25586, -4424., 22672., -4208., 
])
[run] executor_runner wall-clock: 15.56s for 1 executions
[run]   ~ 15560.4 ms / execution (subprocess wall)
  W1 = 15560.4 ms

=== Measurement: 3 reps × N=8 ===
[run] RLIMIT_AS cap on child: 50.9 GiB (oom_score_adj=1000)
[run] $ /home/doremy/sarc-acl/executorch/main/executorch/cmake-out-vk/executor_runner --model_path=/home/doremy/llama31_pure_run_int8/llama31_8b_32L_seq128_int8.pte --inputs=/home/doremy/llama31_pure_run_int8/llama31_8b_32L_seq128_int8_input0.bin --num_executions=8
OutputX 0: tensor(sizes=[1, 128256], [
  -inf, 44352., -33216., 25424., -2.77734, 13464., -inf, 39616., -inf, 29296., 
  -198.75, 38368., -5088., 33888., -inf, 27824., -35.625, 27920., -55680., 16224., 
  -5.23047, 6868., -13.1562, 13800., -nan, 42432., -4.76172, 28672., -inf, 22880., 
  -14640., 2452., -nan, 37696., -inf, 35648., -inf, 14352., -inf, 24224., 
  -inf, 21680., -3092., 29296., -6932., 32624., -15256., 26496., -691., 26000., 
  -25.75, 36864., -inf, 38112., -2.47656, 11040., -2.51758, 34400., -inf, 27440., 
  -6624., 26800., -3.10156, 15152., -inf, 28208., -inf, 14072., -inf, 31088., 
  -inf, 28352., -1155., 17520., -4046., 19392., -155.75, 26336., -2208., 25488., 
  -1199., 17456., -2.86328, 17424., -11.9844, 18944., -14384., 37568., -25168., 18144., 
  -6580., 15848., -24.9062, 17664., -inf, 16016., -inf, 16704., -87.375, 7044., 
  ...,
  15.9766, -4452., 2084., -4532., inf, -4260., inf, -4604., 6916., -4552., 
  1223., -4524., inf, -4728., 6916., -4552., 52.8125, -4472., 3.9707, -4428., 
  inf, -4624., 128.875, -4852., 0.581543, -4396., inf, -4624., 13.1094, -4448., 
  5648., -4184., 55904., -4584., 0.808105, -4404., 75.6875, -4476., 7.96484, -4440., 
  87.125, -4480., 856., -4516., inf, -4248., 0.134399, -4384., 19744., -4568., 
  5648., -4548., 2084., -4532., 15.9766, -4452., 3448., -4540., inf, -4324., 
  inf, -4264., 3.25586, -4792., 350., -4504., 4180., -4908., 518.5, -4508., 
  9.39844, -4808., inf, -4264., 174.625, -4492., 0.670898, -4400., 0.223877, -4384., 
  13.1094, -4448., 26.3125, -4460., 0.0448914, -4380., 0.987305, -4404., 3.9707, -4428., 
  1039., -4520., 39584., -4580., 4.6875, -4432., 3.25586, -4424., 22672., -4208., 
])
[run] executor_runner wall-clock: 30.51s for 8 executions
[run]   ~ 3813.8 ms / execution (subprocess wall)
  rep 1: WK=30510.1 ms  wall/N=3813.8 ms  steady=(WK-W1)/7=2135.7 ms
[run] RLIMIT_AS cap on child: 50.9 GiB (oom_score_adj=1000)
[run] $ /home/doremy/sarc-acl/executorch/main/executorch/cmake-out-vk/executor_runner --model_path=/home/doremy/llama31_pure_run_int8/llama31_8b_32L_seq128_int8.pte --inputs=/home/doremy/llama31_pure_run_int8/llama31_8b_32L_seq128_int8_input0.bin --num_executions=8
OutputX 0: tensor(sizes=[1, 128256], [
  -inf, 44352., -33216., 25424., -2.77734, 13464., -inf, 39616., -inf, 29296., 
  -198.75, 38368., -5088., 33888., -inf, 27824., -35.625, 27920., -55680., 16224., 
  -5.23047, 6868., -13.1562, 13800., -nan, 42432., -4.76172, 28672., -inf, 22880., 
  -14640., 2452., -nan, 37696., -inf, 35648., -inf, 14352., -inf, 24224., 
  -inf, 21680., -3092., 29296., -6932., 32624., -15256., 26496., -691., 26000., 
  -25.75, 36864., -inf, 38112., -2.47656, 11040., -2.51758, 34400., -inf, 27440., 
  -6624., 26800., -3.10156, 15152., -inf, 28208., -inf, 14072., -inf, 31088., 
  -inf, 28352., -1155., 17520., -4046., 19392., -155.75, 26336., -2208., 25488., 
  -1199., 17456., -2.86328, 17424., -11.9844, 18944., -14384., 37568., -25168., 18144., 
  -6580., 15848., -24.9062, 17664., -inf, 16016., -inf, 16704., -87.375, 7044., 
  ...,
  15.9766, -4452., 2084., -4532., inf, -4260., inf, -4604., 6916., -4552., 
  1223., -4524., inf, -4728., 6916., -4552., 52.8125, -4472., 3.9707, -4428., 
  inf, -4624., 128.875, -4852., 0.581543, -4396., inf, -4624., 13.1094, -4448., 
  5648., -4184., 55904., -4584., 0.808105, -4404., 75.6875, -4476., 7.96484, -4440., 
  87.125, -4480., 856., -4516., inf, -4248., 0.134399, -4384., 19744., -4568., 
  5648., -4548., 2084., -4532., 15.9766, -4452., 3448., -4540., inf, -4324., 
  inf, -4264., 3.25586, -4792., 350., -4504., 4180., -4908., 518.5, -4508., 
  9.39844, -4808., inf, -4264., 174.625, -4492., 0.670898, -4400., 0.223877, -4384., 
  13.1094, -4448., 26.3125, -4460., 0.0448914, -4380., 0.987305, -4404., 3.9707, -4428., 
  1039., -4520., 39584., -4580., 4.6875, -4432., 3.25586, -4424., 22672., -4208., 
])
[run] executor_runner wall-clock: 30.11s for 8 executions
[run]   ~ 3763.4 ms / execution (subprocess wall)
  rep 2: WK=30107.0 ms  wall/N=3763.4 ms  steady=(WK-W1)/7=2078.1 ms
[run] RLIMIT_AS cap on child: 50.9 GiB (oom_score_adj=1000)
[run] $ /home/doremy/sarc-acl/executorch/main/executorch/cmake-out-vk/executor_runner --model_path=/home/doremy/llama31_pure_run_int8/llama31_8b_32L_seq128_int8.pte --inputs=/home/doremy/llama31_pure_run_int8/llama31_8b_32L_seq128_int8_input0.bin --num_executions=8
OutputX 0: tensor(sizes=[1, 128256], [
  -inf, 44352., -33216., 25424., -2.77734, 13464., -inf, 39616., -inf, 29296., 
  -198.75, 38368., -5088., 33888., -inf, 27824., -35.625, 27920., -55680., 16224., 
  -5.23047, 6868., -13.1562, 13800., -nan, 42432., -4.76172, 28672., -inf, 22880., 
  -14640., 2452., -nan, 37696., -inf, 35648., -inf, 14352., -inf, 24224., 
  -inf, 21680., -3092., 29296., -6932., 32624., -15256., 26496., -691., 26000., 
  -25.75, 36864., -inf, 38112., -2.47656, 11040., -2.51758, 34400., -inf, 27440., 
  -6624., 26800., -3.10156, 15152., -inf, 28208., -inf, 14072., -inf, 31088., 
  -inf, 28352., -1155., 17520., -4046., 19392., -155.75, 26336., -2208., 25488., 
  -1199., 17456., -2.86328, 17424., -11.9844, 18944., -14384., 37568., -25168., 18144., 
  -6580., 15848., -24.9062, 17664., -inf, 16016., -inf, 16704., -87.375, 7044., 
  ...,
  15.9766, -4452., 2084., -4532., inf, -4260., inf, -4604., 6916., -4552., 
  1223., -4524., inf, -4728., 6916., -4552., 52.8125, -4472., 3.9707, -4428., 
  inf, -4624., 128.875, -4852., 0.581543, -4396., inf, -4624., 13.1094, -4448., 
  5648., -4184., 55904., -4584., 0.808105, -4404., 75.6875, -4476., 7.96484, -4440., 
  87.125, -4480., 856., -4516., inf, -4248., 0.134399, -4384., 19744., -4568., 
  5648., -4548., 2084., -4532., 15.9766, -4452., 3448., -4540., inf, -4324., 
  inf, -4264., 3.25586, -4792., 350., -4504., 4180., -4908., 518.5, -4508., 
  9.39844, -4808., inf, -4264., 174.625, -4492., 0.670898, -4400., 0.223877, -4384., 
  13.1094, -4448., 26.3125, -4460., 0.0448914, -4380., 0.987305, -4404., 3.9707, -4428., 
  1039., -4520., 39584., -4580., 4.6875, -4432., 3.25586, -4424., 22672., -4208., 
])
[run] executor_runner wall-clock: 30.33s for 8 executions
[run]   ~ 3791.1 ms / execution (subprocess wall)
  rep 3: WK=30328.6 ms  wall/N=3791.1 ms  steady=(WK-W1)/7=2109.7 ms

=== Steady-state forward (iter 0 + load+teardown algebraically excluded) ===
  per-rep steady: 2135.7  2078.1  2109.7 ms
  mean ± stdev:   2107.8 ± 28.8 ms  (cv=1.4%, min=2078.1, max=2135.7)
  wallclock/N mean: 3789.4 ms  (legacy metric; +1681.6 ms inflation from load+iter0/N)

[bench] artifacts in /home/doremy/llama31_pure_run_int8/llama31_8b_32L_seq128_int8.*
