[sarc_dev] softmax variant: orin_g64
[sarc_dev] profile active: orin-refine5
[sarc_dev] overrides active: unverified=1 variant= dq8ca_variant=
prompt 0 tokens 1792 vocab 128256 top1 82816 14.000000
prompt 1 tokens 64 vocab 128256 top1 477 20.187500
prompt 2 tokens 128 vocab 128256 top1 315 22.906250
prompt 3 tokens 192 vocab 128256 top1 1472 18.031250
prompt 4 tokens 256 vocab 128256 top1 323 17.343750
prompt 5 tokens 320 vocab 128256 top1 23909 26.656250
prompt 6 tokens 384 vocab 128256 top1 29882 20.500000
prompt 7 tokens 448 vocab 128256 top1 13 18.843750
prompt 8 tokens 512 vocab 128256 top1 904 17.140625
prompt 9 tokens 576 vocab 128256 top1 2349 24.593750
prompt 10 tokens 640 vocab 128256 top1 17805 20.750000
prompt 11 tokens 704 vocab 128256 top1 11 21.656250
prompt 12 tokens 768 vocab 128256 top1 2085 26.093750
prompt 13 tokens 832 vocab 128256 top1 264 16.984375
prompt 14 tokens 896 vocab 128256 top1 433 24.562500
prompt 15 tokens 960 vocab 128256 top1 13890 20.687500
prompt 16 tokens 1024 vocab 128256 top1 459 20.093750
prompt 17 tokens 1088 vocab 128256 top1 315 17.500000
prompt 18 tokens 1152 vocab 128256 top1 64 15.421875
prompt 19 tokens 1216 vocab 128256 top1 477 18.625000
prompt 20 tokens 1280 vocab 128256 top1 13 15.937500
prompt 21 tokens 1344 vocab 128256 top1 2864 21.812500
prompt 22 tokens 1408 vocab 128256 top1 1253 21.375000
prompt 23 tokens 1472 vocab 128256 top1 279 22.812500
prompt 24 tokens 1536 vocab 128256 top1 387 19.234375
prompt 25 tokens 1600 vocab 128256 top1 13 25.062500
prompt 26 tokens 1664 vocab 128256 top1 998 22.843750
prompt 27 tokens 1728 vocab 128256 top1 499 15.140625
prompt 28 tokens 1792 vocab 128256 top1 323 24.156250
prompt 29 tokens 1856 vocab 128256 top1 1556 15.718750
prompt 30 tokens 1920 vocab 128256 top1 2317 27.968750
prompt 31 tokens 1984 vocab 128256 top1 653 23.531250
prompt 32 tokens 2048 vocab 128256 top1 372 25.437500
prompt 33 tokens 57 vocab 128256 top1 477 18.093750
prompt 34 tokens 250 vocab 128256 top1 13 20.343750
prompt 35 tokens 411 vocab 128256 top1 2794 15.890625
prompt 36 tokens 777 vocab 128256 top1 323 21.000000
prompt 37 tokens 1001 vocab 128256 top1 23794 20.500000
prompt 38 tokens 1500 vocab 128256 top1 198 23.656250
prompt 39 tokens 1771 vocab 128256 top1 264 16.437500
prompt 40 tokens 1972 vocab 128256 top1 3083 21.640625
prompts 41
