2026-10-08T22:09:42Z desktop in use, waiting: screen screen2-fused b580-fused-d64_t8x32s16m8roja r1
2026-10-08T22:24:42Z desktop in use, waiting: screen screen2-fused b580-fused-d64_t8x32s16m8roja r1
2026-10-08T22:50:06Z desktop in use, waiting: screen screen3-fused b580-refine3 r1
2026-10-09T00:29:45Z desktop in use, waiting: test of the lifted wait
2026-10-09T00:32:06Z in-use: check of the lifted wait
2026-10-09T00:39:29Z in-use: session s2-c1
2026-10-09T00:42:22Z in-use: prefill 1b 4w parent r1
2026-10-09T00:42:23Z in-use: prefill 1b 4w cand r1
2026-10-09T00:42:26Z in-use: prefill 1b 4w cand r2
2026-10-09T00:42:27Z in-use: prefill 1b 4w parent r2
2026-10-09T00:42:29Z in-use: prefill 1b 4w parent r3
2026-10-09T00:42:30Z in-use: prefill 1b 4w cand r3
2026-10-09T00:42:31Z in-use: prefill 1b 4w cand r4
2026-10-09T00:42:33Z in-use: prefill 1b 4w parent r4
2026-10-09T00:42:34Z in-use: prefill 1b 4w parent r5
2026-10-09T00:42:36Z in-use: prefill 1b 4w cand r5
2026-10-09T00:42:37Z in-use: prefill 1b 4w cand r6
2026-10-09T00:42:38Z in-use: prefill 1b 4w parent r6
2026-10-09T00:42:40Z in-use: prefill 1b 4w parent r7
2026-10-09T00:42:41Z in-use: prefill 1b 4w cand r7
2026-10-09T00:42:50Z in-use: prefill 1b 8da4w parent r1
2026-10-09T00:42:52Z in-use: prefill 1b 8da4w cand r1
2026-10-09T00:42:53Z in-use: prefill 1b 8da4w cand r2
2026-10-09T00:42:54Z in-use: prefill 1b 8da4w parent r2
2026-10-09T00:42:56Z in-use: prefill 1b 8da4w parent r3
2026-10-09T00:42:57Z in-use: prefill 1b 8da4w cand r3
2026-10-09T00:42:59Z in-use: prefill 1b 8da4w cand r4
2026-10-09T00:43:00Z in-use: prefill 1b 8da4w parent r4
2026-10-09T00:43:01Z in-use: prefill 1b 8da4w parent r5
2026-10-09T00:43:03Z in-use: prefill 1b 8da4w cand r5
2026-10-09T00:43:04Z in-use: prefill 1b 8da4w cand r6
2026-10-09T00:43:05Z in-use: prefill 1b 8da4w parent r6
2026-10-09T00:43:07Z in-use: prefill 1b 8da4w parent r7
2026-10-09T00:43:08Z in-use: prefill 1b 8da4w cand r7
2026-10-09T00:43:15Z in-use: prefill 3b 4w parent r1
2026-10-09T00:43:24Z in-use: prefill 3b 4w cand r1
2026-10-09T00:43:27Z in-use: prefill 3b 4w cand r2
2026-10-09T00:43:29Z in-use: prefill 3b 4w parent r2
2026-10-09T00:43:32Z in-use: prefill 3b 4w parent r3
2026-10-09T00:43:34Z in-use: prefill 3b 4w cand r3
2026-10-09T00:43:37Z in-use: prefill 3b 4w cand r4
2026-10-09T00:43:39Z in-use: prefill 3b 4w parent r4
2026-10-09T00:43:42Z in-use: prefill 3b 4w parent r5
2026-10-09T00:43:44Z in-use: prefill 3b 4w cand r5
2026-10-09T00:43:47Z in-use: prefill 3b 4w cand r6
2026-10-09T00:43:49Z in-use: prefill 3b 4w parent r6
2026-10-09T00:43:52Z in-use: prefill 3b 4w parent r7
2026-10-09T00:43:54Z in-use: prefill 3b 4w cand r7
2026-10-09T00:44:11Z in-use: prefill 3b 8da4w parent r1
2026-10-09T00:44:18Z in-use: prefill 3b 8da4w cand r1
2026-10-09T00:44:20Z in-use: prefill 3b 8da4w cand r2
2026-10-09T00:44:23Z in-use: prefill 3b 8da4w parent r2
2026-10-09T00:44:25Z in-use: prefill 3b 8da4w parent r3
2026-10-09T00:44:28Z in-use: prefill 3b 8da4w cand r3
2026-10-09T00:44:30Z in-use: prefill 3b 8da4w cand r4
2026-10-09T00:44:33Z in-use: prefill 3b 8da4w parent r4
2026-10-09T00:44:35Z in-use: prefill 3b 8da4w parent r5
2026-10-09T00:44:38Z in-use: prefill 3b 8da4w cand r5
2026-10-09T00:44:40Z in-use: prefill 3b 8da4w cand r6
2026-10-09T00:44:43Z in-use: prefill 3b 8da4w parent r6
2026-10-09T00:44:45Z in-use: prefill 3b 8da4w parent r7
2026-10-09T00:44:47Z in-use: prefill 3b 8da4w cand r7
2026-10-09T00:44:59Z in-use: prefill 8b 4w parent r1
2026-10-09T00:45:25Z in-use: prefill 8b 4w cand r1
2026-10-09T00:45:33Z in-use: prefill 8b 4w cand r2
2026-10-09T00:45:41Z in-use: prefill 8b 4w parent r2
2026-10-09T00:45:49Z in-use: prefill 8b 4w parent r3
2026-10-09T00:45:54Z in-use: prefill 8b 4w cand r3
2026-10-09T00:45:59Z in-use: prefill 8b 4w cand r4
2026-10-09T00:46:03Z in-use: prefill 8b 4w parent r4
2026-10-09T00:46:08Z in-use: prefill 8b 4w parent r5
2026-10-09T00:46:13Z in-use: prefill 8b 4w cand r5
2026-10-09T00:46:17Z in-use: prefill 8b 4w cand r6
2026-10-09T00:46:22Z in-use: prefill 8b 4w parent r6
2026-10-09T00:46:27Z in-use: prefill 8b 4w parent r7
2026-10-09T00:46:31Z in-use: prefill 8b 4w cand r7
2026-10-09T00:47:14Z in-use: prefill 8b 8da4w parent r1
2026-10-09T00:47:25Z in-use: prefill 8b 8da4w cand r1
2026-10-09T00:47:29Z in-use: prefill 8b 8da4w cand r2
2026-10-09T00:47:33Z in-use: prefill 8b 8da4w parent r2
2026-10-09T00:47:41Z in-use: prefill 8b 8da4w parent r3
2026-10-09T00:47:50Z in-use: prefill 8b 8da4w cand r3
2026-10-09T00:47:53Z in-use: prefill 8b 8da4w cand r4
2026-10-09T00:48:02Z in-use: prefill 8b 8da4w parent r4
2026-10-09T00:48:05Z in-use: prefill 8b 8da4w parent r5
2026-10-09T00:48:14Z in-use: prefill 8b 8da4w cand r5
2026-10-09T00:48:23Z in-use: prefill 8b 8da4w cand r6
2026-10-09T00:48:26Z in-use: prefill 8b 8da4w parent r6
2026-10-09T00:48:30Z in-use: prefill 8b 8da4w parent r7
2026-10-09T00:48:38Z in-use: prefill 8b 8da4w cand r7
2026-10-09T00:49:09Z in-use: trace 1b 4w parent
2026-10-09T00:49:10Z in-use: trace 1b 8da4w parent
2026-10-09T00:49:11Z in-use: trace 3b 4w parent
2026-10-09T00:49:14Z in-use: trace 3b 8da4w parent
2026-10-09T00:49:16Z in-use: trace 8b 4w parent
2026-10-09T00:49:20Z in-use: trace 8b 8da4w parent
2026-10-09T00:49:25Z in-use: trace 1b 4w cand
2026-10-09T00:49:26Z in-use: trace 1b 8da4w cand
2026-10-09T00:49:28Z in-use: trace 3b 4w cand
2026-10-09T00:49:30Z in-use: trace 3b 8da4w cand
2026-10-09T00:49:32Z in-use: trace 8b 4w cand
2026-10-09T00:49:37Z in-use: trace 8b 8da4w cand
