[02:58:54] [+    0.0s] [PLAN] winner tokens: {'4w': 'tsweep_t128x128k16g22s32', '8da4w': 'tsweep_t64x32k32g12s64'}
[02:58:54] [+    0.0s] [PLAN] 36 total combos, 0 already done, 36 remaining.
[02:58:54] [+    0.5s] [DEVICE] idle, no llama_main process running.
[02:58:55] [+    1.1s] [DRIVER] OK: c9861e9906d03fa2c7d48b804e1a1c80 -> f14c51b6f8 (27.0.1271, documented production default)
[02:58:55] [+    1.6s] [DEVICE] llama_main present and executable.
[02:59:06] [+   12.2s] [CORRECTNESS] 48 PASSED, 0 FAILED
[02:59:06] [+   12.2s] [CLOCK] setting maxpin (980000/5333000/934000) for the whole matrix...
[02:59:11] [+   17.0s] [CLOCK] verified maxpin: {'gpu_min': 980000, 'gpu_max': 980000, 'mif_min': 5333000, 'mif_max': 5333000, 'int_min': 934000, 'int_max': 934000}
[02:59:11] [+   17.0s] [MODEL] === starting 1b ===
[02:59:11] [+   17.5s] [STAGE] llama3_2_1b_4w_texture_ctx3072.pte already staged and size-verified (1692057856 bytes).
[02:59:12] [+   18.0s] [STAGE] llama3_2_1b_4w_buffer_ctx3072.pte already staged and size-verified (1692049024 bytes).
[02:59:12] [+   18.5s] [STAGE] llama3_2_1b_8da4w_texture_ctx3072.pte already staged and size-verified (1730754176 bytes).
[02:59:13] [+   19.0s] [STAGE] llama3_2_1b_8da4w_buffer_ctx3072.pte already staged and size-verified (1730745344 bytes).
[02:59:13] [+   19.4s] [DEVICE] MemAvailable=8.25 GB -- OK
[02:59:16] [+   21.9s] [COHERENCE] 1b/4w/baseline: OK (Paris)
[02:59:19] [+   24.6s] [COHERENCE] 1b/4w/coopmat: OK (Paris)
[02:59:21] [+   27.2s] [COHERENCE] 1b/8da4w/baseline: OK (Paris)
[02:59:24] [+   29.8s] [COHERENCE] 1b/8da4w/coopmat: OK (Paris)
[02:59:24] [+   29.8s] [PROGRESS] [........................] 0/36 done (0 failed) | next: 1b/4w/baseline rep1
[02:59:24] [+   29.8s] [RUN] 1b/4w/baseline rep1 (attempt 1)...
[02:59:33] [+   39.3s] [OK] 1b/4w/baseline rep1 -> prefill=685.18 decode=32.11 (10s)
[02:59:48] [+   54.3s] [PROGRESS] [........................] 1/36 done (0 failed) | next: 1b/4w/coopmat rep1 | ETA ~6 min
[02:59:48] [+   54.3s] [RUN] 1b/4w/coopmat rep1 (attempt 1)...
[02:59:54] [+   59.8s] [OK] 1b/4w/coopmat rep1 -> prefill=1675.94 decode=32.26 (6s)
[03:00:09] [+   74.8s] [PROGRESS] [#.......................] 2/36 done (0 failed) | next: 1b/8da4w/baseline rep1 | ETA ~4 min
[03:00:09] [+   74.8s] [RUN] 1b/8da4w/baseline rep1 (attempt 1)...
[03:00:21] [+   87.3s] [OK] 1b/8da4w/baseline rep1 -> prefill=480.53 decode=31.25 (12s)
[03:00:36] [+  102.3s] [PROGRESS] [##......................] 3/36 done (0 failed) | next: 1b/8da4w/coopmat rep1 | ETA ~6 min
[03:00:36] [+  102.3s] [RUN] 1b/8da4w/coopmat rep1 (attempt 1)...
[03:00:43] [+  108.8s] [OK] 1b/8da4w/coopmat rep1 -> prefill=1489.45 decode=30.84 (6s)
[03:00:58] [+  123.9s] [PROGRESS] [##......................] 4/36 done (0 failed) | next: 1b/4w/baseline rep2 | ETA ~5 min
[03:00:58] [+  123.9s] [RUN] 1b/4w/baseline rep2 (attempt 1)...
[03:01:07] [+  133.4s] [OK] 1b/4w/baseline rep2 -> prefill=706.45 decode=32.56 (10s)
[03:01:22] [+  148.4s] [PROGRESS] [###.....................] 5/36 done (0 failed) | next: 1b/4w/coopmat rep2 | ETA ~5 min
[03:01:22] [+  148.4s] [RUN] 1b/4w/coopmat rep2 (attempt 1)...
[03:01:29] [+  155.0s] [OK] 1b/4w/coopmat rep2 -> prefill=1688.38 decode=32.11 (7s)
[03:01:44] [+  170.0s] [PROGRESS] [####....................] 6/36 done (0 failed) | next: 1b/8da4w/baseline rep2 | ETA ~5 min
[03:01:44] [+  170.0s] [RUN] 1b/8da4w/baseline rep2 (attempt 1)...
[03:01:55] [+  181.5s] [OK] 1b/8da4w/baseline rep2 -> prefill=480.75 decode=31.11 (12s)
[03:02:10] [+  196.5s] [PROGRESS] [####....................] 7/36 done (0 failed) | next: 1b/8da4w/coopmat rep2 | ETA ~5 min
[03:02:10] [+  196.5s] [RUN] 1b/8da4w/coopmat rep2 (attempt 1)...
[03:02:16] [+  202.0s] [OK] 1b/8da4w/coopmat rep2 -> prefill=1497.08 decode=30.57 (6s)
[03:02:31] [+  217.0s] [PROGRESS] [#####...................] 8/36 done (0 failed) | next: 1b/4w/baseline rep3 | ETA ~5 min
[03:02:31] [+  217.0s] [RUN] 1b/4w/baseline rep3 (attempt 1)...
[03:02:40] [+  226.5s] [OK] 1b/4w/baseline rep3 -> prefill=706.69 decode=32.26 (10s)
[03:02:55] [+  241.6s] [PROGRESS] [######..................] 9/36 done (0 failed) | next: 1b/4w/coopmat rep3 | ETA ~5 min
[03:02:55] [+  241.6s] [RUN] 1b/4w/coopmat rep3 (attempt 1)...
[03:03:01] [+  247.1s] [OK] 1b/4w/coopmat rep3 -> prefill=1673.20 decode=32.41 (6s)
[03:03:16] [+  262.1s] [PROGRESS] [######..................] 10/36 done (0 failed) | next: 1b/8da4w/baseline rep3 | ETA ~5 min
[03:03:16] [+  262.1s] [RUN] 1b/8da4w/baseline rep3 (attempt 1)...
[03:03:28] [+  273.6s] [OK] 1b/8da4w/baseline rep3 -> prefill=480.30 decode=30.84 (12s)
[03:03:43] [+  288.6s] [PROGRESS] [#######.................] 11/36 done (0 failed) | next: 1b/8da4w/coopmat rep3 | ETA ~5 min
[03:03:43] [+  288.6s] [RUN] 1b/8da4w/coopmat rep3 (attempt 1)...
[03:03:49] [+  295.1s] [OK] 1b/8da4w/coopmat rep3 -> prefill=1500.37 decode=30.84 (6s)
[03:04:06] [+  312.3s] [STAGE] removed 1b's texture+buffer PTEs from device.
[03:04:06] [+  312.3s] [MODEL] === finished 1b ===
[03:04:06] [+  312.3s] [MODEL] === starting 3b ===
[03:04:07] [+  312.8s] [STAGE] llama3_2_3b_4w_texture_ctx3072.pte already staged and size-verified (3240939136 bytes).
[03:04:07] [+  313.3s] [STAGE] llama3_2_3b_4w_buffer_ctx3072.pte already staged and size-verified (3240923904 bytes).
[03:04:08] [+  313.8s] [STAGE] llama3_2_3b_8da4w_texture_ctx3072.pte already staged and size-verified (3341470208 bytes).
[03:04:08] [+  314.3s] [STAGE] llama3_2_3b_8da4w_buffer_ctx3072.pte already staged and size-verified (3341455104 bytes).
[03:04:09] [+  314.8s] [DEVICE] MemAvailable=8.25 GB -- OK
[03:04:13] [+  319.1s] [COHERENCE] 3b/4w/baseline: OK (Paris)
[03:04:17] [+  323.5s] [COHERENCE] 3b/4w/coopmat: OK (Paris)
[03:04:22] [+  328.1s] [COHERENCE] 3b/8da4w/baseline: OK (Paris)
[03:04:27] [+  332.9s] [COHERENCE] 3b/8da4w/coopmat: OK (Paris)
[03:04:27] [+  332.9s] [PROGRESS] [########................] 12/36 done (0 failed) | next: 3b/4w/baseline rep1 | ETA ~5 min
[03:04:27] [+  332.9s] [RUN] 3b/4w/baseline rep1 (attempt 1)...
[03:04:48] [+  353.9s] [OK] 3b/4w/baseline rep1 -> prefill=257.16 decode=15.42 (21s)
[03:05:03] [+  368.9s] [PROGRESS] [########................] 13/36 done (0 failed) | next: 3b/4w/coopmat rep1 | ETA ~6 min
[03:05:03] [+  368.9s] [RUN] 3b/4w/coopmat rep1 (attempt 1)...
[03:05:13] [+  379.4s] [OK] 3b/4w/coopmat rep1 -> prefill=692.13 decode=15.18 (10s)
[03:05:28] [+  394.4s] [PROGRESS] [#########...............] 14/36 done (0 failed) | next: 3b/8da4w/baseline rep1 | ETA ~6 min
[03:05:28] [+  394.4s] [RUN] 3b/8da4w/baseline rep1 (attempt 1)...
[03:05:59] [+  424.7s] [OK] 3b/8da4w/baseline rep1 -> prefill=175.09 decode=14.93 (30s)
[03:06:14] [+  439.7s] [PROGRESS] [##########..............] 15/36 done (0 failed) | next: 3b/8da4w/coopmat rep1 | ETA ~6 min
[03:06:14] [+  439.7s] [RUN] 3b/8da4w/coopmat rep1 (attempt 1)...
[03:06:24] [+  450.2s] [OK] 3b/8da4w/coopmat rep1 -> prefill=605.74 decode=14.52 (10s)
[03:06:39] [+  465.3s] [PROGRESS] [##########..............] 16/36 done (0 failed) | next: 3b/4w/baseline rep2 | ETA ~6 min
[03:06:39] [+  465.3s] [RUN] 3b/4w/baseline rep2 (attempt 1)...
[03:06:59] [+  485.3s] [OK] 3b/4w/baseline rep2 -> prefill=257.61 decode=15.42 (20s)
[03:07:14] [+  500.3s] [PROGRESS] [###########.............] 17/36 done (0 failed) | next: 3b/4w/coopmat rep2 | ETA ~7 min
[03:07:14] [+  500.3s] [RUN] 3b/4w/coopmat rep2 (attempt 1)...
[03:07:25] [+  510.8s] [OK] 3b/4w/coopmat rep2 -> prefill=692.59 decode=15.15 (10s)
[03:07:40] [+  525.8s] [PROGRESS] [############............] 18/36 done (0 failed) | next: 3b/8da4w/baseline rep2 | ETA ~7 min
[03:07:40] [+  525.8s] [RUN] 3b/8da4w/baseline rep2 (attempt 1)...
[03:08:08] [+  553.8s] [OK] 3b/8da4w/baseline rep2 -> prefill=175.22 decode=14.89 (28s)
[03:08:23] [+  568.8s] [PROGRESS] [############............] 19/36 done (0 failed) | next: 3b/8da4w/coopmat rep2 | ETA ~7 min
[03:08:23] [+  568.8s] [RUN] 3b/8da4w/coopmat rep2 (attempt 1)...
[03:08:33] [+  579.5s] [OK] 3b/8da4w/coopmat rep2 -> prefill=606.46 decode=14.40 (11s)
[03:08:48] [+  594.5s] [PROGRESS] [#############...........] 20/36 done (0 failed) | next: 3b/4w/baseline rep3 | ETA ~7 min
[03:08:48] [+  594.5s] [RUN] 3b/4w/baseline rep3 (attempt 1)...
[03:09:08] [+  614.4s] [OK] 3b/4w/baseline rep3 -> prefill=256.35 decode=15.35 (20s)
[03:09:23] [+  629.4s] [PROGRESS] [##############..........] 21/36 done (0 failed) | next: 3b/4w/coopmat rep3 | ETA ~7 min
[03:09:23] [+  629.4s] [RUN] 3b/4w/coopmat rep3 (attempt 1)...
[03:09:34] [+  639.9s] [OK] 3b/4w/coopmat rep3 -> prefill=693.53 decode=15.05 (10s)
[03:09:49] [+  654.9s] [PROGRESS] [##############..........] 22/36 done (0 failed) | next: 3b/8da4w/baseline rep3 | ETA ~7 min
[03:09:49] [+  654.9s] [RUN] 3b/8da4w/baseline rep3 (attempt 1)...
[03:10:17] [+  682.9s] [OK] 3b/8da4w/baseline rep3 -> prefill=175.42 decode=14.96 (28s)
[03:10:32] [+  697.9s] [PROGRESS] [###############.........] 23/36 done (0 failed) | next: 3b/8da4w/coopmat rep3 | ETA ~8 min
[03:10:32] [+  697.9s] [RUN] 3b/8da4w/coopmat rep3 (attempt 1)...
[03:10:43] [+  709.4s] [OK] 3b/8da4w/coopmat rep3 -> prefill=607.36 decode=14.46 (12s)
[03:11:01] [+  726.9s] [STAGE] removed 3b's texture+buffer PTEs from device.
[03:11:01] [+  726.9s] [MODEL] === finished 3b ===
[03:11:01] [+  726.9s] [MODEL] === starting 8b ===
[03:11:01] [+  727.4s] [STAGE] llama3_1_8b_4w_texture_ctx3072.pte already staged and size-verified (5979595648 bytes).
[03:11:02] [+  727.8s] [STAGE] llama3_1_8b_4w_buffer_ctx3072.pte already staged and size-verified (5979578240 bytes).
[03:11:02] [+  728.3s] [STAGE] llama3_1_8b_8da4w_texture_ctx3072.pte already staged and size-verified (6214274048 bytes).
[03:11:03] [+  728.8s] [STAGE] llama3_1_8b_8da4w_buffer_ctx3072.pte already staged and size-verified (6214256512 bytes).
[03:11:03] [+  729.3s] [DEVICE] MemAvailable=8.31 GB -- OK
[03:11:11] [+  737.0s] [COHERENCE] 8b/4w/baseline: OK (Paris)
[03:11:18] [+  744.2s] [COHERENCE] 8b/4w/coopmat: OK (Paris)
[03:11:27] [+  752.8s] [COHERENCE] 8b/8da4w/baseline: OK (Paris)
[03:11:34] [+  760.4s] [COHERENCE] 8b/8da4w/coopmat: OK (Paris)
[03:11:34] [+  760.4s] [PROGRESS] [################........] 24/36 done (0 failed) | next: 8b/4w/baseline rep1 | ETA ~8 min
[03:11:34] [+  760.4s] [RUN] 8b/4w/baseline rep1 (attempt 1)...
[03:12:04] [+  790.4s] [HEARTBEAT] 8b/4w/baseline rep1 still running, 30s elapsed
[03:12:21] [+  807.4s] [OK] 8b/4w/baseline rep1 -> prefill=100.93 decode=8.53 (47s)
[03:12:36] [+  822.4s] [PROGRESS] [################........] 25/36 done (0 failed) | next: 8b/4w/coopmat rep1 | ETA ~9 min
[03:12:36] [+  822.4s] [RUN] 8b/4w/coopmat rep1 (attempt 1)...
[03:12:56] [+  841.9s] [OK] 8b/4w/coopmat rep1 -> prefill=322.57 decode=8.36 (20s)
[03:13:11] [+  856.9s] [PROGRESS] [#################.......] 26/36 done (0 failed) | next: 8b/8da4w/baseline rep1 | ETA ~9 min
[03:13:11] [+  856.9s] [RUN] 8b/8da4w/baseline rep1 (attempt 1)...
[03:13:41] [+  886.9s] [HEARTBEAT] 8b/8da4w/baseline rep1 still running, 30s elapsed
[03:14:11] [+  917.0s] [HEARTBEAT] 8b/8da4w/baseline rep1 still running, 60s elapsed
[03:14:14] [+  920.0s] [OK] 8b/8da4w/baseline rep1 -> prefill=73.55 decode=8.27 (63s)
[03:14:29] [+  935.0s] [PROGRESS] [##################......] 27/36 done (0 failed) | next: 8b/8da4w/coopmat rep1 | ETA ~10 min
[03:14:29] [+  935.0s] [RUN] 8b/8da4w/coopmat rep1 (attempt 1)...
[03:14:50] [+  956.5s] [OK] 8b/8da4w/coopmat rep1 -> prefill=279.51 decode=8.14 (22s)
[03:15:05] [+  971.5s] [PROGRESS] [##################......] 28/36 done (0 failed) | next: 8b/4w/baseline rep2 | ETA ~10 min
[03:15:05] [+  971.5s] [RUN] 8b/4w/baseline rep2 (attempt 1)...
[03:15:35] [+ 1001.5s] [HEARTBEAT] 8b/4w/baseline rep2 still running, 30s elapsed
[03:15:53] [+ 1019.5s] [OK] 8b/4w/baseline rep2 -> prefill=98.30 decode=8.54 (48s)
[03:16:08] [+ 1034.5s] [PROGRESS] [###################.....] 29/36 done (0 failed) | next: 8b/4w/coopmat rep2 | ETA ~11 min
[03:16:08] [+ 1034.5s] [RUN] 8b/4w/coopmat rep2 (attempt 1)...
[03:16:28] [+ 1054.1s] [OK] 8b/4w/coopmat rep2 -> prefill=322.72 decode=8.37 (20s)
[03:16:43] [+ 1069.1s] [PROGRESS] [####################....] 30/36 done (0 failed) | next: 8b/8da4w/baseline rep2 | ETA ~11 min
[03:16:43] [+ 1069.1s] [RUN] 8b/8da4w/baseline rep2 (attempt 1)...
[03:17:13] [+ 1099.1s] [HEARTBEAT] 8b/8da4w/baseline rep2 still running, 30s elapsed
[03:17:43] [+ 1129.1s] [HEARTBEAT] 8b/8da4w/baseline rep2 still running, 60s elapsed
[03:17:46] [+ 1132.1s] [OK] 8b/8da4w/baseline rep2 -> prefill=73.51 decode=8.29 (63s)
[03:18:01] [+ 1147.1s] [PROGRESS] [####################....] 31/36 done (0 failed) | next: 8b/8da4w/coopmat rep2 | ETA ~11 min
[03:18:01] [+ 1147.1s] [RUN] 8b/8da4w/coopmat rep2 (attempt 1)...
[03:18:25] [+ 1170.9s] [OK] 8b/8da4w/coopmat rep2 -> prefill=280.13 decode=8.12 (24s)
[03:18:40] [+ 1185.9s] [PROGRESS] [#####################...] 32/36 done (0 failed) | next: 8b/4w/baseline rep3 | ETA ~12 min
[03:18:40] [+ 1185.9s] [RUN] 8b/4w/baseline rep3 (attempt 1)...
[03:19:10] [+ 1215.9s] [HEARTBEAT] 8b/4w/baseline rep3 still running, 30s elapsed
[03:19:29] [+ 1234.9s] [OK] 8b/4w/baseline rep3 -> prefill=95.58 decode=8.55 (49s)
[03:19:44] [+ 1249.9s] [PROGRESS] [######################..] 33/36 done (0 failed) | next: 8b/4w/coopmat rep3 | ETA ~12 min
[03:19:44] [+ 1249.9s] [RUN] 8b/4w/coopmat rep3 (attempt 1)...
[03:20:03] [+ 1269.5s] [OK] 8b/4w/coopmat rep3 -> prefill=322.32 decode=8.37 (20s)
[03:20:18] [+ 1284.5s] [PROGRESS] [######################..] 34/36 done (0 failed) | next: 8b/8da4w/baseline rep3 | ETA ~12 min
[03:20:18] [+ 1284.5s] [RUN] 8b/8da4w/baseline rep3 (attempt 1)...
[03:20:48] [+ 1314.5s] [HEARTBEAT] 8b/8da4w/baseline rep3 still running, 30s elapsed
[03:21:18] [+ 1344.5s] [HEARTBEAT] 8b/8da4w/baseline rep3 still running, 60s elapsed
[03:21:21] [+ 1347.5s] [OK] 8b/8da4w/baseline rep3 -> prefill=73.40 decode=8.30 (63s)
[03:21:36] [+ 1362.5s] [PROGRESS] [#######################.] 35/36 done (0 failed) | next: 8b/8da4w/coopmat rep3 | ETA ~13 min
[03:21:36] [+ 1362.5s] [RUN] 8b/8da4w/coopmat rep3 (attempt 1)...
[03:21:58] [+ 1384.1s] [OK] 8b/8da4w/coopmat rep3 -> prefill=279.59 decode=8.19 (22s)
[03:22:16] [+ 1401.9s] [STAGE] removed 8b's texture+buffer PTEs from device.
[03:22:16] [+ 1401.9s] [MODEL] === finished 8b ===
[03:22:16] [+ 1401.9s] [CLOCK] matrix complete. Restoring 509 default pin...
[03:22:21] [+ 1406.7s] [CLOCK] verified pinned: {'gpu_min': 509000, 'gpu_max': 509000, 'mif_min': 2730000, 'mif_max': 2730000, 'int_min': 663000, 'int_max': 663000}
[03:22:21] [+ 1406.7s] [SUMMARY] median prefill tok/s per combo, + speedup where both arms are present:
     1b/4w     baseline  prefill_med=  706.45  n=3
     1b/4w     coopmat   prefill_med= 1675.94  n=3   speedup=2.372x
     1b/8da4w  baseline  prefill_med=  480.53  n=3
     1b/8da4w  coopmat   prefill_med= 1497.08  n=3   speedup=3.116x
     3b/4w     baseline  prefill_med=  257.16  n=3
     3b/4w     coopmat   prefill_med=  692.59  n=3   speedup=2.693x
     3b/8da4w  baseline  prefill_med=  175.22  n=3
     3b/8da4w  coopmat   prefill_med=  606.46  n=3   speedup=3.461x
     8b/4w     baseline  prefill_med=   98.30  n=3
     8b/4w     coopmat   prefill_med=  322.57  n=3   speedup=3.281x
     8b/8da4w  baseline  prefill_med=   73.51  n=3
     8b/8da4w  coopmat   prefill_med=  279.59  n=3   speedup=3.804x
[03:22:21] [+ 1406.7s] [DONE] results in /local/yanwen.xu/workspace/dev/executorch/specs/037-m51-deep-sweep/results/final_matrix.jsonl -- 36 combos done, 0 failed.
