/local/yanwen.xu/workspace/dev/executorch/.venv/lib/python3.10/site-packages/optuna/_experimental.py:33: ExperimentalWarning: Argument ``multivariate`` is an experimental feature. The interface can change in the future.
  optuna_warn(
/local/yanwen.xu/workspace/dev/executorch/.venv/lib/python3.10/site-packages/optuna/_experimental.py:33: ExperimentalWarning: Argument ``group`` is an experimental feature. The interface can change in the future.
  optuna_warn(
/local/yanwen.xu/workspace/dev/executorch/.venv/lib/python3.10/site-packages/optuna/_experimental.py:33: ExperimentalWarning: Argument ``constant_liar`` is an experimental feature. The interface can change in the future.
  optuna_warn(
[dq8ca] baseline 1441.2 tok/s, noise cov 8.81%, resuming with 0 measured trials
  tsweep_t64x32k32g12s64	1350.9	(best 1350.9, 1/180)
  tsweep_t64x64k128g44s64	PRUNED gate:correctness_fail
  tsweep_t256x32k64g21s64	PRUNED gate:correctness_fail
  tsweep_t128x128k32g42s64	1352.7	(best 1352.7, 2/180)
  tsweep_t16x256k64g41s64	PRUNED gate:correctness_fail
  tsweep_t64x128k16g11s64	PRUNED gate:correctness_fail
  tsweep_t32x128k32g41s64	832.9	(best 1352.7, 3/180)
  tsweep_t64x128k64g41s64	1166.3	(best 1352.7, 4/180)
  tsweep_t32x256k16g82s64	PRUNED gate:correctness_fail
  tsweep_t256x128k64g14s64	PRUNED gate:correctness_fail
  tsweep_t256x64k32g12s64	PRUNED gate:correctness_fail
  tsweep_t16x32k128g21s64	PRUNED gate:correctness_fail
  tsweep_t256x64k64g11s64	PRUNED gate:correctness_fail
  tsweep_t32x32k64g11s64	PRUNED gate:correctness_fail
  tsweep_t128x32k128g14s64	PRUNED gate:correctness_fail
  tsweep_t64x256k16g82s64	PRUNED gate:correctness_fail
  tsweep_t32x128k32g42s64	955.2	(best 1352.7, 5/180)
  tsweep_t64x16k128g12s64	PRUNED gate:correctness_fail
  tsweep_t16x128k32g41s64	775.5	(best 1352.7, 6/180)
  tsweep_t32x32k32g21s64	1016.9	(best 1352.7, 7/180)
  tsweep_t256x128k64g44s64	PRUNED gate:correctness_fail
  tsweep_t32x64k64g41s64	796.3	(best 1352.7, 8/180)
  tsweep_t64x128k64g21s64	PRUNED gate:correctness_fail
  tsweep_t64x128k16g24s64	1075.6	(best 1352.7, 9/180)
  tsweep_t64x64k32g42s64	1057.8	(best 1352.7, 10/180)
  tsweep_t64x32k64g22s64	1221.2	(best 1352.7, 11/180)
  tsweep_t64x32k32g11s64	PRUNED gate:correctness_fail
  tsweep_t128x64k128g12s64	PRUNED gate:correctness_fail
  tsweep_t128x128k16g41s64	1083.6	(best 1352.7, 12/180)
  tsweep_t64x128k32g41s64	1211.8	(best 1352.7, 13/180)
  tsweep_t64x64k128g24s64	PRUNED gate:correctness_fail
  tsweep_t64x128k64g42s64	1293.8	(best 1352.7, 14/180)
  tsweep_t64x128k32g42s64	1147.3	(best 1352.7, 15/180)
  tsweep_t16x128k128g41s64	PRUNED gate:correctness_fail
  tsweep_t32x256k64g21s64	PRUNED gate:correctness_fail
  tsweep_t32x128k64g41s64	957.9	(best 1352.7, 16/180)
  tsweep_t64x64k64g41s64	925.9	(best 1352.7, 17/180)
  tsweep_t128x128k16g42s64	1099.9	(best 1352.7, 18/180)
  tsweep_t128x64k16g41s64	996.1	(best 1352.7, 19/180)
  tsweep_t128x128k32g41s64	1028.1	(best 1352.7, 20/180)
  tsweep_t128x256k32g12s64	PRUNED gate:correctness_fail
  tsweep_t64x32k64g12s64	PRUNED gate:correctness_fail
  tsweep_t32x64k32g41s64	1048.6	(best 1352.7, 21/180)
  tsweep_t32x128k32g21s64	994.7	(best 1352.7, 22/180)
  tsweep_t32x64k64g22s64	1051.3	(best 1352.7, 23/180)
  tsweep_t128x128k16g11s64	PRUNED gate:correctness_fail
  tsweep_t64x128k16g22s64	1034.3	(best 1352.7, 24/180)
  tsweep_t32x64k16g21s64	1063.3	(best 1352.7, 25/180)
  tsweep_t128x128k16g22s64	1130.2	(best 1352.7, 26/180)
  tsweep_t64x128k32g22s64	1067.8	(best 1352.7, 27/180)
  tsweep_t32x128k32g82s64	835.2	(best 1352.7, 28/180)
  tsweep_t128x64k32g42s64	1349.1	(best 1352.7, 29/180)
  tsweep_t256x64k16g21s64	PRUNED gate:correctness_fail
  tsweep_t128x128k64g41s64	PRUNED gate:correctness_fail
  tsweep_t256x64k32g41s64	PRUNED gate:correctness_fail
  tsweep_t32x64k16g41s64	729.9	(best 1352.7, 30/180)
  tsweep_t32x128k64g42s64	1113.0	(best 1352.7, 31/180)
  tsweep_t128x256k16g41s64	PRUNED gate:correctness_fail
  tsweep_t128x128k32g44s64	1088.8	(best 1352.7, 32/180)
  tsweep_t128x64k16g21s64	1276.0	(best 1352.7, 33/180)
  tsweep_t64x256k32g42s64	PRUNED gate:correctness_fail
  tsweep_t128x128k32g21s64	PRUNED gate:correctness_fail
  tsweep_t32x128k16g41s64	1001.5	(best 1352.7, 34/180)
  tsweep_t64x64k32g12s64	1250.3	(best 1352.7, 35/180)
  tsweep_t256x32k32g21s64	PRUNED gate:correctness_fail
  tsweep_t64x128k16g12s64	1201.9	(best 1352.7, 36/180)
  tsweep_t64x64k32g21s64	1309.5	(best 1352.7, 37/180)
  tsweep_t64x128k32g24s64	1110.6	(best 1352.7, 38/180)
  tsweep_t32x32k16g21s64	899.8	(best 1352.7, 39/180)
  tsweep_t32x64k32g12s64	1039.6	(best 1352.7, 40/180)
  tsweep_t128x256k64g42s64	PRUNED gate:correctness_fail
  tsweep_t64x256k64g24s64	PRUNED gate:correctness_fail
  tsweep_t64x128k16g21s64	1248.8	(best 1352.7, 41/180)
  tsweep_t64x64k32g22s64	1005.4	(best 1352.7, 42/180)
  tsweep_t64x64k32g14s64	1288.9	(best 1352.7, 43/180)
  tsweep_t256x128k64g42s64	PRUNED gate:correctness_fail
  tsweep_t256x128k16g22s64	PRUNED gate:correctness_fail
  tsweep_t64x128k128g41s64	PRUNED gate:correctness_fail
  tsweep_t64x32k128g22s64	PRUNED gate:correctness_fail
  tsweep_t64x128k32g81s64	1145.4	(best 1352.7, 44/180)
winner: {'token': 'tsweep_t64x32k32g12s64', 'screen_tok_s': 1350.92, 'confirm_median_tok_s': 1257.21, 'improvement_pct': -12.76886569898143}
summary: /local/yanwen.xu/workspace/dev/executorch/specs/036-portable-device-sweep/results/sweep_summary_samsung-xclipse-970-maxclk_dq8ca.json
