/local/yanwen.xu/workspace/dev/executorch/.venv/lib/python3.10/site-packages/optuna/_experimental.py:33: ExperimentalWarning: Argument ``multivariate`` is an experimental feature. The interface can change in the future.
  optuna_warn(
/local/yanwen.xu/workspace/dev/executorch/.venv/lib/python3.10/site-packages/optuna/_experimental.py:33: ExperimentalWarning: Argument ``group`` is an experimental feature. The interface can change in the future.
  optuna_warn(
/local/yanwen.xu/workspace/dev/executorch/.venv/lib/python3.10/site-packages/optuna/_experimental.py:33: ExperimentalWarning: Argument ``constant_liar`` is an experimental feature. The interface can change in the future.
  optuna_warn(
[q4gsw] baseline 1646.3 tok/s, noise cov 4.56%, resuming with 0 measured trials
  tsweep_t128x64k32g22s32	1321.3	(best 1321.3, 1/180)
  tsweep_t128x64k16g22s32	1453.5	(best 1453.5, 2/180)
  tsweep_t64x128k16g41s32	1478.7	(best 1478.7, 3/180)
  tsweep_t64x256k32g24s32	PRUNED gate:correctness_fail
  tsweep_t64x64k64g11s64	738.3	(best 1478.7, 4/180)
  tsweep_t32x32k64g12s64	741.0	(best 1478.7, 5/180)
  tsweep_t128x128k32g82s32	1278.4	(best 1478.7, 6/180)
  tsweep_t32x64k64g41s64	957.0	(best 1478.7, 7/180)
  tsweep_t16x32k64g21s32	740.7	(best 1478.7, 8/180)
  tsweep_t64x64k16g12s32	1392.2	(best 1478.7, 9/180)
  tsweep_t256x128k32g44s32	PRUNED gate:correctness_fail
  tsweep_t16x32k32g11s64	686.1	(best 1478.7, 10/180)
  tsweep_t256x256k16g44s32	PRUNED gate:correctness_fail
  tsweep_t16x32k128g21s64	PRUNED gate:correctness_fail
  tsweep_t16x64k64g21s64	715.3	(best 1478.7, 11/180)
  tsweep_t32x128k32g12s32	1077.3	(best 1478.7, 12/180)
  tsweep_t128x64k64g22s32	1139.7	(best 1478.7, 13/180)
  tsweep_t128x128k16g12s32	1434.2	(best 1478.7, 14/180)
  tsweep_t128x128k32g12s64	1199.1	(best 1478.7, 15/180)
  tsweep_t128x64k16g21s64	1381.0	(best 1478.7, 16/180)
  tsweep_t32x64k64g22s64	835.6	(best 1478.7, 17/180)
  tsweep_t32x32k64g22s32	785.6	(best 1478.7, 18/180)
  tsweep_t128x32k64g11s64	607.4	(best 1478.7, 19/180)
  tsweep_t64x32k32g11s64	1041.2	(best 1478.7, 20/180)
  tsweep_t256x64k16g11s32	PRUNED gate:correctness_fail
  tsweep_t64x64k32g12s32	1012.4	(best 1478.7, 21/180)
  tsweep_t32x16k64g11s64	664.1	(best 1478.7, 22/180)
  tsweep_t64x32k16g11s32	1078.5	(best 1478.7, 23/180)
  tsweep_t64x256k32g41s32	PRUNED gate:correctness_fail
  tsweep_t64x64k64g24s64	1048.6	(best 1478.7, 24/180)
  tsweep_t64x128k16g11s64	1313.7	(best 1478.7, 25/180)
  tsweep_t128x64k32g21s32	1088.8	(best 1478.7, 26/180)
  tsweep_t128x64k64g21s32	987.9	(best 1478.7, 27/180)
  tsweep_t128x128k16g11s32	PRUNED miscompute
  tsweep_t128x64k32g11s32	844.5	(best 1478.7, 28/180)
  tsweep_t256x64k32g24s32	PRUNED gate:correctness_fail
  tsweep_t128x256k16g12s32	PRUNED gate:correctness_fail
  tsweep_t64x128k32g11s32	PRUNED miscompute
  tsweep_t32x64k128g12s32	PRUNED gate:correctness_fail
  tsweep_t128x16k32g12s32	776.1	(best 1478.7, 29/180)
  tsweep_t32x256k32g12s32	PRUNED gate:correctness_fail
  tsweep_t256x32k16g11s64	PRUNED gate:correctness_fail
  tsweep_t32x64k32g12s64	1073.9	(best 1478.7, 30/180)
  tsweep_t128x128k32g42s32	1005.4	(best 1478.7, 31/180)
  tsweep_t128x128k16g41s64	1200.5	(best 1478.7, 32/180)
  tsweep_t256x128k32g82s32	PRUNED gate:correctness_fail
  tsweep_t128x256k32g82s32	PRUNED gate:correctness_fail
  tsweep_t64x16k64g12s32	738.5	(best 1478.7, 33/180)
  tsweep_t256x128k32g11s64	PRUNED gate:correctness_fail
  tsweep_t32x64k16g21s32	1053.5	(best 1478.7, 34/180)
  tsweep_t128x64k32g12s64	1230.8	(best 1478.7, 35/180)
  tsweep_t64x64k16g22s32	1284.8	(best 1478.7, 36/180)
  tsweep_t128x128k32g22s64	1125.9	(best 1478.7, 37/180)
  tsweep_t128x128k32g14s32	1441.2	(best 1478.7, 38/180)
  tsweep_t64x128k16g12s32	1289.7	(best 1478.7, 39/180)
  tsweep_t64x16k32g11s64	786.5	(best 1478.7, 40/180)
  tsweep_t128x128k32g41s64	1231.5	(best 1478.7, 41/180)
  tsweep_t64x64k32g22s64	1222.0	(best 1478.7, 42/180)
  tsweep_t128x128k32g12s32	1094.6	(best 1478.7, 43/180)
  tsweep_t64x64k32g14s64	1083.0	(best 1478.7, 44/180)
  tsweep_t64x256k16g11s64	PRUNED gate:correctness_fail
  tsweep_t64x64k32g21s32	1278.4	(best 1478.7, 45/180)
  tsweep_t128x256k32g21s32	PRUNED gate:correctness_fail
  tsweep_t16x16k16g11s32	536.7	(best 1478.7, 46/180)
winner: {'token': 'tsweep_t128x128k16g12s32', 'screen_tok_s': 1434.17, 'confirm_median_tok_s': 1411.44, 'improvement_pct': -14.265929660450702}
summary: /local/yanwen.xu/workspace/dev/executorch/specs/036-portable-device-sweep/results/sweep_summary_samsung-xclipse-970-maxclk_q4gsw.json
