[env] RAM total: 28.9 GiB    Swap total: 24.0 GiB
[env] RADV_GTT_PCT=80 set
[run] RLIMIT_AS cap on child: 50.9 GiB (oom_score_adj=1000)
[run] $ /home/doremy/sarc-acl/executorch/main/executorch/cmake-out-vk/executor_runner --model_path=/home/doremy/llama31_pure_run/llama31_8b_32L_seq512_fp16.pte --inputs=/home/doremy/llama31_pure_run/llama31_8b_32L_seq512_fp16_input0.bin --num_executions=2
OutputX 0: tensor(sizes=[1, 128256], [
  6.35938, 8.15625, 4.58203, 5.24609, 3.97266, 6.33203, 6.84766, 10.5859, 8.125, 5.50781, 
  5.25781, 6.55859, 6.64062, 8.57812, 7.69141, 6.71484, 7.10547, 7.48828, 6.75391, 6.49219, 
  5.98438, 5.75, 5.84375, 5.76953, 5.5, 7.94141, 7.66016, 6.98047, 6.58203, 5.66406, 
  7.06641, 5.86719, 8.20312, 8.59375, 8.79688, 8.59375, 8.5625, 8.65625, 8.35938, 8.47656, 
  7.57812, 8.28906, 8.16406, 8.72656, 8.47656, 8.10156, 7.86328, 8.64844, 6.87891, 8.25781, 
  9.1875, 8.625, 7.375, 8.08594, 8.55469, 7.86719, 7.60938, 7.35938, 6.32031, 4.82812, 
  6.37891, 4.18359, 8.08594, 4.97656, 6.23828, 5.20703, 5.1875, 3.52539, 5.81641, 5.46094, 
  4.77734, 5.45312, 5.38281, 6.14844, 4.36719, 4.21094, 4.30078, 4.17969, 4.78516, 4.34375, 
  5.96094, 4.16797, 5.13672, 4.01562, 4.70703, 5.05469, 5.32422, 5.58203, 5.10547, 5.92188, 
  5.83594, 6.63672, 5.87891, 4.69922, 3.35156, 3.8125, 1.7002, 3.40625, 1.04883, 3.8125, 
  ...,
  -4.05469, -4.05469, -4.05469, -4.05469, -4.05469, -4.05469, -4.05469, -4.05469, -4.05469, -4.05469, 
  -4.05469, -4.05469, -4.05469, -4.05469, -4.05469, -4.05469, -4.05469, -4.05469, -4.05469, -4.05469, 
  -4.05469, -4.05469, -4.05469, -4.05469, -4.05469, -4.05469, -4.05469, -4.05469, -4.05469, -4.05469, 
  -4.05469, -4.05469, -4.05469, -4.05469, -4.05469, -4.05469, -4.05469, -4.05469, -4.05469, -4.05469, 
  -4.05469, -4.05469, -4.05469, -4.05469, -4.05469, -4.05469, -4.05469, -4.05469, -4.05469, -4.05469, 
  -4.05469, -4.05469, -4.05469, -4.05469, -4.05469, -4.05469, -4.05469, -4.05469, -4.05469, -4.05469, 
  -4.05469, -4.05469, -4.05469, -4.05469, -4.05469, -4.05469, -4.05469, -4.05469, -4.05469, -4.05469, 
  -4.05469, -4.05469, -4.05469, -4.05469, -4.05469, -4.05469, -4.05469, -4.05469, -4.05469, -4.05469, 
  -4.05469, -4.05469, -4.05469, -4.05469, -4.05469, -4.05469, -4.05469, -4.05469, -4.05469, -4.05469, 
  -4.05469, -4.05469, -4.05469, -4.05469, -4.05469, -4.05469, -4.05469, -4.05469, -4.05469, -4.05469, 
])
[run] executor_runner wall-clock: 207.79s for 2 executions
[run]   ~ 103895.6 ms / execution (subprocess wall)

[bench] artifacts in /home/doremy/llama31_pure_run/llama31_8b_32L_seq512_fp16.*
