[env] RAM total: 28.9 GiB    Swap total: 24.0 GiB
[env] RADV_GTT_PCT=80 set

=== Calibration: N=1 (load + iter 0 + teardown) ===
[run] RLIMIT_AS cap on child: 50.9 GiB (oom_score_adj=1000)
[run] $ /home/doremy/sarc-acl/executorch/pavan-report/executorch/cmake-out-vk/executor_runner --model_path=/home/doremy/llama31_pure_run_coopmat/llama31_8b_32L_seq128_fp16.pte --inputs=/home/doremy/llama31_pure_run_coopmat/llama31_8b_32L_seq128_fp16_input0.bin --num_executions=1
[VK_LINEAR] Using linear_coopmat (cooperative matrix, bias=0)
[VK_LINEAR] Using linear_coopmat (cooperative matrix, bias=0)
[VK_MATMUL] Using matmul_coopmat (cooperative matrix)
[VK_LINEAR] Using linear_coopmat (cooperative matrix, bias=0)
[VK_MATMUL] Using matmul_coopmat (cooperative matrix)
[VK_LINEAR] Using linear_coopmat (cooperative matrix, bias=0)
[VK_LINEAR] Using linear_coopmat (cooperative matrix, bias=0)
[VK_LINEAR] Using linear_coopmat (cooperative matrix, bias=0)
[VK_LINEAR] Using linear_coopmat (cooperative matrix, bias=0)
[VK_LINEAR] Using linear_coopmat (cooperative matrix, bias=0)
[VK_LINEAR] Using linear_coopmat (cooperative matrix, bias=0)
[VK_MATMUL] Using matmul_coopmat (cooperative matrix)
[VK_LINEAR] Using linear_coopmat (cooperative matrix, bias=0)
[VK_MATMUL] Using matmul_coopmat (cooperative matrix)
[VK_LINEAR] Using linear_coopmat (cooperative matrix, bias=0)
[VK_LINEAR] Using linear_coopmat (cooperative matrix, bias=0)
[VK_LINEAR] Using linear_coopmat (cooperative matrix, bias=0)
[VK_LINEAR] Using linear_coopmat (cooperative matrix, bias=0)
[VK_LINEAR] Using linear_coopmat (cooperative matrix, bias=0)
[VK_LINEAR] Using linear_coopmat (cooperative matrix, bias=0)
[VK_MATMUL] Using matmul_coopmat (cooperative matrix)
[VK_LINEAR] Using linear_coopmat (cooperative matrix, bias=0)
[VK_MATMUL] Using matmul_coopmat (cooperative matrix)
[VK_LINEAR] Using linear_coopmat (cooperative matrix, bias=0)
[VK_LINEAR] Using linear_coopmat (cooperative matrix, bias=0)
[VK_LINEAR] Using linear_coopmat (cooperative matrix, bias=0)
[VK_LINEAR] Using linear_coopmat (cooperative matrix, bias=0)
[VK_LINEAR] Using linear_coopmat (cooperative matrix, bias=0)
[VK_LINEAR] Using linear_coopmat (cooperative matrix, bias=0)
[VK_MATMUL] Using matmul_coopmat (cooperative matrix)
[VK_LINEAR] Using linear_coopmat (cooperative matrix, bias=0)
[VK_MATMUL] Using matmul_coopmat (cooperative matrix)
[VK_LINEAR] Using linear_coopmat (cooperative matrix, bias=0)
[VK_LINEAR] Using linear_coopmat (cooperative matrix, bias=0)
[VK_LINEAR] Using linear_coopmat (cooperative matrix, bias=0)
[VK_LINEAR] Using linear_coopmat (cooperative matrix, bias=0)
[VK_LINEAR] Using linear_coopmat (cooperative matrix, bias=0)
[VK_LINEAR] Using linear_coopmat (cooperative matrix, bias=0)
[VK_MATMUL] Using matmul_coopmat (cooperative matrix)
[VK_LINEAR] Using linear_coopmat (cooperative matrix, bias=0)
[VK_MATMUL] Using matmul_coopmat (cooperative matrix)
[VK_LINEAR] Using linear_coopmat (cooperative matrix, bias=0)
[VK_LINEAR] Using linear_coopmat (cooperative matrix, bias=0)
[VK_LINEAR] Using linear_coopmat (cooperative matrix, bias=0)
[VK_LINEAR] Using linear_coopmat (cooperative matrix, bias=0)
[VK_LINEAR] Using linear_coopmat (cooperative matrix, bias=0)
[VK_LINEAR] Using linear_coopmat (cooperative matrix, bias=0)
[VK_MATMUL] Using matmul_coopmat (cooperative matrix)
[VK_LINEAR] Using linear_coopmat (cooperative matrix, bias=0)
[VK_MATMUL] Using matmul_coopmat (cooperative matrix)
[VK_LINEAR] Using linear_coopmat (cooperative matrix, bias=0)
[VK_LINEAR] Using linear_coopmat (cooperative matrix, bias=0)
[VK_LINEAR] Using linear_coopmat (cooperative matrix, bias=0)
[VK_LINEAR] Using linear_coopmat (cooperative matrix, bias=0)
[VK_LINEAR] Using linear_coopmat (cooperative matrix, bias=0)
[VK_LINEAR] Using linear_coopmat (cooperative matrix, bias=0)
[VK_MATMUL] Using matmul_coopmat (cooperative matrix)
[VK_LINEAR] Using linear_coopmat (cooperative matrix, bias=0)
[VK_MATMUL] Using matmul_coopmat (cooperative matrix)
[VK_LINEAR] Using linear_coopmat (cooperative matrix, bias=0)
[VK_LINEAR] Using linear_coopmat (cooperative matrix, bias=0)
[VK_LINEAR] Using linear_coopmat (cooperative matrix, bias=0)
[VK_LINEAR] Using linear_coopmat (cooperative matrix, bias=0)
[VK_LINEAR] Using linear_coopmat (cooperative matrix, bias=0)
[VK_LINEAR] Using linear_coopmat (cooperative matrix, bias=0)
[VK_MATMUL] Using matmul_coopmat (cooperative matrix)
[VK_LINEAR] Using linear_coopmat (cooperative matrix, bias=0)
[VK_MATMUL] Using matmul_coopmat (cooperative matrix)
[VK_LINEAR] Using linear_coopmat (cooperative matrix, bias=0)
[VK_LINEAR] Using linear_coopmat (cooperative matrix, bias=0)
[VK_LINEAR] Using linear_coopmat (cooperative matrix, bias=0)
[VK_LINEAR] Using linear_coopmat (cooperative matrix, bias=0)
[VK_LINEAR] Using linear_coopmat (cooperative matrix, bias=0)
[VK_LINEAR] Using linear_coopmat (cooperative matrix, bias=0)
[VK_MATMUL] Using matmul_coopmat (cooperative matrix)
[VK_LINEAR] Using linear_coopmat (cooperative matrix, bias=0)
[VK_MATMUL] Using matmul_coopmat (cooperative matrix)
[VK_LINEAR] Using linear_coopmat (cooperative matrix, bias=0)
[VK_LINEAR] Using linear_coopmat (cooperative matrix, bias=0)
[VK_LINEAR] Using linear_coopmat (cooperative matrix, bias=0)
[VK_LINEAR] Using linear_coopmat (cooperative matrix, bias=0)
[VK_LINEAR] Using linear_coopmat (cooperative matrix, bias=0)
[VK_LINEAR] Using linear_coopmat (cooperative matrix, bias=0)
[VK_MATMUL] Using matmul_coopmat (cooperative matrix)
[VK_LINEAR] Using linear_coopmat (cooperative matrix, bias=0)
[VK_MATMUL] Using matmul_coopmat (cooperative matrix)
[VK_LINEAR] Using linear_coopmat (cooperative matrix, bias=0)
[VK_LINEAR] Using linear_coopmat (cooperative matrix, bias=0)
[VK_LINEAR] Using linear_coopmat (cooperative matrix, bias=0)
[VK_LINEAR] Using linear_coopmat (cooperative matrix, bias=0)
[VK_LINEAR] Using linear_coopmat (cooperative matrix, bias=0)
[VK_LINEAR] Using linear_coopmat (cooperative matrix, bias=0)
[VK_MATMUL] Using matmul_coopmat (cooperative matrix)
[VK_LINEAR] Using linear_coopmat (cooperative matrix, bias=0)
[VK_MATMUL] Using matmul_coopmat (cooperative matrix)
[VK_LINEAR] Using linear_coopmat (cooperative matrix, bias=0)
[VK_LINEAR] Using linear_coopmat (cooperative matrix, bias=0)
[VK_LINEAR] Using linear_coopmat (cooperative matrix, bias=0)
[VK_LINEAR] Using linear_coopmat (cooperative matrix, bias=0)
[VK_LINEAR] Using linear_coopmat (cooperative matrix, bias=0)
[VK_LINEAR] Using linear_coopmat (cooperative matrix, bias=0)
[VK_MATMUL] Using matmul_coopmat (cooperative matrix)
[VK_LINEAR] Using linear_coopmat (cooperative matrix, bias=0)
[VK_MATMUL] Using matmul_coopmat (cooperative matrix)
[VK_LINEAR] Using linear_coopmat (cooperative matrix, bias=0)
[VK_LINEAR] Using linear_coopmat (cooperative matrix, bias=0)
[VK_LINEAR] Using linear_coopmat (cooperative matrix, bias=0)
[VK_LINEAR] Using linear_coopmat (cooperative matrix, bias=0)
[VK_LINEAR] Using linear_coopmat (cooperative matrix, bias=0)
[VK_LINEAR] Using linear_coopmat (cooperative matrix, bias=0)
[VK_MATMUL] Using matmul_coopmat (cooperative matrix)
[VK_LINEAR] Using linear_coopmat (cooperative matrix, bias=0)
[VK_MATMUL] Using matmul_coopmat (cooperative matrix)
[VK_LINEAR] Using linear_coopmat (cooperative matrix, bias=0)
[VK_LINEAR] Using linear_coopmat (cooperative matrix, bias=0)
[VK_LINEAR] Using linear_coopmat (cooperative matrix, bias=0)
[VK_LINEAR] Using linear_coopmat (cooperative matrix, bias=0)
[VK_LINEAR] Using linear_coopmat (cooperative matrix, bias=0)
[VK_LINEAR] Using linear_coopmat (cooperative matrix, bias=0)
[VK_MATMUL] Using matmul_coopmat (cooperative matrix)
[VK_LINEAR] Using linear_coopmat (cooperative matrix, bias=0)
[VK_MATMUL] Using matmul_coopmat (cooperative matrix)
[VK_LINEAR] Using linear_coopmat (cooperative matrix, bias=0)
[VK_LINEAR] Using linear_coopmat (cooperative matrix, bias=0)
[VK_LINEAR] Using linear_coopmat (cooperative matrix, bias=0)
[VK_LINEAR] Using linear_coopmat (cooperative matrix, bias=0)
[VK_LINEAR] Using linear_coopmat (cooperative matrix, bias=0)
[VK_LINEAR] Using linear_coopmat (cooperative matrix, bias=0)
[VK_MATMUL] Using matmul_coopmat (cooperative matrix)
[VK_LINEAR] Using linear_coopmat (cooperative matrix, bias=0)
[VK_MATMUL] Using matmul_coopmat (cooperative matrix)
[VK_LINEAR] Using linear_coopmat (cooperative matrix, bias=0)
[VK_LINEAR] Using linear_coopmat (cooperative matrix, bias=0)
[VK_LINEAR] Using linear_coopmat (cooperative matrix, bias=0)
[VK_LINEAR] Using linear_coopmat (cooperative matrix, bias=0)
[VK_LINEAR] Using linear_coopmat (cooperative matrix, bias=0)
[VK_LINEAR] Using linear_coopmat (cooperative matrix, bias=0)
[VK_MATMUL] Using matmul_coopmat (cooperative matrix)
[VK_LINEAR] Using linear_coopmat (cooperative matrix, bias=0)
[VK_MATMUL] Using matmul_coopmat (cooperative matrix)
[VK_LINEAR] Using linear_coopmat (cooperative matrix, bias=0)
[VK_LINEAR] Using linear_coopmat (cooperative matrix, bias=0)
[VK_LINEAR] Using linear_coopmat (cooperative matrix, bias=0)
[VK_LINEAR] Using linear_coopmat (cooperative matrix, bias=0)
[VK_LINEAR] Using linear_coopmat (cooperative matrix, bias=0)
[VK_LINEAR] Using linear_coopmat (cooperative matrix, bias=0)
[VK_MATMUL] Using matmul_coopmat (cooperative matrix)
[VK_LINEAR] Using linear_coopmat (cooperative matrix, bias=0)
[VK_MATMUL] Using matmul_coopmat (cooperative matrix)
[VK_LINEAR] Using linear_coopmat (cooperative matrix, bias=0)
[VK_LINEAR] Using linear_coopmat (cooperative matrix, bias=0)
[VK_LINEAR] Using linear_coopmat (cooperative matrix, bias=0)
[VK_LINEAR] Using linear_coopmat (cooperative matrix, bias=0)
[VK_LINEAR] Using linear_coopmat (cooperative matrix, bias=0)
[VK_LINEAR] Using linear_coopmat (cooperative matrix, bias=0)
[VK_MATMUL] Using matmul_coopmat (cooperative matrix)
[VK_LINEAR] Using linear_coopmat (cooperative matrix, bias=0)
[VK_MATMUL] Using matmul_coopmat (cooperative matrix)
[VK_LINEAR] Using linear_coopmat (cooperative matrix, bias=0)
[VK_LINEAR] Using linear_coopmat (cooperative matrix, bias=0)
[VK_LINEAR] Using linear_coopmat (cooperative matrix, bias=0)
[VK_LINEAR] Using linear_coopmat (cooperative matrix, bias=0)
[VK_LINEAR] Using linear_coopmat (cooperative matrix, bias=0)
[VK_LINEAR] Using linear_coopmat (cooperative matrix, bias=0)
[VK_MATMUL] Using matmul_coopmat (cooperative matrix)
[VK_LINEAR] Using linear_coopmat (cooperative matrix, bias=0)
[VK_MATMUL] Using matmul_coopmat (cooperative matrix)
[VK_LINEAR] Using linear_coopmat (cooperative matrix, bias=0)
[VK_LINEAR] Using linear_coopmat (cooperative matrix, bias=0)
[VK_LINEAR] Using linear_coopmat (cooperative matrix, bias=0)
[VK_LINEAR] Using linear_coopmat (cooperative matrix, bias=0)
[VK_LINEAR] Using linear_coopmat (cooperative matrix, bias=0)
[VK_LINEAR] Using linear_coopmat (cooperative matrix, bias=0)
[VK_MATMUL] Using matmul_coopmat (cooperative matrix)
[VK_LINEAR] Using linear_coopmat (cooperative matrix, bias=0)
[VK_MATMUL] Using matmul_coopmat (cooperative matrix)
[VK_LINEAR] Using linear_coopmat (cooperative matrix, bias=0)
[VK_LINEAR] Using linear_coopmat (cooperative matrix, bias=0)
[VK_LINEAR] Using linear_coopmat (cooperative matrix, bias=0)
[VK_LINEAR] Using linear_coopmat (cooperative matrix, bias=0)
[VK_LINEAR] Using linear_coopmat (cooperative matrix, bias=0)
[VK_LINEAR] Using linear_coopmat (cooperative matrix, bias=0)
[VK_MATMUL] Using matmul_coopmat (cooperative matrix)
[VK_LINEAR] Using linear_coopmat (cooperative matrix, bias=0)
[VK_MATMUL] Using matmul_coopmat (cooperative matrix)
[VK_LINEAR] Using linear_coopmat (cooperative matrix, bias=0)
[VK_LINEAR] Using linear_coopmat (cooperative matrix, bias=0)
[VK_LINEAR] Using linear_coopmat (cooperative matrix, bias=0)
[VK_LINEAR] Using linear_coopmat (cooperative matrix, bias=0)
[VK_LINEAR] Using linear_coopmat (cooperative matrix, bias=0)
[VK_LINEAR] Using linear_coopmat (cooperative matrix, bias=0)
[VK_MATMUL] Using matmul_coopmat (cooperative matrix)
[VK_LINEAR] Using linear_coopmat (cooperative matrix, bias=0)
[VK_MATMUL] Using matmul_coopmat (cooperative matrix)
[VK_LINEAR] Using linear_coopmat (cooperative matrix, bias=0)
[VK_LINEAR] Using linear_coopmat (cooperative matrix, bias=0)
[VK_LINEAR] Using linear_coopmat (cooperative matrix, bias=0)
[VK_LINEAR] Using linear_coopmat (cooperative matrix, bias=0)
[VK_LINEAR] Using linear_coopmat (cooperative matrix, bias=0)
[VK_LINEAR] Using linear_coopmat (cooperative matrix, bias=0)
[VK_MATMUL] Using matmul_coopmat (cooperative matrix)
[VK_LINEAR] Using linear_coopmat (cooperative matrix, bias=0)
[VK_MATMUL] Using matmul_coopmat (cooperative matrix)
[VK_LINEAR] Using linear_coopmat (cooperative matrix, bias=0)
[VK_LINEAR] Using linear_coopmat (cooperative matrix, bias=0)
[VK_LINEAR] Using linear_coopmat (cooperative matrix, bias=0)
[VK_LINEAR] Using linear_coopmat (cooperative matrix, bias=0)
[VK_LINEAR] Using linear_coopmat (cooperative matrix, bias=0)
[VK_LINEAR] Using linear_coopmat (cooperative matrix, bias=0)
[VK_MATMUL] Using matmul_coopmat (cooperative matrix)
[VK_LINEAR] Using linear_coopmat (cooperative matrix, bias=0)
[VK_MATMUL] Using matmul_coopmat (cooperative matrix)
[VK_LINEAR] Using linear_coopmat (cooperative matrix, bias=0)
[VK_LINEAR] Using linear_coopmat (cooperative matrix, bias=0)
[VK_LINEAR] Using linear_coopmat (cooperative matrix, bias=0)
[VK_LINEAR] Using linear_coopmat (cooperative matrix, bias=0)
[VK_LINEAR] Using linear_coopmat (cooperative matrix, bias=0)
[VK_LINEAR] Using linear_coopmat (cooperative matrix, bias=0)
[VK_MATMUL] Using matmul_coopmat (cooperative matrix)
[VK_LINEAR] Using linear_coopmat (cooperative matrix, bias=0)
[VK_MATMUL] Using matmul_coopmat (cooperative matrix)
[VK_LINEAR] Using linear_coopmat (cooperative matrix, bias=0)
[VK_LINEAR] Using linear_coopmat (cooperative matrix, bias=0)
[VK_LINEAR] Using linear_coopmat (cooperative matrix, bias=0)
[VK_LINEAR] Using linear_coopmat (cooperative matrix, bias=0)
[VK_LINEAR] Using linear_coopmat (cooperative matrix, bias=0)
[VK_LINEAR] Using linear_coopmat (cooperative matrix, bias=0)
[VK_MATMUL] Using matmul_coopmat (cooperative matrix)
[VK_LINEAR] Using linear_coopmat (cooperative matrix, bias=0)
[VK_MATMUL] Using matmul_coopmat (cooperative matrix)
[VK_LINEAR] Using linear_coopmat (cooperative matrix, bias=0)
[VK_LINEAR] Using linear_coopmat (cooperative matrix, bias=0)
[VK_LINEAR] Using linear_coopmat (cooperative matrix, bias=0)
[VK_LINEAR] Using linear_coopmat (cooperative matrix, bias=0)
[VK_LINEAR] Using linear_coopmat (cooperative matrix, bias=0)
[VK_LINEAR] Using linear_coopmat (cooperative matrix, bias=0)
[VK_MATMUL] Using matmul_coopmat (cooperative matrix)
[VK_LINEAR] Using linear_coopmat (cooperative matrix, bias=0)
[VK_MATMUL] Using matmul_coopmat (cooperative matrix)
[VK_LINEAR] Using linear_coopmat (cooperative matrix, bias=0)
[VK_LINEAR] Using linear_coopmat (cooperative matrix, bias=0)
[VK_LINEAR] Using linear_coopmat (cooperative matrix, bias=0)
[VK_LINEAR] Using linear_coopmat (cooperative matrix, bias=0)
[VK_LINEAR] Using linear_coopmat (cooperative matrix, bias=0)
[VK_LINEAR] Using linear_coopmat (cooperative matrix, bias=0)
[VK_MATMUL] Using matmul_coopmat (cooperative matrix)
[VK_LINEAR] Using linear_coopmat (cooperative matrix, bias=0)
[VK_MATMUL] Using matmul_coopmat (cooperative matrix)
[VK_LINEAR] Using linear_coopmat (cooperative matrix, bias=0)
[VK_LINEAR] Using linear_coopmat (cooperative matrix, bias=0)
[VK_LINEAR] Using linear_coopmat (cooperative matrix, bias=0)
[VK_LINEAR] Using linear_coopmat (cooperative matrix, bias=0)
[VK_LINEAR] Using linear_coopmat (cooperative matrix, bias=0)
[VK_LINEAR] Using linear_coopmat (cooperative matrix, bias=0)
[VK_MATMUL] Using matmul_coopmat (cooperative matrix)
[VK_LINEAR] Using linear_coopmat (cooperative matrix, bias=0)
[VK_MATMUL] Using matmul_coopmat (cooperative matrix)
[VK_LINEAR] Using linear_coopmat (cooperative matrix, bias=0)
[VK_LINEAR] Using linear_coopmat (cooperative matrix, bias=0)
[VK_LINEAR] Using linear_coopmat (cooperative matrix, bias=0)
[VK_LINEAR] Using linear_coopmat (cooperative matrix, bias=0)
[VK_LINEAR] Using linear_coopmat (cooperative matrix, bias=0)
[VK_LINEAR] Using linear_coopmat (cooperative matrix, bias=0)
[VK_MATMUL] Using matmul_coopmat (cooperative matrix)
[VK_LINEAR] Using linear_coopmat (cooperative matrix, bias=0)
[VK_MATMUL] Using matmul_coopmat (cooperative matrix)
[VK_LINEAR] Using linear_coopmat (cooperative matrix, bias=0)
[VK_LINEAR] Using linear_coopmat (cooperative matrix, bias=0)
[VK_LINEAR] Using linear_coopmat (cooperative matrix, bias=0)
[VK_LINEAR] Using linear_coopmat (cooperative matrix, bias=0)
[VK_LINEAR] Using linear_coopmat (cooperative matrix, bias=0)
[VK_LINEAR] Using linear_coopmat (cooperative matrix, bias=0)
[VK_MATMUL] Using matmul_coopmat (cooperative matrix)
[VK_LINEAR] Using linear_coopmat (cooperative matrix, bias=0)
[VK_MATMUL] Using matmul_coopmat (cooperative matrix)
[VK_LINEAR] Using linear_coopmat (cooperative matrix, bias=0)
[VK_LINEAR] Using linear_coopmat (cooperative matrix, bias=0)
[VK_LINEAR] Using linear_coopmat (cooperative matrix, bias=0)
[VK_LINEAR] Using linear_coopmat (cooperative matrix, bias=0)
[VK_LINEAR] Using linear_coopmat (cooperative matrix, bias=0)
[VK_LINEAR] Using linear_coopmat (cooperative matrix, bias=0)
[VK_MATMUL] Using matmul_coopmat (cooperative matrix)
[VK_LINEAR] Using linear_coopmat (cooperative matrix, bias=0)
[VK_MATMUL] Using matmul_coopmat (cooperative matrix)
[VK_LINEAR] Using linear_coopmat (cooperative matrix, bias=0)
[VK_LINEAR] Using linear_coopmat (cooperative matrix, bias=0)
[VK_LINEAR] Using linear_coopmat (cooperative matrix, bias=0)
[VK_LINEAR] Using linear_coopmat (cooperative matrix, bias=0)
[VK_LINEAR] Using linear_vec (coop_mat=1, is_buffer=1, has_bias=0)
OutputX 0: tensor(sizes=[1, 128256], [
  0.0447083, 2.61133, -0.293945, 1.36523, -0.161255, 3.1543, 2.92969, -1.62793, 2.03711, 1.16504, 
  2.19141, 0.533203, 1.74512, 1.32129, 0.128418, -1.13574, -1.85742, -2.23828, 0.359619, -1.28906, 
  -1.57422, -0.404785, 0.321045, 1.77051, 0.322754, 1.96875, 4.49609, 0.914062, 3.40625, 1.11035, 
  1.98926, 0.447266, -1.75391, 2.67578, -2.52344, 1.90039, 0.849121, -2.0625, -3.04883, 0.298828, 
  -0.82959, 2.62109, -0.225586, -4.32031, -2.58398, -1.39746, 2.61523, -1.37598, 3.31641, -0.816895, 
  -4.12891, -1.34277, 2.44531, 0.0166016, 1.12793, 3.19922, 1.94922, 3.12891, 0.334229, 1.00781, 
  2.08594, 3.9043, 2.54688, 1.54688, -2.93555, 0.883301, 0.435547, -1.84668, 2.08594, 1.07812, 
  -2.73828, -0.122131, -2.31836, 1.8291, 2.91602, 1.89453, -1.97754, 2.06445, 2.86133, -0.697754, 
  -2.04688, 2.51562, -2.16406, 0.549316, -1.5459, 0.433105, 0.102234, 2.82812, 2.29297, 0.0141068, 
  -1.71387, 1.65527, 0.86084, -2.25, -1.45605, 5.48047, 1.87598, 4.21484, 0.538574, 2.31055, 
  ...,
  -0.66748, -0.667969, -0.667969, -0.66748, -0.667969, -0.667969, -0.667969, -0.667969, -0.667969, -0.667969, 
  -0.667969, -0.667969, -0.667969, -0.667969, -0.667969, -0.667969, -0.667969, -0.667969, -0.667969, -0.66748, 
  -0.667969, -0.667969, -0.667969, -0.667969, -0.667969, -0.667969, -0.667969, -0.667969, -0.667969, -0.667969, 
  -0.66748, -0.667969, -0.66748, -0.667969, -0.667969, -0.667969, -0.667969, -0.66748, -0.667969, -0.667969, 
  -0.667969, -0.667969, -0.667969, -0.667969, -0.667969, -0.667969, -0.667969, -0.66748, -0.667969, -0.66748, 
  -0.667969, -0.667969, -0.667969, -0.667969, -0.667969, -0.667969, -0.66748, -0.667969, -0.667969, -0.667969, 
  -0.667969, -0.667969, -0.667969, -0.66748, -0.667969, -0.66748, -0.667969, -0.667969, -0.667969, -0.667969, 
  -0.667969, -0.667969, -0.667969, -0.66748, -0.66748, -0.667969, -0.667969, -0.66748, -0.667969, -0.667969, 
  -0.66748, -0.667969, -0.667969, -0.667969, -0.667969, -0.66748, -0.667969, -0.667969, -0.667969, -0.667969, 
  -0.667969, -0.667969, -0.667969, -0.667969, -0.667969, -0.667969, -0.667969, -0.667969, -0.667969, -0.667969, 
])
[run] executor_runner wall-clock: 19.35s for 1 executions
[run]   ~ 19346.3 ms / execution (subprocess wall)
  W1 = 19346.3 ms

=== Measurement: 3 reps × N=8 ===
[run] RLIMIT_AS cap on child: 50.9 GiB (oom_score_adj=1000)
[run] $ /home/doremy/sarc-acl/executorch/pavan-report/executorch/cmake-out-vk/executor_runner --model_path=/home/doremy/llama31_pure_run_coopmat/llama31_8b_32L_seq128_fp16.pte --inputs=/home/doremy/llama31_pure_run_coopmat/llama31_8b_32L_seq128_fp16_input0.bin --num_executions=8
[VK_LINEAR] Using linear_coopmat (cooperative matrix, bias=0)
[VK_LINEAR] Using linear_coopmat (cooperative matrix, bias=0)
[VK_MATMUL] Using matmul_coopmat (cooperative matrix)
[VK_LINEAR] Using linear_coopmat (cooperative matrix, bias=0)
[VK_MATMUL] Using matmul_coopmat (cooperative matrix)
[VK_LINEAR] Using linear_coopmat (cooperative matrix, bias=0)
[VK_LINEAR] Using linear_coopmat (cooperative matrix, bias=0)
[VK_LINEAR] Using linear_coopmat (cooperative matrix, bias=0)
[VK_LINEAR] Using linear_coopmat (cooperative matrix, bias=0)
[VK_LINEAR] Using linear_coopmat (cooperative matrix, bias=0)
[VK_LINEAR] Using linear_coopmat (cooperative matrix, bias=0)
[VK_MATMUL] Using matmul_coopmat (cooperative matrix)
[VK_LINEAR] Using linear_coopmat (cooperative matrix, bias=0)
[VK_MATMUL] Using matmul_coopmat (cooperative matrix)
[VK_LINEAR] Using linear_coopmat (cooperative matrix, bias=0)
[VK_LINEAR] Using linear_coopmat (cooperative matrix, bias=0)
[VK_LINEAR] Using linear_coopmat (cooperative matrix, bias=0)
[VK_LINEAR] Using linear_coopmat (cooperative matrix, bias=0)
[VK_LINEAR] Using linear_coopmat (cooperative matrix, bias=0)
[VK_LINEAR] Using linear_coopmat (cooperative matrix, bias=0)
[VK_MATMUL] Using matmul_coopmat (cooperative matrix)
[VK_LINEAR] Using linear_coopmat (cooperative matrix, bias=0)
[VK_MATMUL] Using matmul_coopmat (cooperative matrix)
[VK_LINEAR] Using linear_coopmat (cooperative matrix, bias=0)
[VK_LINEAR] Using linear_coopmat (cooperative matrix, bias=0)
[VK_LINEAR] Using linear_coopmat (cooperative matrix, bias=0)
[VK_LINEAR] Using linear_coopmat (cooperative matrix, bias=0)
[VK_LINEAR] Using linear_coopmat (cooperative matrix, bias=0)
[VK_LINEAR] Using linear_coopmat (cooperative matrix, bias=0)
[VK_MATMUL] Using matmul_coopmat (cooperative matrix)
[VK_LINEAR] Using linear_coopmat (cooperative matrix, bias=0)
[VK_MATMUL] Using matmul_coopmat (cooperative matrix)
[VK_LINEAR] Using linear_coopmat (cooperative matrix, bias=0)
[VK_LINEAR] Using linear_coopmat (cooperative matrix, bias=0)
[VK_LINEAR] Using linear_coopmat (cooperative matrix, bias=0)
[VK_LINEAR] Using linear_coopmat (cooperative matrix, bias=0)
[VK_LINEAR] Using linear_coopmat (cooperative matrix, bias=0)
[VK_LINEAR] Using linear_coopmat (cooperative matrix, bias=0)
[VK_MATMUL] Using matmul_coopmat (cooperative matrix)
[VK_LINEAR] Using linear_coopmat (cooperative matrix, bias=0)
[VK_MATMUL] Using matmul_coopmat (cooperative matrix)
[VK_LINEAR] Using linear_coopmat (cooperative matrix, bias=0)
[VK_LINEAR] Using linear_coopmat (cooperative matrix, bias=0)
[VK_LINEAR] Using linear_coopmat (cooperative matrix, bias=0)
[VK_LINEAR] Using linear_coopmat (cooperative matrix, bias=0)
[VK_LINEAR] Using linear_coopmat (cooperative matrix, bias=0)
[VK_LINEAR] Using linear_coopmat (cooperative matrix, bias=0)
[VK_MATMUL] Using matmul_coopmat (cooperative matrix)
[VK_LINEAR] Using linear_coopmat (cooperative matrix, bias=0)
[VK_MATMUL] Using matmul_coopmat (cooperative matrix)
[VK_LINEAR] Using linear_coopmat (cooperative matrix, bias=0)
[VK_LINEAR] Using linear_coopmat (cooperative matrix, bias=0)
[VK_LINEAR] Using linear_coopmat (cooperative matrix, bias=0)
[VK_LINEAR] Using linear_coopmat (cooperative matrix, bias=0)
[VK_LINEAR] Using linear_coopmat (cooperative matrix, bias=0)
[VK_LINEAR] Using linear_coopmat (cooperative matrix, bias=0)
[VK_MATMUL] Using matmul_coopmat (cooperative matrix)
[VK_LINEAR] Using linear_coopmat (cooperative matrix, bias=0)
[VK_MATMUL] Using matmul_coopmat (cooperative matrix)
[VK_LINEAR] Using linear_coopmat (cooperative matrix, bias=0)
[VK_LINEAR] Using linear_coopmat (cooperative matrix, bias=0)
[VK_LINEAR] Using linear_coopmat (cooperative matrix, bias=0)
[VK_LINEAR] Using linear_coopmat (cooperative matrix, bias=0)
[VK_LINEAR] Using linear_coopmat (cooperative matrix, bias=0)
[VK_LINEAR] Using linear_coopmat (cooperative matrix, bias=0)
[VK_MATMUL] Using matmul_coopmat (cooperative matrix)
[VK_LINEAR] Using linear_coopmat (cooperative matrix, bias=0)
[VK_MATMUL] Using matmul_coopmat (cooperative matrix)
[VK_LINEAR] Using linear_coopmat (cooperative matrix, bias=0)
[VK_LINEAR] Using linear_coopmat (cooperative matrix, bias=0)
[VK_LINEAR] Using linear_coopmat (cooperative matrix, bias=0)
[VK_LINEAR] Using linear_coopmat (cooperative matrix, bias=0)
[VK_LINEAR] Using linear_coopmat (cooperative matrix, bias=0)
[VK_LINEAR] Using linear_coopmat (cooperative matrix, bias=0)
[VK_MATMUL] Using matmul_coopmat (cooperative matrix)
[VK_LINEAR] Using linear_coopmat (cooperative matrix, bias=0)
[VK_MATMUL] Using matmul_coopmat (cooperative matrix)
[VK_LINEAR] Using linear_coopmat (cooperative matrix, bias=0)
[VK_LINEAR] Using linear_coopmat (cooperative matrix, bias=0)
[VK_LINEAR] Using linear_coopmat (cooperative matrix, bias=0)
[VK_LINEAR] Using linear_coopmat (cooperative matrix, bias=0)
[VK_LINEAR] Using linear_coopmat (cooperative matrix, bias=0)
[VK_LINEAR] Using linear_coopmat (cooperative matrix, bias=0)
[VK_MATMUL] Using matmul_coopmat (cooperative matrix)
[VK_LINEAR] Using linear_coopmat (cooperative matrix, bias=0)
[VK_MATMUL] Using matmul_coopmat (cooperative matrix)
[VK_LINEAR] Using linear_coopmat (cooperative matrix, bias=0)
[VK_LINEAR] Using linear_coopmat (cooperative matrix, bias=0)
[VK_LINEAR] Using linear_coopmat (cooperative matrix, bias=0)
[VK_LINEAR] Using linear_coopmat (cooperative matrix, bias=0)
[VK_LINEAR] Using linear_coopmat (cooperative matrix, bias=0)
[VK_LINEAR] Using linear_coopmat (cooperative matrix, bias=0)
[VK_MATMUL] Using matmul_coopmat (cooperative matrix)
[VK_LINEAR] Using linear_coopmat (cooperative matrix, bias=0)
[VK_MATMUL] Using matmul_coopmat (cooperative matrix)
[VK_LINEAR] Using linear_coopmat (cooperative matrix, bias=0)
[VK_LINEAR] Using linear_coopmat (cooperative matrix, bias=0)
[VK_LINEAR] Using linear_coopmat (cooperative matrix, bias=0)
[VK_LINEAR] Using linear_coopmat (cooperative matrix, bias=0)
[VK_LINEAR] Using linear_coopmat (cooperative matrix, bias=0)
[VK_LINEAR] Using linear_coopmat (cooperative matrix, bias=0)
[VK_MATMUL] Using matmul_coopmat (cooperative matrix)
[VK_LINEAR] Using linear_coopmat (cooperative matrix, bias=0)
[VK_MATMUL] Using matmul_coopmat (cooperative matrix)
[VK_LINEAR] Using linear_coopmat (cooperative matrix, bias=0)
[VK_LINEAR] Using linear_coopmat (cooperative matrix, bias=0)
[VK_LINEAR] Using linear_coopmat (cooperative matrix, bias=0)
[VK_LINEAR] Using linear_coopmat (cooperative matrix, bias=0)
[VK_LINEAR] Using linear_coopmat (cooperative matrix, bias=0)
[VK_LINEAR] Using linear_coopmat (cooperative matrix, bias=0)
[VK_MATMUL] Using matmul_coopmat (cooperative matrix)
[VK_LINEAR] Using linear_coopmat (cooperative matrix, bias=0)
[VK_MATMUL] Using matmul_coopmat (cooperative matrix)
[VK_LINEAR] Using linear_coopmat (cooperative matrix, bias=0)
[VK_LINEAR] Using linear_coopmat (cooperative matrix, bias=0)
[VK_LINEAR] Using linear_coopmat (cooperative matrix, bias=0)
[VK_LINEAR] Using linear_coopmat (cooperative matrix, bias=0)
[VK_LINEAR] Using linear_coopmat (cooperative matrix, bias=0)
[VK_LINEAR] Using linear_coopmat (cooperative matrix, bias=0)
[VK_MATMUL] Using matmul_coopmat (cooperative matrix)
[VK_LINEAR] Using linear_coopmat (cooperative matrix, bias=0)
[VK_MATMUL] Using matmul_coopmat (cooperative matrix)
[VK_LINEAR] Using linear_coopmat (cooperative matrix, bias=0)
[VK_LINEAR] Using linear_coopmat (cooperative matrix, bias=0)
[VK_LINEAR] Using linear_coopmat (cooperative matrix, bias=0)
[VK_LINEAR] Using linear_coopmat (cooperative matrix, bias=0)
[VK_LINEAR] Using linear_coopmat (cooperative matrix, bias=0)
[VK_LINEAR] Using linear_coopmat (cooperative matrix, bias=0)
[VK_MATMUL] Using matmul_coopmat (cooperative matrix)
[VK_LINEAR] Using linear_coopmat (cooperative matrix, bias=0)
[VK_MATMUL] Using matmul_coopmat (cooperative matrix)
[VK_LINEAR] Using linear_coopmat (cooperative matrix, bias=0)
[VK_LINEAR] Using linear_coopmat (cooperative matrix, bias=0)
[VK_LINEAR] Using linear_coopmat (cooperative matrix, bias=0)
[VK_LINEAR] Using linear_coopmat (cooperative matrix, bias=0)
[VK_LINEAR] Using linear_coopmat (cooperative matrix, bias=0)
[VK_LINEAR] Using linear_coopmat (cooperative matrix, bias=0)
[VK_MATMUL] Using matmul_coopmat (cooperative matrix)
[VK_LINEAR] Using linear_coopmat (cooperative matrix, bias=0)
[VK_MATMUL] Using matmul_coopmat (cooperative matrix)
[VK_LINEAR] Using linear_coopmat (cooperative matrix, bias=0)
[VK_LINEAR] Using linear_coopmat (cooperative matrix, bias=0)
[VK_LINEAR] Using linear_coopmat (cooperative matrix, bias=0)
[VK_LINEAR] Using linear_coopmat (cooperative matrix, bias=0)
[VK_LINEAR] Using linear_coopmat (cooperative matrix, bias=0)
[VK_LINEAR] Using linear_coopmat (cooperative matrix, bias=0)
[VK_MATMUL] Using matmul_coopmat (cooperative matrix)
[VK_LINEAR] Using linear_coopmat (cooperative matrix, bias=0)
[VK_MATMUL] Using matmul_coopmat (cooperative matrix)
[VK_LINEAR] Using linear_coopmat (cooperative matrix, bias=0)
[VK_LINEAR] Using linear_coopmat (cooperative matrix, bias=0)
[VK_LINEAR] Using linear_coopmat (cooperative matrix, bias=0)
[VK_LINEAR] Using linear_coopmat (cooperative matrix, bias=0)
[VK_LINEAR] Using linear_coopmat (cooperative matrix, bias=0)
[VK_LINEAR] Using linear_coopmat (cooperative matrix, bias=0)
[VK_MATMUL] Using matmul_coopmat (cooperative matrix)
[VK_LINEAR] Using linear_coopmat (cooperative matrix, bias=0)
[VK_MATMUL] Using matmul_coopmat (cooperative matrix)
[VK_LINEAR] Using linear_coopmat (cooperative matrix, bias=0)
[VK_LINEAR] Using linear_coopmat (cooperative matrix, bias=0)
[VK_LINEAR] Using linear_coopmat (cooperative matrix, bias=0)
[VK_LINEAR] Using linear_coopmat (cooperative matrix, bias=0)
[VK_LINEAR] Using linear_coopmat (cooperative matrix, bias=0)
[VK_LINEAR] Using linear_coopmat (cooperative matrix, bias=0)
[VK_MATMUL] Using matmul_coopmat (cooperative matrix)
[VK_LINEAR] Using linear_coopmat (cooperative matrix, bias=0)
[VK_MATMUL] Using matmul_coopmat (cooperative matrix)
[VK_LINEAR] Using linear_coopmat (cooperative matrix, bias=0)
[VK_LINEAR] Using linear_coopmat (cooperative matrix, bias=0)
[VK_LINEAR] Using linear_coopmat (cooperative matrix, bias=0)
[VK_LINEAR] Using linear_coopmat (cooperative matrix, bias=0)
[VK_LINEAR] Using linear_coopmat (cooperative matrix, bias=0)
[VK_LINEAR] Using linear_coopmat (cooperative matrix, bias=0)
[VK_MATMUL] Using matmul_coopmat (cooperative matrix)
[VK_LINEAR] Using linear_coopmat (cooperative matrix, bias=0)
[VK_MATMUL] Using matmul_coopmat (cooperative matrix)
[VK_LINEAR] Using linear_coopmat (cooperative matrix, bias=0)
[VK_LINEAR] Using linear_coopmat (cooperative matrix, bias=0)
[VK_LINEAR] Using linear_coopmat (cooperative matrix, bias=0)
[VK_LINEAR] Using linear_coopmat (cooperative matrix, bias=0)
[VK_LINEAR] Using linear_coopmat (cooperative matrix, bias=0)
[VK_LINEAR] Using linear_coopmat (cooperative matrix, bias=0)
[VK_MATMUL] Using matmul_coopmat (cooperative matrix)
[VK_LINEAR] Using linear_coopmat (cooperative matrix, bias=0)
[VK_MATMUL] Using matmul_coopmat (cooperative matrix)
[VK_LINEAR] Using linear_coopmat (cooperative matrix, bias=0)
[VK_LINEAR] Using linear_coopmat (cooperative matrix, bias=0)
[VK_LINEAR] Using linear_coopmat (cooperative matrix, bias=0)
[VK_LINEAR] Using linear_coopmat (cooperative matrix, bias=0)
[VK_LINEAR] Using linear_coopmat (cooperative matrix, bias=0)
[VK_LINEAR] Using linear_coopmat (cooperative matrix, bias=0)
[VK_MATMUL] Using matmul_coopmat (cooperative matrix)
[VK_LINEAR] Using linear_coopmat (cooperative matrix, bias=0)
[VK_MATMUL] Using matmul_coopmat (cooperative matrix)
[VK_LINEAR] Using linear_coopmat (cooperative matrix, bias=0)
[VK_LINEAR] Using linear_coopmat (cooperative matrix, bias=0)
[VK_LINEAR] Using linear_coopmat (cooperative matrix, bias=0)
[VK_LINEAR] Using linear_coopmat (cooperative matrix, bias=0)
[VK_LINEAR] Using linear_coopmat (cooperative matrix, bias=0)
[VK_LINEAR] Using linear_coopmat (cooperative matrix, bias=0)
[VK_MATMUL] Using matmul_coopmat (cooperative matrix)
[VK_LINEAR] Using linear_coopmat (cooperative matrix, bias=0)
[VK_MATMUL] Using matmul_coopmat (cooperative matrix)
[VK_LINEAR] Using linear_coopmat (cooperative matrix, bias=0)
[VK_LINEAR] Using linear_coopmat (cooperative matrix, bias=0)
[VK_LINEAR] Using linear_coopmat (cooperative matrix, bias=0)
[VK_LINEAR] Using linear_coopmat (cooperative matrix, bias=0)
[VK_LINEAR] Using linear_coopmat (cooperative matrix, bias=0)
[VK_LINEAR] Using linear_coopmat (cooperative matrix, bias=0)
[VK_MATMUL] Using matmul_coopmat (cooperative matrix)
[VK_LINEAR] Using linear_coopmat (cooperative matrix, bias=0)
[VK_MATMUL] Using matmul_coopmat (cooperative matrix)
[VK_LINEAR] Using linear_coopmat (cooperative matrix, bias=0)
[VK_LINEAR] Using linear_coopmat (cooperative matrix, bias=0)
[VK_LINEAR] Using linear_coopmat (cooperative matrix, bias=0)
[VK_LINEAR] Using linear_coopmat (cooperative matrix, bias=0)
[VK_LINEAR] Using linear_coopmat (cooperative matrix, bias=0)
[VK_LINEAR] Using linear_coopmat (cooperative matrix, bias=0)
[VK_MATMUL] Using matmul_coopmat (cooperative matrix)
[VK_LINEAR] Using linear_coopmat (cooperative matrix, bias=0)
[VK_MATMUL] Using matmul_coopmat (cooperative matrix)
[VK_LINEAR] Using linear_coopmat (cooperative matrix, bias=0)
[VK_LINEAR] Using linear_coopmat (cooperative matrix, bias=0)
[VK_LINEAR] Using linear_coopmat (cooperative matrix, bias=0)
[VK_LINEAR] Using linear_coopmat (cooperative matrix, bias=0)
[VK_LINEAR] Using linear_coopmat (cooperative matrix, bias=0)
[VK_LINEAR] Using linear_coopmat (cooperative matrix, bias=0)
[VK_MATMUL] Using matmul_coopmat (cooperative matrix)
[VK_LINEAR] Using linear_coopmat (cooperative matrix, bias=0)
[VK_MATMUL] Using matmul_coopmat (cooperative matrix)
[VK_LINEAR] Using linear_coopmat (cooperative matrix, bias=0)
[VK_LINEAR] Using linear_coopmat (cooperative matrix, bias=0)
[VK_LINEAR] Using linear_coopmat (cooperative matrix, bias=0)
[VK_LINEAR] Using linear_coopmat (cooperative matrix, bias=0)
[VK_LINEAR] Using linear_coopmat (cooperative matrix, bias=0)
[VK_LINEAR] Using linear_coopmat (cooperative matrix, bias=0)
[VK_MATMUL] Using matmul_coopmat (cooperative matrix)
[VK_LINEAR] Using linear_coopmat (cooperative matrix, bias=0)
[VK_MATMUL] Using matmul_coopmat (cooperative matrix)
[VK_LINEAR] Using linear_coopmat (cooperative matrix, bias=0)
[VK_LINEAR] Using linear_coopmat (cooperative matrix, bias=0)
[VK_LINEAR] Using linear_coopmat (cooperative matrix, bias=0)
[VK_LINEAR] Using linear_coopmat (cooperative matrix, bias=0)
[VK_LINEAR] Using linear_coopmat (cooperative matrix, bias=0)
[VK_LINEAR] Using linear_coopmat (cooperative matrix, bias=0)
[VK_MATMUL] Using matmul_coopmat (cooperative matrix)
[VK_LINEAR] Using linear_coopmat (cooperative matrix, bias=0)
[VK_MATMUL] Using matmul_coopmat (cooperative matrix)
[VK_LINEAR] Using linear_coopmat (cooperative matrix, bias=0)
[VK_LINEAR] Using linear_coopmat (cooperative matrix, bias=0)
[VK_LINEAR] Using linear_coopmat (cooperative matrix, bias=0)
[VK_LINEAR] Using linear_coopmat (cooperative matrix, bias=0)
[VK_LINEAR] Using linear_coopmat (cooperative matrix, bias=0)
[VK_LINEAR] Using linear_coopmat (cooperative matrix, bias=0)
[VK_MATMUL] Using matmul_coopmat (cooperative matrix)
[VK_LINEAR] Using linear_coopmat (cooperative matrix, bias=0)
[VK_MATMUL] Using matmul_coopmat (cooperative matrix)
[VK_LINEAR] Using linear_coopmat (cooperative matrix, bias=0)
[VK_LINEAR] Using linear_coopmat (cooperative matrix, bias=0)
[VK_LINEAR] Using linear_coopmat (cooperative matrix, bias=0)
[VK_LINEAR] Using linear_coopmat (cooperative matrix, bias=0)
[VK_LINEAR] Using linear_coopmat (cooperative matrix, bias=0)
[VK_LINEAR] Using linear_coopmat (cooperative matrix, bias=0)
[VK_MATMUL] Using matmul_coopmat (cooperative matrix)
[VK_LINEAR] Using linear_coopmat (cooperative matrix, bias=0)
[VK_MATMUL] Using matmul_coopmat (cooperative matrix)
[VK_LINEAR] Using linear_coopmat (cooperative matrix, bias=0)
[VK_LINEAR] Using linear_coopmat (cooperative matrix, bias=0)
[VK_LINEAR] Using linear_coopmat (cooperative matrix, bias=0)
[VK_LINEAR] Using linear_coopmat (cooperative matrix, bias=0)
[VK_LINEAR] Using linear_coopmat (cooperative matrix, bias=0)
[VK_LINEAR] Using linear_coopmat (cooperative matrix, bias=0)
[VK_MATMUL] Using matmul_coopmat (cooperative matrix)
[VK_LINEAR] Using linear_coopmat (cooperative matrix, bias=0)
[VK_MATMUL] Using matmul_coopmat (cooperative matrix)
[VK_LINEAR] Using linear_coopmat (cooperative matrix, bias=0)
[VK_LINEAR] Using linear_coopmat (cooperative matrix, bias=0)
[VK_LINEAR] Using linear_coopmat (cooperative matrix, bias=0)
[VK_LINEAR] Using linear_coopmat (cooperative matrix, bias=0)
[VK_LINEAR] Using linear_coopmat (cooperative matrix, bias=0)
[VK_LINEAR] Using linear_coopmat (cooperative matrix, bias=0)
[VK_MATMUL] Using matmul_coopmat (cooperative matrix)
[VK_LINEAR] Using linear_coopmat (cooperative matrix, bias=0)
[VK_MATMUL] Using matmul_coopmat (cooperative matrix)
[VK_LINEAR] Using linear_coopmat (cooperative matrix, bias=0)
[VK_LINEAR] Using linear_coopmat (cooperative matrix, bias=0)
[VK_LINEAR] Using linear_coopmat (cooperative matrix, bias=0)
[VK_LINEAR] Using linear_coopmat (cooperative matrix, bias=0)
[VK_LINEAR] Using linear_vec (coop_mat=1, is_buffer=1, has_bias=0)
OutputX 0: tensor(sizes=[1, 128256], [
  0.0447083, 2.61133, -0.293945, 1.36523, -0.161255, 3.1543, 2.92969, -1.62793, 2.03711, 1.16504, 
  2.19141, 0.533203, 1.74512, 1.32129, 0.128418, -1.13574, -1.85742, -2.23828, 0.359619, -1.28906, 
  -1.57422, -0.404785, 0.321045, 1.77051, 0.322754, 1.96875, 4.49609, 0.914062, 3.40625, 1.11035, 
  1.98926, 0.447266, -1.75391, 2.67578, -2.52344, 1.90039, 0.849121, -2.0625, -3.04883, 0.298828, 
  -0.82959, 2.62109, -0.225586, -4.32031, -2.58398, -1.39746, 2.61523, -1.37598, 3.31641, -0.816895, 
  -4.12891, -1.34277, 2.44531, 0.0166016, 1.12793, 3.19922, 1.94922, 3.12891, 0.334229, 1.00781, 
  2.08594, 3.9043, 2.54688, 1.54688, -2.93555, 0.883301, 0.435547, -1.84668, 2.08594, 1.07812, 
  -2.73828, -0.122131, -2.31836, 1.8291, 2.91602, 1.89453, -1.97754, 2.06445, 2.86133, -0.697754, 
  -2.04688, 2.51562, -2.16406, 0.549316, -1.5459, 0.433105, 0.102234, 2.82812, 2.29297, 0.0141068, 
  -1.71387, 1.65527, 0.86084, -2.25, -1.45605, 5.48047, 1.87598, 4.21484, 0.538574, 2.31055, 
  ...,
  -0.66748, -0.667969, -0.667969, -0.66748, -0.667969, -0.667969, -0.667969, -0.667969, -0.667969, -0.667969, 
  -0.667969, -0.667969, -0.667969, -0.667969, -0.667969, -0.667969, -0.667969, -0.667969, -0.667969, -0.66748, 
  -0.667969, -0.667969, -0.667969, -0.667969, -0.667969, -0.667969, -0.667969, -0.667969, -0.667969, -0.667969, 
  -0.66748, -0.667969, -0.66748, -0.667969, -0.667969, -0.667969, -0.667969, -0.66748, -0.667969, -0.667969, 
  -0.667969, -0.667969, -0.667969, -0.667969, -0.667969, -0.667969, -0.667969, -0.66748, -0.667969, -0.66748, 
  -0.667969, -0.667969, -0.667969, -0.667969, -0.667969, -0.667969, -0.66748, -0.667969, -0.667969, -0.667969, 
  -0.667969, -0.667969, -0.667969, -0.66748, -0.667969, -0.66748, -0.667969, -0.667969, -0.667969, -0.667969, 
  -0.667969, -0.667969, -0.667969, -0.66748, -0.66748, -0.667969, -0.667969, -0.66748, -0.667969, -0.667969, 
  -0.66748, -0.667969, -0.667969, -0.667969, -0.667969, -0.66748, -0.667969, -0.667969, -0.667969, -0.667969, 
  -0.667969, -0.667969, -0.667969, -0.667969, -0.667969, -0.667969, -0.667969, -0.667969, -0.667969, -0.667969, 
])
[run] executor_runner wall-clock: 23.42s for 8 executions
[run]   ~ 2927.7 ms / execution (subprocess wall)
  rep 1: WK=23421.3 ms  wall/N=2927.7 ms  steady=(WK-W1)/7=582.1 ms
[run] RLIMIT_AS cap on child: 50.9 GiB (oom_score_adj=1000)
[run] $ /home/doremy/sarc-acl/executorch/pavan-report/executorch/cmake-out-vk/executor_runner --model_path=/home/doremy/llama31_pure_run_coopmat/llama31_8b_32L_seq128_fp16.pte --inputs=/home/doremy/llama31_pure_run_coopmat/llama31_8b_32L_seq128_fp16_input0.bin --num_executions=8
[VK_LINEAR] Using linear_coopmat (cooperative matrix, bias=0)
[VK_LINEAR] Using linear_coopmat (cooperative matrix, bias=0)
[VK_MATMUL] Using matmul_coopmat (cooperative matrix)
[VK_LINEAR] Using linear_coopmat (cooperative matrix, bias=0)
[VK_MATMUL] Using matmul_coopmat (cooperative matrix)
[VK_LINEAR] Using linear_coopmat (cooperative matrix, bias=0)
[VK_LINEAR] Using linear_coopmat (cooperative matrix, bias=0)
[VK_LINEAR] Using linear_coopmat (cooperative matrix, bias=0)
[VK_LINEAR] Using linear_coopmat (cooperative matrix, bias=0)
[VK_LINEAR] Using linear_coopmat (cooperative matrix, bias=0)
[VK_LINEAR] Using linear_coopmat (cooperative matrix, bias=0)
[VK_MATMUL] Using matmul_coopmat (cooperative matrix)
[VK_LINEAR] Using linear_coopmat (cooperative matrix, bias=0)
[VK_MATMUL] Using matmul_coopmat (cooperative matrix)
[VK_LINEAR] Using linear_coopmat (cooperative matrix, bias=0)
[VK_LINEAR] Using linear_coopmat (cooperative matrix, bias=0)
[VK_LINEAR] Using linear_coopmat (cooperative matrix, bias=0)
[VK_LINEAR] Using linear_coopmat (cooperative matrix, bias=0)
[VK_LINEAR] Using linear_coopmat (cooperative matrix, bias=0)
[VK_LINEAR] Using linear_coopmat (cooperative matrix, bias=0)
[VK_MATMUL] Using matmul_coopmat (cooperative matrix)
[VK_LINEAR] Using linear_coopmat (cooperative matrix, bias=0)
[VK_MATMUL] Using matmul_coopmat (cooperative matrix)
[VK_LINEAR] Using linear_coopmat (cooperative matrix, bias=0)
[VK_LINEAR] Using linear_coopmat (cooperative matrix, bias=0)
[VK_LINEAR] Using linear_coopmat (cooperative matrix, bias=0)
[VK_LINEAR] Using linear_coopmat (cooperative matrix, bias=0)
[VK_LINEAR] Using linear_coopmat (cooperative matrix, bias=0)
[VK_LINEAR] Using linear_coopmat (cooperative matrix, bias=0)
[VK_MATMUL] Using matmul_coopmat (cooperative matrix)
[VK_LINEAR] Using linear_coopmat (cooperative matrix, bias=0)
[VK_MATMUL] Using matmul_coopmat (cooperative matrix)
[VK_LINEAR] Using linear_coopmat (cooperative matrix, bias=0)
[VK_LINEAR] Using linear_coopmat (cooperative matrix, bias=0)
[VK_LINEAR] Using linear_coopmat (cooperative matrix, bias=0)
[VK_LINEAR] Using linear_coopmat (cooperative matrix, bias=0)
[VK_LINEAR] Using linear_coopmat (cooperative matrix, bias=0)
[VK_LINEAR] Using linear_coopmat (cooperative matrix, bias=0)
[VK_MATMUL] Using matmul_coopmat (cooperative matrix)
[VK_LINEAR] Using linear_coopmat (cooperative matrix, bias=0)
[VK_MATMUL] Using matmul_coopmat (cooperative matrix)
[VK_LINEAR] Using linear_coopmat (cooperative matrix, bias=0)
[VK_LINEAR] Using linear_coopmat (cooperative matrix, bias=0)
[VK_LINEAR] Using linear_coopmat (cooperative matrix, bias=0)
[VK_LINEAR] Using linear_coopmat (cooperative matrix, bias=0)
[VK_LINEAR] Using linear_coopmat (cooperative matrix, bias=0)
[VK_LINEAR] Using linear_coopmat (cooperative matrix, bias=0)
[VK_MATMUL] Using matmul_coopmat (cooperative matrix)
[VK_LINEAR] Using linear_coopmat (cooperative matrix, bias=0)
[VK_MATMUL] Using matmul_coopmat (cooperative matrix)
[VK_LINEAR] Using linear_coopmat (cooperative matrix, bias=0)
[VK_LINEAR] Using linear_coopmat (cooperative matrix, bias=0)
[VK_LINEAR] Using linear_coopmat (cooperative matrix, bias=0)
[VK_LINEAR] Using linear_coopmat (cooperative matrix, bias=0)
[VK_LINEAR] Using linear_coopmat (cooperative matrix, bias=0)
[VK_LINEAR] Using linear_coopmat (cooperative matrix, bias=0)
[VK_MATMUL] Using matmul_coopmat (cooperative matrix)
[VK_LINEAR] Using linear_coopmat (cooperative matrix, bias=0)
[VK_MATMUL] Using matmul_coopmat (cooperative matrix)
[VK_LINEAR] Using linear_coopmat (cooperative matrix, bias=0)
[VK_LINEAR] Using linear_coopmat (cooperative matrix, bias=0)
[VK_LINEAR] Using linear_coopmat (cooperative matrix, bias=0)
[VK_LINEAR] Using linear_coopmat (cooperative matrix, bias=0)
[VK_LINEAR] Using linear_coopmat (cooperative matrix, bias=0)
[VK_LINEAR] Using linear_coopmat (cooperative matrix, bias=0)
[VK_MATMUL] Using matmul_coopmat (cooperative matrix)
[VK_LINEAR] Using linear_coopmat (cooperative matrix, bias=0)
[VK_MATMUL] Using matmul_coopmat (cooperative matrix)
[VK_LINEAR] Using linear_coopmat (cooperative matrix, bias=0)
[VK_LINEAR] Using linear_coopmat (cooperative matrix, bias=0)
[VK_LINEAR] Using linear_coopmat (cooperative matrix, bias=0)
[VK_LINEAR] Using linear_coopmat (cooperative matrix, bias=0)
[VK_LINEAR] Using linear_coopmat (cooperative matrix, bias=0)
[VK_LINEAR] Using linear_coopmat (cooperative matrix, bias=0)
[VK_MATMUL] Using matmul_coopmat (cooperative matrix)
[VK_LINEAR] Using linear_coopmat (cooperative matrix, bias=0)
[VK_MATMUL] Using matmul_coopmat (cooperative matrix)
[VK_LINEAR] Using linear_coopmat (cooperative matrix, bias=0)
[VK_LINEAR] Using linear_coopmat (cooperative matrix, bias=0)
[VK_LINEAR] Using linear_coopmat (cooperative matrix, bias=0)
[VK_LINEAR] Using linear_coopmat (cooperative matrix, bias=0)
[VK_LINEAR] Using linear_coopmat (cooperative matrix, bias=0)
[VK_LINEAR] Using linear_coopmat (cooperative matrix, bias=0)
[VK_MATMUL] Using matmul_coopmat (cooperative matrix)
[VK_LINEAR] Using linear_coopmat (cooperative matrix, bias=0)
[VK_MATMUL] Using matmul_coopmat (cooperative matrix)
[VK_LINEAR] Using linear_coopmat (cooperative matrix, bias=0)
[VK_LINEAR] Using linear_coopmat (cooperative matrix, bias=0)
[VK_LINEAR] Using linear_coopmat (cooperative matrix, bias=0)
[VK_LINEAR] Using linear_coopmat (cooperative matrix, bias=0)
[VK_LINEAR] Using linear_coopmat (cooperative matrix, bias=0)
[VK_LINEAR] Using linear_coopmat (cooperative matrix, bias=0)
[VK_MATMUL] Using matmul_coopmat (cooperative matrix)
[VK_LINEAR] Using linear_coopmat (cooperative matrix, bias=0)
[VK_MATMUL] Using matmul_coopmat (cooperative matrix)
[VK_LINEAR] Using linear_coopmat (cooperative matrix, bias=0)
[VK_LINEAR] Using linear_coopmat (cooperative matrix, bias=0)
[VK_LINEAR] Using linear_coopmat (cooperative matrix, bias=0)
[VK_LINEAR] Using linear_coopmat (cooperative matrix, bias=0)
[VK_LINEAR] Using linear_coopmat (cooperative matrix, bias=0)
[VK_LINEAR] Using linear_coopmat (cooperative matrix, bias=0)
[VK_MATMUL] Using matmul_coopmat (cooperative matrix)
[VK_LINEAR] Using linear_coopmat (cooperative matrix, bias=0)
[VK_MATMUL] Using matmul_coopmat (cooperative matrix)
[VK_LINEAR] Using linear_coopmat (cooperative matrix, bias=0)
[VK_LINEAR] Using linear_coopmat (cooperative matrix, bias=0)
[VK_LINEAR] Using linear_coopmat (cooperative matrix, bias=0)
[VK_LINEAR] Using linear_coopmat (cooperative matrix, bias=0)
[VK_LINEAR] Using linear_coopmat (cooperative matrix, bias=0)
[VK_LINEAR] Using linear_coopmat (cooperative matrix, bias=0)
[VK_MATMUL] Using matmul_coopmat (cooperative matrix)
[VK_LINEAR] Using linear_coopmat (cooperative matrix, bias=0)
[VK_MATMUL] Using matmul_coopmat (cooperative matrix)
[VK_LINEAR] Using linear_coopmat (cooperative matrix, bias=0)
[VK_LINEAR] Using linear_coopmat (cooperative matrix, bias=0)
[VK_LINEAR] Using linear_coopmat (cooperative matrix, bias=0)
[VK_LINEAR] Using linear_coopmat (cooperative matrix, bias=0)
[VK_LINEAR] Using linear_coopmat (cooperative matrix, bias=0)
[VK_LINEAR] Using linear_coopmat (cooperative matrix, bias=0)
[VK_MATMUL] Using matmul_coopmat (cooperative matrix)
[VK_LINEAR] Using linear_coopmat (cooperative matrix, bias=0)
[VK_MATMUL] Using matmul_coopmat (cooperative matrix)
[VK_LINEAR] Using linear_coopmat (cooperative matrix, bias=0)
[VK_LINEAR] Using linear_coopmat (cooperative matrix, bias=0)
[VK_LINEAR] Using linear_coopmat (cooperative matrix, bias=0)
[VK_LINEAR] Using linear_coopmat (cooperative matrix, bias=0)
[VK_LINEAR] Using linear_coopmat (cooperative matrix, bias=0)
[VK_LINEAR] Using linear_coopmat (cooperative matrix, bias=0)
[VK_MATMUL] Using matmul_coopmat (cooperative matrix)
[VK_LINEAR] Using linear_coopmat (cooperative matrix, bias=0)
[VK_MATMUL] Using matmul_coopmat (cooperative matrix)
[VK_LINEAR] Using linear_coopmat (cooperative matrix, bias=0)
[VK_LINEAR] Using linear_coopmat (cooperative matrix, bias=0)
[VK_LINEAR] Using linear_coopmat (cooperative matrix, bias=0)
[VK_LINEAR] Using linear_coopmat (cooperative matrix, bias=0)
[VK_LINEAR] Using linear_coopmat (cooperative matrix, bias=0)
[VK_LINEAR] Using linear_coopmat (cooperative matrix, bias=0)
[VK_MATMUL] Using matmul_coopmat (cooperative matrix)
[VK_LINEAR] Using linear_coopmat (cooperative matrix, bias=0)
[VK_MATMUL] Using matmul_coopmat (cooperative matrix)
[VK_LINEAR] Using linear_coopmat (cooperative matrix, bias=0)
[VK_LINEAR] Using linear_coopmat (cooperative matrix, bias=0)
[VK_LINEAR] Using linear_coopmat (cooperative matrix, bias=0)
[VK_LINEAR] Using linear_coopmat (cooperative matrix, bias=0)
[VK_LINEAR] Using linear_coopmat (cooperative matrix, bias=0)
[VK_LINEAR] Using linear_coopmat (cooperative matrix, bias=0)
[VK_MATMUL] Using matmul_coopmat (cooperative matrix)
[VK_LINEAR] Using linear_coopmat (cooperative matrix, bias=0)
[VK_MATMUL] Using matmul_coopmat (cooperative matrix)
[VK_LINEAR] Using linear_coopmat (cooperative matrix, bias=0)
[VK_LINEAR] Using linear_coopmat (cooperative matrix, bias=0)
[VK_LINEAR] Using linear_coopmat (cooperative matrix, bias=0)
[VK_LINEAR] Using linear_coopmat (cooperative matrix, bias=0)
[VK_LINEAR] Using linear_coopmat (cooperative matrix, bias=0)
[VK_LINEAR] Using linear_coopmat (cooperative matrix, bias=0)
[VK_MATMUL] Using matmul_coopmat (cooperative matrix)
[VK_LINEAR] Using linear_coopmat (cooperative matrix, bias=0)
[VK_MATMUL] Using matmul_coopmat (cooperative matrix)
[VK_LINEAR] Using linear_coopmat (cooperative matrix, bias=0)
[VK_LINEAR] Using linear_coopmat (cooperative matrix, bias=0)
[VK_LINEAR] Using linear_coopmat (cooperative matrix, bias=0)
[VK_LINEAR] Using linear_coopmat (cooperative matrix, bias=0)
[VK_LINEAR] Using linear_coopmat (cooperative matrix, bias=0)
[VK_LINEAR] Using linear_coopmat (cooperative matrix, bias=0)
[VK_MATMUL] Using matmul_coopmat (cooperative matrix)
[VK_LINEAR] Using linear_coopmat (cooperative matrix, bias=0)
[VK_MATMUL] Using matmul_coopmat (cooperative matrix)
[VK_LINEAR] Using linear_coopmat (cooperative matrix, bias=0)
[VK_LINEAR] Using linear_coopmat (cooperative matrix, bias=0)
[VK_LINEAR] Using linear_coopmat (cooperative matrix, bias=0)
[VK_LINEAR] Using linear_coopmat (cooperative matrix, bias=0)
[VK_LINEAR] Using linear_coopmat (cooperative matrix, bias=0)
[VK_LINEAR] Using linear_coopmat (cooperative matrix, bias=0)
[VK_MATMUL] Using matmul_coopmat (cooperative matrix)
[VK_LINEAR] Using linear_coopmat (cooperative matrix, bias=0)
[VK_MATMUL] Using matmul_coopmat (cooperative matrix)
[VK_LINEAR] Using linear_coopmat (cooperative matrix, bias=0)
[VK_LINEAR] Using linear_coopmat (cooperative matrix, bias=0)
[VK_LINEAR] Using linear_coopmat (cooperative matrix, bias=0)
[VK_LINEAR] Using linear_coopmat (cooperative matrix, bias=0)
[VK_LINEAR] Using linear_coopmat (cooperative matrix, bias=0)
[VK_LINEAR] Using linear_coopmat (cooperative matrix, bias=0)
[VK_MATMUL] Using matmul_coopmat (cooperative matrix)
[VK_LINEAR] Using linear_coopmat (cooperative matrix, bias=0)
[VK_MATMUL] Using matmul_coopmat (cooperative matrix)
[VK_LINEAR] Using linear_coopmat (cooperative matrix, bias=0)
[VK_LINEAR] Using linear_coopmat (cooperative matrix, bias=0)
[VK_LINEAR] Using linear_coopmat (cooperative matrix, bias=0)
[VK_LINEAR] Using linear_coopmat (cooperative matrix, bias=0)
[VK_LINEAR] Using linear_coopmat (cooperative matrix, bias=0)
[VK_LINEAR] Using linear_coopmat (cooperative matrix, bias=0)
[VK_MATMUL] Using matmul_coopmat (cooperative matrix)
[VK_LINEAR] Using linear_coopmat (cooperative matrix, bias=0)
[VK_MATMUL] Using matmul_coopmat (cooperative matrix)
[VK_LINEAR] Using linear_coopmat (cooperative matrix, bias=0)
[VK_LINEAR] Using linear_coopmat (cooperative matrix, bias=0)
[VK_LINEAR] Using linear_coopmat (cooperative matrix, bias=0)
[VK_LINEAR] Using linear_coopmat (cooperative matrix, bias=0)
[VK_LINEAR] Using linear_coopmat (cooperative matrix, bias=0)
[VK_LINEAR] Using linear_coopmat (cooperative matrix, bias=0)
[VK_MATMUL] Using matmul_coopmat (cooperative matrix)
[VK_LINEAR] Using linear_coopmat (cooperative matrix, bias=0)
[VK_MATMUL] Using matmul_coopmat (cooperative matrix)
[VK_LINEAR] Using linear_coopmat (cooperative matrix, bias=0)
[VK_LINEAR] Using linear_coopmat (cooperative matrix, bias=0)
[VK_LINEAR] Using linear_coopmat (cooperative matrix, bias=0)
[VK_LINEAR] Using linear_coopmat (cooperative matrix, bias=0)
[VK_LINEAR] Using linear_coopmat (cooperative matrix, bias=0)
[VK_LINEAR] Using linear_coopmat (cooperative matrix, bias=0)
[VK_MATMUL] Using matmul_coopmat (cooperative matrix)
[VK_LINEAR] Using linear_coopmat (cooperative matrix, bias=0)
[VK_MATMUL] Using matmul_coopmat (cooperative matrix)
[VK_LINEAR] Using linear_coopmat (cooperative matrix, bias=0)
[VK_LINEAR] Using linear_coopmat (cooperative matrix, bias=0)
[VK_LINEAR] Using linear_coopmat (cooperative matrix, bias=0)
[VK_LINEAR] Using linear_coopmat (cooperative matrix, bias=0)
[VK_LINEAR] Using linear_coopmat (cooperative matrix, bias=0)
[VK_LINEAR] Using linear_coopmat (cooperative matrix, bias=0)
[VK_MATMUL] Using matmul_coopmat (cooperative matrix)
[VK_LINEAR] Using linear_coopmat (cooperative matrix, bias=0)
[VK_MATMUL] Using matmul_coopmat (cooperative matrix)
[VK_LINEAR] Using linear_coopmat (cooperative matrix, bias=0)
[VK_LINEAR] Using linear_coopmat (cooperative matrix, bias=0)
[VK_LINEAR] Using linear_coopmat (cooperative matrix, bias=0)
[VK_LINEAR] Using linear_coopmat (cooperative matrix, bias=0)
[VK_LINEAR] Using linear_coopmat (cooperative matrix, bias=0)
[VK_LINEAR] Using linear_coopmat (cooperative matrix, bias=0)
[VK_MATMUL] Using matmul_coopmat (cooperative matrix)
[VK_LINEAR] Using linear_coopmat (cooperative matrix, bias=0)
[VK_MATMUL] Using matmul_coopmat (cooperative matrix)
[VK_LINEAR] Using linear_coopmat (cooperative matrix, bias=0)
[VK_LINEAR] Using linear_coopmat (cooperative matrix, bias=0)
[VK_LINEAR] Using linear_coopmat (cooperative matrix, bias=0)
[VK_LINEAR] Using linear_coopmat (cooperative matrix, bias=0)
[VK_LINEAR] Using linear_coopmat (cooperative matrix, bias=0)
[VK_LINEAR] Using linear_coopmat (cooperative matrix, bias=0)
[VK_MATMUL] Using matmul_coopmat (cooperative matrix)
[VK_LINEAR] Using linear_coopmat (cooperative matrix, bias=0)
[VK_MATMUL] Using matmul_coopmat (cooperative matrix)
[VK_LINEAR] Using linear_coopmat (cooperative matrix, bias=0)
[VK_LINEAR] Using linear_coopmat (cooperative matrix, bias=0)
[VK_LINEAR] Using linear_coopmat (cooperative matrix, bias=0)
[VK_LINEAR] Using linear_coopmat (cooperative matrix, bias=0)
[VK_LINEAR] Using linear_coopmat (cooperative matrix, bias=0)
[VK_LINEAR] Using linear_coopmat (cooperative matrix, bias=0)
[VK_MATMUL] Using matmul_coopmat (cooperative matrix)
[VK_LINEAR] Using linear_coopmat (cooperative matrix, bias=0)
[VK_MATMUL] Using matmul_coopmat (cooperative matrix)
[VK_LINEAR] Using linear_coopmat (cooperative matrix, bias=0)
[VK_LINEAR] Using linear_coopmat (cooperative matrix, bias=0)
[VK_LINEAR] Using linear_coopmat (cooperative matrix, bias=0)
[VK_LINEAR] Using linear_coopmat (cooperative matrix, bias=0)
[VK_LINEAR] Using linear_coopmat (cooperative matrix, bias=0)
[VK_LINEAR] Using linear_coopmat (cooperative matrix, bias=0)
[VK_MATMUL] Using matmul_coopmat (cooperative matrix)
[VK_LINEAR] Using linear_coopmat (cooperative matrix, bias=0)
[VK_MATMUL] Using matmul_coopmat (cooperative matrix)
[VK_LINEAR] Using linear_coopmat (cooperative matrix, bias=0)
[VK_LINEAR] Using linear_coopmat (cooperative matrix, bias=0)
[VK_LINEAR] Using linear_coopmat (cooperative matrix, bias=0)
[VK_LINEAR] Using linear_coopmat (cooperative matrix, bias=0)
[VK_LINEAR] Using linear_coopmat (cooperative matrix, bias=0)
[VK_LINEAR] Using linear_coopmat (cooperative matrix, bias=0)
[VK_MATMUL] Using matmul_coopmat (cooperative matrix)
[VK_LINEAR] Using linear_coopmat (cooperative matrix, bias=0)
[VK_MATMUL] Using matmul_coopmat (cooperative matrix)
[VK_LINEAR] Using linear_coopmat (cooperative matrix, bias=0)
[VK_LINEAR] Using linear_coopmat (cooperative matrix, bias=0)
[VK_LINEAR] Using linear_coopmat (cooperative matrix, bias=0)
[VK_LINEAR] Using linear_coopmat (cooperative matrix, bias=0)
[VK_LINEAR] Using linear_coopmat (cooperative matrix, bias=0)
[VK_LINEAR] Using linear_coopmat (cooperative matrix, bias=0)
[VK_MATMUL] Using matmul_coopmat (cooperative matrix)
[VK_LINEAR] Using linear_coopmat (cooperative matrix, bias=0)
[VK_MATMUL] Using matmul_coopmat (cooperative matrix)
[VK_LINEAR] Using linear_coopmat (cooperative matrix, bias=0)
[VK_LINEAR] Using linear_coopmat (cooperative matrix, bias=0)
[VK_LINEAR] Using linear_coopmat (cooperative matrix, bias=0)
[VK_LINEAR] Using linear_coopmat (cooperative matrix, bias=0)
[VK_LINEAR] Using linear_coopmat (cooperative matrix, bias=0)
[VK_LINEAR] Using linear_coopmat (cooperative matrix, bias=0)
[VK_MATMUL] Using matmul_coopmat (cooperative matrix)
[VK_LINEAR] Using linear_coopmat (cooperative matrix, bias=0)
[VK_MATMUL] Using matmul_coopmat (cooperative matrix)
[VK_LINEAR] Using linear_coopmat (cooperative matrix, bias=0)
[VK_LINEAR] Using linear_coopmat (cooperative matrix, bias=0)
[VK_LINEAR] Using linear_coopmat (cooperative matrix, bias=0)
[VK_LINEAR] Using linear_coopmat (cooperative matrix, bias=0)
[VK_LINEAR] Using linear_vec (coop_mat=1, is_buffer=1, has_bias=0)
OutputX 0: tensor(sizes=[1, 128256], [
  0.0447083, 2.61133, -0.293945, 1.36523, -0.161255, 3.1543, 2.92969, -1.62793, 2.03711, 1.16504, 
  2.19141, 0.533203, 1.74512, 1.32129, 0.128418, -1.13574, -1.85742, -2.23828, 0.359619, -1.28906, 
  -1.57422, -0.404785, 0.321045, 1.77051, 0.322754, 1.96875, 4.49609, 0.914062, 3.40625, 1.11035, 
  1.98926, 0.447266, -1.75391, 2.67578, -2.52344, 1.90039, 0.849121, -2.0625, -3.04883, 0.298828, 
  -0.82959, 2.62109, -0.225586, -4.32031, -2.58398, -1.39746, 2.61523, -1.37598, 3.31641, -0.816895, 
  -4.12891, -1.34277, 2.44531, 0.0166016, 1.12793, 3.19922, 1.94922, 3.12891, 0.334229, 1.00781, 
  2.08594, 3.9043, 2.54688, 1.54688, -2.93555, 0.883301, 0.435547, -1.84668, 2.08594, 1.07812, 
  -2.73828, -0.122131, -2.31836, 1.8291, 2.91602, 1.89453, -1.97754, 2.06445, 2.86133, -0.697754, 
  -2.04688, 2.51562, -2.16406, 0.549316, -1.5459, 0.433105, 0.102234, 2.82812, 2.29297, 0.0141068, 
  -1.71387, 1.65527, 0.86084, -2.25, -1.45605, 5.48047, 1.87598, 4.21484, 0.538574, 2.31055, 
  ...,
  -0.66748, -0.667969, -0.667969, -0.66748, -0.667969, -0.667969, -0.667969, -0.667969, -0.667969, -0.667969, 
  -0.667969, -0.667969, -0.667969, -0.667969, -0.667969, -0.667969, -0.667969, -0.667969, -0.667969, -0.66748, 
  -0.667969, -0.667969, -0.667969, -0.667969, -0.667969, -0.667969, -0.667969, -0.667969, -0.667969, -0.667969, 
  -0.66748, -0.667969, -0.66748, -0.667969, -0.667969, -0.667969, -0.667969, -0.66748, -0.667969, -0.667969, 
  -0.667969, -0.667969, -0.667969, -0.667969, -0.667969, -0.667969, -0.667969, -0.66748, -0.667969, -0.66748, 
  -0.667969, -0.667969, -0.667969, -0.667969, -0.667969, -0.667969, -0.66748, -0.667969, -0.667969, -0.667969, 
  -0.667969, -0.667969, -0.667969, -0.66748, -0.667969, -0.66748, -0.667969, -0.667969, -0.667969, -0.667969, 
  -0.667969, -0.667969, -0.667969, -0.66748, -0.66748, -0.667969, -0.667969, -0.66748, -0.667969, -0.667969, 
  -0.66748, -0.667969, -0.667969, -0.667969, -0.667969, -0.66748, -0.667969, -0.667969, -0.667969, -0.667969, 
  -0.667969, -0.667969, -0.667969, -0.667969, -0.667969, -0.667969, -0.667969, -0.667969, -0.667969, -0.667969, 
])
[run] executor_runner wall-clock: 23.44s for 8 executions
[run]   ~ 2930.3 ms / execution (subprocess wall)
  rep 2: WK=23442.1 ms  wall/N=2930.3 ms  steady=(WK-W1)/7=585.1 ms
[run] RLIMIT_AS cap on child: 50.9 GiB (oom_score_adj=1000)
[run] $ /home/doremy/sarc-acl/executorch/pavan-report/executorch/cmake-out-vk/executor_runner --model_path=/home/doremy/llama31_pure_run_coopmat/llama31_8b_32L_seq128_fp16.pte --inputs=/home/doremy/llama31_pure_run_coopmat/llama31_8b_32L_seq128_fp16_input0.bin --num_executions=8
[VK_LINEAR] Using linear_coopmat (cooperative matrix, bias=0)
[VK_LINEAR] Using linear_coopmat (cooperative matrix, bias=0)
[VK_MATMUL] Using matmul_coopmat (cooperative matrix)
[VK_LINEAR] Using linear_coopmat (cooperative matrix, bias=0)
[VK_MATMUL] Using matmul_coopmat (cooperative matrix)
[VK_LINEAR] Using linear_coopmat (cooperative matrix, bias=0)
[VK_LINEAR] Using linear_coopmat (cooperative matrix, bias=0)
[VK_LINEAR] Using linear_coopmat (cooperative matrix, bias=0)
[VK_LINEAR] Using linear_coopmat (cooperative matrix, bias=0)
[VK_LINEAR] Using linear_coopmat (cooperative matrix, bias=0)
[VK_LINEAR] Using linear_coopmat (cooperative matrix, bias=0)
[VK_MATMUL] Using matmul_coopmat (cooperative matrix)
[VK_LINEAR] Using linear_coopmat (cooperative matrix, bias=0)
[VK_MATMUL] Using matmul_coopmat (cooperative matrix)
[VK_LINEAR] Using linear_coopmat (cooperative matrix, bias=0)
[VK_LINEAR] Using linear_coopmat (cooperative matrix, bias=0)
[VK_LINEAR] Using linear_coopmat (cooperative matrix, bias=0)
[VK_LINEAR] Using linear_coopmat (cooperative matrix, bias=0)
[VK_LINEAR] Using linear_coopmat (cooperative matrix, bias=0)
[VK_LINEAR] Using linear_coopmat (cooperative matrix, bias=0)
[VK_MATMUL] Using matmul_coopmat (cooperative matrix)
[VK_LINEAR] Using linear_coopmat (cooperative matrix, bias=0)
[VK_MATMUL] Using matmul_coopmat (cooperative matrix)
[VK_LINEAR] Using linear_coopmat (cooperative matrix, bias=0)
[VK_LINEAR] Using linear_coopmat (cooperative matrix, bias=0)
[VK_LINEAR] Using linear_coopmat (cooperative matrix, bias=0)
[VK_LINEAR] Using linear_coopmat (cooperative matrix, bias=0)
[VK_LINEAR] Using linear_coopmat (cooperative matrix, bias=0)
[VK_LINEAR] Using linear_coopmat (cooperative matrix, bias=0)
[VK_MATMUL] Using matmul_coopmat (cooperative matrix)
[VK_LINEAR] Using linear_coopmat (cooperative matrix, bias=0)
[VK_MATMUL] Using matmul_coopmat (cooperative matrix)
[VK_LINEAR] Using linear_coopmat (cooperative matrix, bias=0)
[VK_LINEAR] Using linear_coopmat (cooperative matrix, bias=0)
[VK_LINEAR] Using linear_coopmat (cooperative matrix, bias=0)
[VK_LINEAR] Using linear_coopmat (cooperative matrix, bias=0)
[VK_LINEAR] Using linear_coopmat (cooperative matrix, bias=0)
[VK_LINEAR] Using linear_coopmat (cooperative matrix, bias=0)
[VK_MATMUL] Using matmul_coopmat (cooperative matrix)
[VK_LINEAR] Using linear_coopmat (cooperative matrix, bias=0)
[VK_MATMUL] Using matmul_coopmat (cooperative matrix)
[VK_LINEAR] Using linear_coopmat (cooperative matrix, bias=0)
[VK_LINEAR] Using linear_coopmat (cooperative matrix, bias=0)
[VK_LINEAR] Using linear_coopmat (cooperative matrix, bias=0)
[VK_LINEAR] Using linear_coopmat (cooperative matrix, bias=0)
[VK_LINEAR] Using linear_coopmat (cooperative matrix, bias=0)
[VK_LINEAR] Using linear_coopmat (cooperative matrix, bias=0)
[VK_MATMUL] Using matmul_coopmat (cooperative matrix)
[VK_LINEAR] Using linear_coopmat (cooperative matrix, bias=0)
[VK_MATMUL] Using matmul_coopmat (cooperative matrix)
[VK_LINEAR] Using linear_coopmat (cooperative matrix, bias=0)
[VK_LINEAR] Using linear_coopmat (cooperative matrix, bias=0)
[VK_LINEAR] Using linear_coopmat (cooperative matrix, bias=0)
[VK_LINEAR] Using linear_coopmat (cooperative matrix, bias=0)
[VK_LINEAR] Using linear_coopmat (cooperative matrix, bias=0)
[VK_LINEAR] Using linear_coopmat (cooperative matrix, bias=0)
[VK_MATMUL] Using matmul_coopmat (cooperative matrix)
[VK_LINEAR] Using linear_coopmat (cooperative matrix, bias=0)
[VK_MATMUL] Using matmul_coopmat (cooperative matrix)
[VK_LINEAR] Using linear_coopmat (cooperative matrix, bias=0)
[VK_LINEAR] Using linear_coopmat (cooperative matrix, bias=0)
[VK_LINEAR] Using linear_coopmat (cooperative matrix, bias=0)
[VK_LINEAR] Using linear_coopmat (cooperative matrix, bias=0)
[VK_LINEAR] Using linear_coopmat (cooperative matrix, bias=0)
[VK_LINEAR] Using linear_coopmat (cooperative matrix, bias=0)
[VK_MATMUL] Using matmul_coopmat (cooperative matrix)
[VK_LINEAR] Using linear_coopmat (cooperative matrix, bias=0)
[VK_MATMUL] Using matmul_coopmat (cooperative matrix)
[VK_LINEAR] Using linear_coopmat (cooperative matrix, bias=0)
[VK_LINEAR] Using linear_coopmat (cooperative matrix, bias=0)
[VK_LINEAR] Using linear_coopmat (cooperative matrix, bias=0)
[VK_LINEAR] Using linear_coopmat (cooperative matrix, bias=0)
[VK_LINEAR] Using linear_coopmat (cooperative matrix, bias=0)
[VK_LINEAR] Using linear_coopmat (cooperative matrix, bias=0)
[VK_MATMUL] Using matmul_coopmat (cooperative matrix)
[VK_LINEAR] Using linear_coopmat (cooperative matrix, bias=0)
[VK_MATMUL] Using matmul_coopmat (cooperative matrix)
[VK_LINEAR] Using linear_coopmat (cooperative matrix, bias=0)
[VK_LINEAR] Using linear_coopmat (cooperative matrix, bias=0)
[VK_LINEAR] Using linear_coopmat (cooperative matrix, bias=0)
[VK_LINEAR] Using linear_coopmat (cooperative matrix, bias=0)
[VK_LINEAR] Using linear_coopmat (cooperative matrix, bias=0)
[VK_LINEAR] Using linear_coopmat (cooperative matrix, bias=0)
[VK_MATMUL] Using matmul_coopmat (cooperative matrix)
[VK_LINEAR] Using linear_coopmat (cooperative matrix, bias=0)
[VK_MATMUL] Using matmul_coopmat (cooperative matrix)
[VK_LINEAR] Using linear_coopmat (cooperative matrix, bias=0)
[VK_LINEAR] Using linear_coopmat (cooperative matrix, bias=0)
[VK_LINEAR] Using linear_coopmat (cooperative matrix, bias=0)
[VK_LINEAR] Using linear_coopmat (cooperative matrix, bias=0)
[VK_LINEAR] Using linear_coopmat (cooperative matrix, bias=0)
[VK_LINEAR] Using linear_coopmat (cooperative matrix, bias=0)
[VK_MATMUL] Using matmul_coopmat (cooperative matrix)
[VK_LINEAR] Using linear_coopmat (cooperative matrix, bias=0)
[VK_MATMUL] Using matmul_coopmat (cooperative matrix)
[VK_LINEAR] Using linear_coopmat (cooperative matrix, bias=0)
[VK_LINEAR] Using linear_coopmat (cooperative matrix, bias=0)
[VK_LINEAR] Using linear_coopmat (cooperative matrix, bias=0)
[VK_LINEAR] Using linear_coopmat (cooperative matrix, bias=0)
[VK_LINEAR] Using linear_coopmat (cooperative matrix, bias=0)
[VK_LINEAR] Using linear_coopmat (cooperative matrix, bias=0)
[VK_MATMUL] Using matmul_coopmat (cooperative matrix)
[VK_LINEAR] Using linear_coopmat (cooperative matrix, bias=0)
[VK_MATMUL] Using matmul_coopmat (cooperative matrix)
[VK_LINEAR] Using linear_coopmat (cooperative matrix, bias=0)
[VK_LINEAR] Using linear_coopmat (cooperative matrix, bias=0)
[VK_LINEAR] Using linear_coopmat (cooperative matrix, bias=0)
[VK_LINEAR] Using linear_coopmat (cooperative matrix, bias=0)
[VK_LINEAR] Using linear_coopmat (cooperative matrix, bias=0)
[VK_LINEAR] Using linear_coopmat (cooperative matrix, bias=0)
[VK_MATMUL] Using matmul_coopmat (cooperative matrix)
[VK_LINEAR] Using linear_coopmat (cooperative matrix, bias=0)
[VK_MATMUL] Using matmul_coopmat (cooperative matrix)
[VK_LINEAR] Using linear_coopmat (cooperative matrix, bias=0)
[VK_LINEAR] Using linear_coopmat (cooperative matrix, bias=0)
[VK_LINEAR] Using linear_coopmat (cooperative matrix, bias=0)
[VK_LINEAR] Using linear_coopmat (cooperative matrix, bias=0)
[VK_LINEAR] Using linear_coopmat (cooperative matrix, bias=0)
[VK_LINEAR] Using linear_coopmat (cooperative matrix, bias=0)
[VK_MATMUL] Using matmul_coopmat (cooperative matrix)
[VK_LINEAR] Using linear_coopmat (cooperative matrix, bias=0)
[VK_MATMUL] Using matmul_coopmat (cooperative matrix)
[VK_LINEAR] Using linear_coopmat (cooperative matrix, bias=0)
[VK_LINEAR] Using linear_coopmat (cooperative matrix, bias=0)
[VK_LINEAR] Using linear_coopmat (cooperative matrix, bias=0)
[VK_LINEAR] Using linear_coopmat (cooperative matrix, bias=0)
[VK_LINEAR] Using linear_coopmat (cooperative matrix, bias=0)
[VK_LINEAR] Using linear_coopmat (cooperative matrix, bias=0)
[VK_MATMUL] Using matmul_coopmat (cooperative matrix)
[VK_LINEAR] Using linear_coopmat (cooperative matrix, bias=0)
[VK_MATMUL] Using matmul_coopmat (cooperative matrix)
[VK_LINEAR] Using linear_coopmat (cooperative matrix, bias=0)
[VK_LINEAR] Using linear_coopmat (cooperative matrix, bias=0)
[VK_LINEAR] Using linear_coopmat (cooperative matrix, bias=0)
[VK_LINEAR] Using linear_coopmat (cooperative matrix, bias=0)
[VK_LINEAR] Using linear_coopmat (cooperative matrix, bias=0)
[VK_LINEAR] Using linear_coopmat (cooperative matrix, bias=0)
[VK_MATMUL] Using matmul_coopmat (cooperative matrix)
[VK_LINEAR] Using linear_coopmat (cooperative matrix, bias=0)
[VK_MATMUL] Using matmul_coopmat (cooperative matrix)
[VK_LINEAR] Using linear_coopmat (cooperative matrix, bias=0)
[VK_LINEAR] Using linear_coopmat (cooperative matrix, bias=0)
[VK_LINEAR] Using linear_coopmat (cooperative matrix, bias=0)
[VK_LINEAR] Using linear_coopmat (cooperative matrix, bias=0)
[VK_LINEAR] Using linear_coopmat (cooperative matrix, bias=0)
[VK_LINEAR] Using linear_coopmat (cooperative matrix, bias=0)
[VK_MATMUL] Using matmul_coopmat (cooperative matrix)
[VK_LINEAR] Using linear_coopmat (cooperative matrix, bias=0)
[VK_MATMUL] Using matmul_coopmat (cooperative matrix)
[VK_LINEAR] Using linear_coopmat (cooperative matrix, bias=0)
[VK_LINEAR] Using linear_coopmat (cooperative matrix, bias=0)
[VK_LINEAR] Using linear_coopmat (cooperative matrix, bias=0)
[VK_LINEAR] Using linear_coopmat (cooperative matrix, bias=0)
[VK_LINEAR] Using linear_coopmat (cooperative matrix, bias=0)
[VK_LINEAR] Using linear_coopmat (cooperative matrix, bias=0)
[VK_MATMUL] Using matmul_coopmat (cooperative matrix)
[VK_LINEAR] Using linear_coopmat (cooperative matrix, bias=0)
[VK_MATMUL] Using matmul_coopmat (cooperative matrix)
[VK_LINEAR] Using linear_coopmat (cooperative matrix, bias=0)
[VK_LINEAR] Using linear_coopmat (cooperative matrix, bias=0)
[VK_LINEAR] Using linear_coopmat (cooperative matrix, bias=0)
[VK_LINEAR] Using linear_coopmat (cooperative matrix, bias=0)
[VK_LINEAR] Using linear_coopmat (cooperative matrix, bias=0)
[VK_LINEAR] Using linear_coopmat (cooperative matrix, bias=0)
[VK_MATMUL] Using matmul_coopmat (cooperative matrix)
[VK_LINEAR] Using linear_coopmat (cooperative matrix, bias=0)
[VK_MATMUL] Using matmul_coopmat (cooperative matrix)
[VK_LINEAR] Using linear_coopmat (cooperative matrix, bias=0)
[VK_LINEAR] Using linear_coopmat (cooperative matrix, bias=0)
[VK_LINEAR] Using linear_coopmat (cooperative matrix, bias=0)
[VK_LINEAR] Using linear_coopmat (cooperative matrix, bias=0)
[VK_LINEAR] Using linear_coopmat (cooperative matrix, bias=0)
[VK_LINEAR] Using linear_coopmat (cooperative matrix, bias=0)
[VK_MATMUL] Using matmul_coopmat (cooperative matrix)
[VK_LINEAR] Using linear_coopmat (cooperative matrix, bias=0)
[VK_MATMUL] Using matmul_coopmat (cooperative matrix)
[VK_LINEAR] Using linear_coopmat (cooperative matrix, bias=0)
[VK_LINEAR] Using linear_coopmat (cooperative matrix, bias=0)
[VK_LINEAR] Using linear_coopmat (cooperative matrix, bias=0)
[VK_LINEAR] Using linear_coopmat (cooperative matrix, bias=0)
[VK_LINEAR] Using linear_coopmat (cooperative matrix, bias=0)
[VK_LINEAR] Using linear_coopmat (cooperative matrix, bias=0)
[VK_MATMUL] Using matmul_coopmat (cooperative matrix)
[VK_LINEAR] Using linear_coopmat (cooperative matrix, bias=0)
[VK_MATMUL] Using matmul_coopmat (cooperative matrix)
[VK_LINEAR] Using linear_coopmat (cooperative matrix, bias=0)
[VK_LINEAR] Using linear_coopmat (cooperative matrix, bias=0)
[VK_LINEAR] Using linear_coopmat (cooperative matrix, bias=0)
[VK_LINEAR] Using linear_coopmat (cooperative matrix, bias=0)
[VK_LINEAR] Using linear_coopmat (cooperative matrix, bias=0)
[VK_LINEAR] Using linear_coopmat (cooperative matrix, bias=0)
[VK_MATMUL] Using matmul_coopmat (cooperative matrix)
[VK_LINEAR] Using linear_coopmat (cooperative matrix, bias=0)
[VK_MATMUL] Using matmul_coopmat (cooperative matrix)
[VK_LINEAR] Using linear_coopmat (cooperative matrix, bias=0)
[VK_LINEAR] Using linear_coopmat (cooperative matrix, bias=0)
[VK_LINEAR] Using linear_coopmat (cooperative matrix, bias=0)
[VK_LINEAR] Using linear_coopmat (cooperative matrix, bias=0)
[VK_LINEAR] Using linear_coopmat (cooperative matrix, bias=0)
[VK_LINEAR] Using linear_coopmat (cooperative matrix, bias=0)
[VK_MATMUL] Using matmul_coopmat (cooperative matrix)
[VK_LINEAR] Using linear_coopmat (cooperative matrix, bias=0)
[VK_MATMUL] Using matmul_coopmat (cooperative matrix)
[VK_LINEAR] Using linear_coopmat (cooperative matrix, bias=0)
[VK_LINEAR] Using linear_coopmat (cooperative matrix, bias=0)
[VK_LINEAR] Using linear_coopmat (cooperative matrix, bias=0)
[VK_LINEAR] Using linear_coopmat (cooperative matrix, bias=0)
[VK_LINEAR] Using linear_coopmat (cooperative matrix, bias=0)
[VK_LINEAR] Using linear_coopmat (cooperative matrix, bias=0)
[VK_MATMUL] Using matmul_coopmat (cooperative matrix)
[VK_LINEAR] Using linear_coopmat (cooperative matrix, bias=0)
[VK_MATMUL] Using matmul_coopmat (cooperative matrix)
[VK_LINEAR] Using linear_coopmat (cooperative matrix, bias=0)
[VK_LINEAR] Using linear_coopmat (cooperative matrix, bias=0)
[VK_LINEAR] Using linear_coopmat (cooperative matrix, bias=0)
[VK_LINEAR] Using linear_coopmat (cooperative matrix, bias=0)
[VK_LINEAR] Using linear_coopmat (cooperative matrix, bias=0)
[VK_LINEAR] Using linear_coopmat (cooperative matrix, bias=0)
[VK_MATMUL] Using matmul_coopmat (cooperative matrix)
[VK_LINEAR] Using linear_coopmat (cooperative matrix, bias=0)
[VK_MATMUL] Using matmul_coopmat (cooperative matrix)
[VK_LINEAR] Using linear_coopmat (cooperative matrix, bias=0)
[VK_LINEAR] Using linear_coopmat (cooperative matrix, bias=0)
[VK_LINEAR] Using linear_coopmat (cooperative matrix, bias=0)
[VK_LINEAR] Using linear_coopmat (cooperative matrix, bias=0)
[VK_LINEAR] Using linear_coopmat (cooperative matrix, bias=0)
[VK_LINEAR] Using linear_coopmat (cooperative matrix, bias=0)
[VK_MATMUL] Using matmul_coopmat (cooperative matrix)
[VK_LINEAR] Using linear_coopmat (cooperative matrix, bias=0)
[VK_MATMUL] Using matmul_coopmat (cooperative matrix)
[VK_LINEAR] Using linear_coopmat (cooperative matrix, bias=0)
[VK_LINEAR] Using linear_coopmat (cooperative matrix, bias=0)
[VK_LINEAR] Using linear_coopmat (cooperative matrix, bias=0)
[VK_LINEAR] Using linear_coopmat (cooperative matrix, bias=0)
[VK_LINEAR] Using linear_coopmat (cooperative matrix, bias=0)
[VK_LINEAR] Using linear_coopmat (cooperative matrix, bias=0)
[VK_MATMUL] Using matmul_coopmat (cooperative matrix)
[VK_LINEAR] Using linear_coopmat (cooperative matrix, bias=0)
[VK_MATMUL] Using matmul_coopmat (cooperative matrix)
[VK_LINEAR] Using linear_coopmat (cooperative matrix, bias=0)
[VK_LINEAR] Using linear_coopmat (cooperative matrix, bias=0)
[VK_LINEAR] Using linear_coopmat (cooperative matrix, bias=0)
[VK_LINEAR] Using linear_coopmat (cooperative matrix, bias=0)
[VK_LINEAR] Using linear_coopmat (cooperative matrix, bias=0)
[VK_LINEAR] Using linear_coopmat (cooperative matrix, bias=0)
[VK_MATMUL] Using matmul_coopmat (cooperative matrix)
[VK_LINEAR] Using linear_coopmat (cooperative matrix, bias=0)
[VK_MATMUL] Using matmul_coopmat (cooperative matrix)
[VK_LINEAR] Using linear_coopmat (cooperative matrix, bias=0)
[VK_LINEAR] Using linear_coopmat (cooperative matrix, bias=0)
[VK_LINEAR] Using linear_coopmat (cooperative matrix, bias=0)
[VK_LINEAR] Using linear_coopmat (cooperative matrix, bias=0)
[VK_LINEAR] Using linear_coopmat (cooperative matrix, bias=0)
[VK_LINEAR] Using linear_coopmat (cooperative matrix, bias=0)
[VK_MATMUL] Using matmul_coopmat (cooperative matrix)
[VK_LINEAR] Using linear_coopmat (cooperative matrix, bias=0)
[VK_MATMUL] Using matmul_coopmat (cooperative matrix)
[VK_LINEAR] Using linear_coopmat (cooperative matrix, bias=0)
[VK_LINEAR] Using linear_coopmat (cooperative matrix, bias=0)
[VK_LINEAR] Using linear_coopmat (cooperative matrix, bias=0)
[VK_LINEAR] Using linear_coopmat (cooperative matrix, bias=0)
[VK_LINEAR] Using linear_coopmat (cooperative matrix, bias=0)
[VK_LINEAR] Using linear_coopmat (cooperative matrix, bias=0)
[VK_MATMUL] Using matmul_coopmat (cooperative matrix)
[VK_LINEAR] Using linear_coopmat (cooperative matrix, bias=0)
[VK_MATMUL] Using matmul_coopmat (cooperative matrix)
[VK_LINEAR] Using linear_coopmat (cooperative matrix, bias=0)
[VK_LINEAR] Using linear_coopmat (cooperative matrix, bias=0)
[VK_LINEAR] Using linear_coopmat (cooperative matrix, bias=0)
[VK_LINEAR] Using linear_coopmat (cooperative matrix, bias=0)
[VK_LINEAR] Using linear_coopmat (cooperative matrix, bias=0)
[VK_LINEAR] Using linear_coopmat (cooperative matrix, bias=0)
[VK_MATMUL] Using matmul_coopmat (cooperative matrix)
[VK_LINEAR] Using linear_coopmat (cooperative matrix, bias=0)
[VK_MATMUL] Using matmul_coopmat (cooperative matrix)
[VK_LINEAR] Using linear_coopmat (cooperative matrix, bias=0)
[VK_LINEAR] Using linear_coopmat (cooperative matrix, bias=0)
[VK_LINEAR] Using linear_coopmat (cooperative matrix, bias=0)
[VK_LINEAR] Using linear_coopmat (cooperative matrix, bias=0)
[VK_LINEAR] Using linear_coopmat (cooperative matrix, bias=0)
[VK_LINEAR] Using linear_coopmat (cooperative matrix, bias=0)
[VK_MATMUL] Using matmul_coopmat (cooperative matrix)
[VK_LINEAR] Using linear_coopmat (cooperative matrix, bias=0)
[VK_MATMUL] Using matmul_coopmat (cooperative matrix)
[VK_LINEAR] Using linear_coopmat (cooperative matrix, bias=0)
[VK_LINEAR] Using linear_coopmat (cooperative matrix, bias=0)
[VK_LINEAR] Using linear_coopmat (cooperative matrix, bias=0)
[VK_LINEAR] Using linear_coopmat (cooperative matrix, bias=0)
[VK_LINEAR] Using linear_vec (coop_mat=1, is_buffer=1, has_bias=0)
OutputX 0: tensor(sizes=[1, 128256], [
  0.0447083, 2.61133, -0.293945, 1.36523, -0.161255, 3.1543, 2.92969, -1.62793, 2.03711, 1.16504, 
  2.19141, 0.533203, 1.74512, 1.32129, 0.128418, -1.13574, -1.85742, -2.23828, 0.359619, -1.28906, 
  -1.57422, -0.404785, 0.321045, 1.77051, 0.322754, 1.96875, 4.49609, 0.914062, 3.40625, 1.11035, 
  1.98926, 0.447266, -1.75391, 2.67578, -2.52344, 1.90039, 0.849121, -2.0625, -3.04883, 0.298828, 
  -0.82959, 2.62109, -0.225586, -4.32031, -2.58398, -1.39746, 2.61523, -1.37598, 3.31641, -0.816895, 
  -4.12891, -1.34277, 2.44531, 0.0166016, 1.12793, 3.19922, 1.94922, 3.12891, 0.334229, 1.00781, 
  2.08594, 3.9043, 2.54688, 1.54688, -2.93555, 0.883301, 0.435547, -1.84668, 2.08594, 1.07812, 
  -2.73828, -0.122131, -2.31836, 1.8291, 2.91602, 1.89453, -1.97754, 2.06445, 2.86133, -0.697754, 
  -2.04688, 2.51562, -2.16406, 0.549316, -1.5459, 0.433105, 0.102234, 2.82812, 2.29297, 0.0141068, 
  -1.71387, 1.65527, 0.86084, -2.25, -1.45605, 5.48047, 1.87598, 4.21484, 0.538574, 2.31055, 
  ...,
  -0.66748, -0.667969, -0.667969, -0.66748, -0.667969, -0.667969, -0.667969, -0.667969, -0.667969, -0.667969, 
  -0.667969, -0.667969, -0.667969, -0.667969, -0.667969, -0.667969, -0.667969, -0.667969, -0.667969, -0.66748, 
  -0.667969, -0.667969, -0.667969, -0.667969, -0.667969, -0.667969, -0.667969, -0.667969, -0.667969, -0.667969, 
  -0.66748, -0.667969, -0.66748, -0.667969, -0.667969, -0.667969, -0.667969, -0.66748, -0.667969, -0.667969, 
  -0.667969, -0.667969, -0.667969, -0.667969, -0.667969, -0.667969, -0.667969, -0.66748, -0.667969, -0.66748, 
  -0.667969, -0.667969, -0.667969, -0.667969, -0.667969, -0.667969, -0.66748, -0.667969, -0.667969, -0.667969, 
  -0.667969, -0.667969, -0.667969, -0.66748, -0.667969, -0.66748, -0.667969, -0.667969, -0.667969, -0.667969, 
  -0.667969, -0.667969, -0.667969, -0.66748, -0.66748, -0.667969, -0.667969, -0.66748, -0.667969, -0.667969, 
  -0.66748, -0.667969, -0.667969, -0.667969, -0.667969, -0.66748, -0.667969, -0.667969, -0.667969, -0.667969, 
  -0.667969, -0.667969, -0.667969, -0.667969, -0.667969, -0.667969, -0.667969, -0.667969, -0.667969, -0.667969, 
])
[run] executor_runner wall-clock: 23.41s for 8 executions
[run]   ~ 2926.2 ms / execution (subprocess wall)
  rep 3: WK=23409.3 ms  wall/N=2926.2 ms  steady=(WK-W1)/7=580.4 ms

=== Steady-state forward (iter 0 + load+teardown algebraically excluded) ===
  per-rep steady: 582.1  585.1  580.4 ms
  mean ± stdev:   582.6 ± 2.4 ms  (cv=0.4%, min=580.4, max=585.1)
  wallclock/N mean: 2928.0 ms  (legacy metric; +2345.5 ms inflation from load+iter0/N)

[bench] artifacts in /home/doremy/llama31_pure_run_coopmat/llama31_8b_32L_seq128_fp16.*
