[env] RAM total: 28.9 GiB    Swap total: 24.0 GiB
[env] RADV_GTT_PCT=80 set
[run] RLIMIT_AS cap on child: 50.9 GiB (oom_score_adj=1000)
[run] $ /home/doremy/sarc-acl/executorch/pavan-report/executorch/cmake-out-vk/executor_runner --model_path=/home/doremy/llama31_pure_run_coopmat/llama31_8b_32L_seq128_fp16.pte --inputs=/home/doremy/llama31_pure_run_coopmat/llama31_8b_32L_seq128_fp16_input0.bin --num_executions=8 --etdump_path=/home/doremy/llama31_pure_run_coopmat/llama31_8b_32L_seq128_fp16.etdp
[VK_LINEAR] Using linear_coopmat (cooperative matrix, bias=0)
[VK_LINEAR] Using linear_coopmat (cooperative matrix, bias=0)
[VK_MATMUL] Using matmul_coopmat (cooperative matrix)
[VK_LINEAR] Using linear_coopmat (cooperative matrix, bias=0)
[VK_MATMUL] Using matmul_coopmat (cooperative matrix)
[VK_LINEAR] Using linear_coopmat (cooperative matrix, bias=0)
[VK_LINEAR] Using linear_coopmat (cooperative matrix, bias=0)
[VK_LINEAR] Using linear_coopmat (cooperative matrix, bias=0)
[VK_LINEAR] Using linear_coopmat (cooperative matrix, bias=0)
[VK_LINEAR] Using linear_coopmat (cooperative matrix, bias=0)
[VK_LINEAR] Using linear_coopmat (cooperative matrix, bias=0)
[VK_MATMUL] Using matmul_coopmat (cooperative matrix)
[VK_LINEAR] Using linear_coopmat (cooperative matrix, bias=0)
[VK_MATMUL] Using matmul_coopmat (cooperative matrix)
[VK_LINEAR] Using linear_coopmat (cooperative matrix, bias=0)
[VK_LINEAR] Using linear_coopmat (cooperative matrix, bias=0)
[VK_LINEAR] Using linear_coopmat (cooperative matrix, bias=0)
[VK_LINEAR] Using linear_coopmat (cooperative matrix, bias=0)
[VK_LINEAR] Using linear_coopmat (cooperative matrix, bias=0)
[VK_LINEAR] Using linear_coopmat (cooperative matrix, bias=0)
[VK_MATMUL] Using matmul_coopmat (cooperative matrix)
[VK_LINEAR] Using linear_coopmat (cooperative matrix, bias=0)
[VK_MATMUL] Using matmul_coopmat (cooperative matrix)
[VK_LINEAR] Using linear_coopmat (cooperative matrix, bias=0)
[VK_LINEAR] Using linear_coopmat (cooperative matrix, bias=0)
[VK_LINEAR] Using linear_coopmat (cooperative matrix, bias=0)
[VK_LINEAR] Using linear_coopmat (cooperative matrix, bias=0)
[VK_LINEAR] Using linear_coopmat (cooperative matrix, bias=0)
[VK_LINEAR] Using linear_coopmat (cooperative matrix, bias=0)
[VK_MATMUL] Using matmul_coopmat (cooperative matrix)
[VK_LINEAR] Using linear_coopmat (cooperative matrix, bias=0)
[VK_MATMUL] Using matmul_coopmat (cooperative matrix)
[VK_LINEAR] Using linear_coopmat (cooperative matrix, bias=0)
[VK_LINEAR] Using linear_coopmat (cooperative matrix, bias=0)
[VK_LINEAR] Using linear_coopmat (cooperative matrix, bias=0)
[VK_LINEAR] Using linear_coopmat (cooperative matrix, bias=0)
[VK_LINEAR] Using linear_coopmat (cooperative matrix, bias=0)
[VK_LINEAR] Using linear_coopmat (cooperative matrix, bias=0)
[VK_MATMUL] Using matmul_coopmat (cooperative matrix)
[VK_LINEAR] Using linear_coopmat (cooperative matrix, bias=0)
[VK_MATMUL] Using matmul_coopmat (cooperative matrix)
[VK_LINEAR] Using linear_coopmat (cooperative matrix, bias=0)
[VK_LINEAR] Using linear_coopmat (cooperative matrix, bias=0)
[VK_LINEAR] Using linear_coopmat (cooperative matrix, bias=0)
[VK_LINEAR] Using linear_coopmat (cooperative matrix, bias=0)
[VK_LINEAR] Using linear_coopmat (cooperative matrix, bias=0)
[VK_LINEAR] Using linear_coopmat (cooperative matrix, bias=0)
[VK_MATMUL] Using matmul_coopmat (cooperative matrix)
[VK_LINEAR] Using linear_coopmat (cooperative matrix, bias=0)
[VK_MATMUL] Using matmul_coopmat (cooperative matrix)
[VK_LINEAR] Using linear_coopmat (cooperative matrix, bias=0)
[VK_LINEAR] Using linear_coopmat (cooperative matrix, bias=0)
[VK_LINEAR] Using linear_coopmat (cooperative matrix, bias=0)
[VK_LINEAR] Using linear_coopmat (cooperative matrix, bias=0)
[VK_LINEAR] Using linear_coopmat (cooperative matrix, bias=0)
[VK_LINEAR] Using linear_coopmat (cooperative matrix, bias=0)
[VK_MATMUL] Using matmul_coopmat (cooperative matrix)
[VK_LINEAR] Using linear_coopmat (cooperative matrix, bias=0)
[VK_MATMUL] Using matmul_coopmat (cooperative matrix)
[VK_LINEAR] Using linear_coopmat (cooperative matrix, bias=0)
[VK_LINEAR] Using linear_coopmat (cooperative matrix, bias=0)
[VK_LINEAR] Using linear_coopmat (cooperative matrix, bias=0)
[VK_LINEAR] Using linear_coopmat (cooperative matrix, bias=0)
[VK_LINEAR] Using linear_coopmat (cooperative matrix, bias=0)
[VK_LINEAR] Using linear_coopmat (cooperative matrix, bias=0)
[VK_MATMUL] Using matmul_coopmat (cooperative matrix)
[VK_LINEAR] Using linear_coopmat (cooperative matrix, bias=0)
[VK_MATMUL] Using matmul_coopmat (cooperative matrix)
[VK_LINEAR] Using linear_coopmat (cooperative matrix, bias=0)
[VK_LINEAR] Using linear_coopmat (cooperative matrix, bias=0)
[VK_LINEAR] Using linear_coopmat (cooperative matrix, bias=0)
[VK_LINEAR] Using linear_coopmat (cooperative matrix, bias=0)
[VK_LINEAR] Using linear_coopmat (cooperative matrix, bias=0)
[VK_LINEAR] Using linear_coopmat (cooperative matrix, bias=0)
[VK_MATMUL] Using matmul_coopmat (cooperative matrix)
[VK_LINEAR] Using linear_coopmat (cooperative matrix, bias=0)
[VK_MATMUL] Using matmul_coopmat (cooperative matrix)
[VK_LINEAR] Using linear_coopmat (cooperative matrix, bias=0)
[VK_LINEAR] Using linear_coopmat (cooperative matrix, bias=0)
[VK_LINEAR] Using linear_coopmat (cooperative matrix, bias=0)
[VK_LINEAR] Using linear_coopmat (cooperative matrix, bias=0)
[VK_LINEAR] Using linear_coopmat (cooperative matrix, bias=0)
[VK_LINEAR] Using linear_coopmat (cooperative matrix, bias=0)
[VK_MATMUL] Using matmul_coopmat (cooperative matrix)
[VK_LINEAR] Using linear_coopmat (cooperative matrix, bias=0)
[VK_MATMUL] Using matmul_coopmat (cooperative matrix)
[VK_LINEAR] Using linear_coopmat (cooperative matrix, bias=0)
[VK_LINEAR] Using linear_coopmat (cooperative matrix, bias=0)
[VK_LINEAR] Using linear_coopmat (cooperative matrix, bias=0)
[VK_LINEAR] Using linear_coopmat (cooperative matrix, bias=0)
[VK_LINEAR] Using linear_coopmat (cooperative matrix, bias=0)
[VK_LINEAR] Using linear_coopmat (cooperative matrix, bias=0)
[VK_MATMUL] Using matmul_coopmat (cooperative matrix)
[VK_LINEAR] Using linear_coopmat (cooperative matrix, bias=0)
[VK_MATMUL] Using matmul_coopmat (cooperative matrix)
[VK_LINEAR] Using linear_coopmat (cooperative matrix, bias=0)
[VK_LINEAR] Using linear_coopmat (cooperative matrix, bias=0)
[VK_LINEAR] Using linear_coopmat (cooperative matrix, bias=0)
[VK_LINEAR] Using linear_coopmat (cooperative matrix, bias=0)
[VK_LINEAR] Using linear_coopmat (cooperative matrix, bias=0)
[VK_LINEAR] Using linear_coopmat (cooperative matrix, bias=0)
[VK_MATMUL] Using matmul_coopmat (cooperative matrix)
[VK_LINEAR] Using linear_coopmat (cooperative matrix, bias=0)
[VK_MATMUL] Using matmul_coopmat (cooperative matrix)
[VK_LINEAR] Using linear_coopmat (cooperative matrix, bias=0)
[VK_LINEAR] Using linear_coopmat (cooperative matrix, bias=0)
[VK_LINEAR] Using linear_coopmat (cooperative matrix, bias=0)
[VK_LINEAR] Using linear_coopmat (cooperative matrix, bias=0)
[VK_LINEAR] Using linear_coopmat (cooperative matrix, bias=0)
[VK_LINEAR] Using linear_coopmat (cooperative matrix, bias=0)
[VK_MATMUL] Using matmul_coopmat (cooperative matrix)
[VK_LINEAR] Using linear_coopmat (cooperative matrix, bias=0)
[VK_MATMUL] Using matmul_coopmat (cooperative matrix)
[VK_LINEAR] Using linear_coopmat (cooperative matrix, bias=0)
[VK_LINEAR] Using linear_coopmat (cooperative matrix, bias=0)
[VK_LINEAR] Using linear_coopmat (cooperative matrix, bias=0)
[VK_LINEAR] Using linear_coopmat (cooperative matrix, bias=0)
[VK_LINEAR] Using linear_coopmat (cooperative matrix, bias=0)
[VK_LINEAR] Using linear_coopmat (cooperative matrix, bias=0)
[VK_MATMUL] Using matmul_coopmat (cooperative matrix)
[VK_LINEAR] Using linear_coopmat (cooperative matrix, bias=0)
[VK_MATMUL] Using matmul_coopmat (cooperative matrix)
[VK_LINEAR] Using linear_coopmat (cooperative matrix, bias=0)
[VK_LINEAR] Using linear_coopmat (cooperative matrix, bias=0)
[VK_LINEAR] Using linear_coopmat (cooperative matrix, bias=0)
[VK_LINEAR] Using linear_coopmat (cooperative matrix, bias=0)
[VK_LINEAR] Using linear_coopmat (cooperative matrix, bias=0)
[VK_LINEAR] Using linear_coopmat (cooperative matrix, bias=0)
[VK_MATMUL] Using matmul_coopmat (cooperative matrix)
[VK_LINEAR] Using linear_coopmat (cooperative matrix, bias=0)
[VK_MATMUL] Using matmul_coopmat (cooperative matrix)
[VK_LINEAR] Using linear_coopmat (cooperative matrix, bias=0)
[VK_LINEAR] Using linear_coopmat (cooperative matrix, bias=0)
[VK_LINEAR] Using linear_coopmat (cooperative matrix, bias=0)
[VK_LINEAR] Using linear_coopmat (cooperative matrix, bias=0)
[VK_LINEAR] Using linear_coopmat (cooperative matrix, bias=0)
[VK_LINEAR] Using linear_coopmat (cooperative matrix, bias=0)
[VK_MATMUL] Using matmul_coopmat (cooperative matrix)
[VK_LINEAR] Using linear_coopmat (cooperative matrix, bias=0)
[VK_MATMUL] Using matmul_coopmat (cooperative matrix)
[VK_LINEAR] Using linear_coopmat (cooperative matrix, bias=0)
[VK_LINEAR] Using linear_coopmat (cooperative matrix, bias=0)
[VK_LINEAR] Using linear_coopmat (cooperative matrix, bias=0)
[VK_LINEAR] Using linear_coopmat (cooperative matrix, bias=0)
[VK_LINEAR] Using linear_coopmat (cooperative matrix, bias=0)
[VK_LINEAR] Using linear_coopmat (cooperative matrix, bias=0)
[VK_MATMUL] Using matmul_coopmat (cooperative matrix)
[VK_LINEAR] Using linear_coopmat (cooperative matrix, bias=0)
[VK_MATMUL] Using matmul_coopmat (cooperative matrix)
[VK_LINEAR] Using linear_coopmat (cooperative matrix, bias=0)
[VK_LINEAR] Using linear_coopmat (cooperative matrix, bias=0)
[VK_LINEAR] Using linear_coopmat (cooperative matrix, bias=0)
[VK_LINEAR] Using linear_coopmat (cooperative matrix, bias=0)
[VK_LINEAR] Using linear_coopmat (cooperative matrix, bias=0)
[VK_LINEAR] Using linear_coopmat (cooperative matrix, bias=0)
[VK_MATMUL] Using matmul_coopmat (cooperative matrix)
[VK_LINEAR] Using linear_coopmat (cooperative matrix, bias=0)
[VK_MATMUL] Using matmul_coopmat (cooperative matrix)
[VK_LINEAR] Using linear_coopmat (cooperative matrix, bias=0)
[VK_LINEAR] Using linear_coopmat (cooperative matrix, bias=0)
[VK_LINEAR] Using linear_coopmat (cooperative matrix, bias=0)
[VK_LINEAR] Using linear_coopmat (cooperative matrix, bias=0)
[VK_LINEAR] Using linear_coopmat (cooperative matrix, bias=0)
[VK_LINEAR] Using linear_coopmat (cooperative matrix, bias=0)
[VK_MATMUL] Using matmul_coopmat (cooperative matrix)
[VK_LINEAR] Using linear_coopmat (cooperative matrix, bias=0)
[VK_MATMUL] Using matmul_coopmat (cooperative matrix)
[VK_LINEAR] Using linear_coopmat (cooperative matrix, bias=0)
[VK_LINEAR] Using linear_coopmat (cooperative matrix, bias=0)
[VK_LINEAR] Using linear_coopmat (cooperative matrix, bias=0)
[VK_LINEAR] Using linear_coopmat (cooperative matrix, bias=0)
[VK_LINEAR] Using linear_coopmat (cooperative matrix, bias=0)
[VK_LINEAR] Using linear_coopmat (cooperative matrix, bias=0)
[VK_MATMUL] Using matmul_coopmat (cooperative matrix)
[VK_LINEAR] Using linear_coopmat (cooperative matrix, bias=0)
[VK_MATMUL] Using matmul_coopmat (cooperative matrix)
[VK_LINEAR] Using linear_coopmat (cooperative matrix, bias=0)
[VK_LINEAR] Using linear_coopmat (cooperative matrix, bias=0)
[VK_LINEAR] Using linear_coopmat (cooperative matrix, bias=0)
[VK_LINEAR] Using linear_coopmat (cooperative matrix, bias=0)
[VK_LINEAR] Using linear_coopmat (cooperative matrix, bias=0)
[VK_LINEAR] Using linear_coopmat (cooperative matrix, bias=0)
[VK_MATMUL] Using matmul_coopmat (cooperative matrix)
[VK_LINEAR] Using linear_coopmat (cooperative matrix, bias=0)
[VK_MATMUL] Using matmul_coopmat (cooperative matrix)
[VK_LINEAR] Using linear_coopmat (cooperative matrix, bias=0)
[VK_LINEAR] Using linear_coopmat (cooperative matrix, bias=0)
[VK_LINEAR] Using linear_coopmat (cooperative matrix, bias=0)
[VK_LINEAR] Using linear_coopmat (cooperative matrix, bias=0)
[VK_LINEAR] Using linear_coopmat (cooperative matrix, bias=0)
[VK_LINEAR] Using linear_coopmat (cooperative matrix, bias=0)
[VK_MATMUL] Using matmul_coopmat (cooperative matrix)
[VK_LINEAR] Using linear_coopmat (cooperative matrix, bias=0)
[VK_MATMUL] Using matmul_coopmat (cooperative matrix)
[VK_LINEAR] Using linear_coopmat (cooperative matrix, bias=0)
[VK_LINEAR] Using linear_coopmat (cooperative matrix, bias=0)
[VK_LINEAR] Using linear_coopmat (cooperative matrix, bias=0)
[VK_LINEAR] Using linear_coopmat (cooperative matrix, bias=0)
[VK_LINEAR] Using linear_coopmat (cooperative matrix, bias=0)
[VK_LINEAR] Using linear_coopmat (cooperative matrix, bias=0)
[VK_MATMUL] Using matmul_coopmat (cooperative matrix)
[VK_LINEAR] Using linear_coopmat (cooperative matrix, bias=0)
[VK_MATMUL] Using matmul_coopmat (cooperative matrix)
[VK_LINEAR] Using linear_coopmat (cooperative matrix, bias=0)
[VK_LINEAR] Using linear_coopmat (cooperative matrix, bias=0)
[VK_LINEAR] Using linear_coopmat (cooperative matrix, bias=0)
[VK_LINEAR] Using linear_coopmat (cooperative matrix, bias=0)
[VK_LINEAR] Using linear_coopmat (cooperative matrix, bias=0)
[VK_LINEAR] Using linear_coopmat (cooperative matrix, bias=0)
[VK_MATMUL] Using matmul_coopmat (cooperative matrix)
[VK_LINEAR] Using linear_coopmat (cooperative matrix, bias=0)
[VK_MATMUL] Using matmul_coopmat (cooperative matrix)
[VK_LINEAR] Using linear_coopmat (cooperative matrix, bias=0)
[VK_LINEAR] Using linear_coopmat (cooperative matrix, bias=0)
[VK_LINEAR] Using linear_coopmat (cooperative matrix, bias=0)
[VK_LINEAR] Using linear_coopmat (cooperative matrix, bias=0)
[VK_LINEAR] Using linear_coopmat (cooperative matrix, bias=0)
[VK_LINEAR] Using linear_coopmat (cooperative matrix, bias=0)
[VK_MATMUL] Using matmul_coopmat (cooperative matrix)
[VK_LINEAR] Using linear_coopmat (cooperative matrix, bias=0)
[VK_MATMUL] Using matmul_coopmat (cooperative matrix)
[VK_LINEAR] Using linear_coopmat (cooperative matrix, bias=0)
[VK_LINEAR] Using linear_coopmat (cooperative matrix, bias=0)
[VK_LINEAR] Using linear_coopmat (cooperative matrix, bias=0)
[VK_LINEAR] Using linear_coopmat (cooperative matrix, bias=0)
[VK_LINEAR] Using linear_coopmat (cooperative matrix, bias=0)
[VK_LINEAR] Using linear_coopmat (cooperative matrix, bias=0)
[VK_MATMUL] Using matmul_coopmat (cooperative matrix)
[VK_LINEAR] Using linear_coopmat (cooperative matrix, bias=0)
[VK_MATMUL] Using matmul_coopmat (cooperative matrix)
[VK_LINEAR] Using linear_coopmat (cooperative matrix, bias=0)
[VK_LINEAR] Using linear_coopmat (cooperative matrix, bias=0)
[VK_LINEAR] Using linear_coopmat (cooperative matrix, bias=0)
[VK_LINEAR] Using linear_coopmat (cooperative matrix, bias=0)
[VK_LINEAR] Using linear_coopmat (cooperative matrix, bias=0)
[VK_LINEAR] Using linear_coopmat (cooperative matrix, bias=0)
[VK_MATMUL] Using matmul_coopmat (cooperative matrix)
[VK_LINEAR] Using linear_coopmat (cooperative matrix, bias=0)
[VK_MATMUL] Using matmul_coopmat (cooperative matrix)
[VK_LINEAR] Using linear_coopmat (cooperative matrix, bias=0)
[VK_LINEAR] Using linear_coopmat (cooperative matrix, bias=0)
[VK_LINEAR] Using linear_coopmat (cooperative matrix, bias=0)
[VK_LINEAR] Using linear_coopmat (cooperative matrix, bias=0)
[VK_LINEAR] Using linear_coopmat (cooperative matrix, bias=0)
[VK_LINEAR] Using linear_coopmat (cooperative matrix, bias=0)
[VK_MATMUL] Using matmul_coopmat (cooperative matrix)
[VK_LINEAR] Using linear_coopmat (cooperative matrix, bias=0)
[VK_MATMUL] Using matmul_coopmat (cooperative matrix)
[VK_LINEAR] Using linear_coopmat (cooperative matrix, bias=0)
[VK_LINEAR] Using linear_coopmat (cooperative matrix, bias=0)
[VK_LINEAR] Using linear_coopmat (cooperative matrix, bias=0)
[VK_LINEAR] Using linear_coopmat (cooperative matrix, bias=0)
[VK_LINEAR] Using linear_coopmat (cooperative matrix, bias=0)
[VK_LINEAR] Using linear_coopmat (cooperative matrix, bias=0)
[VK_MATMUL] Using matmul_coopmat (cooperative matrix)
[VK_LINEAR] Using linear_coopmat (cooperative matrix, bias=0)
[VK_MATMUL] Using matmul_coopmat (cooperative matrix)
[VK_LINEAR] Using linear_coopmat (cooperative matrix, bias=0)
[VK_LINEAR] Using linear_coopmat (cooperative matrix, bias=0)
[VK_LINEAR] Using linear_coopmat (cooperative matrix, bias=0)
[VK_LINEAR] Using linear_coopmat (cooperative matrix, bias=0)
[VK_LINEAR] Using linear_coopmat (cooperative matrix, bias=0)
[VK_LINEAR] Using linear_coopmat (cooperative matrix, bias=0)
[VK_MATMUL] Using matmul_coopmat (cooperative matrix)
[VK_LINEAR] Using linear_coopmat (cooperative matrix, bias=0)
[VK_MATMUL] Using matmul_coopmat (cooperative matrix)
[VK_LINEAR] Using linear_coopmat (cooperative matrix, bias=0)
[VK_LINEAR] Using linear_coopmat (cooperative matrix, bias=0)
[VK_LINEAR] Using linear_coopmat (cooperative matrix, bias=0)
[VK_LINEAR] Using linear_coopmat (cooperative matrix, bias=0)
[VK_LINEAR] Using linear_coopmat (cooperative matrix, bias=0)
[VK_LINEAR] Using linear_coopmat (cooperative matrix, bias=0)
[VK_MATMUL] Using matmul_coopmat (cooperative matrix)
[VK_LINEAR] Using linear_coopmat (cooperative matrix, bias=0)
[VK_MATMUL] Using matmul_coopmat (cooperative matrix)
[VK_LINEAR] Using linear_coopmat (cooperative matrix, bias=0)
[VK_LINEAR] Using linear_coopmat (cooperative matrix, bias=0)
[VK_LINEAR] Using linear_coopmat (cooperative matrix, bias=0)
[VK_LINEAR] Using linear_coopmat (cooperative matrix, bias=0)
[VK_LINEAR] Using linear_coopmat (cooperative matrix, bias=0)
[VK_LINEAR] Using linear_coopmat (cooperative matrix, bias=0)
[VK_MATMUL] Using matmul_coopmat (cooperative matrix)
[VK_LINEAR] Using linear_coopmat (cooperative matrix, bias=0)
[VK_MATMUL] Using matmul_coopmat (cooperative matrix)
[VK_LINEAR] Using linear_coopmat (cooperative matrix, bias=0)
[VK_LINEAR] Using linear_coopmat (cooperative matrix, bias=0)
[VK_LINEAR] Using linear_coopmat (cooperative matrix, bias=0)
[VK_LINEAR] Using linear_coopmat (cooperative matrix, bias=0)
[VK_LINEAR] Using linear_vec (coop_mat=1, is_buffer=1, has_bias=0)
OutputX 0: tensor(sizes=[1, 128256], [
  0.0447083, 2.61133, -0.293945, 1.36523, -0.161255, 3.1543, 2.92969, -1.62793, 2.03711, 1.16504, 
  2.19141, 0.533203, 1.74512, 1.32129, 0.128418, -1.13574, -1.85742, -2.23828, 0.359619, -1.28906, 
  -1.57422, -0.404785, 0.321045, 1.77051, 0.322754, 1.96875, 4.49609, 0.914062, 3.40625, 1.11035, 
  1.98926, 0.447266, -1.75391, 2.67578, -2.52344, 1.90039, 0.849121, -2.0625, -3.04883, 0.298828, 
  -0.82959, 2.62109, -0.225586, -4.32031, -2.58398, -1.39746, 2.61523, -1.37598, 3.31641, -0.816895, 
  -4.12891, -1.34277, 2.44531, 0.0166016, 1.12793, 3.19922, 1.94922, 3.12891, 0.334229, 1.00781, 
  2.08594, 3.9043, 2.54688, 1.54688, -2.93555, 0.883301, 0.435547, -1.84668, 2.08594, 1.07812, 
  -2.73828, -0.122131, -2.31836, 1.8291, 2.91602, 1.89453, -1.97754, 2.06445, 2.86133, -0.697754, 
  -2.04688, 2.51562, -2.16406, 0.549316, -1.5459, 0.433105, 0.102234, 2.82812, 2.29297, 0.0141068, 
  -1.71387, 1.65527, 0.86084, -2.25, -1.45605, 5.48047, 1.87598, 4.21484, 0.538574, 2.31055, 
  ...,
  -0.66748, -0.667969, -0.667969, -0.66748, -0.667969, -0.667969, -0.667969, -0.667969, -0.667969, -0.667969, 
  -0.667969, -0.667969, -0.667969, -0.667969, -0.667969, -0.667969, -0.667969, -0.667969, -0.667969, -0.66748, 
  -0.667969, -0.667969, -0.667969, -0.667969, -0.667969, -0.667969, -0.667969, -0.667969, -0.667969, -0.667969, 
  -0.66748, -0.667969, -0.66748, -0.667969, -0.667969, -0.667969, -0.667969, -0.66748, -0.667969, -0.667969, 
  -0.667969, -0.667969, -0.667969, -0.667969, -0.667969, -0.667969, -0.667969, -0.66748, -0.667969, -0.66748, 
  -0.667969, -0.667969, -0.667969, -0.667969, -0.667969, -0.667969, -0.66748, -0.667969, -0.667969, -0.667969, 
  -0.667969, -0.667969, -0.667969, -0.66748, -0.667969, -0.66748, -0.667969, -0.667969, -0.667969, -0.667969, 
  -0.667969, -0.667969, -0.667969, -0.66748, -0.66748, -0.667969, -0.667969, -0.66748, -0.667969, -0.667969, 
  -0.66748, -0.667969, -0.667969, -0.667969, -0.667969, -0.66748, -0.667969, -0.667969, -0.667969, -0.667969, 
  -0.667969, -0.667969, -0.667969, -0.667969, -0.667969, -0.667969, -0.667969, -0.667969, -0.667969, -0.667969, 
])
[run] executor_runner wall-clock: 23.19s for 8 executions
[run]   ~ 2899.0 ms / execution (subprocess wall)

=== ETDump analysis ===
/home/doremy/sarc-acl/executorch/pavan-report/executorch/.venv/lib64/python3.12/site-packages/executorch/devtools/inspector/_inspector.py:1086: UserWarning: Output Buffer not found. Tensor Debug Data will not be available.
  warnings.warn(
[analyze] (no etrecord — module hierarchy unavailable; op names from runtime)
[analyze] events: 5655    measured total: 34.88 ms

--- Top-30 ops by mean latency ---
rank     mean_us       %  name
   1     15317.0   43.9%  Program::load_method
   2     15317.0   43.9%  Method::init
   3       916.6    2.6%  Method::execute
   4        31.5    0.1%  DELEGATE_CALL
   5        31.5    0.1%  ETVK_EXECUTE
   6        31.2    0.1%  ETVK_COMPUTE_GRAPH_EXECUTE
   7        26.1    0.1%  DELEGATE_CALL
   8        26.1    0.1%  ETVK_EXECUTE
   9        26.0    0.1%  DELEGATE_CALL
  10        26.0    0.1%  ETVK_EXECUTE
  11        24.8    0.1%  DELEGATE_CALL
  12        24.8    0.1%  ETVK_EXECUTE
  13        24.5    0.1%  ETVK_COMPUTE_GRAPH_EXECUTE
  14        24.5    0.1%  ETVK_COMPUTE_GRAPH_EXECUTE
  15        23.3    0.1%  ETVK_COMPUTE_GRAPH_EXECUTE
  16        21.9    0.1%  DELEGATE_CALL
  17        21.9    0.1%  ETVK_EXECUTE
  18        21.8    0.1%  DELEGATE_CALL
  19        21.8    0.1%  ETVK_EXECUTE
  20        21.6    0.1%  DELEGATE_CALL
  21        21.6    0.1%  ETVK_EXECUTE
  22        21.6    0.1%  DELEGATE_CALL
  23        21.6    0.1%  ETVK_EXECUTE
  24        21.6    0.1%  DELEGATE_CALL
  25        21.6    0.1%  ETVK_EXECUTE
  26        21.5    0.1%  DELEGATE_CALL
  27        21.5    0.1%  ETVK_EXECUTE
  28        21.5    0.1%  DELEGATE_CALL
  29        21.5    0.1%  ETVK_EXECUTE
  30        21.5    0.1%  DELEGATE_CALL

--- Aggregate by op type ---
op                                         count    total_ms       %
load_method                                    1       15.32   43.9%
init                                           1       15.32   43.9%
execute                                        1        0.92    2.6%
DELEGATE_CALL                                 97        0.82    2.3%
ETVK_EXECUTE                                  97        0.82    2.3%
ETVK_COMPUTE_GRAPH_EXECUTE                    97        0.72    2.1%
{"operator": {"name": "aten.linear.default", "args":     226        0.49    1.4%
OPERATOR_CALL                                321        0.10    0.3%
native_call_cat.out                           64        0.08    0.2%
ETVK_COPY_OUTPUTS                             97        0.08    0.2%
{"operator": {"name": "aten.mul.Tensor", "args":     515        0.04    0.1%
{"operator": {"name": "dim_order_ops._to_dim_order_copy.default", "args":     738        0.02    0.1%
{"operator": {"name": "aten.permute_copy.default", "args":     416        0.02    0.1%
{"operator": {"name": "aten.view_copy.default", "args":     640        0.02    0.1%
{"operator": {"name": "aten.squeeze_copy.dims", "args":     416        0.02    0.0%
{"operator": {"name": "aten.add.Tensor", "args":     447        0.02    0.0%
ETVK_COPY_INPUTS                              97        0.02    0.0%
native_call_eq.Scalar_out                     32        0.01    0.0%
{"operator": {"name": "aten.unsqueeze_copy.default", "args":     449        0.01    0.0%
{"operator": {"name": "aten._softmax.default", "args":      32        0.01    0.0%
{"operator": {"name": "aten.expand_copy.default", "args":      64        0.01    0.0%
{"operator": {"name": "aten.sigmoid.default", "args":      32        0.01    0.0%
{"operator": {"name": "aten.slice_copy.Tensor", "args":     194        0.00    0.0%
native_call_mul.Scalar_out                    64        0.00    0.0%
{"operator": {"name": "aten.where.self", "args":      64        0.00    0.0%
{"operator": {"name": "aten.mean.dim", "args":      65        0.00    0.0%
native_call_any.out                           32        0.00    0.0%
native_call_logical_not.out                   64        0.00    0.0%
{"operator": {"name": "aten.sub.Tensor", "args":      64        0.00    0.0%
{"operator": {"name": "aten.bmm.default", "args":      64        0.00    0.0%

--- Per-submodule breakdown ---
  (unmapped)                count= 5655  total=    34.88 ms  100.0%

[analyze] wrote full event TSV -> /home/doremy/llama31_pure_run_coopmat/llama31_8b_32L_seq128_fp16.events.tsv

--- Memory profile ---
  peak Shmem (RADV GTT-backed):       787 MB
  GTT cap (RADV_GTT_PCT=80):        24800 MB
  peak Cached (.pte mmap):          10274 MB
  min MemFree:                       6683 MB
  peak Swap used:                    5040 MB

[bench] artifacts in /home/doremy/llama31_pure_run_coopmat/llama31_8b_32L_seq128_fp16.*
