{"op_code":0,"worker_id":"089fe488-0e93-4469-8e80-8ca7cc582fa9-140340797731584","study_name":"q4gsw_amd-radeon-780m-radv-phoenix","directions":[2]}
{"op_code":4,"worker_id":"089fe488-0e93-4469-8e80-8ca7cc582fa9-140340797731584","study_id":0,"datetime_start":null,"state":4,"value":null,"values":null,"distributions":{},"params":{},"user_attrs":{},"system_attrs":{"fixed_params":{"m":128,"n":64,"k":32,"gx":2,"gy":2,"sub":32}},"intermediate_values":{}}
{"op_code":4,"worker_id":"089fe488-0e93-4469-8e80-8ca7cc582fa9-140340797731584","study_id":0,"datetime_start":null,"state":4,"value":null,"values":null,"distributions":{},"params":{},"user_attrs":{},"system_attrs":{"fixed_params":{"m":128,"n":64,"k":16,"gx":2,"gy":2,"sub":32}},"intermediate_values":{}}
{"op_code":6,"worker_id":"089fe488-0e93-4469-8e80-8ca7cc582fa9-140340797731584","trial_id":0,"state":0,"values":null,"datetime_start":"2026-07-23T19:54:50.736044"}
{"op_code":5,"worker_id":"089fe488-0e93-4469-8e80-8ca7cc582fa9-140340797731584","trial_id":0,"param_name":"m","param_value_internal":3,"distribution":"{\"name\": \"CategoricalDistribution\", \"attributes\": {\"choices\": [16, 32, 64, 128, 256]}}"}
{"op_code":5,"worker_id":"089fe488-0e93-4469-8e80-8ca7cc582fa9-140340797731584","trial_id":0,"param_name":"n","param_value_internal":2,"distribution":"{\"name\": \"CategoricalDistribution\", \"attributes\": {\"choices\": [16, 32, 64, 128, 256]}}"}
{"op_code":5,"worker_id":"089fe488-0e93-4469-8e80-8ca7cc582fa9-140340797731584","trial_id":0,"param_name":"k","param_value_internal":1,"distribution":"{\"name\": \"CategoricalDistribution\", \"attributes\": {\"choices\": [16, 32, 64, 128]}}"}
{"op_code":5,"worker_id":"089fe488-0e93-4469-8e80-8ca7cc582fa9-140340797731584","trial_id":0,"param_name":"gx","param_value_internal":1,"distribution":"{\"name\": \"CategoricalDistribution\", \"attributes\": {\"choices\": [1, 2, 4, 8]}}"}
{"op_code":5,"worker_id":"089fe488-0e93-4469-8e80-8ca7cc582fa9-140340797731584","trial_id":0,"param_name":"gy","param_value_internal":1,"distribution":"{\"name\": \"CategoricalDistribution\", \"attributes\": {\"choices\": [1, 2, 4, 8]}}"}
{"op_code":5,"worker_id":"089fe488-0e93-4469-8e80-8ca7cc582fa9-140340797731584","trial_id":0,"param_name":"sub","param_value_internal":0,"distribution":"{\"name\": \"CategoricalDistribution\", \"attributes\": {\"choices\": [32, 64]}}"}
{"op_code":8,"worker_id":"089fe488-0e93-4469-8e80-8ca7cc582fa9-140340797731584","trial_id":0,"user_attr":{"token":"tsweep_t128x64k32g22s32"}}
{"op_code":6,"worker_id":"089fe488-0e93-4469-8e80-8ca7cc582fa9-140340797731584","trial_id":1,"state":0,"values":null,"datetime_start":"2026-07-23T19:54:50.788021"}
{"op_code":5,"worker_id":"089fe488-0e93-4469-8e80-8ca7cc582fa9-140340797731584","trial_id":1,"param_name":"m","param_value_internal":3,"distribution":"{\"name\": \"CategoricalDistribution\", \"attributes\": {\"choices\": [16, 32, 64, 128, 256]}}"}
{"op_code":5,"worker_id":"089fe488-0e93-4469-8e80-8ca7cc582fa9-140340797731584","trial_id":1,"param_name":"n","param_value_internal":2,"distribution":"{\"name\": \"CategoricalDistribution\", \"attributes\": {\"choices\": [16, 32, 64, 128, 256]}}"}
{"op_code":5,"worker_id":"089fe488-0e93-4469-8e80-8ca7cc582fa9-140340797731584","trial_id":1,"param_name":"k","param_value_internal":0,"distribution":"{\"name\": \"CategoricalDistribution\", \"attributes\": {\"choices\": [16, 32, 64, 128]}}"}
{"op_code":5,"worker_id":"089fe488-0e93-4469-8e80-8ca7cc582fa9-140340797731584","trial_id":1,"param_name":"gx","param_value_internal":1,"distribution":"{\"name\": \"CategoricalDistribution\", \"attributes\": {\"choices\": [1, 2, 4, 8]}}"}
{"op_code":5,"worker_id":"089fe488-0e93-4469-8e80-8ca7cc582fa9-140340797731584","trial_id":1,"param_name":"gy","param_value_internal":1,"distribution":"{\"name\": \"CategoricalDistribution\", \"attributes\": {\"choices\": [1, 2, 4, 8]}}"}
{"op_code":5,"worker_id":"089fe488-0e93-4469-8e80-8ca7cc582fa9-140340797731584","trial_id":1,"param_name":"sub","param_value_internal":0,"distribution":"{\"name\": \"CategoricalDistribution\", \"attributes\": {\"choices\": [32, 64]}}"}
{"op_code":8,"worker_id":"089fe488-0e93-4469-8e80-8ca7cc582fa9-140340797731584","trial_id":1,"user_attr":{"token":"tsweep_t128x64k16g22s32"}}
{"op_code":4,"worker_id":"089fe488-0e93-4469-8e80-8ca7cc582fa9-140340797731584","study_id":0,"datetime_start":"2026-07-23T19:54:50.824938"}
{"op_code":5,"worker_id":"089fe488-0e93-4469-8e80-8ca7cc582fa9-140340797731584","trial_id":2,"param_name":"m","param_value_internal":2,"distribution":"{\"name\": \"CategoricalDistribution\", \"attributes\": {\"choices\": [16, 32, 64, 128, 256]}}"}
{"op_code":5,"worker_id":"089fe488-0e93-4469-8e80-8ca7cc582fa9-140340797731584","trial_id":2,"param_name":"n","param_value_internal":3,"distribution":"{\"name\": \"CategoricalDistribution\", \"attributes\": {\"choices\": [16, 32, 64, 128, 256]}}"}
{"op_code":5,"worker_id":"089fe488-0e93-4469-8e80-8ca7cc582fa9-140340797731584","trial_id":2,"param_name":"k","param_value_internal":0,"distribution":"{\"name\": \"CategoricalDistribution\", \"attributes\": {\"choices\": [16, 32, 64, 128]}}"}
{"op_code":5,"worker_id":"089fe488-0e93-4469-8e80-8ca7cc582fa9-140340797731584","trial_id":2,"param_name":"gx","param_value_internal":3,"distribution":"{\"name\": \"CategoricalDistribution\", \"attributes\": {\"choices\": [1, 2, 4, 8]}}"}
{"op_code":5,"worker_id":"089fe488-0e93-4469-8e80-8ca7cc582fa9-140340797731584","trial_id":2,"param_name":"gy","param_value_internal":2,"distribution":"{\"name\": \"CategoricalDistribution\", \"attributes\": {\"choices\": [1, 2, 4, 8]}}"}
{"op_code":5,"worker_id":"089fe488-0e93-4469-8e80-8ca7cc582fa9-140340797731584","trial_id":2,"param_name":"sub","param_value_internal":0,"distribution":"{\"name\": \"CategoricalDistribution\", \"attributes\": {\"choices\": [32, 64]}}"}
{"op_code":6,"worker_id":"089fe488-0e93-4469-8e80-8ca7cc582fa9-140340797731584","trial_id":2,"state":2,"values":null,"datetime_complete":"2026-07-23T19:54:50.856870"}
{"op_code":4,"worker_id":"089fe488-0e93-4469-8e80-8ca7cc582fa9-140340797731584","study_id":0,"datetime_start":"2026-07-23T19:54:50.861482"}
{"op_code":5,"worker_id":"089fe488-0e93-4469-8e80-8ca7cc582fa9-140340797731584","trial_id":3,"param_name":"m","param_value_internal":0,"distribution":"{\"name\": \"CategoricalDistribution\", \"attributes\": {\"choices\": [16, 32, 64, 128, 256]}}"}
{"op_code":5,"worker_id":"089fe488-0e93-4469-8e80-8ca7cc582fa9-140340797731584","trial_id":3,"param_name":"n","param_value_internal":1,"distribution":"{\"name\": \"CategoricalDistribution\", \"attributes\": {\"choices\": [16, 32, 64, 128, 256]}}"}
{"op_code":5,"worker_id":"089fe488-0e93-4469-8e80-8ca7cc582fa9-140340797731584","trial_id":3,"param_name":"k","param_value_internal":2,"distribution":"{\"name\": \"CategoricalDistribution\", \"attributes\": {\"choices\": [16, 32, 64, 128]}}"}
{"op_code":5,"worker_id":"089fe488-0e93-4469-8e80-8ca7cc582fa9-140340797731584","trial_id":3,"param_name":"gx","param_value_internal":2,"distribution":"{\"name\": \"CategoricalDistribution\", \"attributes\": {\"choices\": [1, 2, 4, 8]}}"}
{"op_code":5,"worker_id":"089fe488-0e93-4469-8e80-8ca7cc582fa9-140340797731584","trial_id":3,"param_name":"gy","param_value_internal":0,"distribution":"{\"name\": \"CategoricalDistribution\", \"attributes\": {\"choices\": [1, 2, 4, 8]}}"}
{"op_code":5,"worker_id":"089fe488-0e93-4469-8e80-8ca7cc582fa9-140340797731584","trial_id":3,"param_name":"sub","param_value_internal":1,"distribution":"{\"name\": \"CategoricalDistribution\", \"attributes\": {\"choices\": [32, 64]}}"}
{"op_code":6,"worker_id":"089fe488-0e93-4469-8e80-8ca7cc582fa9-140340797731584","trial_id":3,"state":2,"values":null,"datetime_complete":"2026-07-23T19:54:50.895480"}
{"op_code":4,"worker_id":"089fe488-0e93-4469-8e80-8ca7cc582fa9-140340797731584","study_id":0,"datetime_start":"2026-07-23T19:54:50.900211"}
{"op_code":5,"worker_id":"089fe488-0e93-4469-8e80-8ca7cc582fa9-140340797731584","trial_id":4,"param_name":"m","param_value_internal":2,"distribution":"{\"name\": \"CategoricalDistribution\", \"attributes\": {\"choices\": [16, 32, 64, 128, 256]}}"}
{"op_code":5,"worker_id":"089fe488-0e93-4469-8e80-8ca7cc582fa9-140340797731584","trial_id":4,"param_name":"n","param_value_internal":4,"distribution":"{\"name\": \"CategoricalDistribution\", \"attributes\": {\"choices\": [16, 32, 64, 128, 256]}}"}
{"op_code":5,"worker_id":"089fe488-0e93-4469-8e80-8ca7cc582fa9-140340797731584","trial_id":4,"param_name":"k","param_value_internal":0,"distribution":"{\"name\": \"CategoricalDistribution\", \"attributes\": {\"choices\": [16, 32, 64, 128]}}"}
{"op_code":5,"worker_id":"089fe488-0e93-4469-8e80-8ca7cc582fa9-140340797731584","trial_id":4,"param_name":"gx","param_value_internal":3,"distribution":"{\"name\": \"CategoricalDistribution\", \"attributes\": {\"choices\": [1, 2, 4, 8]}}"}
{"op_code":5,"worker_id":"089fe488-0e93-4469-8e80-8ca7cc582fa9-140340797731584","trial_id":4,"param_name":"gy","param_value_internal":1,"distribution":"{\"name\": \"CategoricalDistribution\", \"attributes\": {\"choices\": [1, 2, 4, 8]}}"}
{"op_code":5,"worker_id":"089fe488-0e93-4469-8e80-8ca7cc582fa9-140340797731584","trial_id":4,"param_name":"sub","param_value_internal":0,"distribution":"{\"name\": \"CategoricalDistribution\", \"attributes\": {\"choices\": [32, 64]}}"}
{"op_code":6,"worker_id":"089fe488-0e93-4469-8e80-8ca7cc582fa9-140340797731584","trial_id":4,"state":2,"values":null,"datetime_complete":"2026-07-23T19:54:50.932787"}
{"op_code":4,"worker_id":"089fe488-0e93-4469-8e80-8ca7cc582fa9-140340797731584","study_id":0,"datetime_start":"2026-07-23T19:54:50.937391"}
{"op_code":5,"worker_id":"089fe488-0e93-4469-8e80-8ca7cc582fa9-140340797731584","trial_id":5,"param_name":"m","param_value_internal":4,"distribution":"{\"name\": \"CategoricalDistribution\", \"attributes\": {\"choices\": [16, 32, 64, 128, 256]}}"}
{"op_code":5,"worker_id":"089fe488-0e93-4469-8e80-8ca7cc582fa9-140340797731584","trial_id":5,"param_name":"n","param_value_internal":3,"distribution":"{\"name\": \"CategoricalDistribution\", \"attributes\": {\"choices\": [16, 32, 64, 128, 256]}}"}
{"op_code":5,"worker_id":"089fe488-0e93-4469-8e80-8ca7cc582fa9-140340797731584","trial_id":5,"param_name":"k","param_value_internal":2,"distribution":"{\"name\": \"CategoricalDistribution\", \"attributes\": {\"choices\": [16, 32, 64, 128]}}"}
{"op_code":5,"worker_id":"089fe488-0e93-4469-8e80-8ca7cc582fa9-140340797731584","trial_id":5,"param_name":"gx","param_value_internal":2,"distribution":"{\"name\": \"CategoricalDistribution\", \"attributes\": {\"choices\": [1, 2, 4, 8]}}"}
{"op_code":5,"worker_id":"089fe488-0e93-4469-8e80-8ca7cc582fa9-140340797731584","trial_id":5,"param_name":"gy","param_value_internal":2,"distribution":"{\"name\": \"CategoricalDistribution\", \"attributes\": {\"choices\": [1, 2, 4, 8]}}"}
{"op_code":5,"worker_id":"089fe488-0e93-4469-8e80-8ca7cc582fa9-140340797731584","trial_id":5,"param_name":"sub","param_value_internal":0,"distribution":"{\"name\": \"CategoricalDistribution\", \"attributes\": {\"choices\": [32, 64]}}"}
{"op_code":6,"worker_id":"089fe488-0e93-4469-8e80-8ca7cc582fa9-140340797731584","trial_id":5,"state":2,"values":null,"datetime_complete":"2026-07-23T19:54:50.970451"}
{"op_code":4,"worker_id":"089fe488-0e93-4469-8e80-8ca7cc582fa9-140340797731584","study_id":0,"datetime_start":"2026-07-23T19:54:50.975307"}
{"op_code":5,"worker_id":"089fe488-0e93-4469-8e80-8ca7cc582fa9-140340797731584","trial_id":6,"param_name":"m","param_value_internal":2,"distribution":"{\"name\": \"CategoricalDistribution\", \"attributes\": {\"choices\": [16, 32, 64, 128, 256]}}"}
{"op_code":5,"worker_id":"089fe488-0e93-4469-8e80-8ca7cc582fa9-140340797731584","trial_id":6,"param_name":"n","param_value_internal":2,"distribution":"{\"name\": \"CategoricalDistribution\", \"attributes\": {\"choices\": [16, 32, 64, 128, 256]}}"}
{"op_code":5,"worker_id":"089fe488-0e93-4469-8e80-8ca7cc582fa9-140340797731584","trial_id":6,"param_name":"k","param_value_internal":3,"distribution":"{\"name\": \"CategoricalDistribution\", \"attributes\": {\"choices\": [16, 32, 64, 128]}}"}
{"op_code":5,"worker_id":"089fe488-0e93-4469-8e80-8ca7cc582fa9-140340797731584","trial_id":6,"param_name":"gx","param_value_internal":2,"distribution":"{\"name\": \"CategoricalDistribution\", \"attributes\": {\"choices\": [1, 2, 4, 8]}}"}
{"op_code":5,"worker_id":"089fe488-0e93-4469-8e80-8ca7cc582fa9-140340797731584","trial_id":6,"param_name":"gy","param_value_internal":2,"distribution":"{\"name\": \"CategoricalDistribution\", \"attributes\": {\"choices\": [1, 2, 4, 8]}}"}
{"op_code":5,"worker_id":"089fe488-0e93-4469-8e80-8ca7cc582fa9-140340797731584","trial_id":6,"param_name":"sub","param_value_internal":1,"distribution":"{\"name\": \"CategoricalDistribution\", \"attributes\": {\"choices\": [32, 64]}}"}
{"op_code":6,"worker_id":"089fe488-0e93-4469-8e80-8ca7cc582fa9-140340797731584","trial_id":6,"state":2,"values":null,"datetime_complete":"2026-07-23T19:54:51.008313"}
{"op_code":4,"worker_id":"089fe488-0e93-4469-8e80-8ca7cc582fa9-140340797731584","study_id":0,"datetime_start":"2026-07-23T19:54:51.012924"}
{"op_code":5,"worker_id":"089fe488-0e93-4469-8e80-8ca7cc582fa9-140340797731584","trial_id":7,"param_name":"m","param_value_internal":4,"distribution":"{\"name\": \"CategoricalDistribution\", \"attributes\": {\"choices\": [16, 32, 64, 128, 256]}}"}
{"op_code":5,"worker_id":"089fe488-0e93-4469-8e80-8ca7cc582fa9-140340797731584","trial_id":7,"param_name":"n","param_value_internal":2,"distribution":"{\"name\": \"CategoricalDistribution\", \"attributes\": {\"choices\": [16, 32, 64, 128, 256]}}"}
{"op_code":5,"worker_id":"089fe488-0e93-4469-8e80-8ca7cc582fa9-140340797731584","trial_id":7,"param_name":"k","param_value_internal":3,"distribution":"{\"name\": \"CategoricalDistribution\", \"attributes\": {\"choices\": [16, 32, 64, 128]}}"}
{"op_code":5,"worker_id":"089fe488-0e93-4469-8e80-8ca7cc582fa9-140340797731584","trial_id":7,"param_name":"gx","param_value_internal":0,"distribution":"{\"name\": \"CategoricalDistribution\", \"attributes\": {\"choices\": [1, 2, 4, 8]}}"}
{"op_code":5,"worker_id":"089fe488-0e93-4469-8e80-8ca7cc582fa9-140340797731584","trial_id":7,"param_name":"gy","param_value_internal":1,"distribution":"{\"name\": \"CategoricalDistribution\", \"attributes\": {\"choices\": [1, 2, 4, 8]}}"}
{"op_code":5,"worker_id":"089fe488-0e93-4469-8e80-8ca7cc582fa9-140340797731584","trial_id":7,"param_name":"sub","param_value_internal":1,"distribution":"{\"name\": \"CategoricalDistribution\", \"attributes\": {\"choices\": [32, 64]}}"}
{"op_code":6,"worker_id":"089fe488-0e93-4469-8e80-8ca7cc582fa9-140340797731584","trial_id":7,"state":2,"values":null,"datetime_complete":"2026-07-23T19:54:51.045417"}
{"op_code":4,"worker_id":"089fe488-0e93-4469-8e80-8ca7cc582fa9-140340797731584","study_id":0,"datetime_start":"2026-07-23T19:54:51.050171"}
{"op_code":5,"worker_id":"089fe488-0e93-4469-8e80-8ca7cc582fa9-140340797731584","trial_id":8,"param_name":"m","param_value_internal":4,"distribution":"{\"name\": \"CategoricalDistribution\", \"attributes\": {\"choices\": [16, 32, 64, 128, 256]}}"}
{"op_code":5,"worker_id":"089fe488-0e93-4469-8e80-8ca7cc582fa9-140340797731584","trial_id":8,"param_name":"n","param_value_internal":1,"distribution":"{\"name\": \"CategoricalDistribution\", \"attributes\": {\"choices\": [16, 32, 64, 128, 256]}}"}
{"op_code":5,"worker_id":"089fe488-0e93-4469-8e80-8ca7cc582fa9-140340797731584","trial_id":8,"param_name":"k","param_value_internal":2,"distribution":"{\"name\": \"CategoricalDistribution\", \"attributes\": {\"choices\": [16, 32, 64, 128]}}"}
{"op_code":5,"worker_id":"089fe488-0e93-4469-8e80-8ca7cc582fa9-140340797731584","trial_id":8,"param_name":"gx","param_value_internal":1,"distribution":"{\"name\": \"CategoricalDistribution\", \"attributes\": {\"choices\": [1, 2, 4, 8]}}"}
{"op_code":5,"worker_id":"089fe488-0e93-4469-8e80-8ca7cc582fa9-140340797731584","trial_id":8,"param_name":"gy","param_value_internal":0,"distribution":"{\"name\": \"CategoricalDistribution\", \"attributes\": {\"choices\": [1, 2, 4, 8]}}"}
{"op_code":5,"worker_id":"089fe488-0e93-4469-8e80-8ca7cc582fa9-140340797731584","trial_id":8,"param_name":"sub","param_value_internal":1,"distribution":"{\"name\": \"CategoricalDistribution\", \"attributes\": {\"choices\": [32, 64]}}"}
{"op_code":6,"worker_id":"089fe488-0e93-4469-8e80-8ca7cc582fa9-140340797731584","trial_id":8,"state":2,"values":null,"datetime_complete":"2026-07-23T19:54:51.082550"}
{"op_code":4,"worker_id":"089fe488-0e93-4469-8e80-8ca7cc582fa9-140340797731584","study_id":0,"datetime_start":"2026-07-23T19:54:51.087134"}
{"op_code":5,"worker_id":"089fe488-0e93-4469-8e80-8ca7cc582fa9-140340797731584","trial_id":9,"param_name":"m","param_value_internal":1,"distribution":"{\"name\": \"CategoricalDistribution\", \"attributes\": {\"choices\": [16, 32, 64, 128, 256]}}"}
{"op_code":5,"worker_id":"089fe488-0e93-4469-8e80-8ca7cc582fa9-140340797731584","trial_id":9,"param_name":"n","param_value_internal":1,"distribution":"{\"name\": \"CategoricalDistribution\", \"attributes\": {\"choices\": [16, 32, 64, 128, 256]}}"}
{"op_code":5,"worker_id":"089fe488-0e93-4469-8e80-8ca7cc582fa9-140340797731584","trial_id":9,"param_name":"k","param_value_internal":1,"distribution":"{\"name\": \"CategoricalDistribution\", \"attributes\": {\"choices\": [16, 32, 64, 128]}}"}
{"op_code":5,"worker_id":"089fe488-0e93-4469-8e80-8ca7cc582fa9-140340797731584","trial_id":9,"param_name":"gx","param_value_internal":2,"distribution":"{\"name\": \"CategoricalDistribution\", \"attributes\": {\"choices\": [1, 2, 4, 8]}}"}
{"op_code":5,"worker_id":"089fe488-0e93-4469-8e80-8ca7cc582fa9-140340797731584","trial_id":9,"param_name":"gy","param_value_internal":1,"distribution":"{\"name\": \"CategoricalDistribution\", \"attributes\": {\"choices\": [1, 2, 4, 8]}}"}
{"op_code":5,"worker_id":"089fe488-0e93-4469-8e80-8ca7cc582fa9-140340797731584","trial_id":9,"param_name":"sub","param_value_internal":0,"distribution":"{\"name\": \"CategoricalDistribution\", \"attributes\": {\"choices\": [32, 64]}}"}
{"op_code":6,"worker_id":"089fe488-0e93-4469-8e80-8ca7cc582fa9-140340797731584","trial_id":9,"state":2,"values":null,"datetime_complete":"2026-07-23T19:54:51.121703"}
{"op_code":4,"worker_id":"089fe488-0e93-4469-8e80-8ca7cc582fa9-140340797731584","study_id":0,"datetime_start":"2026-07-23T19:54:51.126765"}
{"op_code":5,"worker_id":"089fe488-0e93-4469-8e80-8ca7cc582fa9-140340797731584","trial_id":10,"param_name":"m","param_value_internal":3,"distribution":"{\"name\": \"CategoricalDistribution\", \"attributes\": {\"choices\": [16, 32, 64, 128, 256]}}"}
{"op_code":5,"worker_id":"089fe488-0e93-4469-8e80-8ca7cc582fa9-140340797731584","trial_id":10,"param_name":"n","param_value_internal":0,"distribution":"{\"name\": \"CategoricalDistribution\", \"attributes\": {\"choices\": [16, 32, 64, 128, 256]}}"}
{"op_code":5,"worker_id":"089fe488-0e93-4469-8e80-8ca7cc582fa9-140340797731584","trial_id":10,"param_name":"k","param_value_internal":2,"distribution":"{\"name\": \"CategoricalDistribution\", \"attributes\": {\"choices\": [16, 32, 64, 128]}}"}
{"op_code":5,"worker_id":"089fe488-0e93-4469-8e80-8ca7cc582fa9-140340797731584","trial_id":10,"param_name":"gx","param_value_internal":3,"distribution":"{\"name\": \"CategoricalDistribution\", \"attributes\": {\"choices\": [1, 2, 4, 8]}}"}
{"op_code":5,"worker_id":"089fe488-0e93-4469-8e80-8ca7cc582fa9-140340797731584","trial_id":10,"param_name":"gy","param_value_internal":2,"distribution":"{\"name\": \"CategoricalDistribution\", \"attributes\": {\"choices\": [1, 2, 4, 8]}}"}
{"op_code":5,"worker_id":"089fe488-0e93-4469-8e80-8ca7cc582fa9-140340797731584","trial_id":10,"param_name":"sub","param_value_internal":0,"distribution":"{\"name\": \"CategoricalDistribution\", \"attributes\": {\"choices\": [32, 64]}}"}
{"op_code":6,"worker_id":"089fe488-0e93-4469-8e80-8ca7cc582fa9-140340797731584","trial_id":10,"state":2,"values":null,"datetime_complete":"2026-07-23T19:54:51.159259"}
{"op_code":4,"worker_id":"089fe488-0e93-4469-8e80-8ca7cc582fa9-140340797731584","study_id":0,"datetime_start":"2026-07-23T19:54:51.163894"}
{"op_code":5,"worker_id":"089fe488-0e93-4469-8e80-8ca7cc582fa9-140340797731584","trial_id":11,"param_name":"m","param_value_internal":0,"distribution":"{\"name\": \"CategoricalDistribution\", \"attributes\": {\"choices\": [16, 32, 64, 128, 256]}}"}
{"op_code":5,"worker_id":"089fe488-0e93-4469-8e80-8ca7cc582fa9-140340797731584","trial_id":11,"param_name":"n","param_value_internal":1,"distribution":"{\"name\": \"CategoricalDistribution\", \"attributes\": {\"choices\": [16, 32, 64, 128, 256]}}"}
{"op_code":5,"worker_id":"089fe488-0e93-4469-8e80-8ca7cc582fa9-140340797731584","trial_id":11,"param_name":"k","param_value_internal":3,"distribution":"{\"name\": \"CategoricalDistribution\", \"attributes\": {\"choices\": [16, 32, 64, 128]}}"}
{"op_code":5,"worker_id":"089fe488-0e93-4469-8e80-8ca7cc582fa9-140340797731584","trial_id":11,"param_name":"gx","param_value_internal":0,"distribution":"{\"name\": \"CategoricalDistribution\", \"attributes\": {\"choices\": [1, 2, 4, 8]}}"}
{"op_code":5,"worker_id":"089fe488-0e93-4469-8e80-8ca7cc582fa9-140340797731584","trial_id":11,"param_name":"gy","param_value_internal":3,"distribution":"{\"name\": \"CategoricalDistribution\", \"attributes\": {\"choices\": [1, 2, 4, 8]}}"}
{"op_code":5,"worker_id":"089fe488-0e93-4469-8e80-8ca7cc582fa9-140340797731584","trial_id":11,"param_name":"sub","param_value_internal":0,"distribution":"{\"name\": \"CategoricalDistribution\", \"attributes\": {\"choices\": [32, 64]}}"}
{"op_code":6,"worker_id":"089fe488-0e93-4469-8e80-8ca7cc582fa9-140340797731584","trial_id":11,"state":2,"values":null,"datetime_complete":"2026-07-23T19:54:51.196716"}
{"op_code":4,"worker_id":"089fe488-0e93-4469-8e80-8ca7cc582fa9-140340797731584","study_id":0,"datetime_start":"2026-07-23T19:54:51.201933"}
{"op_code":9,"worker_id":"089fe488-0e93-4469-8e80-8ca7cc582fa9-140340797731584","trial_id":12,"system_attr":{"tpe:relative_params:0":"{\"gx\": 4, \"gy\": 1, \"k\": 16, \"m\": 64, \"n\": 128, \"sub\": 32}"}}
{"op_code":5,"worker_id":"089fe488-0e93-4469-8e80-8ca7cc582fa9-140340797731584","trial_id":12,"param_name":"m","param_value_internal":2,"distribution":"{\"name\": \"CategoricalDistribution\", \"attributes\": {\"choices\": [16, 32, 64, 128, 256]}}"}
{"op_code":5,"worker_id":"089fe488-0e93-4469-8e80-8ca7cc582fa9-140340797731584","trial_id":12,"param_name":"n","param_value_internal":3,"distribution":"{\"name\": \"CategoricalDistribution\", \"attributes\": {\"choices\": [16, 32, 64, 128, 256]}}"}
{"op_code":5,"worker_id":"089fe488-0e93-4469-8e80-8ca7cc582fa9-140340797731584","trial_id":12,"param_name":"k","param_value_internal":0,"distribution":"{\"name\": \"CategoricalDistribution\", \"attributes\": {\"choices\": [16, 32, 64, 128]}}"}
{"op_code":5,"worker_id":"089fe488-0e93-4469-8e80-8ca7cc582fa9-140340797731584","trial_id":12,"param_name":"gx","param_value_internal":2,"distribution":"{\"name\": \"CategoricalDistribution\", \"attributes\": {\"choices\": [1, 2, 4, 8]}}"}
{"op_code":5,"worker_id":"089fe488-0e93-4469-8e80-8ca7cc582fa9-140340797731584","trial_id":12,"param_name":"gy","param_value_internal":0,"distribution":"{\"name\": \"CategoricalDistribution\", \"attributes\": {\"choices\": [1, 2, 4, 8]}}"}
{"op_code":5,"worker_id":"089fe488-0e93-4469-8e80-8ca7cc582fa9-140340797731584","trial_id":12,"param_name":"sub","param_value_internal":0,"distribution":"{\"name\": \"CategoricalDistribution\", \"attributes\": {\"choices\": [32, 64]}}"}
{"op_code":8,"worker_id":"089fe488-0e93-4469-8e80-8ca7cc582fa9-140340797731584","trial_id":12,"user_attr":{"token":"tsweep_t64x128k16g41s32"}}
{"op_code":4,"worker_id":"089fe488-0e93-4469-8e80-8ca7cc582fa9-140340797731584","study_id":0,"datetime_start":"2026-07-23T19:54:51.244763"}
{"op_code":9,"worker_id":"089fe488-0e93-4469-8e80-8ca7cc582fa9-140340797731584","trial_id":13,"system_attr":{"tpe:relative_params:0":"{\"gx\": 8, \"gy\": 4, \"k\": 128, \"m\": 64, \"n\": 128, \"sub\": 32}"}}
{"op_code":5,"worker_id":"089fe488-0e93-4469-8e80-8ca7cc582fa9-140340797731584","trial_id":13,"param_name":"m","param_value_internal":2,"distribution":"{\"name\": \"CategoricalDistribution\", \"attributes\": {\"choices\": [16, 32, 64, 128, 256]}}"}
{"op_code":5,"worker_id":"089fe488-0e93-4469-8e80-8ca7cc582fa9-140340797731584","trial_id":13,"param_name":"n","param_value_internal":3,"distribution":"{\"name\": \"CategoricalDistribution\", \"attributes\": {\"choices\": [16, 32, 64, 128, 256]}}"}
{"op_code":5,"worker_id":"089fe488-0e93-4469-8e80-8ca7cc582fa9-140340797731584","trial_id":13,"param_name":"k","param_value_internal":3,"distribution":"{\"name\": \"CategoricalDistribution\", \"attributes\": {\"choices\": [16, 32, 64, 128]}}"}
{"op_code":5,"worker_id":"089fe488-0e93-4469-8e80-8ca7cc582fa9-140340797731584","trial_id":13,"param_name":"gx","param_value_internal":3,"distribution":"{\"name\": \"CategoricalDistribution\", \"attributes\": {\"choices\": [1, 2, 4, 8]}}"}
{"op_code":5,"worker_id":"089fe488-0e93-4469-8e80-8ca7cc582fa9-140340797731584","trial_id":13,"param_name":"gy","param_value_internal":2,"distribution":"{\"name\": \"CategoricalDistribution\", \"attributes\": {\"choices\": [1, 2, 4, 8]}}"}
{"op_code":5,"worker_id":"089fe488-0e93-4469-8e80-8ca7cc582fa9-140340797731584","trial_id":13,"param_name":"sub","param_value_internal":0,"distribution":"{\"name\": \"CategoricalDistribution\", \"attributes\": {\"choices\": [32, 64]}}"}
{"op_code":6,"worker_id":"089fe488-0e93-4469-8e80-8ca7cc582fa9-140340797731584","trial_id":13,"state":2,"values":null,"datetime_complete":"2026-07-23T19:54:51.282762"}
{"op_code":4,"worker_id":"089fe488-0e93-4469-8e80-8ca7cc582fa9-140340797731584","study_id":0,"datetime_start":"2026-07-23T19:54:51.287420"}
{"op_code":9,"worker_id":"089fe488-0e93-4469-8e80-8ca7cc582fa9-140340797731584","trial_id":14,"system_attr":{"tpe:relative_params:0":"{\"gx\": 8, \"gy\": 4, \"k\": 16, \"m\": 64, \"n\": 128, \"sub\": 64}"}}
{"op_code":5,"worker_id":"089fe488-0e93-4469-8e80-8ca7cc582fa9-140340797731584","trial_id":14,"param_name":"m","param_value_internal":2,"distribution":"{\"name\": \"CategoricalDistribution\", \"attributes\": {\"choices\": [16, 32, 64, 128, 256]}}"}
{"op_code":5,"worker_id":"089fe488-0e93-4469-8e80-8ca7cc582fa9-140340797731584","trial_id":14,"param_name":"n","param_value_internal":3,"distribution":"{\"name\": \"CategoricalDistribution\", \"attributes\": {\"choices\": [16, 32, 64, 128, 256]}}"}
{"op_code":5,"worker_id":"089fe488-0e93-4469-8e80-8ca7cc582fa9-140340797731584","trial_id":14,"param_name":"k","param_value_internal":0,"distribution":"{\"name\": \"CategoricalDistribution\", \"attributes\": {\"choices\": [16, 32, 64, 128]}}"}
{"op_code":5,"worker_id":"089fe488-0e93-4469-8e80-8ca7cc582fa9-140340797731584","trial_id":14,"param_name":"gx","param_value_internal":3,"distribution":"{\"name\": \"CategoricalDistribution\", \"attributes\": {\"choices\": [1, 2, 4, 8]}}"}
{"op_code":5,"worker_id":"089fe488-0e93-4469-8e80-8ca7cc582fa9-140340797731584","trial_id":14,"param_name":"gy","param_value_internal":2,"distribution":"{\"name\": \"CategoricalDistribution\", \"attributes\": {\"choices\": [1, 2, 4, 8]}}"}
{"op_code":5,"worker_id":"089fe488-0e93-4469-8e80-8ca7cc582fa9-140340797731584","trial_id":14,"param_name":"sub","param_value_internal":1,"distribution":"{\"name\": \"CategoricalDistribution\", \"attributes\": {\"choices\": [32, 64]}}"}
{"op_code":6,"worker_id":"089fe488-0e93-4469-8e80-8ca7cc582fa9-140340797731584","trial_id":14,"state":2,"values":null,"datetime_complete":"2026-07-23T19:54:51.328530"}
{"op_code":4,"worker_id":"089fe488-0e93-4469-8e80-8ca7cc582fa9-140340797731584","study_id":0,"datetime_start":"2026-07-23T19:54:51.332980"}
{"op_code":9,"worker_id":"089fe488-0e93-4469-8e80-8ca7cc582fa9-140340797731584","trial_id":15,"system_attr":{"tpe:relative_params:0":"{\"gx\": 4, \"gy\": 1, \"k\": 64, \"m\": 16, \"n\": 32, \"sub\": 64}"}}
{"op_code":5,"worker_id":"089fe488-0e93-4469-8e80-8ca7cc582fa9-140340797731584","trial_id":15,"param_name":"m","param_value_internal":0,"distribution":"{\"name\": \"CategoricalDistribution\", \"attributes\": {\"choices\": [16, 32, 64, 128, 256]}}"}
{"op_code":5,"worker_id":"089fe488-0e93-4469-8e80-8ca7cc582fa9-140340797731584","trial_id":15,"param_name":"n","param_value_internal":1,"distribution":"{\"name\": \"CategoricalDistribution\", \"attributes\": {\"choices\": [16, 32, 64, 128, 256]}}"}
{"op_code":5,"worker_id":"089fe488-0e93-4469-8e80-8ca7cc582fa9-140340797731584","trial_id":15,"param_name":"k","param_value_internal":2,"distribution":"{\"name\": \"CategoricalDistribution\", \"attributes\": {\"choices\": [16, 32, 64, 128]}}"}
{"op_code":5,"worker_id":"089fe488-0e93-4469-8e80-8ca7cc582fa9-140340797731584","trial_id":15,"param_name":"gx","param_value_internal":2,"distribution":"{\"name\": \"CategoricalDistribution\", \"attributes\": {\"choices\": [1, 2, 4, 8]}}"}
{"op_code":5,"worker_id":"089fe488-0e93-4469-8e80-8ca7cc582fa9-140340797731584","trial_id":15,"param_name":"gy","param_value_internal":0,"distribution":"{\"name\": \"CategoricalDistribution\", \"attributes\": {\"choices\": [1, 2, 4, 8]}}"}
{"op_code":5,"worker_id":"089fe488-0e93-4469-8e80-8ca7cc582fa9-140340797731584","trial_id":15,"param_name":"sub","param_value_internal":1,"distribution":"{\"name\": \"CategoricalDistribution\", \"attributes\": {\"choices\": [32, 64]}}"}
{"op_code":6,"worker_id":"089fe488-0e93-4469-8e80-8ca7cc582fa9-140340797731584","trial_id":15,"state":2,"values":null,"datetime_complete":"2026-07-23T19:54:51.369239"}
{"op_code":4,"worker_id":"089fe488-0e93-4469-8e80-8ca7cc582fa9-140340797731584","study_id":0,"datetime_start":"2026-07-23T19:54:51.373837"}
{"op_code":9,"worker_id":"089fe488-0e93-4469-8e80-8ca7cc582fa9-140340797731584","trial_id":16,"system_attr":{"tpe:relative_params:0":"{\"gx\": 8, \"gy\": 4, \"k\": 16, \"m\": 16, \"n\": 128, \"sub\": 32}"}}
{"op_code":5,"worker_id":"089fe488-0e93-4469-8e80-8ca7cc582fa9-140340797731584","trial_id":16,"param_name":"m","param_value_internal":0,"distribution":"{\"name\": \"CategoricalDistribution\", \"attributes\": {\"choices\": [16, 32, 64, 128, 256]}}"}
{"op_code":5,"worker_id":"089fe488-0e93-4469-8e80-8ca7cc582fa9-140340797731584","trial_id":16,"param_name":"n","param_value_internal":3,"distribution":"{\"name\": \"CategoricalDistribution\", \"attributes\": {\"choices\": [16, 32, 64, 128, 256]}}"}
{"op_code":5,"worker_id":"089fe488-0e93-4469-8e80-8ca7cc582fa9-140340797731584","trial_id":16,"param_name":"k","param_value_internal":0,"distribution":"{\"name\": \"CategoricalDistribution\", \"attributes\": {\"choices\": [16, 32, 64, 128]}}"}
{"op_code":5,"worker_id":"089fe488-0e93-4469-8e80-8ca7cc582fa9-140340797731584","trial_id":16,"param_name":"gx","param_value_internal":3,"distribution":"{\"name\": \"CategoricalDistribution\", \"attributes\": {\"choices\": [1, 2, 4, 8]}}"}
{"op_code":5,"worker_id":"089fe488-0e93-4469-8e80-8ca7cc582fa9-140340797731584","trial_id":16,"param_name":"gy","param_value_internal":2,"distribution":"{\"name\": \"CategoricalDistribution\", \"attributes\": {\"choices\": [1, 2, 4, 8]}}"}
{"op_code":5,"worker_id":"089fe488-0e93-4469-8e80-8ca7cc582fa9-140340797731584","trial_id":16,"param_name":"sub","param_value_internal":0,"distribution":"{\"name\": \"CategoricalDistribution\", \"attributes\": {\"choices\": [32, 64]}}"}
{"op_code":6,"worker_id":"089fe488-0e93-4469-8e80-8ca7cc582fa9-140340797731584","trial_id":16,"state":2,"values":null,"datetime_complete":"2026-07-23T19:54:51.411094"}
{"op_code":4,"worker_id":"089fe488-0e93-4469-8e80-8ca7cc582fa9-140340797731584","study_id":0,"datetime_start":"2026-07-23T19:54:51.415638"}
{"op_code":9,"worker_id":"089fe488-0e93-4469-8e80-8ca7cc582fa9-140340797731584","trial_id":17,"system_attr":{"tpe:relative_params:0":"{\"gx\": 4, \"gy\": 2, \"k\": 32, \"m\": 16, \"n\": 128, \"sub\": 64}"}}
{"op_code":5,"worker_id":"089fe488-0e93-4469-8e80-8ca7cc582fa9-140340797731584","trial_id":17,"param_name":"m","param_value_internal":0,"distribution":"{\"name\": \"CategoricalDistribution\", \"attributes\": {\"choices\": [16, 32, 64, 128, 256]}}"}
{"op_code":5,"worker_id":"089fe488-0e93-4469-8e80-8ca7cc582fa9-140340797731584","trial_id":17,"param_name":"n","param_value_internal":3,"distribution":"{\"name\": \"CategoricalDistribution\", \"attributes\": {\"choices\": [16, 32, 64, 128, 256]}}"}
{"op_code":5,"worker_id":"089fe488-0e93-4469-8e80-8ca7cc582fa9-140340797731584","trial_id":17,"param_name":"k","param_value_internal":1,"distribution":"{\"name\": \"CategoricalDistribution\", \"attributes\": {\"choices\": [16, 32, 64, 128]}}"}
{"op_code":5,"worker_id":"089fe488-0e93-4469-8e80-8ca7cc582fa9-140340797731584","trial_id":17,"param_name":"gx","param_value_internal":2,"distribution":"{\"name\": \"CategoricalDistribution\", \"attributes\": {\"choices\": [1, 2, 4, 8]}}"}
{"op_code":5,"worker_id":"089fe488-0e93-4469-8e80-8ca7cc582fa9-140340797731584","trial_id":17,"param_name":"gy","param_value_internal":1,"distribution":"{\"name\": \"CategoricalDistribution\", \"attributes\": {\"choices\": [1, 2, 4, 8]}}"}
{"op_code":5,"worker_id":"089fe488-0e93-4469-8e80-8ca7cc582fa9-140340797731584","trial_id":17,"param_name":"sub","param_value_internal":1,"distribution":"{\"name\": \"CategoricalDistribution\", \"attributes\": {\"choices\": [32, 64]}}"}
{"op_code":6,"worker_id":"089fe488-0e93-4469-8e80-8ca7cc582fa9-140340797731584","trial_id":17,"state":2,"values":null,"datetime_complete":"2026-07-23T19:54:51.452827"}
{"op_code":4,"worker_id":"089fe488-0e93-4469-8e80-8ca7cc582fa9-140340797731584","study_id":0,"datetime_start":"2026-07-23T19:54:51.457667"}
{"op_code":9,"worker_id":"089fe488-0e93-4469-8e80-8ca7cc582fa9-140340797731584","trial_id":18,"system_attr":{"tpe:relative_params:0":"{\"gx\": 8, \"gy\": 2, \"k\": 64, \"m\": 16, \"n\": 16, \"sub\": 64}"}}
{"op_code":5,"worker_id":"089fe488-0e93-4469-8e80-8ca7cc582fa9-140340797731584","trial_id":18,"param_name":"m","param_value_internal":0,"distribution":"{\"name\": \"CategoricalDistribution\", \"attributes\": {\"choices\": [16, 32, 64, 128, 256]}}"}
{"op_code":5,"worker_id":"089fe488-0e93-4469-8e80-8ca7cc582fa9-140340797731584","trial_id":18,"param_name":"n","param_value_internal":0,"distribution":"{\"name\": \"CategoricalDistribution\", \"attributes\": {\"choices\": [16, 32, 64, 128, 256]}}"}
{"op_code":5,"worker_id":"089fe488-0e93-4469-8e80-8ca7cc582fa9-140340797731584","trial_id":18,"param_name":"k","param_value_internal":2,"distribution":"{\"name\": \"CategoricalDistribution\", \"attributes\": {\"choices\": [16, 32, 64, 128]}}"}
{"op_code":5,"worker_id":"089fe488-0e93-4469-8e80-8ca7cc582fa9-140340797731584","trial_id":18,"param_name":"gx","param_value_internal":3,"distribution":"{\"name\": \"CategoricalDistribution\", \"attributes\": {\"choices\": [1, 2, 4, 8]}}"}
{"op_code":5,"worker_id":"089fe488-0e93-4469-8e80-8ca7cc582fa9-140340797731584","trial_id":18,"param_name":"gy","param_value_internal":1,"distribution":"{\"name\": \"CategoricalDistribution\", \"attributes\": {\"choices\": [1, 2, 4, 8]}}"}
{"op_code":5,"worker_id":"089fe488-0e93-4469-8e80-8ca7cc582fa9-140340797731584","trial_id":18,"param_name":"sub","param_value_internal":1,"distribution":"{\"name\": \"CategoricalDistribution\", \"attributes\": {\"choices\": [32, 64]}}"}
{"op_code":6,"worker_id":"089fe488-0e93-4469-8e80-8ca7cc582fa9-140340797731584","trial_id":18,"state":2,"values":null,"datetime_complete":"2026-07-23T19:54:51.496473"}
{"op_code":4,"worker_id":"089fe488-0e93-4469-8e80-8ca7cc582fa9-140340797731584","study_id":0,"datetime_start":"2026-07-23T19:54:51.501174"}
{"op_code":9,"worker_id":"089fe488-0e93-4469-8e80-8ca7cc582fa9-140340797731584","trial_id":19,"system_attr":{"tpe:relative_params:0":"{\"gx\": 2, \"gy\": 4, \"k\": 32, \"m\": 64, \"n\": 256, \"sub\": 32}"}}
{"op_code":5,"worker_id":"089fe488-0e93-4469-8e80-8ca7cc582fa9-140340797731584","trial_id":19,"param_name":"m","param_value_internal":2,"distribution":"{\"name\": \"CategoricalDistribution\", \"attributes\": {\"choices\": [16, 32, 64, 128, 256]}}"}
{"op_code":5,"worker_id":"089fe488-0e93-4469-8e80-8ca7cc582fa9-140340797731584","trial_id":19,"param_name":"n","param_value_internal":4,"distribution":"{\"name\": \"CategoricalDistribution\", \"attributes\": {\"choices\": [16, 32, 64, 128, 256]}}"}
{"op_code":5,"worker_id":"089fe488-0e93-4469-8e80-8ca7cc582fa9-140340797731584","trial_id":19,"param_name":"k","param_value_internal":1,"distribution":"{\"name\": \"CategoricalDistribution\", \"attributes\": {\"choices\": [16, 32, 64, 128]}}"}
{"op_code":5,"worker_id":"089fe488-0e93-4469-8e80-8ca7cc582fa9-140340797731584","trial_id":19,"param_name":"gx","param_value_internal":1,"distribution":"{\"name\": \"CategoricalDistribution\", \"attributes\": {\"choices\": [1, 2, 4, 8]}}"}
{"op_code":5,"worker_id":"089fe488-0e93-4469-8e80-8ca7cc582fa9-140340797731584","trial_id":19,"param_name":"gy","param_value_internal":2,"distribution":"{\"name\": \"CategoricalDistribution\", \"attributes\": {\"choices\": [1, 2, 4, 8]}}"}
{"op_code":5,"worker_id":"089fe488-0e93-4469-8e80-8ca7cc582fa9-140340797731584","trial_id":19,"param_name":"sub","param_value_internal":0,"distribution":"{\"name\": \"CategoricalDistribution\", \"attributes\": {\"choices\": [32, 64]}}"}
{"op_code":8,"worker_id":"089fe488-0e93-4469-8e80-8ca7cc582fa9-140340797731584","trial_id":19,"user_attr":{"token":"tsweep_t64x256k32g24s32"}}
{"op_code":6,"worker_id":"089fe488-0e93-4469-8e80-8ca7cc582fa9-140340797731584","trial_id":0,"state":1,"values":[1995.13],"datetime_complete":"2026-07-23T19:55:06.869810"}
{"op_code":6,"worker_id":"089fe488-0e93-4469-8e80-8ca7cc582fa9-140340797731584","trial_id":1,"state":1,"values":[1758.6950000000002],"datetime_complete":"2026-07-23T19:55:19.032142"}
{"op_code":6,"worker_id":"089fe488-0e93-4469-8e80-8ca7cc582fa9-140340797731584","trial_id":12,"state":1,"values":[1742.275],"datetime_complete":"2026-07-23T19:55:31.241121"}
{"op_code":6,"worker_id":"089fe488-0e93-4469-8e80-8ca7cc582fa9-140340797731584","trial_id":19,"state":2,"values":null,"datetime_complete":"2026-07-23T19:55:36.135473"}
{"op_code":4,"worker_id":"089fe488-0e93-4469-8e80-8ca7cc582fa9-140340797731584","study_id":0,"datetime_start":"2026-07-23T19:55:36.195475"}
{"op_code":9,"worker_id":"089fe488-0e93-4469-8e80-8ca7cc582fa9-140340797731584","trial_id":20,"system_attr":{"tpe:relative_params:0":"{\"gx\": 2, \"gy\": 2, \"k\": 16, \"m\": 128, \"n\": 64, \"sub\": 32}"}}
{"op_code":5,"worker_id":"089fe488-0e93-4469-8e80-8ca7cc582fa9-140340797731584","trial_id":20,"param_name":"m","param_value_internal":3,"distribution":"{\"name\": \"CategoricalDistribution\", \"attributes\": {\"choices\": [16, 32, 64, 128, 256]}}"}
{"op_code":5,"worker_id":"089fe488-0e93-4469-8e80-8ca7cc582fa9-140340797731584","trial_id":20,"param_name":"n","param_value_internal":2,"distribution":"{\"name\": \"CategoricalDistribution\", \"attributes\": {\"choices\": [16, 32, 64, 128, 256]}}"}
{"op_code":5,"worker_id":"089fe488-0e93-4469-8e80-8ca7cc582fa9-140340797731584","trial_id":20,"param_name":"k","param_value_internal":0,"distribution":"{\"name\": \"CategoricalDistribution\", \"attributes\": {\"choices\": [16, 32, 64, 128]}}"}
{"op_code":5,"worker_id":"089fe488-0e93-4469-8e80-8ca7cc582fa9-140340797731584","trial_id":20,"param_name":"gx","param_value_internal":1,"distribution":"{\"name\": \"CategoricalDistribution\", \"attributes\": {\"choices\": [1, 2, 4, 8]}}"}
{"op_code":5,"worker_id":"089fe488-0e93-4469-8e80-8ca7cc582fa9-140340797731584","trial_id":20,"param_name":"gy","param_value_internal":1,"distribution":"{\"name\": \"CategoricalDistribution\", \"attributes\": {\"choices\": [1, 2, 4, 8]}}"}
{"op_code":5,"worker_id":"089fe488-0e93-4469-8e80-8ca7cc582fa9-140340797731584","trial_id":20,"param_name":"sub","param_value_internal":0,"distribution":"{\"name\": \"CategoricalDistribution\", \"attributes\": {\"choices\": [32, 64]}}"}
{"op_code":6,"worker_id":"089fe488-0e93-4469-8e80-8ca7cc582fa9-140340797731584","trial_id":20,"state":2,"values":null,"datetime_complete":"2026-07-23T19:55:36.231287"}
{"op_code":4,"worker_id":"089fe488-0e93-4469-8e80-8ca7cc582fa9-140340797731584","study_id":0,"datetime_start":"2026-07-23T19:55:36.235649"}
{"op_code":9,"worker_id":"089fe488-0e93-4469-8e80-8ca7cc582fa9-140340797731584","trial_id":21,"system_attr":{"tpe:relative_params:0":"{\"gx\": 4, \"gy\": 1, \"k\": 16, \"m\": 128, \"n\": 128, \"sub\": 32}"}}
{"op_code":5,"worker_id":"089fe488-0e93-4469-8e80-8ca7cc582fa9-140340797731584","trial_id":21,"param_name":"m","param_value_internal":3,"distribution":"{\"name\": \"CategoricalDistribution\", \"attributes\": {\"choices\": [16, 32, 64, 128, 256]}}"}
{"op_code":5,"worker_id":"089fe488-0e93-4469-8e80-8ca7cc582fa9-140340797731584","trial_id":21,"param_name":"n","param_value_internal":3,"distribution":"{\"name\": \"CategoricalDistribution\", \"attributes\": {\"choices\": [16, 32, 64, 128, 256]}}"}
{"op_code":5,"worker_id":"089fe488-0e93-4469-8e80-8ca7cc582fa9-140340797731584","trial_id":21,"param_name":"k","param_value_internal":0,"distribution":"{\"name\": \"CategoricalDistribution\", \"attributes\": {\"choices\": [16, 32, 64, 128]}}"}
{"op_code":5,"worker_id":"089fe488-0e93-4469-8e80-8ca7cc582fa9-140340797731584","trial_id":21,"param_name":"gx","param_value_internal":2,"distribution":"{\"name\": \"CategoricalDistribution\", \"attributes\": {\"choices\": [1, 2, 4, 8]}}"}
{"op_code":5,"worker_id":"089fe488-0e93-4469-8e80-8ca7cc582fa9-140340797731584","trial_id":21,"param_name":"gy","param_value_internal":0,"distribution":"{\"name\": \"CategoricalDistribution\", \"attributes\": {\"choices\": [1, 2, 4, 8]}}"}
{"op_code":5,"worker_id":"089fe488-0e93-4469-8e80-8ca7cc582fa9-140340797731584","trial_id":21,"param_name":"sub","param_value_internal":0,"distribution":"{\"name\": \"CategoricalDistribution\", \"attributes\": {\"choices\": [32, 64]}}"}
{"op_code":8,"worker_id":"089fe488-0e93-4469-8e80-8ca7cc582fa9-140340797731584","trial_id":21,"user_attr":{"token":"tsweep_t128x128k16g41s32"}}
{"op_code":6,"worker_id":"089fe488-0e93-4469-8e80-8ca7cc582fa9-140340797731584","trial_id":21,"state":1,"values":[220.9435],"datetime_complete":"2026-07-23T19:56:17.428159"}
