
=== Compute Shader Performance Benchmark ===
specs/023 dq8ca_q4gsw dbuf-variant sweep bench (M=2048, variant=dbuf3)
----------------------------------------------------------------------
Executing 7 test cases for Dq8caDbufSweepBench
----------------------------------------------------------------------
quantize_and_pack_4h4w_with_group_sums_o4w16..     (4,32,1)        (4,1,16)                                                                                                                    8.265 μs                                 
linear_dq8ca_q4gsw_coopmat_dbuf3_buffer_text..     (512,1,1)       (256,1,1)                                                                                                                  25.128 μs                                 
et_vk.linear_dq8ca_q4gsw.default                                               linear_dq8ca_q4gsw_correctness_M128_K128_N128_Buffer                                        [128x128]          33.393 μs        125.606 GFLOP/s   PASSED
quantize_and_pack_4h4w_with_group_sums_o4w16..     (64,512,1)      (4,1,16)                                                                                                                  399.987 μs                                 
linear_dq8ca_q4gsw_coopmat_dbuf3_buffer_text..     (8192,16,1)     (256,1,1)                                                                                                               10192.380 μs                                 
et_vk.linear_dq8ca_q4gsw.default                                               linear_dq8ca_q4gsw_1b_wq_M2048_K2048_N2048_Buffer                                         [2048x2048]       10592.366 μs       1621.910 GFLOP/s  SKIPPED
quantize_and_pack_4h4w_with_group_sums_o4w16..     (64,512,1)      (4,1,16)                                                                                                                  417.774 μs                                 
linear_dq8ca_q4gsw_coopmat_dbuf3_buffer_text..     (32768,16,1)    (256,1,1)                                                                                                               40609.445 μs                                 
et_vk.linear_dq8ca_q4gsw.default                                               linear_dq8ca_q4gsw_1b_w1_gate_M2048_K2048_N8192_Buffer                                    [2048x2048]       41027.223 μs       1674.973 GFLOP/s  SKIPPED
quantize_and_pack_4h4w_with_group_sums_o4w16..     (96,512,1)      (4,1,16)                                                                                                                  597.490 μs                                 
linear_dq8ca_q4gsw_coopmat_dbuf3_buffer_text..     (12288,16,1)    (256,1,1)                                                                                                               22666.447 μs                                 
et_vk.linear_dq8ca_q4gsw.default                                               linear_dq8ca_q4gsw_3b_wq_M2048_K3072_N3072_Buffer                                         [2048x3072]       23263.938 μs       1661.572 GFLOP/s  SKIPPED
quantize_and_pack_4h4w_with_group_sums_o4w16..     (96,512,1)      (4,1,16)                                                                                                                  579.917 μs                                 
linear_dq8ca_q4gsw_coopmat_dbuf3_buffer_text..     (32768,16,1)    (256,1,1)                                                                                                               61379.160 μs                                 
et_vk.linear_dq8ca_q4gsw.default                                               linear_dq8ca_q4gsw_3b_w1_gate_M2048_K3072_N8192_Buffer                                    [2048x3072]       61959.078 μs       1663.666 GFLOP/s  SKIPPED
quantize_and_pack_4h4w_with_group_sums_o4w16..     (128,512,1)     (4,1,16)                                                                                                                  770.510 μs                                 
linear_dq8ca_q4gsw_coopmat_dbuf3_buffer_text..     (16384,16,1)    (256,1,1)                                                                                                               40972.562 μs                                 
et_vk.linear_dq8ca_q4gsw.default                                               linear_dq8ca_q4gsw_8b_wq_M2048_K4096_N4096_Buffer                                         [2048x4096]       41743.074 μs       1646.249 GFLOP/s  SKIPPED
quantize_and_pack_4h4w_with_group_sums_o4w16..     (128,512,1)     (4,1,16)                                                                                                                  843.895 μs                                 
linear_dq8ca_q4gsw_coopmat_dbuf3_buffer_text..     (57344,16,1)    (256,1,1)                                                                                                              141919.688 μs                                 
et_vk.linear_dq8ca_q4gsw.default                                               linear_dq8ca_q4gsw_8b_w1_gate_M2048_K4096_N14336_Buffer                                   [2048x4096]      142763.578 μs       1684.731 GFLOP/s  SKIPPED
----------------------------------------------------------------------
Completed 7 test cases
[correctness] linear_dq8ca_q4gsw_correctness_M128_K128_N128_Buffer -> linear_dq8ca_q4gsw_coopmat_dbuf3_buffer_texture2d_half (coopmat dispatched), correctness=PASSED

================ SUMMARY: dq8ca_q4gsw dbuf sweep (GFLOP/s) ================
shape           (K,N)                avg_us   cov_pct     GFLOP/s  dispatched kernel
1b_wq           (2048,2048)         10592.4     0.21%      1621.9  linear_dq8ca_q4gsw_coopmat_dbuf3_buffer_texture2d_half
1b_w1_gate      (2048,8192)         41027.2     0.09%      1675.0  linear_dq8ca_q4gsw_coopmat_dbuf3_buffer_texture2d_half
3b_wq           (3072,3072)         23263.9     0.16%      1661.6  linear_dq8ca_q4gsw_coopmat_dbuf3_buffer_texture2d_half
3b_w1_gate      (3072,8192)         61959.1     0.17%      1663.7  linear_dq8ca_q4gsw_coopmat_dbuf3_buffer_texture2d_half
8b_wq           (4096,4096)         41743.1     0.16%      1646.2  linear_dq8ca_q4gsw_coopmat_dbuf3_buffer_texture2d_half
8b_w1_gate      (4096,14336)       142763.6     0.20%      1684.7  linear_dq8ca_q4gsw_coopmat_dbuf3_buffer_texture2d_half
