[env] RAM total: 28.9 GiB    Swap total: 24.0 GiB
[env] RADV_GTT_PCT=80 set
[export] subsetting layers: 4 of 32
[export] mmap-loading checkpoint /home/doremy/llama3_1_8b/original/consolidated.00.pth
[export] checkpoint open in 0.0s
[export] params: 1.92B fp16 (3.8 GiB)
[export] torch.export(strict=False) tokens=(1, 1)
[export] torch.export done in 0.4s
[export] to_edge_transform_and_lower (coopmat: {'storage_type_override': <VkStorageType.BUFFER: 0>})
/usr/lib64/python3.12/copyreg.py:99: FutureWarning: `isinstance(treespec, LeafSpec)` is deprecated, use `isinstance(treespec, TreeSpec) and treespec.is_leaf()` instead.
  return cls.__new__(cls, *args)
/usr/lib64/python3.12/copyreg.py:99: FutureWarning: `isinstance(treespec, LeafSpec)` is deprecated, use `isinstance(treespec, TreeSpec) and treespec.is_leaf()` instead.
  return cls.__new__(cls, *args)
/usr/lib64/python3.12/copyreg.py:99: FutureWarning: `isinstance(treespec, LeafSpec)` is deprecated, use `isinstance(treespec, TreeSpec) and treespec.is_leaf()` instead.
  return cls.__new__(cls, *args)
/usr/lib64/python3.12/copyreg.py:99: FutureWarning: `isinstance(treespec, LeafSpec)` is deprecated, use `isinstance(treespec, TreeSpec) and treespec.is_leaf()` instead.
  return cls.__new__(cls, *args)
/usr/lib64/python3.12/copyreg.py:99: FutureWarning: `isinstance(treespec, LeafSpec)` is deprecated, use `isinstance(treespec, TreeSpec) and treespec.is_leaf()` instead.
  return cls.__new__(cls, *args)
/usr/lib64/python3.12/copyreg.py:99: FutureWarning: `isinstance(treespec, LeafSpec)` is deprecated, use `isinstance(treespec, TreeSpec) and treespec.is_leaf()` instead.
  return cls.__new__(cls, *args)
INFO:root:[Vulkan Partitioner] Due to [no operator implementation], skipping torch.bool: torch.Size([1, 32, 1, 1]) = aten.logical_not.default(torch.bool: torch.Size([1, 32, 1, 1]),  ...)
INFO:root:[Vulkan Partitioner] Due to [no operator implementation], skipping torch.bool: torch.Size([1, 32, 1, 1]) = aten.any.dim(torch.bool: torch.Size([1, 32, 1, 1]), -1, True,  ...)
INFO:root:[Vulkan Partitioner] Due to [no operator implementation], skipping torch.bool: torch.Size([1, 32, 1, 1]) = aten.logical_not.default(torch.bool: torch.Size([1, 32, 1, 1]),  ...)
INFO:root:[Vulkan Partitioner] Due to [no operator implementation], skipping torch.bool: torch.Size([1, 32, 1, 1]) = aten.eq.Scalar(torch.float32: torch.Size([1, 32, 1, 1]), -inf,  ...)
INFO:root:[Vulkan Partitioner] Due to [no operator implementation], skipping torch.float32: torch.Size([1, 32, 128, 1]) = aten.mul.Scalar(torch.float32: torch.Size([1, 32, 128, 1]), 0.29730177875068026,  ...)
INFO:root:[Vulkan Partitioner] Due to [no operator implementation], skipping torch.float32: torch.Size([1, 32, 1, 128]) = aten.mul.Scalar(torch.float32: torch.Size([1, 32, 1, 128]), 0.29730177875068026,  ...)
INFO:root:[Vulkan Partitioner] Due to [no operator implementation], skipping torch.float16: torch.Size([]) = aten::scalar_tensor(0.0,  ...)
INFO:root:[Vulkan Partitioner] Due to [no operator implementation], skipping torch.float16: torch.Size([]) = aten::scalar_tensor(-inf,  ...)
INFO:root:[Vulkan Partitioner] Due to [op does not support high dim tensors], skipping torch.float32: torch.Size([1, 1, 8, 64, 2]) = aten.cat.default([torch.float32: torch.Size([1, 1, 8, 64, 1]), torch.float32: torch.Size([1, 1, 8, 64, 1])], -1,  ...)
INFO:root:[Vulkan Partitioner] Due to [op does not support high dim tensors], skipping torch.float32: torch.Size([1, 1, 32, 64, 2]) = aten.cat.default([torch.float32: torch.Size([1, 1, 32, 64, 1]), torch.float32: torch.Size([1, 1, 32, 64, 1])], -1,  ...)
INFO:root:[Vulkan Partitioner] Due to [no operator implementation], skipping torch.bool: torch.Size([1, 32, 1, 1]) = aten.logical_not.default(torch.bool: torch.Size([1, 32, 1, 1]),  ...)
INFO:root:[Vulkan Partitioner] Due to [no operator implementation], skipping torch.bool: torch.Size([1, 32, 1, 1]) = aten.any.dim(torch.bool: torch.Size([1, 32, 1, 1]), -1, True,  ...)
INFO:root:[Vulkan Partitioner] Due to [no operator implementation], skipping torch.bool: torch.Size([1, 32, 1, 1]) = aten.logical_not.default(torch.bool: torch.Size([1, 32, 1, 1]),  ...)
INFO:root:[Vulkan Partitioner] Due to [no operator implementation], skipping torch.bool: torch.Size([1, 32, 1, 1]) = aten.eq.Scalar(torch.float32: torch.Size([1, 32, 1, 1]), -inf,  ...)
INFO:root:[Vulkan Partitioner] Due to [no operator implementation], skipping torch.float32: torch.Size([1, 32, 128, 1]) = aten.mul.Scalar(torch.float32: torch.Size([1, 32, 128, 1]), 0.29730177875068026,  ...)
INFO:root:[Vulkan Partitioner] Due to [no operator implementation], skipping torch.float32: torch.Size([1, 32, 1, 128]) = aten.mul.Scalar(torch.float32: torch.Size([1, 32, 1, 128]), 0.29730177875068026,  ...)
INFO:root:[Vulkan Partitioner] Due to [no operator implementation], skipping torch.float16: torch.Size([]) = aten::scalar_tensor(0.0,  ...)
INFO:root:[Vulkan Partitioner] Due to [no operator implementation], skipping torch.float16: torch.Size([]) = aten::scalar_tensor(-inf,  ...)
INFO:root:[Vulkan Partitioner] Due to [op does not support high dim tensors], skipping torch.float32: torch.Size([1, 1, 8, 64, 2]) = aten.cat.default([torch.float32: torch.Size([1, 1, 8, 64, 1]), torch.float32: torch.Size([1, 1, 8, 64, 1])], -1,  ...)
INFO:root:[Vulkan Partitioner] Due to [op does not support high dim tensors], skipping torch.float32: torch.Size([1, 1, 32, 64, 2]) = aten.cat.default([torch.float32: torch.Size([1, 1, 32, 64, 1]), torch.float32: torch.Size([1, 1, 32, 64, 1])], -1,  ...)
INFO:root:[Vulkan Partitioner] Due to [no operator implementation], skipping torch.bool: torch.Size([1, 32, 1, 1]) = aten.logical_not.default(torch.bool: torch.Size([1, 32, 1, 1]),  ...)
INFO:root:[Vulkan Partitioner] Due to [no operator implementation], skipping torch.bool: torch.Size([1, 32, 1, 1]) = aten.any.dim(torch.bool: torch.Size([1, 32, 1, 1]), -1, True,  ...)
INFO:root:[Vulkan Partitioner] Due to [no operator implementation], skipping torch.bool: torch.Size([1, 32, 1, 1]) = aten.logical_not.default(torch.bool: torch.Size([1, 32, 1, 1]),  ...)
INFO:root:[Vulkan Partitioner] Due to [no operator implementation], skipping torch.bool: torch.Size([1, 32, 1, 1]) = aten.eq.Scalar(torch.float32: torch.Size([1, 32, 1, 1]), -inf,  ...)
INFO:root:[Vulkan Partitioner] Due to [no operator implementation], skipping torch.float32: torch.Size([1, 32, 128, 1]) = aten.mul.Scalar(torch.float32: torch.Size([1, 32, 128, 1]), 0.29730177875068026,  ...)
INFO:root:[Vulkan Partitioner] Due to [no operator implementation], skipping torch.float32: torch.Size([1, 32, 1, 128]) = aten.mul.Scalar(torch.float32: torch.Size([1, 32, 1, 128]), 0.29730177875068026,  ...)
INFO:root:[Vulkan Partitioner] Due to [no operator implementation], skipping torch.float16: torch.Size([]) = aten::scalar_tensor(0.0,  ...)
INFO:root:[Vulkan Partitioner] Due to [no operator implementation], skipping torch.float16: torch.Size([]) = aten::scalar_tensor(-inf,  ...)
INFO:root:[Vulkan Partitioner] Due to [op does not support high dim tensors], skipping torch.float32: torch.Size([1, 1, 8, 64, 2]) = aten.cat.default([torch.float32: torch.Size([1, 1, 8, 64, 1]), torch.float32: torch.Size([1, 1, 8, 64, 1])], -1,  ...)
INFO:root:[Vulkan Partitioner] Due to [op does not support high dim tensors], skipping torch.float32: torch.Size([1, 1, 32, 64, 2]) = aten.cat.default([torch.float32: torch.Size([1, 1, 32, 64, 1]), torch.float32: torch.Size([1, 1, 32, 64, 1])], -1,  ...)
INFO:root:[Vulkan Partitioner] Due to [no operator implementation], skipping torch.bool: torch.Size([1, 32, 1, 1]) = aten.logical_not.default(torch.bool: torch.Size([1, 32, 1, 1]),  ...)
INFO:root:[Vulkan Partitioner] Due to [no operator implementation], skipping torch.bool: torch.Size([1, 32, 1, 1]) = aten.any.dim(torch.bool: torch.Size([1, 32, 1, 1]), -1, True,  ...)
INFO:root:[Vulkan Partitioner] Due to [no operator implementation], skipping torch.bool: torch.Size([1, 32, 1, 1]) = aten.logical_not.default(torch.bool: torch.Size([1, 32, 1, 1]),  ...)
INFO:root:[Vulkan Partitioner] Due to [no operator implementation], skipping torch.bool: torch.Size([1, 32, 1, 1]) = aten.eq.Scalar(torch.float32: torch.Size([1, 32, 1, 1]), -inf,  ...)
INFO:root:[Vulkan Partitioner] Due to [no operator implementation], skipping torch.float32: torch.Size([1, 32, 128, 1]) = aten.mul.Scalar(torch.float32: torch.Size([1, 32, 128, 1]), 0.29730177875068026,  ...)
INFO:root:[Vulkan Partitioner] Due to [no operator implementation], skipping torch.float32: torch.Size([1, 32, 1, 128]) = aten.mul.Scalar(torch.float32: torch.Size([1, 32, 1, 128]), 0.29730177875068026,  ...)
INFO:root:[Vulkan Partitioner] Due to [no operator implementation], skipping torch.float16: torch.Size([]) = aten::scalar_tensor(0.0,  ...)
INFO:root:[Vulkan Partitioner] Due to [no operator implementation], skipping torch.float16: torch.Size([]) = aten::scalar_tensor(-inf,  ...)
INFO:root:[Vulkan Partitioner] Due to [op does not support high dim tensors], skipping torch.float32: torch.Size([1, 1, 8, 64, 2]) = aten.cat.default([torch.float32: torch.Size([1, 1, 8, 64, 1]), torch.float32: torch.Size([1, 1, 8, 64, 1])], -1,  ...)
INFO:root:[Vulkan Partitioner] Due to [op does not support high dim tensors], skipping torch.float32: torch.Size([1, 1, 32, 64, 2]) = aten.cat.default([torch.float32: torch.Size([1, 1, 32, 64, 1]), torch.float32: torch.Size([1, 1, 32, 64, 1])], -1,  ...)
INFO:root:[Vulkan Partitioner] Due to [op args not supported], skipping torch.float16: torch.Size([1, 1, 4096]) = aten.embedding.default(torch.float16: torch.Size([128256, 4096]), torch.int64: torch.Size([1, 1]),  ...)
INFO:root:Found 13 Vulkan subgraphs to be partitioned.
/usr/lib64/python3.12/copyreg.py:99: FutureWarning: `isinstance(treespec, LeafSpec)` is deprecated, use `isinstance(treespec, TreeSpec) and treespec.is_leaf()` instead.
  return cls.__new__(cls, *args)
/usr/lib64/python3.12/copyreg.py:99: FutureWarning: `isinstance(treespec, LeafSpec)` is deprecated, use `isinstance(treespec, TreeSpec) and treespec.is_leaf()` instead.
  return cls.__new__(cls, *args)
/usr/lib64/python3.12/copyreg.py:99: FutureWarning: `isinstance(treespec, LeafSpec)` is deprecated, use `isinstance(treespec, TreeSpec) and treespec.is_leaf()` instead.
  return cls.__new__(cls, *args)
/home/doremy/sarc-acl/executorch/pavan-report/executorch/.venv/lib64/python3.12/site-packages/executorch/exir/tensor.py:83: FutureWarning: guard_size_oblivious will be removed. Consider using explicit unbacked handling     potentially utilizing guard_or_false, guard_or_true, or statically_known_true
  return guard_size_oblivious(self.stride < other.stride)
INFO:root:Operators included in this Vulkan partition: 
INFO:root:    aten.rsqrt.default
INFO:root:    aten.squeeze_copy.dims
INFO:root:    aten.slice_copy.Tensor
INFO:root:    dim_order_ops._to_dim_order_copy.default
INFO:root:    aten.view_copy.default
INFO:root:    aten.add.Tensor
INFO:root:    aten.linear.default
INFO:root:    et_vk.prepack.default
INFO:root:    aten.mean.dim
INFO:root:    aten.unsqueeze_copy.default
INFO:root:    aten.sub.Tensor
INFO:root:    aten.mul.Tensor
/usr/lib64/python3.12/copyreg.py:99: FutureWarning: `isinstance(treespec, LeafSpec)` is deprecated, use `isinstance(treespec, TreeSpec) and treespec.is_leaf()` instead.
  return cls.__new__(cls, *args)
/usr/lib64/python3.12/copyreg.py:99: FutureWarning: `isinstance(treespec, LeafSpec)` is deprecated, use `isinstance(treespec, TreeSpec) and treespec.is_leaf()` instead.
  return cls.__new__(cls, *args)
/usr/lib64/python3.12/copyreg.py:99: FutureWarning: `isinstance(treespec, LeafSpec)` is deprecated, use `isinstance(treespec, TreeSpec) and treespec.is_leaf()` instead.
  return cls.__new__(cls, *args)
/usr/lib64/python3.12/copyreg.py:99: FutureWarning: `isinstance(treespec, LeafSpec)` is deprecated, use `isinstance(treespec, TreeSpec) and treespec.is_leaf()` instead.
  return cls.__new__(cls, *args)
/home/doremy/sarc-acl/executorch/pavan-report/executorch/.venv/lib64/python3.12/site-packages/executorch/exir/tensor.py:83: FutureWarning: guard_size_oblivious will be removed. Consider using explicit unbacked handling     potentially utilizing guard_or_false, guard_or_true, or statically_known_true
  return guard_size_oblivious(self.stride < other.stride)
INFO:root:Operators included in this Vulkan partition: 
INFO:root:    dim_order_ops._to_dim_order_copy.default
INFO:root:    aten.view_copy.default
INFO:root:    aten.expand_copy.default
INFO:root:    aten.permute_copy.default
INFO:root:    aten.unsqueeze_copy.default
/usr/lib64/python3.12/copyreg.py:99: FutureWarning: `isinstance(treespec, LeafSpec)` is deprecated, use `isinstance(treespec, TreeSpec) and treespec.is_leaf()` instead.
  return cls.__new__(cls, *args)
/usr/lib64/python3.12/copyreg.py:99: FutureWarning: `isinstance(treespec, LeafSpec)` is deprecated, use `isinstance(treespec, TreeSpec) and treespec.is_leaf()` instead.
  return cls.__new__(cls, *args)
/usr/lib64/python3.12/copyreg.py:99: FutureWarning: `isinstance(treespec, LeafSpec)` is deprecated, use `isinstance(treespec, TreeSpec) and treespec.is_leaf()` instead.
  return cls.__new__(cls, *args)
/usr/lib64/python3.12/copyreg.py:99: FutureWarning: `isinstance(treespec, LeafSpec)` is deprecated, use `isinstance(treespec, TreeSpec) and treespec.is_leaf()` instead.
  return cls.__new__(cls, *args)
/home/doremy/sarc-acl/executorch/pavan-report/executorch/.venv/lib64/python3.12/site-packages/executorch/exir/tensor.py:83: FutureWarning: guard_size_oblivious will be removed. Consider using explicit unbacked handling     potentially utilizing guard_or_false, guard_or_true, or statically_known_true
  return guard_size_oblivious(self.stride < other.stride)
INFO:root:Operators included in this Vulkan partition: 
INFO:root:    aten.squeeze_copy.dims
INFO:root:    aten.bmm.default
INFO:root:    aten.slice_copy.Tensor
INFO:root:    dim_order_ops._to_dim_order_copy.default
INFO:root:    aten.view_copy.default
INFO:root:    aten.add.Tensor
INFO:root:    et_vk.prepack.default
INFO:root:    aten.where.self
/usr/lib64/python3.12/copyreg.py:99: FutureWarning: `isinstance(treespec, LeafSpec)` is deprecated, use `isinstance(treespec, TreeSpec) and treespec.is_leaf()` instead.
  return cls.__new__(cls, *args)
/usr/lib64/python3.12/copyreg.py:99: FutureWarning: `isinstance(treespec, LeafSpec)` is deprecated, use `isinstance(treespec, TreeSpec) and treespec.is_leaf()` instead.
  return cls.__new__(cls, *args)
/usr/lib64/python3.12/copyreg.py:99: FutureWarning: `isinstance(treespec, LeafSpec)` is deprecated, use `isinstance(treespec, TreeSpec) and treespec.is_leaf()` instead.
  return cls.__new__(cls, *args)
/usr/lib64/python3.12/copyreg.py:99: FutureWarning: `isinstance(treespec, LeafSpec)` is deprecated, use `isinstance(treespec, TreeSpec) and treespec.is_leaf()` instead.
  return cls.__new__(cls, *args)
/home/doremy/sarc-acl/executorch/pavan-report/executorch/.venv/lib64/python3.12/site-packages/executorch/exir/tensor.py:83: FutureWarning: guard_size_oblivious will be removed. Consider using explicit unbacked handling     potentially utilizing guard_or_false, guard_or_true, or statically_known_true
  return guard_size_oblivious(self.stride < other.stride)
INFO:root:Operators included in this Vulkan partition: 
INFO:root:    aten.rsqrt.default
INFO:root:    aten.unsqueeze_copy.default
INFO:root:    aten.mul.Tensor
INFO:root:    aten.bmm.default
INFO:root:    aten.slice_copy.Tensor
INFO:root:    aten.view_copy.default
INFO:root:    aten._softmax.default
INFO:root:    dim_order_ops._to_dim_order_copy.default
INFO:root:    aten.mean.dim
INFO:root:    aten.where.self
INFO:root:    aten.sub.Tensor
INFO:root:    aten.linear.default
INFO:root:    aten.squeeze_copy.dims
INFO:root:    aten.add.Tensor
INFO:root:    aten.expand_copy.default
INFO:root:    et_vk.prepack.default
INFO:root:    aten.permute_copy.default
INFO:root:    aten.full_like.default
INFO:root:    aten.sigmoid.default
/usr/lib64/python3.12/copyreg.py:99: FutureWarning: `isinstance(treespec, LeafSpec)` is deprecated, use `isinstance(treespec, TreeSpec) and treespec.is_leaf()` instead.
  return cls.__new__(cls, *args)
/usr/lib64/python3.12/copyreg.py:99: FutureWarning: `isinstance(treespec, LeafSpec)` is deprecated, use `isinstance(treespec, TreeSpec) and treespec.is_leaf()` instead.
  return cls.__new__(cls, *args)
/usr/lib64/python3.12/copyreg.py:99: FutureWarning: `isinstance(treespec, LeafSpec)` is deprecated, use `isinstance(treespec, TreeSpec) and treespec.is_leaf()` instead.
  return cls.__new__(cls, *args)
/usr/lib64/python3.12/copyreg.py:99: FutureWarning: `isinstance(treespec, LeafSpec)` is deprecated, use `isinstance(treespec, TreeSpec) and treespec.is_leaf()` instead.
  return cls.__new__(cls, *args)
/home/doremy/sarc-acl/executorch/pavan-report/executorch/.venv/lib64/python3.12/site-packages/executorch/exir/tensor.py:83: FutureWarning: guard_size_oblivious will be removed. Consider using explicit unbacked handling     potentially utilizing guard_or_false, guard_or_true, or statically_known_true
  return guard_size_oblivious(self.stride < other.stride)
INFO:root:Operators included in this Vulkan partition: 
INFO:root:    dim_order_ops._to_dim_order_copy.default
INFO:root:    aten.view_copy.default
INFO:root:    aten.expand_copy.default
INFO:root:    aten.permute_copy.default
INFO:root:    aten.unsqueeze_copy.default
/usr/lib64/python3.12/copyreg.py:99: FutureWarning: `isinstance(treespec, LeafSpec)` is deprecated, use `isinstance(treespec, TreeSpec) and treespec.is_leaf()` instead.
  return cls.__new__(cls, *args)
/usr/lib64/python3.12/copyreg.py:99: FutureWarning: `isinstance(treespec, LeafSpec)` is deprecated, use `isinstance(treespec, TreeSpec) and treespec.is_leaf()` instead.
  return cls.__new__(cls, *args)
/usr/lib64/python3.12/copyreg.py:99: FutureWarning: `isinstance(treespec, LeafSpec)` is deprecated, use `isinstance(treespec, TreeSpec) and treespec.is_leaf()` instead.
  return cls.__new__(cls, *args)
/usr/lib64/python3.12/copyreg.py:99: FutureWarning: `isinstance(treespec, LeafSpec)` is deprecated, use `isinstance(treespec, TreeSpec) and treespec.is_leaf()` instead.
  return cls.__new__(cls, *args)
/home/doremy/sarc-acl/executorch/pavan-report/executorch/.venv/lib64/python3.12/site-packages/executorch/exir/tensor.py:83: FutureWarning: guard_size_oblivious will be removed. Consider using explicit unbacked handling     potentially utilizing guard_or_false, guard_or_true, or statically_known_true
  return guard_size_oblivious(self.stride < other.stride)
INFO:root:Operators included in this Vulkan partition: 
INFO:root:    aten.squeeze_copy.dims
INFO:root:    aten.bmm.default
INFO:root:    aten.slice_copy.Tensor
INFO:root:    dim_order_ops._to_dim_order_copy.default
INFO:root:    aten.view_copy.default
INFO:root:    aten.add.Tensor
INFO:root:    et_vk.prepack.default
INFO:root:    aten.where.self
/usr/lib64/python3.12/copyreg.py:99: FutureWarning: `isinstance(treespec, LeafSpec)` is deprecated, use `isinstance(treespec, TreeSpec) and treespec.is_leaf()` instead.
  return cls.__new__(cls, *args)
/usr/lib64/python3.12/copyreg.py:99: FutureWarning: `isinstance(treespec, LeafSpec)` is deprecated, use `isinstance(treespec, TreeSpec) and treespec.is_leaf()` instead.
  return cls.__new__(cls, *args)
/usr/lib64/python3.12/copyreg.py:99: FutureWarning: `isinstance(treespec, LeafSpec)` is deprecated, use `isinstance(treespec, TreeSpec) and treespec.is_leaf()` instead.
  return cls.__new__(cls, *args)
/usr/lib64/python3.12/copyreg.py:99: FutureWarning: `isinstance(treespec, LeafSpec)` is deprecated, use `isinstance(treespec, TreeSpec) and treespec.is_leaf()` instead.
  return cls.__new__(cls, *args)
/home/doremy/sarc-acl/executorch/pavan-report/executorch/.venv/lib64/python3.12/site-packages/executorch/exir/tensor.py:83: FutureWarning: guard_size_oblivious will be removed. Consider using explicit unbacked handling     potentially utilizing guard_or_false, guard_or_true, or statically_known_true
  return guard_size_oblivious(self.stride < other.stride)
INFO:root:Operators included in this Vulkan partition: 
INFO:root:    aten.rsqrt.default
INFO:root:    aten.unsqueeze_copy.default
INFO:root:    aten.mul.Tensor
INFO:root:    aten.bmm.default
INFO:root:    aten.slice_copy.Tensor
INFO:root:    aten.view_copy.default
INFO:root:    aten._softmax.default
INFO:root:    dim_order_ops._to_dim_order_copy.default
INFO:root:    aten.mean.dim
INFO:root:    aten.where.self
INFO:root:    aten.sub.Tensor
INFO:root:    aten.linear.default
INFO:root:    aten.squeeze_copy.dims
INFO:root:    aten.add.Tensor
INFO:root:    aten.expand_copy.default
INFO:root:    et_vk.prepack.default
INFO:root:    aten.permute_copy.default
INFO:root:    aten.full_like.default
INFO:root:    aten.sigmoid.default
/usr/lib64/python3.12/copyreg.py:99: FutureWarning: `isinstance(treespec, LeafSpec)` is deprecated, use `isinstance(treespec, TreeSpec) and treespec.is_leaf()` instead.
  return cls.__new__(cls, *args)
/usr/lib64/python3.12/copyreg.py:99: FutureWarning: `isinstance(treespec, LeafSpec)` is deprecated, use `isinstance(treespec, TreeSpec) and treespec.is_leaf()` instead.
  return cls.__new__(cls, *args)
/usr/lib64/python3.12/copyreg.py:99: FutureWarning: `isinstance(treespec, LeafSpec)` is deprecated, use `isinstance(treespec, TreeSpec) and treespec.is_leaf()` instead.
  return cls.__new__(cls, *args)
/usr/lib64/python3.12/copyreg.py:99: FutureWarning: `isinstance(treespec, LeafSpec)` is deprecated, use `isinstance(treespec, TreeSpec) and treespec.is_leaf()` instead.
  return cls.__new__(cls, *args)
/home/doremy/sarc-acl/executorch/pavan-report/executorch/.venv/lib64/python3.12/site-packages/executorch/exir/tensor.py:83: FutureWarning: guard_size_oblivious will be removed. Consider using explicit unbacked handling     potentially utilizing guard_or_false, guard_or_true, or statically_known_true
  return guard_size_oblivious(self.stride < other.stride)
INFO:root:Operators included in this Vulkan partition: 
INFO:root:    dim_order_ops._to_dim_order_copy.default
INFO:root:    aten.view_copy.default
INFO:root:    aten.expand_copy.default
INFO:root:    aten.permute_copy.default
INFO:root:    aten.unsqueeze_copy.default
/usr/lib64/python3.12/copyreg.py:99: FutureWarning: `isinstance(treespec, LeafSpec)` is deprecated, use `isinstance(treespec, TreeSpec) and treespec.is_leaf()` instead.
  return cls.__new__(cls, *args)
/usr/lib64/python3.12/copyreg.py:99: FutureWarning: `isinstance(treespec, LeafSpec)` is deprecated, use `isinstance(treespec, TreeSpec) and treespec.is_leaf()` instead.
  return cls.__new__(cls, *args)
/usr/lib64/python3.12/copyreg.py:99: FutureWarning: `isinstance(treespec, LeafSpec)` is deprecated, use `isinstance(treespec, TreeSpec) and treespec.is_leaf()` instead.
  return cls.__new__(cls, *args)
/usr/lib64/python3.12/copyreg.py:99: FutureWarning: `isinstance(treespec, LeafSpec)` is deprecated, use `isinstance(treespec, TreeSpec) and treespec.is_leaf()` instead.
  return cls.__new__(cls, *args)
/home/doremy/sarc-acl/executorch/pavan-report/executorch/.venv/lib64/python3.12/site-packages/executorch/exir/tensor.py:83: FutureWarning: guard_size_oblivious will be removed. Consider using explicit unbacked handling     potentially utilizing guard_or_false, guard_or_true, or statically_known_true
  return guard_size_oblivious(self.stride < other.stride)
INFO:root:Operators included in this Vulkan partition: 
INFO:root:    aten.squeeze_copy.dims
INFO:root:    aten.bmm.default
INFO:root:    aten.slice_copy.Tensor
INFO:root:    dim_order_ops._to_dim_order_copy.default
INFO:root:    aten.view_copy.default
INFO:root:    aten.add.Tensor
INFO:root:    et_vk.prepack.default
INFO:root:    aten.where.self
/usr/lib64/python3.12/copyreg.py:99: FutureWarning: `isinstance(treespec, LeafSpec)` is deprecated, use `isinstance(treespec, TreeSpec) and treespec.is_leaf()` instead.
  return cls.__new__(cls, *args)
/usr/lib64/python3.12/copyreg.py:99: FutureWarning: `isinstance(treespec, LeafSpec)` is deprecated, use `isinstance(treespec, TreeSpec) and treespec.is_leaf()` instead.
  return cls.__new__(cls, *args)
/usr/lib64/python3.12/copyreg.py:99: FutureWarning: `isinstance(treespec, LeafSpec)` is deprecated, use `isinstance(treespec, TreeSpec) and treespec.is_leaf()` instead.
  return cls.__new__(cls, *args)
/usr/lib64/python3.12/copyreg.py:99: FutureWarning: `isinstance(treespec, LeafSpec)` is deprecated, use `isinstance(treespec, TreeSpec) and treespec.is_leaf()` instead.
  return cls.__new__(cls, *args)
/home/doremy/sarc-acl/executorch/pavan-report/executorch/.venv/lib64/python3.12/site-packages/executorch/exir/tensor.py:83: FutureWarning: guard_size_oblivious will be removed. Consider using explicit unbacked handling     potentially utilizing guard_or_false, guard_or_true, or statically_known_true
  return guard_size_oblivious(self.stride < other.stride)
INFO:root:Operators included in this Vulkan partition: 
INFO:root:    aten.rsqrt.default
INFO:root:    aten.unsqueeze_copy.default
INFO:root:    aten.mul.Tensor
INFO:root:    aten.bmm.default
INFO:root:    aten.slice_copy.Tensor
INFO:root:    aten.view_copy.default
INFO:root:    aten._softmax.default
INFO:root:    dim_order_ops._to_dim_order_copy.default
INFO:root:    aten.mean.dim
INFO:root:    aten.where.self
INFO:root:    aten.sub.Tensor
INFO:root:    aten.linear.default
INFO:root:    aten.squeeze_copy.dims
INFO:root:    aten.add.Tensor
INFO:root:    aten.expand_copy.default
INFO:root:    et_vk.prepack.default
INFO:root:    aten.permute_copy.default
INFO:root:    aten.full_like.default
INFO:root:    aten.sigmoid.default
/usr/lib64/python3.12/copyreg.py:99: FutureWarning: `isinstance(treespec, LeafSpec)` is deprecated, use `isinstance(treespec, TreeSpec) and treespec.is_leaf()` instead.
  return cls.__new__(cls, *args)
/usr/lib64/python3.12/copyreg.py:99: FutureWarning: `isinstance(treespec, LeafSpec)` is deprecated, use `isinstance(treespec, TreeSpec) and treespec.is_leaf()` instead.
  return cls.__new__(cls, *args)
/usr/lib64/python3.12/copyreg.py:99: FutureWarning: `isinstance(treespec, LeafSpec)` is deprecated, use `isinstance(treespec, TreeSpec) and treespec.is_leaf()` instead.
  return cls.__new__(cls, *args)
/usr/lib64/python3.12/copyreg.py:99: FutureWarning: `isinstance(treespec, LeafSpec)` is deprecated, use `isinstance(treespec, TreeSpec) and treespec.is_leaf()` instead.
  return cls.__new__(cls, *args)
/home/doremy/sarc-acl/executorch/pavan-report/executorch/.venv/lib64/python3.12/site-packages/executorch/exir/tensor.py:83: FutureWarning: guard_size_oblivious will be removed. Consider using explicit unbacked handling     potentially utilizing guard_or_false, guard_or_true, or statically_known_true
  return guard_size_oblivious(self.stride < other.stride)
INFO:root:Operators included in this Vulkan partition: 
INFO:root:    dim_order_ops._to_dim_order_copy.default
INFO:root:    aten.view_copy.default
INFO:root:    aten.expand_copy.default
INFO:root:    aten.permute_copy.default
INFO:root:    aten.unsqueeze_copy.default
/usr/lib64/python3.12/copyreg.py:99: FutureWarning: `isinstance(treespec, LeafSpec)` is deprecated, use `isinstance(treespec, TreeSpec) and treespec.is_leaf()` instead.
  return cls.__new__(cls, *args)
/usr/lib64/python3.12/copyreg.py:99: FutureWarning: `isinstance(treespec, LeafSpec)` is deprecated, use `isinstance(treespec, TreeSpec) and treespec.is_leaf()` instead.
  return cls.__new__(cls, *args)
/usr/lib64/python3.12/copyreg.py:99: FutureWarning: `isinstance(treespec, LeafSpec)` is deprecated, use `isinstance(treespec, TreeSpec) and treespec.is_leaf()` instead.
  return cls.__new__(cls, *args)
/usr/lib64/python3.12/copyreg.py:99: FutureWarning: `isinstance(treespec, LeafSpec)` is deprecated, use `isinstance(treespec, TreeSpec) and treespec.is_leaf()` instead.
  return cls.__new__(cls, *args)
/home/doremy/sarc-acl/executorch/pavan-report/executorch/.venv/lib64/python3.12/site-packages/executorch/exir/tensor.py:83: FutureWarning: guard_size_oblivious will be removed. Consider using explicit unbacked handling     potentially utilizing guard_or_false, guard_or_true, or statically_known_true
  return guard_size_oblivious(self.stride < other.stride)
INFO:root:Operators included in this Vulkan partition: 
INFO:root:    aten.squeeze_copy.dims
INFO:root:    aten.bmm.default
INFO:root:    aten.slice_copy.Tensor
INFO:root:    dim_order_ops._to_dim_order_copy.default
INFO:root:    aten.view_copy.default
INFO:root:    aten.add.Tensor
INFO:root:    et_vk.prepack.default
INFO:root:    aten.where.self
/usr/lib64/python3.12/copyreg.py:99: FutureWarning: `isinstance(treespec, LeafSpec)` is deprecated, use `isinstance(treespec, TreeSpec) and treespec.is_leaf()` instead.
  return cls.__new__(cls, *args)
/usr/lib64/python3.12/copyreg.py:99: FutureWarning: `isinstance(treespec, LeafSpec)` is deprecated, use `isinstance(treespec, TreeSpec) and treespec.is_leaf()` instead.
  return cls.__new__(cls, *args)
/usr/lib64/python3.12/copyreg.py:99: FutureWarning: `isinstance(treespec, LeafSpec)` is deprecated, use `isinstance(treespec, TreeSpec) and treespec.is_leaf()` instead.
  return cls.__new__(cls, *args)
/usr/lib64/python3.12/copyreg.py:99: FutureWarning: `isinstance(treespec, LeafSpec)` is deprecated, use `isinstance(treespec, TreeSpec) and treespec.is_leaf()` instead.
  return cls.__new__(cls, *args)
/home/doremy/sarc-acl/executorch/pavan-report/executorch/.venv/lib64/python3.12/site-packages/executorch/exir/tensor.py:83: FutureWarning: guard_size_oblivious will be removed. Consider using explicit unbacked handling     potentially utilizing guard_or_false, guard_or_true, or statically_known_true
  return guard_size_oblivious(self.stride < other.stride)
INFO:root:Operators included in this Vulkan partition: 
INFO:root:    aten.squeeze_copy.dims
INFO:root:    aten.bmm.default
INFO:root:    aten.rsqrt.default
INFO:root:    dim_order_ops._to_dim_order_copy.default
INFO:root:    aten.view_copy.default
INFO:root:    aten.add.Tensor
INFO:root:    aten.expand_copy.default
INFO:root:    et_vk.prepack.default
INFO:root:    aten.select_copy.int
INFO:root:    aten.permute_copy.default
INFO:root:    aten.mul.Tensor
INFO:root:    aten.unsqueeze_copy.default
INFO:root:    aten.mean.dim
INFO:root:    aten.where.self
INFO:root:    aten.full_like.default
INFO:root:    aten.sigmoid.default
INFO:root:    aten._softmax.default
INFO:root:    aten.linear.default
/usr/lib64/python3.12/copyreg.py:99: FutureWarning: `isinstance(treespec, LeafSpec)` is deprecated, use `isinstance(treespec, TreeSpec) and treespec.is_leaf()` instead.
  return cls.__new__(cls, *args)
/home/doremy/sarc-acl/executorch/pavan-report/executorch/.venv/lib64/python3.12/site-packages/executorch/exir/tensor.py:83: FutureWarning: guard_size_oblivious will be removed. Consider using explicit unbacked handling     potentially utilizing guard_or_false, guard_or_true, or statically_known_true
  return guard_size_oblivious(self.stride < other.stride)
[export] lowered in 24.0s
[export] writing .pte -> /home/doremy/llama31_pure_run_coopmat/llama31_8b_4L_seq1_fp16.pte
[export] .pte size: 3.85 GiB
[export] writing input -> /home/doremy/llama31_pure_run_coopmat/llama31_8b_4L_seq1_fp16_input0.bin

[setup] artifacts in /home/doremy/llama31_pure_run_coopmat/
