[sarc_dev] softmax variant: 4070ti_nzf
[sarc_dev] profile active: orin-refine1
[sarc_dev] overrides active: unverified=1 variant= dq8ca_variant=
prompt 0 tokens 1792 vocab 128256 top1 220 17.640625
prompt 1 tokens 64 vocab 128256 top1 439 21.312500
prompt 2 tokens 128 vocab 128256 top1 315 23.593750
prompt 3 tokens 192 vocab 128256 top1 1472 20.781250
prompt 4 tokens 256 vocab 128256 top1 4953 21.937500
prompt 5 tokens 320 vocab 128256 top1 23909 17.312500
prompt 6 tokens 384 vocab 128256 top1 29882 23.281250
prompt 7 tokens 448 vocab 128256 top1 13 23.625000
prompt 8 tokens 512 vocab 128256 top1 904 19.000000
prompt 9 tokens 576 vocab 128256 top1 2349 22.343750
prompt 10 tokens 640 vocab 128256 top1 10090 18.812500
prompt 11 tokens 704 vocab 128256 top1 279 21.968750
prompt 12 tokens 768 vocab 128256 top1 2085 25.531250
prompt 13 tokens 832 vocab 128256 top1 264 24.687500
prompt 14 tokens 896 vocab 128256 top1 433 18.593750
prompt 15 tokens 960 vocab 128256 top1 8581 15.328125
prompt 16 tokens 1024 vocab 128256 top1 1778 17.093750
prompt 17 tokens 1088 vocab 128256 top1 315 22.781250
prompt 18 tokens 1152 vocab 128256 top1 64 20.093750
prompt 19 tokens 1216 vocab 128256 top1 477 21.250000
prompt 20 tokens 1280 vocab 128256 top1 12 19.578125
prompt 21 tokens 1344 vocab 128256 top1 2864 23.687500
prompt 22 tokens 1408 vocab 128256 top1 1253 24.406250
prompt 23 tokens 1472 vocab 128256 top1 279 25.781250
prompt 24 tokens 1536 vocab 128256 top1 26069 22.093750
prompt 25 tokens 1600 vocab 128256 top1 13 27.343750
prompt 26 tokens 1664 vocab 128256 top1 16564 25.468750
prompt 27 tokens 1728 vocab 128256 top1 279 20.156250
prompt 28 tokens 1792 vocab 128256 top1 323 25.531250
prompt 29 tokens 1856 vocab 128256 top1 220 19.750000
prompt 30 tokens 1920 vocab 128256 top1 2317 23.156250
prompt 31 tokens 1984 vocab 128256 top1 6826 21.796875
prompt 32 tokens 2048 vocab 128256 top1 372 25.593750
prompt 33 tokens 57 vocab 128256 top1 1005 17.218750
prompt 34 tokens 250 vocab 128256 top1 13 24.625000
prompt 35 tokens 411 vocab 128256 top1 2794 21.140625
prompt 36 tokens 777 vocab 128256 top1 477 16.062500
prompt 37 tokens 1001 vocab 128256 top1 21746 16.203125
prompt 38 tokens 1500 vocab 128256 top1 198 20.906250
prompt 39 tokens 1771 vocab 128256 top1 279 18.109375
prompt 40 tokens 1972 vocab 128256 top1 3083 22.656250
prompts 41
