[sarc_dev] softmax variant: 4070ti_nzf
[sarc_dev] profile active: orin-refine1
[sarc_dev] overrides active: unverified=1 variant= dq8ca_variant=
prompt 0 tokens 1792 vocab 128256 top1 82816 14.210938
prompt 1 tokens 64 vocab 128256 top1 477 19.968750
prompt 2 tokens 128 vocab 128256 top1 315 22.968750
prompt 3 tokens 192 vocab 128256 top1 1472 18.062500
prompt 4 tokens 256 vocab 128256 top1 323 17.203125
prompt 5 tokens 320 vocab 128256 top1 23909 26.515625
prompt 6 tokens 384 vocab 128256 top1 29882 20.656250
prompt 7 tokens 448 vocab 128256 top1 13 19.312500
prompt 8 tokens 512 vocab 128256 top1 904 17.140625
prompt 9 tokens 576 vocab 128256 top1 2349 25.515625
prompt 10 tokens 640 vocab 128256 top1 17805 20.203125
prompt 11 tokens 704 vocab 128256 top1 11 21.906250
prompt 12 tokens 768 vocab 128256 top1 2085 26.234375
prompt 13 tokens 832 vocab 128256 top1 264 17.218750
prompt 14 tokens 896 vocab 128256 top1 433 24.656250
prompt 15 tokens 960 vocab 128256 top1 13890 19.500000
prompt 16 tokens 1024 vocab 128256 top1 459 21.078125
prompt 17 tokens 1088 vocab 128256 top1 315 17.531250
prompt 18 tokens 1152 vocab 128256 top1 64 15.437500
prompt 19 tokens 1216 vocab 128256 top1 477 18.750000
prompt 20 tokens 1280 vocab 128256 top1 13 15.929688
prompt 21 tokens 1344 vocab 128256 top1 2864 22.031250
prompt 22 tokens 1408 vocab 128256 top1 1253 21.312500
prompt 23 tokens 1472 vocab 128256 top1 279 22.703125
prompt 24 tokens 1536 vocab 128256 top1 387 19.390625
prompt 25 tokens 1600 vocab 128256 top1 13 25.281250
prompt 26 tokens 1664 vocab 128256 top1 998 22.921875
prompt 27 tokens 1728 vocab 128256 top1 499 17.375000
prompt 28 tokens 1792 vocab 128256 top1 323 23.625000
prompt 29 tokens 1856 vocab 128256 top1 1556 16.406250
prompt 30 tokens 1920 vocab 128256 top1 2317 27.406250
prompt 31 tokens 1984 vocab 128256 top1 653 24.546875
prompt 32 tokens 2048 vocab 128256 top1 372 25.171875
prompt 33 tokens 57 vocab 128256 top1 477 18.296875
prompt 34 tokens 250 vocab 128256 top1 13 20.281250
prompt 35 tokens 411 vocab 128256 top1 2794 15.507812
prompt 36 tokens 777 vocab 128256 top1 323 21.265625
prompt 37 tokens 1001 vocab 128256 top1 23794 20.656250
prompt 38 tokens 1500 vocab 128256 top1 198 23.671875
prompt 39 tokens 1771 vocab 128256 top1 264 16.390625
prompt 40 tokens 1972 vocab 128256 top1 3083 21.421875
prompts 41
