[sarc_dev] softmax variant: 4070ti_nzf
[sarc_dev] profile active: orin-refine1
[sarc_dev] overrides active: unverified=1 variant= dq8ca_variant=
prompt 0 tokens 1792 vocab 128256 top1 82816 13.984375
prompt 1 tokens 64 vocab 128256 top1 477 20.343750
prompt 2 tokens 128 vocab 128256 top1 315 22.703125
prompt 3 tokens 192 vocab 128256 top1 1472 18.140625
prompt 4 tokens 256 vocab 128256 top1 323 17.218750
prompt 5 tokens 320 vocab 128256 top1 23909 26.781250
prompt 6 tokens 384 vocab 128256 top1 29882 20.687500
prompt 7 tokens 448 vocab 128256 top1 13 19.000000
prompt 8 tokens 512 vocab 128256 top1 904 17.031250
prompt 9 tokens 576 vocab 128256 top1 2349 24.093750
prompt 10 tokens 640 vocab 128256 top1 17805 20.562500
prompt 11 tokens 704 vocab 128256 top1 11 21.734375
prompt 12 tokens 768 vocab 128256 top1 2085 26.750000
prompt 13 tokens 832 vocab 128256 top1 264 17.718750
prompt 14 tokens 896 vocab 128256 top1 433 24.250000
prompt 15 tokens 960 vocab 128256 top1 13890 18.125000
prompt 16 tokens 1024 vocab 128256 top1 459 21.734375
prompt 17 tokens 1088 vocab 128256 top1 315 17.593750
prompt 18 tokens 1152 vocab 128256 top1 64 15.265625
prompt 19 tokens 1216 vocab 128256 top1 477 18.546875
prompt 20 tokens 1280 vocab 128256 top1 13 16.093750
prompt 21 tokens 1344 vocab 128256 top1 2864 22.218750
prompt 22 tokens 1408 vocab 128256 top1 1253 21.312500
prompt 23 tokens 1472 vocab 128256 top1 279 22.687500
prompt 24 tokens 1536 vocab 128256 top1 387 19.437500
prompt 25 tokens 1600 vocab 128256 top1 13 25.281250
prompt 26 tokens 1664 vocab 128256 top1 998 22.203125
prompt 27 tokens 1728 vocab 128256 top1 499 17.406250
prompt 28 tokens 1792 vocab 128256 top1 323 23.781250
prompt 29 tokens 1856 vocab 128256 top1 1556 16.562500
prompt 30 tokens 1920 vocab 128256 top1 2317 27.921875
prompt 31 tokens 1984 vocab 128256 top1 653 23.140625
prompt 32 tokens 2048 vocab 128256 top1 372 25.250000
prompt 33 tokens 57 vocab 128256 top1 477 18.187500
prompt 34 tokens 250 vocab 128256 top1 13 20.187500
prompt 35 tokens 411 vocab 128256 top1 2794 15.421875
prompt 36 tokens 777 vocab 128256 top1 323 20.156250
prompt 37 tokens 1001 vocab 128256 top1 23794 20.921875
prompt 38 tokens 1500 vocab 128256 top1 198 23.421875
prompt 39 tokens 1771 vocab 128256 top1 264 16.375000
prompt 40 tokens 1972 vocab 128256 top1 3083 21.593750
prompts 41
