prefill 1b 4w parent r1 slot1 tok_s=11702.9 ms=175 rc=0 T=47->47 cool=0s clk=2850.0/2833 MHz n=16 power_limited=3 foreign_busy=7.81% valid=1 
prefill 1b 4w cand r1 slot2 tok_s=11976.6 ms=171 rc=0 T=47->48 cool=0s clk=2850.0/2833 MHz n=17 power_limited=2 foreign_busy=8.0% valid=1 
prefill 1b 4w cand r2 slot1 tok_s=12412.1 ms=165 rc=0 T=48->49 cool=0s clk=2833.0/2833 MHz n=16 power_limited=8 foreign_busy=5.4% valid=1 
prefill 1b 4w parent r2 slot2 tok_s=11907 ms=172 rc=0 T=48->49 cool=0s clk=2850.0/2833 MHz n=17 power_limited=5 foreign_busy=5.68% valid=1 
prefill 1b 4w parent r3 slot1 tok_s=11976.6 ms=171 rc=0 T=49->49 cool=0s clk=2850.0/2833 MHz n=17 power_limited=5 foreign_busy=5.85% valid=1 
prefill 1b 4w cand r3 slot2 tok_s=12412.1 ms=165 rc=0 T=49->49 cool=0s clk=2841.5/2833 MHz n=16 power_limited=8 foreign_busy=4.01% valid=1 
prefill 1b 4w cand r4 slot1 tok_s=11907 ms=172 rc=0 T=49->49 cool=0s clk=2850.0/2833 MHz n=17 power_limited=2 foreign_busy=6.49% valid=1 
prefill 1b 4w parent r4 slot2 tok_s=11770.1 ms=174 rc=0 T=50->50 cool=0s clk=2850.0/2833 MHz n=17 power_limited=5 foreign_busy=8.32% valid=1 
prefill 1b 4w parent r5 slot1 tok_s=11770.1 ms=174 rc=0 T=49->50 cool=0s clk=2850.0/2833 MHz n=17 power_limited=3 foreign_busy=8.9% valid=1 
prefill 1b 4w cand r5 slot2 tok_s=12118.3 ms=169 rc=0 T=50->50 cool=0s clk=2850.0/2833 MHz n=17 power_limited=6 foreign_busy=5.43% valid=1 
check 1b 4w parent r0 slot0 tok_s=2416.67 ms=816 rc=0 T=50->49 cool=0s clk=2717.0/2683 MHz n=81 power_limited=76 foreign_busy=6.12% valid=1 
check 1b 4w cand r0 slot0 tok_s=2496.2 ms=790 rc=0 T=49->49 cool=0s clk=2683.0/2650 MHz n=78 power_limited=74 foreign_busy=4.82% valid=1 
unaligned 1b 4w parent r0 slot0 tok_s=11341.8 ms=158 rc=0 T=49->50 cool=0s clk=2841.5/2817 MHz n=16 power_limited=7 foreign_busy=6.74% valid=1 
unaligned 1b 4w cand r0 slot0 tok_s=11636.4 ms=154 rc=0 T=49->49 cool=0s clk=2833.0/2817 MHz n=15 power_limited=9 foreign_busy=5.39% valid=1 
nexttoken 1b 4w prompt_2048.txt=SAME check=SAME unaligned=SAME
prefill 1b 8da4w parent r1 slot1 tok_s=13837.8 ms=148 rc=0 T=49->50 cool=0s clk=2850.0/2850 MHz n=15 power_limited=0 foreign_busy=6.62% valid=1 
prefill 1b 8da4w cand r1 slot2 tok_s=14222.2 ms=144 rc=0 T=50->49 cool=0s clk=2850.0/2850 MHz n=15 power_limited=0 foreign_busy=4.04% valid=1 
prefill 1b 8da4w cand r2 slot1 tok_s=13562.9 ms=151 rc=0 T=50->50 cool=0s clk=2850.0/2850 MHz n=14 power_limited=0 foreign_busy=8.75% valid=1 
prefill 1b 8da4w parent r2 slot2 tok_s=14124.1 ms=145 rc=0 T=50->50 cool=0s clk=2850.0/2850 MHz n=15 power_limited=0 foreign_busy=5.37% valid=1 
prefill 1b 8da4w parent r3 slot1 tok_s=14027.4 ms=146 rc=0 T=50->50 cool=0s clk=2850.0/2850 MHz n=15 power_limited=0 foreign_busy=6.82% valid=1 
prefill 1b 8da4w cand r3 slot2 tok_s=14222.2 ms=144 rc=0 T=49->50 cool=0s clk=2850.0/2850 MHz n=14 power_limited=0 foreign_busy=6.7% valid=1 
prefill 1b 8da4w cand r4 slot1 tok_s=14422.5 ms=142 rc=0 T=49->50 cool=0s clk=2850.0/2850 MHz n=14 power_limited=0 foreign_busy=5.51% valid=1 
prefill 1b 8da4w parent r4 slot2 tok_s=13473.7 ms=152 rc=0 T=50->50 cool=0s clk=2850.0/2850 MHz n=15 power_limited=0 foreign_busy=9.65% valid=1 
prefill 1b 8da4w parent r5 slot1 tok_s=14524.8 ms=141 rc=0 T=50->50 cool=0s clk=2850.0/2850 MHz n=14 power_limited=0 foreign_busy=6.7% valid=1 
prefill 1b 8da4w cand r5 slot2 tok_s=13837.8 ms=148 rc=0 T=50->50 cool=0s clk=2850.0/2850 MHz n=15 power_limited=0 foreign_busy=6.76% valid=1 
check 1b 8da4w parent r0 slot0 tok_s=5666.67 ms=348 rc=0 T=50->50 cool=0s clk=2850.0/2833 MHz n=35 power_limited=9 foreign_busy=5.93% valid=1 
check 1b 8da4w cand r0 slot0 tok_s=5462.6 ms=361 rc=0 T=50->50 cool=0s clk=2850.0/2833 MHz n=36 power_limited=12 foreign_busy=6.41% valid=1 
unaligned 1b 8da4w parent r0 slot0 tok_s=13784.6 ms=130 rc=0 T=50->50 cool=0s clk=2850.0/2850 MHz n=13 power_limited=0 foreign_busy=5.3% valid=1 
unaligned 1b 8da4w cand r0 slot0 tok_s=13575.8 ms=132 rc=0 T=50->49 cool=0s clk=2850.0/2850 MHz n=13 power_limited=0 foreign_busy=7.11% valid=1 
nexttoken 1b 8da4w prompt_2048.txt=SAME check=SAME unaligned=SAME
prefill 3b 4w parent r1 slot1 tok_s=4785.05 ms=428 rc=0 T=50->50 cool=0s clk=2817.0/2817 MHz n=42 power_limited=42 foreign_busy=6.74% valid=1 
prefill 3b 4w cand r1 slot2 tok_s=4899.52 ms=418 rc=0 T=50->50 cool=0s clk=2817.0/2800 MHz n=42 power_limited=42 foreign_busy=5.23% valid=1 
prefill 3b 4w cand r2 slot1 tok_s=4807.51 ms=426 rc=0 T=50->51 cool=0s clk=2817.0/2800 MHz n=43 power_limited=43 foreign_busy=5.87% valid=1 
prefill 3b 4w parent r2 slot2 tok_s=4853.08 ms=422 rc=0 T=51->51 cool=0s clk=2833.0/2817 MHz n=42 power_limited=41 foreign_busy=5.27% valid=1 
prefill 3b 4w parent r3 slot1 tok_s=4807.51 ms=426 rc=0 T=51->52 cool=0s clk=2817.0/2800 MHz n=43 power_limited=43 foreign_busy=5.67% valid=1 
prefill 3b 4w cand r3 slot2 tok_s=4830.19 ms=424 rc=0 T=52->52 cool=0s clk=2817.0/2800 MHz n=42 power_limited=42 foreign_busy=6.21% valid=1 
prefill 3b 4w cand r4 slot1 tok_s=4751.74 ms=431 rc=0 T=51->52 cool=0s clk=2817.0/2817 MHz n=42 power_limited=42 foreign_busy=6.86% valid=1 
prefill 3b 4w parent r4 slot2 tok_s=4796.25 ms=427 rc=0 T=52->52 cool=0s clk=2817.0/2800 MHz n=42 power_limited=42 foreign_busy=5.87% valid=1 
prefill 3b 4w parent r5 slot1 tok_s=4830.19 ms=424 rc=0 T=52->52 cool=0s clk=2817.0/2800 MHz n=42 power_limited=42 foreign_busy=6.01% valid=1 
prefill 3b 4w cand r5 slot2 tok_s=4899.52 ms=418 rc=0 T=52->52 cool=0s clk=2800.0/2783 MHz n=42 power_limited=42 foreign_busy=4.85% valid=1 
check 3b 4w parent r0 slot0 tok_s=768.212 ms=2567 rc=0 T=52->52 cool=0s clk=2783.0/2750 MHz n=253 power_limited=245 foreign_busy=4.57% valid=1 
check 3b 4w cand r0 slot0 tok_s=776.072 ms=2541 rc=0 T=52->53 cool=0s clk=2783.0/2733 MHz n=250 power_limited=243 foreign_busy=3.74% valid=1 
unaligned 3b 4w parent r0 slot0 tok_s=4817.2 ms=372 rc=0 T=52->51 cool=0s clk=2750.0/2733 MHz n=37 power_limited=33 foreign_busy=3.74% valid=1 
unaligned 3b 4w cand r0 slot0 tok_s=4753.32 ms=377 rc=0 T=52->51 cool=0s clk=2767.0/2733 MHz n=37 power_limited=33 foreign_busy=4.53% valid=1 
nexttoken 3b 4w prompt_2048.txt=SAME check=SAME unaligned=SAME
prefill 3b 8da4w parent r1 slot1 tok_s=5953.49 ms=344 rc=0 T=51->51 cool=0s clk=2850.0/2850 MHz n=34 power_limited=0 foreign_busy=5.52% valid=1 
prefill 3b 8da4w cand r1 slot2 tok_s=5988.3 ms=342 rc=0 T=51->51 cool=0s clk=2850.0/2850 MHz n=34 power_limited=0 foreign_busy=5.81% valid=1 
prefill 3b 8da4w cand r2 slot1 tok_s=6023.53 ms=340 rc=0 T=51->51 cool=0s clk=2850.0/2850 MHz n=34 power_limited=0 foreign_busy=4.1% valid=1 
prefill 3b 8da4w parent r2 slot2 tok_s=6023.53 ms=340 rc=0 T=51->51 cool=0s clk=2850.0/2850 MHz n=33 power_limited=0 foreign_busy=4.96% valid=1 
prefill 3b 8da4w parent r3 slot1 tok_s=5953.49 ms=344 rc=0 T=51->51 cool=0s clk=2850.0/2850 MHz n=34 power_limited=0 foreign_busy=6.04% valid=1 
prefill 3b 8da4w cand r3 slot2 tok_s=5953.49 ms=344 rc=0 T=51->51 cool=0s clk=2850.0/2850 MHz n=34 power_limited=0 foreign_busy=5.9% valid=1 
prefill 3b 8da4w cand r4 slot1 tok_s=6113.43 ms=335 rc=0 T=51->51 cool=0s clk=2850.0/2850 MHz n=33 power_limited=0 foreign_busy=4.08% valid=1 
prefill 3b 8da4w parent r4 slot2 tok_s=6041.3 ms=339 rc=0 T=51->51 cool=0s clk=2850.0/2850 MHz n=33 power_limited=0 foreign_busy=3.65% valid=1 
prefill 3b 8da4w parent r5 slot1 tok_s=6113.43 ms=335 rc=0 T=51->51 cool=0s clk=2850.0/2850 MHz n=33 power_limited=0 foreign_busy=3.56% valid=1 
prefill 3b 8da4w cand r5 slot2 tok_s=6077.15 ms=337 rc=0 T=51->51 cool=0s clk=2850.0/2850 MHz n=34 power_limited=0 foreign_busy=4.23% valid=1 
check 3b 8da4w parent r0 slot0 tok_s=2115.88 ms=932 rc=0 T=51->52 cool=0s clk=2850.0/0 MHz n=92 power_limited=33 foreign_busy=4.57% valid=1 
check 3b 8da4w cand r0 slot0 tok_s=2104.59 ms=937 rc=0 T=52->52 cool=0s clk=2850.0/2833 MHz n=93 power_limited=36 foreign_busy=4.89% valid=1 
unaligned 3b 8da4w parent r0 slot0 tok_s=5875.41 ms=305 rc=0 T=52->54 cool=0s clk=2850.0/2850 MHz n=30 power_limited=0 foreign_busy=4.03% valid=1 
unaligned 3b 8da4w cand r0 slot0 tok_s=5743.59 ms=312 rc=0 T=50->52 cool=5s clk=2850.0/2850 MHz n=31 power_limited=0 foreign_busy=5.45% valid=1 
nexttoken 3b 8da4w prompt_2048.txt=SAME check=SAME unaligned=SAME
prefill 8b 4w parent r1 slot1 tok_s=2183.37 ms=938 rc=0 T=52->53 cool=0s clk=2733.0/2717 MHz n=93 power_limited=93 foreign_busy=4.44% valid=1 
prefill 8b 4w cand r1 slot2 tok_s=2146.75 ms=954 rc=0 T=49->51 cool=5s clk=2750.0/2733 MHz n=94 power_limited=94 foreign_busy=5.36% valid=1 
prefill 8b 4w cand r2 slot1 tok_s=2158.06 ms=949 rc=0 T=51->52 cool=0s clk=2750.0/2733 MHz n=94 power_limited=94 foreign_busy=5.09% valid=1 
prefill 8b 4w parent r2 slot2 tok_s=2160.34 ms=948 rc=0 T=52->52 cool=0s clk=2750.0/2733 MHz n=94 power_limited=94 foreign_busy=5.16% valid=1 
prefill 8b 4w parent r3 slot1 tok_s=2153.52 ms=951 rc=0 T=52->52 cool=0s clk=2750.0/2733 MHz n=94 power_limited=94 foreign_busy=5.16% valid=1 
prefill 8b 4w cand r3 slot2 tok_s=2195.07 ms=933 rc=0 T=52->52 cool=0s clk=2733.0/2717 MHz n=92 power_limited=92 foreign_busy=4.04% valid=1 
prefill 8b 4w cand r4 slot1 tok_s=2181.04 ms=939 rc=0 T=52->53 cool=0s clk=2733.0/2733 MHz n=93 power_limited=93 foreign_busy=4.9% valid=1 
prefill 8b 4w parent r4 slot2 tok_s=2171.79 ms=943 rc=0 T=50->52 cool=5s clk=2733.0/2733 MHz n=93 power_limited=93 foreign_busy=5.23% valid=1 
prefill 8b 4w parent r5 slot1 tok_s=2169.49 ms=944 rc=0 T=52->52 cool=0s clk=2733.0/2733 MHz n=94 power_limited=94 foreign_busy=4.91% valid=1 
prefill 8b 4w cand r5 slot2 tok_s=2192.72 ms=934 rc=0 T=52->52 cool=0s clk=2733.0/2717 MHz n=92 power_limited=92 foreign_busy=3.91% valid=1 
check 8b 4w parent r0 slot0 tok_s=337.498 ms=5843 rc=0 T=52->59 cool=0s clk=2667.0/0 MHz n=576 power_limited=571 foreign_busy=4.37% valid=1 
check 8b 4w cand r0 slot0 tok_s=335.66 ms=5875 rc=0 T=52->54 cool=5s clk=2683.0/2650 MHz n=580 power_limited=575 foreign_busy=5.09% valid=1 
unaligned 8b 4w parent r0 slot0 tok_s=2146.11 ms=835 rc=0 T=52->52 cool=5s clk=2667.0/2633 MHz n=83 power_limited=79 foreign_busy=3.69% valid=1 
unaligned 8b 4w cand r0 slot0 tok_s=2118.2 ms=846 rc=0 T=52->52 cool=0s clk=2683.0/2650 MHz n=84 power_limited=79 foreign_busy=4.69% valid=1 
nexttoken 8b 4w prompt_2048.txt=SAME check=SAME unaligned=SAME
prefill 8b 8da4w parent r1 slot1 tok_s=2797.81 ms=732 rc=0 T=52->49 cool=0s clk=2850.0/2850 MHz n=73 power_limited=0 foreign_busy=4.7% valid=1 
prefill 8b 8da4w cand r1 slot2 tok_s=2813.19 ms=728 rc=0 T=50->50 cool=0s clk=2850.0/2850 MHz n=72 power_limited=0 foreign_busy=4.59% valid=1 
prefill 8b 8da4w cand r2 slot1 tok_s=2860.34 ms=716 rc=0 T=50->50 cool=0s clk=2850.0/2850 MHz n=71 power_limited=0 foreign_busy=3.81% valid=1 
prefill 8b 8da4w parent r2 slot2 tok_s=2828.73 ms=724 rc=0 T=50->50 cool=0s clk=2850.0/2850 MHz n=72 power_limited=0 foreign_busy=4.53% valid=1 
prefill 8b 8da4w parent r3 slot1 tok_s=2790.19 ms=734 rc=0 T=50->51 cool=0s clk=2850.0/2850 MHz n=73 power_limited=0 foreign_busy=5.41% valid=1 
prefill 8b 8da4w cand r3 slot2 tok_s=2794 ms=733 rc=0 T=51->51 cool=0s clk=2850.0/2850 MHz n=73 power_limited=0 foreign_busy=4.79% valid=1 
prefill 8b 8da4w cand r4 slot1 tok_s=2794 ms=733 rc=0 T=51->51 cool=0s clk=2850.0/2850 MHz n=72 power_limited=0 foreign_busy=5.57% valid=1 
prefill 8b 8da4w parent r4 slot2 tok_s=2817.06 ms=727 rc=0 T=51->51 cool=0s clk=2850.0/2850 MHz n=72 power_limited=0 foreign_busy=4.48% valid=1 
prefill 8b 8da4w parent r5 slot1 tok_s=2844.44 ms=720 rc=0 T=51->51 cool=0s clk=2850.0/2850 MHz n=71 power_limited=0 foreign_busy=3.57% valid=1 
prefill 8b 8da4w cand r5 slot2 tok_s=2840.5 ms=721 rc=0 T=51->51 cool=0s clk=2850.0/2850 MHz n=72 power_limited=0 foreign_busy=4.32% valid=1 
check 8b 8da4w parent r0 slot0 tok_s=884.702 ms=2229 rc=0 T=51->54 cool=0s clk=2850.0/2833 MHz n=221 power_limited=18 foreign_busy=4.85% valid=1 
check 8b 8da4w cand r0 slot0 tok_s=883.513 ms=2232 rc=0 T=50->53 cool=5s clk=2850.0/2833 MHz n=221 power_limited=15 foreign_busy=5.0% valid=1 
unaligned 8b 8da4w parent r0 slot0 tok_s=2782.61 ms=644 rc=0 T=50->51 cool=5s clk=2850.0/2850 MHz n=64 power_limited=0 foreign_busy=3.92% valid=1 
unaligned 8b 8da4w cand r0 slot0 tok_s=2756.92 ms=650 rc=0 T=50->50 cool=0s clk=2850.0/2850 MHz n=64 power_limited=0 foreign_busy=4.26% valid=1 
nexttoken 8b 8da4w prompt_2048.txt=SAME check=SAME unaligned=SAME
calibration: idle_temp_mc=47000 clkmin_mhz=2651 busymax_pct=15.62
E2E5_OK 
