"kernel_name": "matmul_khr_cm_int8_wave64", ..     (28672,1,1)     (256,1,1)   khr_cm_int8_wave64_llama_ffn_gateup_128_4096_14336                                         [128x4096]        2090.440 μs       7191.016 GFLOP/s   PASSED
"kernel_name": "matmul_khr_cm_int8_wave64", ..     (28672,1,1)     (256,1,1)   khr_cm_int8_wave64_nsweep_n14336                                                           [128x4096]        1532.692 μs       9807.832 GFLOP/s   PASSED
"kernel_name": "matmul_khr_cm_int8_wave64", ..     (8192,1,1)      (256,1,1)   khr_cm_int8_wave64_llama_ffn_down_128_14336_4096                                          [128x14336]        2423.320 μs       6203.220 GFLOP/s   PASSED
"kernel_name": "matmul_khr_cm_int8_wave64", ..     (8192,1,1)      (256,1,1)   khr_cm_int8_wave64_llama_qo_128_4096_4096                                                  [128x4096]        1360.556 μs       3156.773 GFLOP/s   PASSED
"kernel_name": "matmul_khr_cm_int8_wave64", ..     (8192,1,1)      (256,1,1)   khr_cm_int8_wave64_nsweep_n4096                                                            [128x4096]         828.884 μs       5181.626 GFLOP/s   PASSED
"kernel_name": "matmul_khr_cm_int8_wave64", ..     (2048,1,1)      (256,1,1)   khr_cm_int8_wave64_llama_kv_128_4096_1024                                                  [128x4096]         361.040 μs       2974.025 GFLOP/s   PASSED
"kernel_name": "matmul_khr_cm_int8_wave64", ..     (2048,1,1)      (256,1,1)   khr_cm_int8_wave64_nsweep_n1024                                                            [128x4096]         350.132 μs       3066.677 GFLOP/s   PASSED
"kernel_name": "matmul_khr_cm_int8_wave64", ..     (1024,1,1)      (256,1,1)   khr_cm_int8_wave64_nsweep_n512                                                             [128x4096]         248.624 μs       2159.369 GFLOP/s   PASSED
"kernel_name": "matmul_khr_cm_int8_wave64", ..     (4096,1,1)      (256,1,1)   khr_cm_int8_wave64_nsweep_n2048                                                            [128x4096]         819.000 μs       2622.080 GFLOP/s   PASSED
"kernel_name": "matmul_khr_cm_int8_wave64", ..     (16384,1,1)     (256,1,1)   khr_cm_int8_wave64_nsweep_n8192                                                            [128x4096]        1640.192 μs       5237.152 GFLOP/s   PASSED
"kernel_name": "matmul_khr_cm_int8_wave64", ..     (24576,1,1)     (256,1,1)   khr_cm_int8_wave64_nsweep_n12288                                                           [128x4096]        1996.008 μs       6455.336 GFLOP/s   PASSED
"kernel_name": "matmul_khr_cm_int8_wave64", ..     (32768,1,1)     (256,1,1)   khr_cm_int8_wave64_nsweep_n16384                                                           [128x4096]        2310.792 μs       7434.624 GFLOP/s   PASSED
"kernel_name": "matmul_khr_cm_int8_wave64", ..     (28672,1,1)     (256,1,1)   khr_cm_int8_sweep_v0_baseline_llama_ffn_gateup_128_4096_14336                              [128x4096]        1995.420 μs       7533.445 GFLOP/s   PASSED
"kernel_name": "matmul_khr_cm_int8_wave64", ..     (8192,1,1)      (256,1,1)   khr_cm_int8_sweep_v0_baseline_llama_ffn_down_128_14336_4096                               [128x14336]        2393.736 μs       6279.884 GFLOP/s   PASSED
"kernel_name": "matmul_khr_cm_int8_wave64", ..     (8192,1,1)      (256,1,1)   khr_cm_int8_sweep_v0_baseline_llama_qo_128_4096_4096                                       [128x4096]        1291.104 μs       3326.585 GFLOP/s   PASSED
"kernel_name": "matmul_khr_cm_int8_wave64", ..     (2048,1,1)      (256,1,1)   khr_cm_int8_sweep_v0_baseline_llama_kv_128_4096_1024                                       [128x4096]         582.316 μs       1843.916 GFLOP/s   PASSED
"kernel_name": "matmul_khr_cm_int8_wave64", ..     (28672,1,1)     (256,1,1)   khr_cm_int8_sweep_v1_deepK_llama_ffn_gateup_128_4096_14336                                 [128x4096]        2249.228 μs       6683.353 GFLOP/s   PASSED
"kernel_name": "matmul_khr_cm_int8_wave64", ..     (8192,1,1)      (256,1,1)   khr_cm_int8_sweep_v1_deepK_llama_ffn_down_128_14336_4096                                  [128x14336]        2473.776 μs       6076.696 GFLOP/s   PASSED
"kernel_name": "matmul_khr_cm_int8_wave64", ..     (8192,1,1)      (256,1,1)   khr_cm_int8_sweep_v1_deepK_llama_qo_128_4096_4096                                          [128x4096]        1299.076 μs       3306.171 GFLOP/s   PASSED
"kernel_name": "matmul_khr_cm_int8_wave64", ..     (2048,1,1)      (256,1,1)   khr_cm_int8_sweep_v1_deepK_llama_kv_128_4096_1024                                          [128x4096]         537.928 μs       1996.070 GFLOP/s   PASSED
"kernel_name": "matmul_khr_cm_int8_wave64", ..     (28672,1,1)     (256,1,1)   khr_cm_int8_sweep_v3_sg1x4_llama_ffn_gateup_128_4096_14336                                 [128x4096]        2687.912 μs       5592.588 GFLOP/s   PASSED
"kernel_name": "matmul_khr_cm_int8_wave64", ..     (8192,1,1)      (256,1,1)   khr_cm_int8_sweep_v3_sg1x4_llama_ffn_down_128_14336_4096                                  [128x14336]        3161.956 μs       4754.141 GFLOP/s   PASSED
"kernel_name": "matmul_khr_cm_int8_wave64", ..     (8192,1,1)      (256,1,1)   khr_cm_int8_sweep_v3_sg1x4_llama_qo_128_4096_4096                                          [128x4096]        1599.428 μs       2685.314 GFLOP/s   PASSED
"kernel_name": "matmul_khr_cm_int8_wave64", ..     (2048,1,1)      (256,1,1)   khr_cm_int8_sweep_v3_sg1x4_llama_kv_128_4096_1024                                          [128x4096]         566.356 μs       1895.878 GFLOP/s   PASSED
"kernel_name": "matmul_khr_cm_int8_wave64", ..     (28672,1,1)     (256,1,1)   khr_cm_int8_sweep_v4_sg4x1_llama_ffn_gateup_128_4096_14336                                 [128x4096]        2023.796 μs       7427.818 GFLOP/s   PASSED
"kernel_name": "matmul_khr_cm_int8_wave64", ..     (8192,1,1)      (256,1,1)   khr_cm_int8_sweep_v4_sg4x1_llama_ffn_down_128_14336_4096                                  [128x14336]        2402.396 μs       6257.248 GFLOP/s   PASSED
"kernel_name": "matmul_khr_cm_int8_wave64", ..     (8192,1,1)      (256,1,1)   khr_cm_int8_sweep_v4_sg4x1_llama_qo_128_4096_4096                                          [128x4096]        1278.340 μs       3359.800 GFLOP/s   PASSED
"kernel_name": "matmul_khr_cm_int8_wave64", ..     (2048,1,1)      (256,1,1)   khr_cm_int8_sweep_v4_sg4x1_llama_kv_128_4096_1024                                          [128x4096]         450.652 μs       2382.641 GFLOP/s   PASSED
