
=== Compute Shader Performance Benchmark ===
Quantized Linear Operation Prototyping Framework
----------------------------------------------------------------------
Executing 64 test cases for QuantizedLinear
----------------------------------------------------------------------
"kernel_name": "quantize_and_pack_4h4w_per_t..     (16,1,1)        (64,1,1)                                                                                                                    3.800 μs                                 
"kernel_name": "linear_q8ta_q8csw_tiled_text..     (4,1,1)         (4,16,1)                                                                                                                   14.736 μs                                 
et_vk.linear_q8ta_q8csw.default                                                correctness_4_64_32_Texture3D_Float                                                            [4x64]          18.536 μs          0.891 GFLOP/s   PASSED
"kernel_name": "quantize_and_pack_4h4w_per_t..     (16,1,1)        (64,1,1)                                                                                                                    3.632 μs                                 
"kernel_name": "linear_q8ta_q8csw_tiled_buff..     (4,1,1)         (4,16,1)                                                                                                                   15.700 μs                                 
et_vk.linear_q8ta_q8csw.default                                                correctness_4_64_32_Buffer_Float                                                               [4x64]          19.332 μs          0.854 GFLOP/s   PASSED
"kernel_name": "linear_q8csw_tiled_texture3d..     (8,1,1)         (16,4,1)    correctness_4_64_32_Texture3D_Float                                                            [4x64]          20.092 μs          0.822 GFLOP/s   PASSED
"kernel_name": "linear_q8csw_tiled_buffer_te..     (8,1,1)         (16,4,1)    correctness_4_64_32_Buffer_Float                                                               [4x64]          19.716 μs          0.837 GFLOP/s   PASSED
"kernel_name": "quantize_and_pack_4h4w_per_t..     (32,1,1)        (64,1,1)                                                                                                                    3.832 μs                                 
"kernel_name": "linear_q8ta_q8csw_tiled_text..     (8,1,1)         (16,4,1)                                                                                                                   25.024 μs                                 
et_vk.linear_q8ta_q8csw.default                                                correctness_4_128_64_Texture3D_Float                                                          [4x128]          28.856 μs          2.280 GFLOP/s   PASSED
"kernel_name": "quantize_and_pack_4h4w_per_t..     (32,1,1)        (64,1,1)                                                                                                                    3.572 μs                                 
"kernel_name": "linear_q8ta_q8csw_tiled_buff..     (8,1,1)         (16,4,1)                                                                                                                   25.124 μs                                 
et_vk.linear_q8ta_q8csw.default                                                correctness_4_128_64_Buffer_Float                                                             [4x128]          28.696 μs          2.293 GFLOP/s   PASSED
"kernel_name": "linear_q8csw_tiled_texture3d..     (16,1,1)        (16,4,1)    correctness_4_128_64_Texture3D_Float                                                          [4x128]          34.544 μs          1.905 GFLOP/s   PASSED
"kernel_name": "linear_q8csw_tiled_buffer_te..     (16,1,1)        (16,4,1)    correctness_4_128_64_Buffer_Float                                                             [4x128]          34.884 μs          1.886 GFLOP/s   PASSED
"kernel_name": "quantize_and_pack_4h4w_per_t..     (64,1,1)        (64,1,1)                                                                                                                    3.924 μs                                 
"kernel_name": "linear_q8ta_q8csw_tiled_text..     (16,1,1)        (16,4,1)                                                                                                                   45.732 μs                                 
et_vk.linear_q8ta_q8csw.default                                                correctness_4_256_128_Texture3D_Float                                                         [4x256]          49.656 μs          5.290 GFLOP/s   PASSED
"kernel_name": "quantize_and_pack_4h4w_per_t..     (64,1,1)        (64,1,1)                                                                                                                    3.520 μs                                 
"kernel_name": "linear_q8ta_q8csw_tiled_buff..     (16,1,1)        (16,4,1)                                                                                                                   45.808 μs                                 
et_vk.linear_q8ta_q8csw.default                                                correctness_4_256_128_Buffer_Float                                                            [4x256]          49.328 μs          5.325 GFLOP/s   PASSED
"kernel_name": "linear_q8csw_tiled_texture3d..     (32,1,1)        (16,4,1)    correctness_4_256_128_Texture3D_Float                                                         [4x256]          65.480 μs          4.011 GFLOP/s   PASSED
"kernel_name": "linear_q8csw_tiled_buffer_te..     (32,1,1)        (16,4,1)    correctness_4_256_128_Buffer_Float                                                            [4x256]          66.428 μs          3.954 GFLOP/s   PASSED
"kernel_name": "quantize_and_pack_4h4w_per_t..     (16,8,1)        (16,4,1)                                                                                                                    4.088 μs                                 
"kernel_name": "linear_q8ta_q8csw_tiled_text..     (4,8,1)         (4,16,1)                                                                                                                   14.784 μs                                 
et_vk.linear_q8ta_q8csw.default                                                correctness_32_64_32_Texture3D_Float                                                          [32x64]          18.872 μs          7.000 GFLOP/s   PASSED
"kernel_name": "quantize_and_pack_4h4w_per_t..     (16,8,1)        (16,4,1)                                                                                                                    3.712 μs                                 
"kernel_name": "linear_q8ta_q8csw_tiled_buff..     (4,8,1)         (4,16,1)                                                                                                                   14.944 μs                                 
et_vk.linear_q8ta_q8csw.default                                                correctness_32_64_32_Buffer_Float                                                             [32x64]          18.656 μs          7.081 GFLOP/s   PASSED
"kernel_name": "linear_q8csw_tiled_texture3d..     (8,8,1)         (8,8,1)     correctness_32_64_32_Texture3D_Float                                                          [32x64]          20.396 μs          6.477 GFLOP/s   PASSED
"kernel_name": "linear_q8csw_tiled_buffer_te..     (8,8,1)         (8,8,1)     correctness_32_64_32_Buffer_Float                                                             [32x64]          21.860 μs          6.043 GFLOP/s   PASSED
"kernel_name": "quantize_and_pack_4h4w_per_t..     (32,8,1)        (16,4,1)                                                                                                                    4.280 μs                                 
"kernel_name": "linear_q8ta_q8csw_tiled_text..     (8,8,1)         (8,8,1)                                                                                                                    25.904 μs                                 
et_vk.linear_q8ta_q8csw.default                                                correctness_32_128_64_Texture3D_Float                                                        [32x128]          30.184 μs         17.438 GFLOP/s   PASSED
"kernel_name": "quantize_and_pack_4h4w_per_t..     (32,8,1)        (16,4,1)                                                                                                                    3.864 μs                                 
"kernel_name": "linear_q8ta_q8csw_tiled_buff..     (8,8,1)         (8,8,1)                                                                                                                    25.596 μs                                 
et_vk.linear_q8ta_q8csw.default                                                correctness_32_128_64_Buffer_Float                                                           [32x128]          29.460 μs         17.866 GFLOP/s   PASSED
"kernel_name": "linear_q8csw_tiled_texture3d..     (16,8,1)        (8,8,1)     correctness_32_128_64_Texture3D_Float                                                        [32x128]          36.688 μs         14.346 GFLOP/s   PASSED
"kernel_name": "linear_q8csw_tiled_buffer_te..     (16,8,1)        (8,8,1)     correctness_32_128_64_Buffer_Float                                                           [32x128]          40.176 μs         13.101 GFLOP/s   PASSED
"kernel_name": "quantize_and_pack_4h4w_per_t..     (64,8,1)        (16,4,1)                                                                                                                    4.328 μs                                 
"kernel_name": "linear_q8ta_q8csw_tiled_text..     (16,8,1)        (8,8,1)                                                                                                                    46.684 μs                                 
et_vk.linear_q8ta_q8csw.default                                                correctness_32_256_128_Texture3D_Float                                                       [32x256]          51.012 μs         41.191 GFLOP/s   PASSED
"kernel_name": "quantize_and_pack_4h4w_per_t..     (64,8,1)        (16,4,1)                                                                                                                    4.020 μs                                 
"kernel_name": "linear_q8ta_q8csw_tiled_buff..     (16,8,1)        (8,8,1)                                                                                                                    46.904 μs                                 
et_vk.linear_q8ta_q8csw.default                                                correctness_32_256_128_Buffer_Float                                                          [32x256]          50.924 μs         41.262 GFLOP/s   PASSED
"kernel_name": "linear_q8csw_tiled_texture3d..     (32,8,1)        (8,8,1)     correctness_32_256_128_Texture3D_Float                                                       [32x256]          72.388 μs         29.028 GFLOP/s   PASSED
"kernel_name": "linear_q8csw_tiled_buffer_te..     (32,8,1)        (8,8,1)     correctness_32_256_128_Buffer_Float                                                          [32x256]          73.368 μs         28.640 GFLOP/s   PASSED
"kernel_name": "quantize_and_pack_4h4w_per_t..     (32,8,1)        (16,4,1)                                                                                                                    4.212 μs                                 
"kernel_name": "linear_q8ta_q8csw_tiled_text..     (8,8,1)         (8,8,1)                                                                                                                    25.808 μs                                 
et_vk.linear_q8ta_q8csw.default                                                correctness_32_128_64_no_bias_Texture3D_Float                                                [32x128]          30.020 μs         17.533 GFLOP/s   PASSED
"kernel_name": "quantize_and_pack_4h4w_per_t..     (32,8,1)        (16,4,1)                                                                                                                    3.852 μs                                 
"kernel_name": "linear_q8ta_q8csw_tiled_buff..     (8,8,1)         (8,8,1)                                                                                                                    25.592 μs                                 
et_vk.linear_q8ta_q8csw.default                                                correctness_32_128_64_no_bias_Buffer_Float                                                   [32x128]          29.444 μs         17.876 GFLOP/s   PASSED
"kernel_name": "linear_q8csw_tiled_texture3d..     (16,8,1)        (8,8,1)     correctness_32_128_64_no_bias_Texture3D_Float                                                [32x128]          36.992 μs         14.228 GFLOP/s   PASSED
"kernel_name": "linear_q8csw_tiled_buffer_te..     (16,8,1)        (8,8,1)     correctness_32_128_64_no_bias_Buffer_Float                                                   [32x128]          40.204 μs         13.092 GFLOP/s   PASSED
"kernel_name": "quantize_and_pack_4h4w_per_t..     (64,8,1)        (16,4,1)                                                                                                                    4.380 μs                                 
"kernel_name": "linear_q8ta_q8csw_tiled_text..     (16,8,1)        (8,8,1)                                                                                                                    46.360 μs                                 
et_vk.linear_q8ta_q8csw.default                                                correctness_32_256_128_no_bias_Texture3D_Float                                               [32x256]          50.740 μs         41.412 GFLOP/s   PASSED
"kernel_name": "quantize_and_pack_4h4w_per_t..     (64,8,1)        (16,4,1)                                                                                                                    4.056 μs                                 
"kernel_name": "linear_q8ta_q8csw_tiled_buff..     (16,8,1)        (8,8,1)                                                                                                                    46.424 μs                                 
et_vk.linear_q8ta_q8csw.default                                                correctness_32_256_128_no_bias_Buffer_Float                                                  [32x256]          50.480 μs         41.625 GFLOP/s   PASSED
"kernel_name": "linear_q8csw_tiled_texture3d..     (32,8,1)        (8,8,1)     correctness_32_256_128_no_bias_Texture3D_Float                                               [32x256]          72.180 μs         29.111 GFLOP/s   PASSED
"kernel_name": "linear_q8csw_tiled_buffer_te..     (32,8,1)        (8,8,1)     correctness_32_256_128_no_bias_Buffer_Float                                                  [32x256]          73.844 μs         28.455 GFLOP/s   PASSED
"kernel_name": "quantize_and_pack_4h4w_per_t..     (512,64,1)      (16,4,1)                                                                                                                   42.788 μs                                 
"kernel_name": "linear_q8ta_q8csw_tiled_text..     (256,64,1)      (8,8,1)                                                                                                                   838.260 μs                                 
et_vk.linear_q8ta_q8csw.default                                                performance_256_2048_2048_Texture3D_Float                                                  [256x2048]         881.048 μs       2438.015 GFLOP/s  SKIPPED
"kernel_name": "quantize_and_pack_4h4w_per_t..     (512,64,1)      (16,4,1)                                                                                                                   39.168 μs                                 
"kernel_name": "linear_q8ta_q8csw_tiled_buff..     (256,64,1)      (8,8,1)                                                                                                                   828.352 μs                                 
et_vk.linear_q8ta_q8csw.default                                                performance_256_2048_2048_Buffer_Float                                                     [256x2048]         867.520 μs       2476.033 GFLOP/s  SKIPPED
"kernel_name": "linear_q8csw_tiled_texture3d..     (512,64,1)      (8,8,1)     performance_256_2048_2048_Texture3D_Float                                                  [256x2048]        2710.592 μs        792.450 GFLOP/s  SKIPPED
"kernel_name": "linear_q8csw_tiled_buffer_te..     (512,64,1)      (8,8,1)     performance_256_2048_2048_Buffer_Float                                                     [256x2048]        2085.768 μs       1029.840 GFLOP/s  SKIPPED
"kernel_name": "quantize_and_pack_4h4w_per_t..     (512,128,1)     (16,4,1)                                                                                                                   76.260 μs                                 
"kernel_name": "linear_q8ta_q8csw_tiled_text..     (256,128,1)     (8,8,1)                                                                                                                   669.492 μs                                 
et_vk.linear_q8ta_q8csw.default                                                performance_512_2048_2048_Texture3D_Float                                                  [512x2048]         745.752 μs       5760.649 GFLOP/s  SKIPPED
"kernel_name": "quantize_and_pack_4h4w_per_t..     (512,128,1)     (16,4,1)                                                                                                                   75.472 μs                                 
"kernel_name": "linear_q8ta_q8csw_tiled_buff..     (256,128,1)     (8,8,1)                                                                                                                   649.028 μs                                 
et_vk.linear_q8ta_q8csw.default                                                performance_512_2048_2048_Buffer_Float                                                     [512x2048]         724.500 μs       5929.628 GFLOP/s  SKIPPED
"kernel_name": "linear_q8csw_tiled_texture3d..     (512,128,1)     (8,8,1)     performance_512_2048_2048_Texture3D_Float                                                  [512x2048]        2754.288 μs       1559.756 GFLOP/s  SKIPPED
"kernel_name": "linear_q8csw_tiled_buffer_te..     (512,128,1)     (8,8,1)     performance_512_2048_2048_Buffer_Float                                                     [512x2048]        2870.392 μs       1496.665 GFLOP/s  SKIPPED
"kernel_name": "quantize_and_pack_4h4w_per_t..     (512,256,1)     (16,4,1)                                                                                                                  141.092 μs                                 
"kernel_name": "linear_q8ta_q8csw_tiled_text..     (256,256,1)     (8,8,1)                                                                                                                  1225.952 μs                                 
et_vk.linear_q8ta_q8csw.default                                                performance_1024_2048_2048_Texture3D_Float                                                [1024x2048]        1367.044 μs       6285.117 GFLOP/s  SKIPPED
"kernel_name": "quantize_and_pack_4h4w_per_t..     (512,256,1)     (16,4,1)                                                                                                                  145.916 μs                                 
"kernel_name": "linear_q8ta_q8csw_tiled_buff..     (256,256,1)     (8,8,1)                                                                                                                  1181.228 μs                                 
et_vk.linear_q8ta_q8csw.default                                                performance_1024_2048_2048_Buffer_Float                                                   [1024x2048]        1327.144 μs       6474.077 GFLOP/s  SKIPPED
"kernel_name": "linear_q8csw_tiled_texture3d..     (512,256,1)     (8,8,1)     performance_1024_2048_2048_Texture3D_Float                                                [1024x2048]        5116.724 μs       1679.206 GFLOP/s  SKIPPED
"kernel_name": "linear_q8csw_tiled_buffer_te..     (512,256,1)     (8,8,1)     performance_1024_2048_2048_Buffer_Float                                                   [1024x2048]        5686.720 μs       1510.894 GFLOP/s  SKIPPED
"kernel_name": "quantize_and_pack_4h4w_per_t..     (1024,32,1)     (16,4,1)                                                                                                                   40.096 μs                                 
"kernel_name": "linear_q8ta_q8csw_tiled_text..     (1792,32,1)     (8,8,1)                                                                                                                  3361.036 μs                                 
et_vk.linear_q8ta_q8csw.default                                                performance_128_4096_14336_no_bias_Texture3D_Float                                         [128x4096]        3401.132 μs       4420.358 GFLOP/s  SKIPPED
"kernel_name": "quantize_and_pack_4h4w_per_t..     (1024,32,1)     (16,4,1)                                                                                                                   37.908 μs                                 
"kernel_name": "linear_q8ta_q8csw_tiled_buff..     (1792,32,1)     (8,8,1)                                                                                                                  3247.516 μs                                 
et_vk.linear_q8ta_q8csw.default                                                performance_128_4096_14336_no_bias_Buffer_Float                                            [128x4096]        3285.424 μs       4576.037 GFLOP/s  SKIPPED
"kernel_name": "linear_q8csw_tiled_texture3d..     (3584,32,1)     (8,8,1)     performance_128_4096_14336_no_bias_Texture3D_Float                                         [128x4096]        9113.567 μs       1649.653 GFLOP/s  SKIPPED
"kernel_name": "linear_q8csw_tiled_buffer_te..     (3584,32,1)     (8,8,1)     performance_128_4096_14336_no_bias_Buffer_Float                                            [128x4096]        9835.868 μs       1528.510 GFLOP/s  SKIPPED
"kernel_name": "quantize_and_pack_4h4w_per_t..     (3584,32,1)     (16,4,1)                                                                                                                  130.368 μs                                 
"kernel_name": "linear_q8ta_q8csw_tiled_text..     (512,32,1)      (8,8,1)                                                                                                                  3029.032 μs                                 
et_vk.linear_q8ta_q8csw.default                                                performance_128_14336_4096_no_bias_Texture3D_Float                                        [128x14336]        3159.400 μs       4758.153 GFLOP/s  SKIPPED
"kernel_name": "quantize_and_pack_4h4w_per_t..     (3584,32,1)     (16,4,1)                                                                                                                  127.804 μs                                 
"kernel_name": "linear_q8ta_q8csw_tiled_buff..     (512,32,1)      (8,8,1)                                                                                                                  2927.112 μs                                 
et_vk.linear_q8ta_q8csw.default                                                performance_128_14336_4096_no_bias_Buffer_Float                                           [128x14336]        3054.916 μs       4920.892 GFLOP/s  SKIPPED
"kernel_name": "linear_q8csw_tiled_texture3d..     (1024,32,1)     (8,8,1)     performance_128_14336_4096_no_bias_Texture3D_Float                                        [128x14336]        9670.057 μs       1554.583 GFLOP/s  SKIPPED
"kernel_name": "linear_q8csw_tiled_buffer_te..     (1024,32,1)     (8,8,1)     performance_128_14336_4096_no_bias_Buffer_Float                                           [128x14336]       10471.520 μs       1435.600 GFLOP/s  SKIPPED
"kernel_name": "quantize_and_pack_4h4w_per_t..     (1024,32,1)     (16,4,1)                                                                                                                   48.864 μs                                 
"kernel_name": "linear_q8ta_q8csw_tiled_text..     (512,32,1)      (8,8,1)                                                                                                                   783.064 μs                                 
et_vk.linear_q8ta_q8csw.default                                                performance_128_4096_4096_no_bias_Texture3D_Float                                          [128x4096]         831.928 μs       5163.298 GFLOP/s  SKIPPED
"kernel_name": "quantize_and_pack_4h4w_per_t..     (1024,32,1)     (16,4,1)                                                                                                                   37.132 μs                                 
"kernel_name": "linear_q8ta_q8csw_tiled_buff..     (512,32,1)      (8,8,1)                                                                                                                   748.496 μs                                 
et_vk.linear_q8ta_q8csw.default                                                performance_128_4096_4096_no_bias_Buffer_Float                                             [128x4096]         785.628 μs       5467.589 GFLOP/s  SKIPPED
"kernel_name": "linear_q8csw_tiled_texture3d..     (1024,32,1)     (8,8,1)     performance_128_4096_4096_no_bias_Texture3D_Float                                          [128x4096]        2725.792 μs       1575.869 GFLOP/s  SKIPPED
"kernel_name": "linear_q8csw_tiled_buffer_te..     (1024,32,1)     (8,8,1)     performance_128_4096_4096_no_bias_Buffer_Float                                             [128x4096]        3034.836 μs       1415.395 GFLOP/s  SKIPPED
"kernel_name": "quantize_and_pack_4h4w_per_t..     (1024,32,1)     (16,4,1)                                                                                                                   41.432 μs                                 
"kernel_name": "linear_q8ta_q8csw_tiled_text..     (128,32,1)      (8,8,1)                                                                                                                   287.424 μs                                 
et_vk.linear_q8ta_q8csw.default                                                performance_128_4096_1024_no_bias_Texture3D_Float                                          [128x4096]         328.856 μs       3265.481 GFLOP/s  SKIPPED
"kernel_name": "quantize_and_pack_4h4w_per_t..     (1024,32,1)     (16,4,1)                                                                                                                   38.524 μs                                 
"kernel_name": "linear_q8ta_q8csw_tiled_buff..     (128,32,1)      (8,8,1)                                                                                                                   290.896 μs                                 
et_vk.linear_q8ta_q8csw.default                                                performance_128_4096_1024_no_bias_Buffer_Float                                             [128x4096]         329.420 μs       3259.890 GFLOP/s  SKIPPED
"kernel_name": "linear_q8csw_tiled_texture3d..     (256,32,1)      (8,8,1)     performance_128_4096_1024_no_bias_Texture3D_Float                                          [128x4096]         854.176 μs       1257.203 GFLOP/s  SKIPPED
"kernel_name": "linear_q8csw_tiled_buffer_te..     (256,32,1)      (8,8,1)     performance_128_4096_1024_no_bias_Buffer_Float                                             [128x4096]         936.520 μs       1146.663 GFLOP/s  SKIPPED
"kernel_name": "quantize_and_pack_4h4w_per_t..     (1024,1024,1)   (16,4,1)                                                                                                                 1096.796 μs                                 
"kernel_name": "linear_q8ta_q8csw_tiled_text..     (512,1024,1)    (8,8,1)                                                                                                                 28531.629 μs                                 
et_vk.linear_q8ta_q8csw.default                                                performance_4096_4096_4096_no_bias_Texture3D_Float                                        [4096x4096]       29628.426 μs       4639.319 GFLOP/s  SKIPPED
"kernel_name": "quantize_and_pack_4h4w_per_t..     (1024,1024,1)   (16,4,1)                                                                                                                 1104.736 μs                                 
"kernel_name": "linear_q8ta_q8csw_tiled_buff..     (512,1024,1)    (8,8,1)                                                                                                                 29122.084 μs                                 
et_vk.linear_q8ta_q8csw.default                                                performance_4096_4096_4096_no_bias_Buffer_Float                                           [4096x4096]       30226.818 μs       4547.476 GFLOP/s  SKIPPED
"kernel_name": "linear_q8csw_tiled_texture3d..     (1024,1024,1)   (8,8,1)     performance_4096_4096_4096_no_bias_Texture3D_Float                                        [4096x4096]       83564.453 μs       1644.907 GFLOP/s  SKIPPED
"kernel_name": "linear_q8csw_tiled_buffer_te..     (1024,1024,1)   (8,8,1)     performance_4096_4096_4096_no_bias_Buffer_Float                                           [4096x4096]       91073.477 μs       1509.284 GFLOP/s  SKIPPED
----------------------------------------------------------------------
Completed 64 test cases
