
=== Compute Shader Performance Benchmark ===
Quantized Linear Operation Prototyping Framework
----------------------------------------------------------------------
Executing 60 test cases for QuantizedLinear
----------------------------------------------------------------------
"kernel_name": "quantize_and_pack_4h4w_per_t..     (16,1,1)        (64,1,1)                                                                                                                    3.752 μs                                 
"kernel_name": "linear_q8ta_q8csw_tiled_text..     (4,1,1)         (4,16,1)                                                                                                                   14.864 μs                                 
et_vk.linear_q8ta_q8csw.default                                                correctness_4_64_32_Texture3D_Float                                                            [4x64]          18.616 μs          0.887 GFLOP/s   PASSED
"kernel_name": "quantize_and_pack_4h4w_per_t..     (16,1,1)        (64,1,1)                                                                                                                    3.652 μs                                 
"kernel_name": "linear_q8ta_q8csw_tiled_buff..     (4,1,1)         (4,16,1)                                                                                                                   15.784 μs                                 
et_vk.linear_q8ta_q8csw.default                                                correctness_4_64_32_Buffer_Float                                                               [4x64]          19.436 μs          0.850 GFLOP/s   PASSED
"kernel_name": "linear_q8csw_tiled_texture3d..     (8,1,1)         (16,4,1)    correctness_4_64_32_Texture3D_Float                                                            [4x64]          20.048 μs          0.824 GFLOP/s   PASSED
"kernel_name": "linear_q8csw_tiled_buffer_te..     (8,1,1)         (16,4,1)    correctness_4_64_32_Buffer_Float                                                               [4x64]          19.860 μs          0.831 GFLOP/s   PASSED
"kernel_name": "quantize_and_pack_4h4w_per_t..     (32,1,1)        (64,1,1)                                                                                                                    3.832 μs                                 
"kernel_name": "linear_q8ta_q8csw_tiled_text..     (8,1,1)         (16,4,1)                                                                                                                   24.948 μs                                 
et_vk.linear_q8ta_q8csw.default                                                correctness_4_128_64_Texture3D_Float                                                          [4x128]          28.780 μs          2.286 GFLOP/s   PASSED
"kernel_name": "quantize_and_pack_4h4w_per_t..     (32,1,1)        (64,1,1)                                                                                                                    3.556 μs                                 
"kernel_name": "linear_q8ta_q8csw_tiled_buff..     (8,1,1)         (16,4,1)                                                                                                                   24.620 μs                                 
et_vk.linear_q8ta_q8csw.default                                                correctness_4_128_64_Buffer_Float                                                             [4x128]          28.176 μs          2.335 GFLOP/s   PASSED
"kernel_name": "linear_q8csw_tiled_texture3d..     (16,1,1)        (16,4,1)    correctness_4_128_64_Texture3D_Float                                                          [4x128]          34.380 μs          1.914 GFLOP/s   PASSED
"kernel_name": "linear_q8csw_tiled_buffer_te..     (16,1,1)        (16,4,1)    correctness_4_128_64_Buffer_Float                                                             [4x128]          35.724 μs          1.842 GFLOP/s   PASSED
"kernel_name": "quantize_and_pack_4h4w_per_t..     (64,1,1)        (64,1,1)                                                                                                                    3.892 μs                                 
"kernel_name": "linear_q8ta_q8csw_tiled_text..     (16,1,1)        (16,4,1)                                                                                                                   45.696 μs                                 
et_vk.linear_q8ta_q8csw.default                                                correctness_4_256_128_Texture3D_Float                                                         [4x256]          49.588 μs          5.297 GFLOP/s   PASSED
"kernel_name": "quantize_and_pack_4h4w_per_t..     (64,1,1)        (64,1,1)                                                                                                                    3.456 μs                                 
"kernel_name": "linear_q8ta_q8csw_tiled_buff..     (16,1,1)        (16,4,1)                                                                                                                   45.836 μs                                 
et_vk.linear_q8ta_q8csw.default                                                correctness_4_256_128_Buffer_Float                                                            [4x256]          49.292 μs          5.329 GFLOP/s   PASSED
"kernel_name": "linear_q8csw_tiled_texture3d..     (32,1,1)        (16,4,1)    correctness_4_256_128_Texture3D_Float                                                         [4x256]          64.900 μs          4.047 GFLOP/s   PASSED
"kernel_name": "linear_q8csw_tiled_buffer_te..     (32,1,1)        (16,4,1)    correctness_4_256_128_Buffer_Float                                                            [4x256]          66.468 μs          3.952 GFLOP/s   PASSED
"kernel_name": "quantize_and_pack_4h4w_per_t..     (16,8,1)        (16,4,1)                                                                                                                    4.136 μs                                 
"kernel_name": "linear_q8ta_q8csw_tiled_text..     (4,8,1)         (4,16,1)                                                                                                                   14.608 μs                                 
et_vk.linear_q8ta_q8csw.default                                                correctness_32_64_32_Texture3D_Float                                                          [32x64]          18.744 μs          7.047 GFLOP/s   PASSED
"kernel_name": "quantize_and_pack_4h4w_per_t..     (16,8,1)        (16,4,1)                                                                                                                    3.784 μs                                 
"kernel_name": "linear_q8ta_q8csw_tiled_buff..     (4,8,1)         (4,16,1)                                                                                                                   14.992 μs                                 
et_vk.linear_q8ta_q8csw.default                                                correctness_32_64_32_Buffer_Float                                                             [32x64]          18.776 μs          7.035 GFLOP/s   PASSED
"kernel_name": "linear_q8csw_tiled_texture3d..     (8,8,1)         (8,8,1)     correctness_32_64_32_Texture3D_Float                                                          [32x64]          20.480 μs          6.450 GFLOP/s   PASSED
"kernel_name": "linear_q8csw_tiled_buffer_te..     (8,8,1)         (8,8,1)     correctness_32_64_32_Buffer_Float                                                             [32x64]          21.792 μs          6.062 GFLOP/s   PASSED
"kernel_name": "quantize_and_pack_4h4w_per_t..     (32,8,1)        (16,4,1)                                                                                                                    4.188 μs                                 
"kernel_name": "linear_q8ta_q8csw_tiled_text..     (8,8,1)         (8,8,1)                                                                                                                    25.532 μs                                 
et_vk.linear_q8ta_q8csw.default                                                correctness_32_128_64_Texture3D_Float                                                        [32x128]          29.720 μs         17.710 GFLOP/s   PASSED
"kernel_name": "quantize_and_pack_4h4w_per_t..     (32,8,1)        (16,4,1)                                                                                                                    3.876 μs                                 
"kernel_name": "linear_q8ta_q8csw_tiled_buff..     (8,8,1)         (8,8,1)                                                                                                                    25.692 μs                                 
et_vk.linear_q8ta_q8csw.default                                                correctness_32_128_64_Buffer_Float                                                           [32x128]          29.568 μs         17.801 GFLOP/s   PASSED
"kernel_name": "linear_q8csw_tiled_texture3d..     (16,8,1)        (8,8,1)     correctness_32_128_64_Texture3D_Float                                                        [32x128]          36.840 μs         14.287 GFLOP/s   PASSED
"kernel_name": "linear_q8csw_tiled_buffer_te..     (16,8,1)        (8,8,1)     correctness_32_128_64_Buffer_Float                                                           [32x128]          40.068 μs         13.136 GFLOP/s   PASSED
"kernel_name": "quantize_and_pack_4h4w_per_t..     (64,8,1)        (16,4,1)                                                                                                                    4.284 μs                                 
"kernel_name": "linear_q8ta_q8csw_tiled_text..     (16,8,1)        (8,8,1)                                                                                                                    46.712 μs                                 
et_vk.linear_q8ta_q8csw.default                                                correctness_32_256_128_Texture3D_Float                                                       [32x256]          50.996 μs         41.204 GFLOP/s   PASSED
"kernel_name": "quantize_and_pack_4h4w_per_t..     (64,8,1)        (16,4,1)                                                                                                                    4.000 μs                                 
"kernel_name": "linear_q8ta_q8csw_tiled_buff..     (16,8,1)        (8,8,1)                                                                                                                    46.764 μs                                 
et_vk.linear_q8ta_q8csw.default                                                correctness_32_256_128_Buffer_Float                                                          [32x256]          50.764 μs         41.392 GFLOP/s   PASSED
"kernel_name": "linear_q8csw_tiled_texture3d..     (32,8,1)        (8,8,1)     correctness_32_256_128_Texture3D_Float                                                       [32x256]          72.392 μs         29.026 GFLOP/s   PASSED
"kernel_name": "linear_q8csw_tiled_buffer_te..     (32,8,1)        (8,8,1)     correctness_32_256_128_Buffer_Float                                                          [32x256]          73.336 μs         28.652 GFLOP/s   PASSED
"kernel_name": "quantize_and_pack_4h4w_per_t..     (32,8,1)        (16,4,1)                                                                                                                    4.220 μs                                 
"kernel_name": "linear_q8ta_q8csw_tiled_text..     (8,8,1)         (8,8,1)                                                                                                                    25.696 μs                                 
et_vk.linear_q8ta_q8csw.default                                                correctness_32_128_64_no_bias_Texture3D_Float                                                [32x128]          29.916 μs         17.594 GFLOP/s   PASSED
"kernel_name": "quantize_and_pack_4h4w_per_t..     (32,8,1)        (16,4,1)                                                                                                                    3.848 μs                                 
"kernel_name": "linear_q8ta_q8csw_tiled_buff..     (8,8,1)         (8,8,1)                                                                                                                    25.432 μs                                 
et_vk.linear_q8ta_q8csw.default                                                correctness_32_128_64_no_bias_Buffer_Float                                                   [32x128]          29.280 μs         17.976 GFLOP/s   PASSED
"kernel_name": "linear_q8csw_tiled_texture3d..     (16,8,1)        (8,8,1)     correctness_32_128_64_no_bias_Texture3D_Float                                                [32x128]          37.028 μs         14.215 GFLOP/s   PASSED
"kernel_name": "linear_q8csw_tiled_buffer_te..     (16,8,1)        (8,8,1)     correctness_32_128_64_no_bias_Buffer_Float                                                   [32x128]          40.104 μs         13.124 GFLOP/s   PASSED
"kernel_name": "quantize_and_pack_4h4w_per_t..     (64,8,1)        (16,4,1)                                                                                                                    4.340 μs                                 
"kernel_name": "linear_q8ta_q8csw_tiled_text..     (16,8,1)        (8,8,1)                                                                                                                    46.300 μs                                 
et_vk.linear_q8ta_q8csw.default                                                correctness_32_256_128_no_bias_Texture3D_Float                                               [32x256]          50.640 μs         41.494 GFLOP/s   PASSED
"kernel_name": "quantize_and_pack_4h4w_per_t..     (64,8,1)        (16,4,1)                                                                                                                    4.028 μs                                 
"kernel_name": "linear_q8ta_q8csw_tiled_buff..     (16,8,1)        (8,8,1)                                                                                                                    46.564 μs                                 
et_vk.linear_q8ta_q8csw.default                                                correctness_32_256_128_no_bias_Buffer_Float                                                  [32x256]          50.592 μs         41.533 GFLOP/s   PASSED
"kernel_name": "linear_q8csw_tiled_texture3d..     (32,8,1)        (8,8,1)     correctness_32_256_128_no_bias_Texture3D_Float                                               [32x256]          72.380 μs         29.031 GFLOP/s   PASSED
"kernel_name": "linear_q8csw_tiled_buffer_te..     (32,8,1)        (8,8,1)     correctness_32_256_128_no_bias_Buffer_Float                                                  [32x256]          73.812 μs         28.468 GFLOP/s   PASSED
"kernel_name": "quantize_and_pack_4h4w_per_t..     (512,64,1)      (16,4,1)                                                                                                                   38.400 μs                                 
"kernel_name": "linear_q8ta_q8csw_tiled_text..     (256,64,1)      (8,8,1)                                                                                                                   836.260 μs                                 
et_vk.linear_q8ta_q8csw.default                                                performance_256_2048_2048_Texture3D_Float                                                  [256x2048]         874.660 μs       2455.821 GFLOP/s  SKIPPED
"kernel_name": "quantize_and_pack_4h4w_per_t..     (512,64,1)      (16,4,1)                                                                                                                   37.848 μs                                 
"kernel_name": "linear_q8ta_q8csw_tiled_buff..     (256,64,1)      (8,8,1)                                                                                                                   835.684 μs                                 
et_vk.linear_q8ta_q8csw.default                                                performance_256_2048_2048_Buffer_Float                                                     [256x2048]         873.532 μs       2458.992 GFLOP/s  SKIPPED
"kernel_name": "linear_q8csw_tiled_texture3d..     (512,64,1)      (8,8,1)     performance_256_2048_2048_Texture3D_Float                                                  [256x2048]        2939.080 μs        730.844 GFLOP/s  SKIPPED
"kernel_name": "linear_q8csw_tiled_buffer_te..     (512,64,1)      (8,8,1)     performance_256_2048_2048_Buffer_Float                                                     [256x2048]        2181.784 μs        984.519 GFLOP/s  SKIPPED
"kernel_name": "quantize_and_pack_4h4w_per_t..     (512,128,1)     (16,4,1)                                                                                                                   77.296 μs                                 
"kernel_name": "linear_q8ta_q8csw_tiled_text..     (256,128,1)     (8,8,1)                                                                                                                   736.752 μs                                 
et_vk.linear_q8ta_q8csw.default                                                performance_512_2048_2048_Texture3D_Float                                                  [512x2048]         814.048 μs       5277.349 GFLOP/s  SKIPPED
"kernel_name": "quantize_and_pack_4h4w_per_t..     (512,128,1)     (16,4,1)                                                                                                                   76.580 μs                                 
"kernel_name": "linear_q8ta_q8csw_tiled_buff..     (256,128,1)     (8,8,1)                                                                                                                   767.392 μs                                 
et_vk.linear_q8ta_q8csw.default                                                performance_512_2048_2048_Buffer_Float                                                     [512x2048]         843.972 μs       5090.235 GFLOP/s  SKIPPED
"kernel_name": "linear_q8csw_tiled_texture3d..     (512,128,1)     (8,8,1)     performance_512_2048_2048_Texture3D_Float                                                  [512x2048]        3530.376 μs       1216.872 GFLOP/s  SKIPPED
"kernel_name": "linear_q8csw_tiled_buffer_te..     (512,128,1)     (8,8,1)     performance_512_2048_2048_Buffer_Float                                                     [512x2048]        3046.524 μs       1410.137 GFLOP/s  SKIPPED
"kernel_name": "quantize_and_pack_4h4w_per_t..     (512,256,1)     (16,4,1)                                                                                                                  139.232 μs                                 
"kernel_name": "linear_q8ta_q8csw_tiled_text..     (256,256,1)     (8,8,1)                                                                                                                  1297.540 μs                                 
et_vk.linear_q8ta_q8csw.default                                                performance_1024_2048_2048_Texture3D_Float                                                [1024x2048]        1436.772 μs       5980.094 GFLOP/s  SKIPPED
"kernel_name": "quantize_and_pack_4h4w_per_t..     (512,256,1)     (16,4,1)                                                                                                                  144.268 μs                                 
"kernel_name": "linear_q8ta_q8csw_tiled_buff..     (256,256,1)     (8,8,1)                                                                                                                  1319.176 μs                                 
et_vk.linear_q8ta_q8csw.default                                                performance_1024_2048_2048_Buffer_Float                                                   [1024x2048]        1463.444 μs       5871.104 GFLOP/s  SKIPPED
"kernel_name": "linear_q8csw_tiled_texture3d..     (512,256,1)     (8,8,1)     performance_1024_2048_2048_Texture3D_Float                                                [1024x2048]        5423.568 μs       1584.203 GFLOP/s  SKIPPED
"kernel_name": "linear_q8csw_tiled_buffer_te..     (512,256,1)     (8,8,1)     performance_1024_2048_2048_Buffer_Float                                                   [1024x2048]        5575.472 μs       1541.041 GFLOP/s  SKIPPED
"kernel_name": "quantize_and_pack_4h4w_per_t..     (1024,32,1)     (16,4,1)                                                                                                                   40.752 μs                                 
"kernel_name": "linear_q8ta_q8csw_tiled_text..     (1792,32,1)     (8,8,1)                                                                                                                  3256.608 μs                                 
et_vk.linear_q8ta_q8csw.default                                                performance_128_4096_14336_no_bias_Texture3D_Float                                         [128x4096]        3297.360 μs       4559.472 GFLOP/s  SKIPPED
"kernel_name": "quantize_and_pack_4h4w_per_t..     (1024,32,1)     (16,4,1)                                                                                                                   37.184 μs                                 
"kernel_name": "linear_q8ta_q8csw_tiled_buff..     (1792,32,1)     (8,8,1)                                                                                                                  3228.060 μs                                 
et_vk.linear_q8ta_q8csw.default                                                performance_128_4096_14336_no_bias_Buffer_Float                                            [128x4096]        3265.244 μs       4604.318 GFLOP/s  SKIPPED
"kernel_name": "linear_q8csw_tiled_texture3d..     (3584,32,1)     (8,8,1)     performance_128_4096_14336_no_bias_Texture3D_Float                                         [128x4096]        9226.908 μs       1629.389 GFLOP/s  SKIPPED
"kernel_name": "linear_q8csw_tiled_buffer_te..     (3584,32,1)     (8,8,1)     performance_128_4096_14336_no_bias_Buffer_Float                                            [128x4096]        9937.463 μs       1512.883 GFLOP/s  SKIPPED
"kernel_name": "quantize_and_pack_4h4w_per_t..     (3584,32,1)     (16,4,1)                                                                                                                  132.180 μs                                 
"kernel_name": "linear_q8ta_q8csw_tiled_text..     (512,32,1)      (8,8,1)                                                                                                                  3228.464 μs                                 
et_vk.linear_q8ta_q8csw.default                                                performance_128_14336_4096_no_bias_Texture3D_Float                                        [128x14336]        3360.644 μs       4473.223 GFLOP/s  SKIPPED
"kernel_name": "quantize_and_pack_4h4w_per_t..     (3584,32,1)     (16,4,1)                                                                                                                  130.700 μs                                 
"kernel_name": "linear_q8ta_q8csw_tiled_buff..     (512,32,1)      (8,8,1)                                                                                                                  3062.380 μs                                 
et_vk.linear_q8ta_q8csw.default                                                performance_128_14336_4096_no_bias_Buffer_Float                                           [128x14336]        3193.080 μs       4707.965 GFLOP/s  SKIPPED
"kernel_name": "linear_q8csw_tiled_texture3d..     (1024,32,1)     (8,8,1)     performance_128_14336_4096_no_bias_Texture3D_Float                                        [128x14336]        9617.584 μs       1563.065 GFLOP/s  SKIPPED
"kernel_name": "linear_q8csw_tiled_buffer_te..     (1024,32,1)     (8,8,1)     performance_128_14336_4096_no_bias_Buffer_Float                                           [128x14336]       10564.260 μs       1422.997 GFLOP/s  SKIPPED
"kernel_name": "quantize_and_pack_4h4w_per_t..     (1024,32,1)     (16,4,1)                                                                                                                   45.300 μs                                 
"kernel_name": "linear_q8ta_q8csw_tiled_text..     (512,32,1)      (8,8,1)                                                                                                                   748.700 μs                                 
et_vk.linear_q8ta_q8csw.default                                                performance_128_4096_4096_no_bias_Texture3D_Float                                          [128x4096]         794.000 μs       5409.939 GFLOP/s  SKIPPED
"kernel_name": "quantize_and_pack_4h4w_per_t..     (1024,32,1)     (16,4,1)                                                                                                                   37.784 μs                                 
"kernel_name": "linear_q8ta_q8csw_tiled_buff..     (512,32,1)      (8,8,1)                                                                                                                   740.076 μs                                 
et_vk.linear_q8ta_q8csw.default                                                performance_128_4096_4096_no_bias_Buffer_Float                                             [128x4096]         777.860 μs       5522.191 GFLOP/s  SKIPPED
"kernel_name": "linear_q8csw_tiled_texture3d..     (1024,32,1)     (8,8,1)     performance_128_4096_4096_no_bias_Texture3D_Float                                          [128x4096]        2739.632 μs       1567.908 GFLOP/s  SKIPPED
"kernel_name": "linear_q8csw_tiled_buffer_te..     (1024,32,1)     (8,8,1)     performance_128_4096_4096_no_bias_Buffer_Float                                             [128x4096]        3011.652 μs       1426.291 GFLOP/s  SKIPPED
"kernel_name": "quantize_and_pack_4h4w_per_t..     (1024,32,1)     (16,4,1)                                                                                                                   42.184 μs                                 
"kernel_name": "linear_q8ta_q8csw_tiled_text..     (128,32,1)      (8,8,1)                                                                                                                   286.896 μs                                 
et_vk.linear_q8ta_q8csw.default                                                performance_128_4096_1024_no_bias_Texture3D_Float                                          [128x4096]         329.080 μs       3263.258 GFLOP/s  SKIPPED
"kernel_name": "quantize_and_pack_4h4w_per_t..     (1024,32,1)     (16,4,1)                                                                                                                   36.276 μs                                 
"kernel_name": "linear_q8ta_q8csw_tiled_buff..     (128,32,1)      (8,8,1)                                                                                                                   286.008 μs                                 
et_vk.linear_q8ta_q8csw.default                                                performance_128_4096_1024_no_bias_Buffer_Float                                             [128x4096]         322.284 μs       3332.070 GFLOP/s  SKIPPED
"kernel_name": "linear_q8csw_tiled_texture3d..     (256,32,1)      (8,8,1)     performance_128_4096_1024_no_bias_Texture3D_Float                                          [128x4096]         822.548 μs       1305.544 GFLOP/s  SKIPPED
"kernel_name": "linear_q8csw_tiled_buffer_te..     (256,32,1)      (8,8,1)     performance_128_4096_1024_no_bias_Buffer_Float                                             [128x4096]         903.948 μs       1187.981 GFLOP/s  SKIPPED
----------------------------------------------------------------------
Completed 60 test cases
# q8csw_linear run @ 20260510_182522
# cwd=/home/doremy/sarc-acl/executorch/pavan-report/executorch/cmake-out-vk/backends/vulkan/test/custom_ops
# env RADV_GTT_PCT=80
