
=== Compute Shader Performance Benchmark ===
Quantized Linear Operation Prototyping Framework
----------------------------------------------------------------------
Executing 60 test cases for QuantizedLinear
----------------------------------------------------------------------
"kernel_name": "quantize_and_pack_4h4w_per_t..     (16,1,1)        (64,1,1)                                                                                                                    3.744 μs                                 
"kernel_name": "linear_q8ta_q8csw_tiled_text..     (4,1,1)         (4,16,1)                                                                                                                   14.624 μs                                 
et_vk.linear_q8ta_q8csw.default                                                correctness_4_64_32_Texture3D_Float                                                            [4x64]          18.368 μs          0.899 GFLOP/s   PASSED
"kernel_name": "quantize_and_pack_4h4w_per_t..     (16,1,1)        (64,1,1)                                                                                                                    3.364 μs                                 
"kernel_name": "linear_q8ta_q8csw_tiled_buff..     (4,1,1)         (4,16,1)                                                                                                                   14.552 μs                                 
et_vk.linear_q8ta_q8csw.default                                                correctness_4_64_32_Buffer_Float                                                               [4x64]          17.916 μs          0.922 GFLOP/s   PASSED
"kernel_name": "linear_q8csw_tiled_texture3d..     (8,1,1)         (16,4,1)    correctness_4_64_32_Texture3D_Float                                                            [4x64]          18.856 μs          0.876 GFLOP/s   PASSED
"kernel_name": "linear_q8csw_tiled_buffer_te..     (8,1,1)         (16,4,1)    correctness_4_64_32_Buffer_Float                                                               [4x64]          19.708 μs          0.838 GFLOP/s   PASSED
"kernel_name": "quantize_and_pack_4h4w_per_t..     (32,1,1)        (64,1,1)                                                                                                                    3.776 μs                                 
"kernel_name": "linear_q8ta_q8csw_tiled_text..     (8,1,1)         (16,4,1)                                                                                                                   24.844 μs                                 
et_vk.linear_q8ta_q8csw.default                                                correctness_4_128_64_Texture3D_Float                                                          [4x128]          28.620 μs          2.299 GFLOP/s   PASSED
"kernel_name": "quantize_and_pack_4h4w_per_t..     (32,1,1)        (64,1,1)                                                                                                                    3.488 μs                                 
"kernel_name": "linear_q8ta_q8csw_tiled_buff..     (8,1,1)         (16,4,1)                                                                                                                   24.608 μs                                 
et_vk.linear_q8ta_q8csw.default                                                correctness_4_128_64_Buffer_Float                                                             [4x128]          28.096 μs          2.342 GFLOP/s   PASSED
"kernel_name": "linear_q8csw_tiled_texture3d..     (16,1,1)        (16,4,1)    correctness_4_128_64_Texture3D_Float                                                          [4x128]          34.308 μs          1.918 GFLOP/s   PASSED
"kernel_name": "linear_q8csw_tiled_buffer_te..     (16,1,1)        (16,4,1)    correctness_4_128_64_Buffer_Float                                                             [4x128]          35.420 μs          1.857 GFLOP/s   PASSED
"kernel_name": "quantize_and_pack_4h4w_per_t..     (64,1,1)        (64,1,1)                                                                                                                    3.900 μs                                 
"kernel_name": "linear_q8ta_q8csw_tiled_text..     (16,1,1)        (16,4,1)                                                                                                                   45.776 μs                                 
et_vk.linear_q8ta_q8csw.default                                                correctness_4_256_128_Texture3D_Float                                                         [4x256]          49.676 μs          5.287 GFLOP/s   PASSED
"kernel_name": "quantize_and_pack_4h4w_per_t..     (64,1,1)        (64,1,1)                                                                                                                    3.564 μs                                 
"kernel_name": "linear_q8ta_q8csw_tiled_buff..     (16,1,1)        (16,4,1)                                                                                                                   46.472 μs                                 
et_vk.linear_q8ta_q8csw.default                                                correctness_4_256_128_Buffer_Float                                                            [4x256]          50.036 μs          5.249 GFLOP/s   PASSED
"kernel_name": "linear_q8csw_tiled_texture3d..     (32,1,1)        (16,4,1)    correctness_4_256_128_Texture3D_Float                                                         [4x256]          65.156 μs          4.031 GFLOP/s   PASSED
"kernel_name": "linear_q8csw_tiled_buffer_te..     (32,1,1)        (16,4,1)    correctness_4_256_128_Buffer_Float                                                            [4x256]          66.576 μs          3.945 GFLOP/s   PASSED
"kernel_name": "quantize_and_pack_4h4w_per_t..     (16,8,1)        (16,4,1)                                                                                                                    4.024 μs                                 
"kernel_name": "linear_q8ta_q8csw_tiled_text..     (4,8,1)         (4,16,1)                                                                                                                   14.676 μs                                 
et_vk.linear_q8ta_q8csw.default                                                correctness_32_64_32_Texture3D_Float                                                          [32x64]          18.700 μs          7.064 GFLOP/s   PASSED
"kernel_name": "quantize_and_pack_4h4w_per_t..     (16,8,1)        (16,4,1)                                                                                                                    3.684 μs                                 
"kernel_name": "linear_q8ta_q8csw_tiled_buff..     (4,8,1)         (4,16,1)                                                                                                                   14.584 μs                                 
et_vk.linear_q8ta_q8csw.default                                                correctness_32_64_32_Buffer_Float                                                             [32x64]          18.268 μs          7.231 GFLOP/s   PASSED
"kernel_name": "linear_q8csw_tiled_texture3d..     (8,8,1)         (8,8,1)     correctness_32_64_32_Texture3D_Float                                                          [32x64]          20.492 μs          6.446 GFLOP/s   PASSED
"kernel_name": "linear_q8csw_tiled_buffer_te..     (8,8,1)         (8,8,1)     correctness_32_64_32_Buffer_Float                                                             [32x64]          25.212 μs          5.239 GFLOP/s   PASSED
"kernel_name": "quantize_and_pack_4h4w_per_t..     (32,8,1)        (16,4,1)                                                                                                                    4.340 μs                                 
"kernel_name": "linear_q8ta_q8csw_tiled_text..     (8,8,1)         (8,8,1)                                                                                                                    26.368 μs                                 
et_vk.linear_q8ta_q8csw.default                                                correctness_32_128_64_Texture3D_Float                                                        [32x128]          30.708 μs         17.140 GFLOP/s   PASSED
"kernel_name": "quantize_and_pack_4h4w_per_t..     (32,8,1)        (16,4,1)                                                                                                                    3.808 μs                                 
"kernel_name": "linear_q8ta_q8csw_tiled_buff..     (8,8,1)         (8,8,1)                                                                                                                    25.552 μs                                 
et_vk.linear_q8ta_q8csw.default                                                correctness_32_128_64_Buffer_Float                                                           [32x128]          29.360 μs         17.927 GFLOP/s   PASSED
"kernel_name": "linear_q8csw_tiled_texture3d..     (16,8,1)        (8,8,1)     correctness_32_128_64_Texture3D_Float                                                        [32x128]          36.852 μs         14.282 GFLOP/s   PASSED
"kernel_name": "linear_q8csw_tiled_buffer_te..     (16,8,1)        (8,8,1)     correctness_32_128_64_Buffer_Float                                                           [32x128]          40.024 μs         13.151 GFLOP/s   PASSED
"kernel_name": "quantize_and_pack_4h4w_per_t..     (64,8,1)        (16,4,1)                                                                                                                    4.356 μs                                 
"kernel_name": "linear_q8ta_q8csw_tiled_text..     (16,8,1)        (8,8,1)                                                                                                                    47.580 μs                                 
et_vk.linear_q8ta_q8csw.default                                                correctness_32_256_128_Texture3D_Float                                                       [32x256]          51.936 μs         40.458 GFLOP/s   PASSED
"kernel_name": "quantize_and_pack_4h4w_per_t..     (64,8,1)        (16,4,1)                                                                                                                    4.080 μs                                 
"kernel_name": "linear_q8ta_q8csw_tiled_buff..     (16,8,1)        (8,8,1)                                                                                                                    47.220 μs                                 
et_vk.linear_q8ta_q8csw.default                                                correctness_32_256_128_Buffer_Float                                                          [32x256]          51.300 μs         40.960 GFLOP/s   PASSED
"kernel_name": "linear_q8csw_tiled_texture3d..     (32,8,1)        (8,8,1)     correctness_32_256_128_Texture3D_Float                                                       [32x256]          72.368 μs         29.036 GFLOP/s   PASSED
"kernel_name": "linear_q8csw_tiled_buffer_te..     (32,8,1)        (8,8,1)     correctness_32_256_128_Buffer_Float                                                          [32x256]          73.376 μs         28.637 GFLOP/s   PASSED
"kernel_name": "quantize_and_pack_4h4w_per_t..     (32,8,1)        (16,4,1)                                                                                                                    4.168 μs                                 
"kernel_name": "linear_q8ta_q8csw_tiled_text..     (8,8,1)         (8,8,1)                                                                                                                    25.524 μs                                 
et_vk.linear_q8ta_q8csw.default                                                correctness_32_128_64_no_bias_Texture3D_Float                                                [32x128]          29.692 μs         17.727 GFLOP/s   PASSED
"kernel_name": "quantize_and_pack_4h4w_per_t..     (32,8,1)        (16,4,1)                                                                                                                    3.856 μs                                 
"kernel_name": "linear_q8ta_q8csw_tiled_buff..     (8,8,1)         (8,8,1)                                                                                                                    25.852 μs                                 
et_vk.linear_q8ta_q8csw.default                                                correctness_32_128_64_no_bias_Buffer_Float                                                   [32x128]          29.708 μs         17.717 GFLOP/s   PASSED
"kernel_name": "linear_q8csw_tiled_texture3d..     (16,8,1)        (8,8,1)     correctness_32_128_64_no_bias_Texture3D_Float                                                [32x128]          40.480 μs         13.002 GFLOP/s   PASSED
"kernel_name": "linear_q8csw_tiled_buffer_te..     (16,8,1)        (8,8,1)     correctness_32_128_64_no_bias_Buffer_Float                                                   [32x128]          39.912 μs         13.187 GFLOP/s   PASSED
"kernel_name": "quantize_and_pack_4h4w_per_t..     (64,8,1)        (16,4,1)                                                                                                                    4.388 μs                                 
"kernel_name": "linear_q8ta_q8csw_tiled_text..     (16,8,1)        (8,8,1)                                                                                                                    46.464 μs                                 
et_vk.linear_q8ta_q8csw.default                                                correctness_32_256_128_no_bias_Texture3D_Float                                               [32x256]          50.852 μs         41.321 GFLOP/s   PASSED
"kernel_name": "quantize_and_pack_4h4w_per_t..     (64,8,1)        (16,4,1)                                                                                                                    4.076 μs                                 
"kernel_name": "linear_q8ta_q8csw_tiled_buff..     (16,8,1)        (8,8,1)                                                                                                                    46.612 μs                                 
et_vk.linear_q8ta_q8csw.default                                                correctness_32_256_128_no_bias_Buffer_Float                                                  [32x256]          50.688 μs         41.455 GFLOP/s   PASSED
"kernel_name": "linear_q8csw_tiled_texture3d..     (32,8,1)        (8,8,1)     correctness_32_256_128_no_bias_Texture3D_Float                                               [32x256]          72.400 μs         29.023 GFLOP/s   PASSED
"kernel_name": "linear_q8csw_tiled_buffer_te..     (32,8,1)        (8,8,1)     correctness_32_256_128_no_bias_Buffer_Float                                                  [32x256]          73.868 μs         28.446 GFLOP/s   PASSED
"kernel_name": "quantize_and_pack_4h4w_per_t..     (512,64,1)      (16,4,1)                                                                                                                   39.156 μs                                 
"kernel_name": "linear_q8ta_q8csw_tiled_text..     (256,64,1)      (8,8,1)                                                                                                                   837.108 μs                                 
et_vk.linear_q8ta_q8csw.default                                                performance_256_2048_2048_Texture3D_Float                                                  [256x2048]         876.264 μs       2451.325 GFLOP/s  SKIPPED
"kernel_name": "quantize_and_pack_4h4w_per_t..     (512,64,1)      (16,4,1)                                                                                                                   38.648 μs                                 
"kernel_name": "linear_q8ta_q8csw_tiled_buff..     (256,64,1)      (8,8,1)                                                                                                                   837.588 μs                                 
et_vk.linear_q8ta_q8csw.default                                                performance_256_2048_2048_Buffer_Float                                                     [256x2048]         876.236 μs       2451.403 GFLOP/s  SKIPPED
"kernel_name": "linear_q8csw_tiled_texture3d..     (512,64,1)      (8,8,1)     performance_256_2048_2048_Texture3D_Float                                                  [256x2048]        3097.840 μs        693.389 GFLOP/s  SKIPPED
"kernel_name": "linear_q8csw_tiled_buffer_te..     (512,64,1)      (8,8,1)     performance_256_2048_2048_Buffer_Float                                                     [256x2048]        2261.356 μs        949.876 GFLOP/s  SKIPPED
"kernel_name": "quantize_and_pack_4h4w_per_t..     (512,128,1)     (16,4,1)                                                                                                                   78.332 μs                                 
"kernel_name": "linear_q8ta_q8csw_tiled_text..     (256,128,1)     (8,8,1)                                                                                                                   765.948 μs                                 
et_vk.linear_q8ta_q8csw.default                                                performance_512_2048_2048_Texture3D_Float                                                  [512x2048]         844.280 μs       5088.378 GFLOP/s  SKIPPED
"kernel_name": "quantize_and_pack_4h4w_per_t..     (512,128,1)     (16,4,1)                                                                                                                   77.188 μs                                 
"kernel_name": "linear_q8ta_q8csw_tiled_buff..     (256,128,1)     (8,8,1)                                                                                                                   793.548 μs                                 
et_vk.linear_q8ta_q8csw.default                                                performance_512_2048_2048_Buffer_Float                                                     [512x2048]         870.736 μs       4933.775 GFLOP/s  SKIPPED
"kernel_name": "linear_q8csw_tiled_texture3d..     (512,128,1)     (8,8,1)     performance_512_2048_2048_Texture3D_Float                                                  [512x2048]        3658.612 μs       1174.220 GFLOP/s  SKIPPED
"kernel_name": "linear_q8csw_tiled_buffer_te..     (512,128,1)     (8,8,1)     performance_512_2048_2048_Buffer_Float                                                     [512x2048]        3423.736 μs       1254.774 GFLOP/s  SKIPPED
"kernel_name": "quantize_and_pack_4h4w_per_t..     (512,256,1)     (16,4,1)                                                                                                                  143.824 μs                                 
"kernel_name": "linear_q8ta_q8csw_tiled_text..     (256,256,1)     (8,8,1)                                                                                                                  1366.780 μs                                 
et_vk.linear_q8ta_q8csw.default                                                performance_1024_2048_2048_Texture3D_Float                                                [1024x2048]        1510.604 μs       5687.812 GFLOP/s  SKIPPED
"kernel_name": "quantize_and_pack_4h4w_per_t..     (512,256,1)     (16,4,1)                                                                                                                  148.016 μs                                 
"kernel_name": "linear_q8ta_q8csw_tiled_buff..     (256,256,1)     (8,8,1)                                                                                                                  1507.336 μs                                 
et_vk.linear_q8ta_q8csw.default                                                performance_1024_2048_2048_Buffer_Float                                                   [1024x2048]        1655.352 μs       5190.455 GFLOP/s  SKIPPED
"kernel_name": "linear_q8csw_tiled_texture3d..     (512,256,1)     (8,8,1)     performance_1024_2048_2048_Texture3D_Float                                                [1024x2048]        6097.512 μs       1409.104 GFLOP/s  SKIPPED
"kernel_name": "linear_q8csw_tiled_buffer_te..     (512,256,1)     (8,8,1)     performance_1024_2048_2048_Buffer_Float                                                   [1024x2048]        6066.584 μs       1416.288 GFLOP/s  SKIPPED
"kernel_name": "quantize_and_pack_4h4w_per_t..     (1024,32,1)     (16,4,1)                                                                                                                   42.560 μs                                 
"kernel_name": "linear_q8ta_q8csw_tiled_text..     (1792,32,1)     (8,8,1)                                                                                                                  3404.908 μs                                 
et_vk.linear_q8ta_q8csw.default                                                performance_128_4096_14336_no_bias_Texture3D_Float                                         [128x4096]        3447.468 μs       4360.946 GFLOP/s  SKIPPED
"kernel_name": "quantize_and_pack_4h4w_per_t..     (1024,32,1)     (16,4,1)                                                                                                                   38.256 μs                                 
"kernel_name": "linear_q8ta_q8csw_tiled_buff..     (1792,32,1)     (8,8,1)                                                                                                                  3235.784 μs                                 
et_vk.linear_q8ta_q8csw.default                                                performance_128_4096_14336_no_bias_Buffer_Float                                            [128x4096]        3274.040 μs       4591.947 GFLOP/s  SKIPPED
"kernel_name": "linear_q8csw_tiled_texture3d..     (3584,32,1)     (8,8,1)     performance_128_4096_14336_no_bias_Texture3D_Float                                         [128x4096]        9082.120 μs       1655.365 GFLOP/s  SKIPPED
"kernel_name": "linear_q8csw_tiled_buffer_te..     (3584,32,1)     (8,8,1)     performance_128_4096_14336_no_bias_Buffer_Float                                            [128x4096]        9828.700 μs       1529.625 GFLOP/s  SKIPPED
"kernel_name": "quantize_and_pack_4h4w_per_t..     (3584,32,1)     (16,4,1)                                                                                                                  128.712 μs                                 
"kernel_name": "linear_q8ta_q8csw_tiled_text..     (512,32,1)      (8,8,1)                                                                                                                  2991.252 μs                                 
et_vk.linear_q8ta_q8csw.default                                                performance_128_14336_4096_no_bias_Texture3D_Float                                        [128x14336]        3119.964 μs       4818.296 GFLOP/s  SKIPPED
"kernel_name": "quantize_and_pack_4h4w_per_t..     (3584,32,1)     (16,4,1)                                                                                                                  127.564 μs                                 
"kernel_name": "linear_q8ta_q8csw_tiled_buff..     (512,32,1)      (8,8,1)                                                                                                                  2945.368 μs                                 
et_vk.linear_q8ta_q8csw.default                                                performance_128_14336_4096_no_bias_Buffer_Float                                           [128x14336]        3072.932 μs       4892.041 GFLOP/s  SKIPPED
"kernel_name": "linear_q8csw_tiled_texture3d..     (1024,32,1)     (8,8,1)     performance_128_14336_4096_no_bias_Texture3D_Float                                        [128x14336]        9569.967 μs       1570.842 GFLOP/s  SKIPPED
"kernel_name": "linear_q8csw_tiled_buffer_te..     (1024,32,1)     (8,8,1)     performance_128_14336_4096_no_bias_Buffer_Float                                           [128x14336]       10672.236 μs       1408.600 GFLOP/s  SKIPPED
"kernel_name": "quantize_and_pack_4h4w_per_t..     (1024,32,1)     (16,4,1)                                                                                                                   43.684 μs                                 
"kernel_name": "linear_q8ta_q8csw_tiled_text..     (512,32,1)      (8,8,1)                                                                                                                   736.140 μs                                 
et_vk.linear_q8ta_q8csw.default                                                performance_128_4096_4096_no_bias_Texture3D_Float                                          [128x4096]         779.824 μs       5508.284 GFLOP/s  SKIPPED
"kernel_name": "quantize_and_pack_4h4w_per_t..     (1024,32,1)     (16,4,1)                                                                                                                   41.060 μs                                 
"kernel_name": "linear_q8ta_q8csw_tiled_buff..     (512,32,1)      (8,8,1)                                                                                                                   758.860 μs                                 
et_vk.linear_q8ta_q8csw.default                                                performance_128_4096_4096_no_bias_Buffer_Float                                             [128x4096]         799.920 μs       5369.901 GFLOP/s  SKIPPED
"kernel_name": "linear_q8csw_tiled_texture3d..     (1024,32,1)     (8,8,1)     performance_128_4096_4096_no_bias_Texture3D_Float                                          [128x4096]        2745.792 μs       1564.391 GFLOP/s  SKIPPED
"kernel_name": "linear_q8csw_tiled_buffer_te..     (1024,32,1)     (8,8,1)     performance_128_4096_4096_no_bias_Buffer_Float                                             [128x4096]        2965.220 μs       1448.625 GFLOP/s  SKIPPED
"kernel_name": "quantize_and_pack_4h4w_per_t..     (1024,32,1)     (16,4,1)                                                                                                                   38.556 μs                                 
"kernel_name": "linear_q8ta_q8csw_tiled_text..     (128,32,1)      (8,8,1)                                                                                                                   286.148 μs                                 
et_vk.linear_q8ta_q8csw.default                                                performance_128_4096_1024_no_bias_Texture3D_Float                                          [128x4096]         324.704 μs       3307.236 GFLOP/s  SKIPPED
"kernel_name": "quantize_and_pack_4h4w_per_t..     (1024,32,1)     (16,4,1)                                                                                                                   36.704 μs                                 
"kernel_name": "linear_q8ta_q8csw_tiled_buff..     (128,32,1)      (8,8,1)                                                                                                                   291.288 μs                                 
et_vk.linear_q8ta_q8csw.default                                                performance_128_4096_1024_no_bias_Buffer_Float                                             [128x4096]         327.992 μs       3274.083 GFLOP/s  SKIPPED
"kernel_name": "linear_q8csw_tiled_texture3d..     (256,32,1)      (8,8,1)     performance_128_4096_1024_no_bias_Texture3D_Float                                          [128x4096]         857.020 μs       1253.031 GFLOP/s  SKIPPED
"kernel_name": "linear_q8csw_tiled_buffer_te..     (256,32,1)      (8,8,1)     performance_128_4096_1024_no_bias_Buffer_Float                                             [128x4096]         948.464 μs       1132.223 GFLOP/s  SKIPPED
----------------------------------------------------------------------
Completed 60 test cases
# q8csw_linear run @ 20260510_164216
# cwd=/home/doremy/sarc-acl/executorch/pavan-report/executorch/cmake-out-vk/backends/vulkan/test/custom_ops
# env RADV_GTT_PCT=80
