
=== Compute Shader Performance Benchmark ===
Quantized Linear Operation Prototyping Framework
----------------------------------------------------------------------
Executing 88 test cases for QuantizedLinear
----------------------------------------------------------------------
"kernel_name": "quantize_and_pack_4h4w_per_t..     (16,1,1)        (64,1,1)                                                                                                                    3.776 μs                                 
"kernel_name": "linear_q8ta_q8csw_tiled_text..     (4,1,1)         (4,16,1)                                                                                                                   14.848 μs                                 
et_vk.linear_q8ta_q8csw.default                                                correctness_4_64_32_Texture3D_Float                                                            [4x64]          18.624 μs          0.887 GFLOP/s   PASSED
"kernel_name": "quantize_and_pack_4h4w_per_t..     (16,1,1)        (64,1,1)                                                                                                                    3.440 μs                                 
"kernel_name": "linear_q8ta_q8csw_tiled_buff..     (4,1,1)         (4,16,1)                                                                                                                   14.816 μs                                 
et_vk.linear_q8ta_q8csw.default                                                correctness_4_64_32_Buffer_Float                                                               [4x64]          18.256 μs          0.904 GFLOP/s   PASSED
"kernel_name": "linear_q8csw_tiled_texture3d..     (8,1,1)         (16,4,1)    correctness_4_64_32_Texture3D_Float                                                            [4x64]          18.924 μs          0.873 GFLOP/s   PASSED
"kernel_name": "linear_q8csw_tiled_buffer_te..     (8,1,1)         (16,4,1)    correctness_4_64_32_Buffer_Float                                                               [4x64]          20.724 μs          0.797 GFLOP/s   PASSED
"kernel_name": "quantize_and_pack_4h4w_per_t..     (32,1,1)        (64,1,1)                                                                                                                    3.820 μs                                 
"kernel_name": "linear_q8ta_q8csw_tiled_text..     (8,1,1)         (16,4,1)                                                                                                                   24.940 μs                                 
et_vk.linear_q8ta_q8csw.default                                                correctness_4_128_64_Texture3D_Float                                                          [4x128]          28.760 μs          2.288 GFLOP/s   PASSED
"kernel_name": "quantize_and_pack_4h4w_per_t..     (32,1,1)        (64,1,1)                                                                                                                    3.428 μs                                 
"kernel_name": "linear_q8ta_q8csw_tiled_buff..     (8,1,1)         (16,4,1)                                                                                                                   24.892 μs                                 
et_vk.linear_q8ta_q8csw.default                                                correctness_4_128_64_Buffer_Float                                                             [4x128]          28.320 μs          2.323 GFLOP/s   PASSED
"kernel_name": "linear_q8csw_tiled_texture3d..     (16,1,1)        (16,4,1)    correctness_4_128_64_Texture3D_Float                                                          [4x128]          34.312 μs          1.917 GFLOP/s   PASSED
"kernel_name": "linear_q8csw_tiled_buffer_te..     (16,1,1)        (16,4,1)    correctness_4_128_64_Buffer_Float                                                             [4x128]          35.228 μs          1.868 GFLOP/s   PASSED
"kernel_name": "quantize_and_pack_4h4w_per_t..     (64,1,1)        (64,1,1)                                                                                                                    3.792 μs                                 
"kernel_name": "linear_q8ta_q8csw_tiled_text..     (16,1,1)        (16,4,1)                                                                                                                   45.972 μs                                 
et_vk.linear_q8ta_q8csw.default                                                correctness_4_256_128_Texture3D_Float                                                         [4x256]          49.764 μs          5.278 GFLOP/s   PASSED
"kernel_name": "quantize_and_pack_4h4w_per_t..     (64,1,1)        (64,1,1)                                                                                                                    3.636 μs                                 
"kernel_name": "linear_q8ta_q8csw_tiled_buff..     (16,1,1)        (16,4,1)                                                                                                                   45.748 μs                                 
et_vk.linear_q8ta_q8csw.default                                                correctness_4_256_128_Buffer_Float                                                            [4x256]          49.384 μs          5.319 GFLOP/s   PASSED
"kernel_name": "linear_q8csw_tiled_texture3d..     (32,1,1)        (16,4,1)    correctness_4_256_128_Texture3D_Float                                                         [4x256]          65.156 μs          4.031 GFLOP/s   PASSED
"kernel_name": "linear_q8csw_tiled_buffer_te..     (32,1,1)        (16,4,1)    correctness_4_256_128_Buffer_Float                                                            [4x256]          66.444 μs          3.953 GFLOP/s   PASSED
"kernel_name": "quantize_and_pack_4h4w_per_t..     (16,8,1)        (16,4,1)                                                                                                                    4.180 μs                                 
"kernel_name": "linear_q8ta_q8csw_tiled_text..     (4,8,1)         (4,16,1)                                                                                                                   14.656 μs                                 
et_vk.linear_q8ta_q8csw.default                                                correctness_32_64_32_Texture3D_Float                                                          [32x64]          18.836 μs          7.013 GFLOP/s   PASSED
"kernel_name": "quantize_and_pack_4h4w_per_t..     (16,8,1)        (16,4,1)                                                                                                                    3.724 μs                                 
"kernel_name": "linear_q8ta_q8csw_tiled_buff..     (4,8,1)         (4,16,1)                                                                                                                   14.880 μs                                 
et_vk.linear_q8ta_q8csw.default                                                correctness_32_64_32_Buffer_Float                                                             [32x64]          18.604 μs          7.100 GFLOP/s   PASSED
"kernel_name": "linear_q8csw_tiled_texture3d..     (8,8,1)         (8,8,1)     correctness_32_64_32_Texture3D_Float                                                          [32x64]          20.380 μs          6.482 GFLOP/s   PASSED
"kernel_name": "linear_q8csw_tiled_buffer_te..     (8,8,1)         (8,8,1)     correctness_32_64_32_Buffer_Float                                                             [32x64]          21.840 μs          6.048 GFLOP/s   PASSED
"kernel_name": "quantize_and_pack_4h4w_per_t..     (32,8,1)        (16,4,1)                                                                                                                    4.268 μs                                 
"kernel_name": "linear_q8ta_q8csw_tiled_text..     (8,8,1)         (8,8,1)                                                                                                                    25.940 μs                                 
et_vk.linear_q8ta_q8csw.default                                                correctness_32_128_64_Texture3D_Float                                                        [32x128]          30.208 μs         17.424 GFLOP/s   PASSED
"kernel_name": "quantize_and_pack_4h4w_per_t..     (32,8,1)        (16,4,1)                                                                                                                    3.868 μs                                 
"kernel_name": "linear_q8ta_q8csw_tiled_buff..     (8,8,1)         (8,8,1)                                                                                                                    25.704 μs                                 
et_vk.linear_q8ta_q8csw.default                                                correctness_32_128_64_Buffer_Float                                                           [32x128]          29.572 μs         17.798 GFLOP/s   PASSED
"kernel_name": "linear_q8csw_tiled_texture3d..     (16,8,1)        (8,8,1)     correctness_32_128_64_Texture3D_Float                                                        [32x128]          36.708 μs         14.338 GFLOP/s   PASSED
"kernel_name": "linear_q8csw_tiled_buffer_te..     (16,8,1)        (8,8,1)     correctness_32_128_64_Buffer_Float                                                           [32x128]          40.148 μs         13.110 GFLOP/s   PASSED
"kernel_name": "quantize_and_pack_4h4w_per_t..     (64,8,1)        (16,4,1)                                                                                                                    4.332 μs                                 
"kernel_name": "linear_q8ta_q8csw_tiled_text..     (16,8,1)        (8,8,1)                                                                                                                    46.672 μs                                 
et_vk.linear_q8ta_q8csw.default                                                correctness_32_256_128_Texture3D_Float                                                       [32x256]          51.004 μs         41.198 GFLOP/s   PASSED
"kernel_name": "quantize_and_pack_4h4w_per_t..     (64,8,1)        (16,4,1)                                                                                                                    4.024 μs                                 
"kernel_name": "linear_q8ta_q8csw_tiled_buff..     (16,8,1)        (8,8,1)                                                                                                                    46.848 μs                                 
et_vk.linear_q8ta_q8csw.default                                                correctness_32_256_128_Buffer_Float                                                          [32x256]          50.872 μs         41.305 GFLOP/s   PASSED
"kernel_name": "linear_q8csw_tiled_texture3d..     (32,8,1)        (8,8,1)     correctness_32_256_128_Texture3D_Float                                                       [32x256]          72.316 μs         29.056 GFLOP/s   PASSED
"kernel_name": "linear_q8csw_tiled_buffer_te..     (32,8,1)        (8,8,1)     correctness_32_256_128_Buffer_Float                                                          [32x256]          73.452 μs         28.607 GFLOP/s   PASSED
"kernel_name": "quantize_and_pack_4h4w_per_t..     (32,8,1)        (16,4,1)                                                                                                                    4.204 μs                                 
"kernel_name": "linear_q8ta_q8csw_tiled_text..     (8,8,1)         (8,8,1)                                                                                                                    25.636 μs                                 
et_vk.linear_q8ta_q8csw.default                                                correctness_32_128_64_no_bias_Texture3D_Float                                                [32x128]          29.840 μs         17.639 GFLOP/s   PASSED
"kernel_name": "quantize_and_pack_4h4w_per_t..     (32,8,1)        (16,4,1)                                                                                                                    3.876 μs                                 
"kernel_name": "linear_q8ta_q8csw_tiled_buff..     (8,8,1)         (8,8,1)                                                                                                                    25.568 μs                                 
et_vk.linear_q8ta_q8csw.default                                                correctness_32_128_64_no_bias_Buffer_Float                                                   [32x128]          29.444 μs         17.876 GFLOP/s   PASSED
"kernel_name": "linear_q8csw_tiled_texture3d..     (16,8,1)        (8,8,1)     correctness_32_128_64_no_bias_Texture3D_Float                                                [32x128]          36.960 μs         14.241 GFLOP/s   PASSED
"kernel_name": "linear_q8csw_tiled_buffer_te..     (16,8,1)        (8,8,1)     correctness_32_128_64_no_bias_Buffer_Float                                                   [32x128]          40.244 μs         13.079 GFLOP/s   PASSED
"kernel_name": "quantize_and_pack_4h4w_per_t..     (64,8,1)        (16,4,1)                                                                                                                    4.380 μs                                 
"kernel_name": "linear_q8ta_q8csw_tiled_text..     (16,8,1)        (8,8,1)                                                                                                                    46.464 μs                                 
et_vk.linear_q8ta_q8csw.default                                                correctness_32_256_128_no_bias_Texture3D_Float                                               [32x256]          50.844 μs         41.327 GFLOP/s   PASSED
"kernel_name": "quantize_and_pack_4h4w_per_t..     (64,8,1)        (16,4,1)                                                                                                                    4.080 μs                                 
"kernel_name": "linear_q8ta_q8csw_tiled_buff..     (16,8,1)        (8,8,1)                                                                                                                    46.568 μs                                 
et_vk.linear_q8ta_q8csw.default                                                correctness_32_256_128_no_bias_Buffer_Float                                                  [32x256]          50.648 μs         41.487 GFLOP/s   PASSED
"kernel_name": "linear_q8csw_tiled_texture3d..     (32,8,1)        (8,8,1)     correctness_32_256_128_no_bias_Texture3D_Float                                               [32x256]          72.404 μs         29.021 GFLOP/s   PASSED
"kernel_name": "linear_q8csw_tiled_buffer_te..     (32,8,1)        (8,8,1)     correctness_32_256_128_no_bias_Buffer_Float                                                  [32x256]          73.728 μs         28.500 GFLOP/s   PASSED
"kernel_name": "quantize_and_pack_4h4w_per_t..     (512,64,1)      (16,4,1)                                                                                                                   41.004 μs                                 
"kernel_name": "linear_q8ta_q8csw_tiled_text..     (256,64,1)      (8,8,1)                                                                                                                   838.168 μs                                 
et_vk.linear_q8ta_q8csw.default                                                performance_256_2048_2048_Texture3D_Float                                                  [256x2048]         879.172 μs       2443.217 GFLOP/s  SKIPPED
"kernel_name": "quantize_and_pack_4h4w_per_t..     (512,64,1)      (16,4,1)                                                                                                                   38.764 μs                                 
"kernel_name": "linear_q8ta_q8csw_tiled_buff..     (256,64,1)      (8,8,1)                                                                                                                   828.852 μs                                 
et_vk.linear_q8ta_q8csw.default                                                performance_256_2048_2048_Buffer_Float                                                     [256x2048]         867.616 μs       2475.759 GFLOP/s  SKIPPED
"kernel_name": "linear_q8csw_tiled_texture3d..     (512,64,1)      (8,8,1)     performance_256_2048_2048_Texture3D_Float                                                  [256x2048]        2631.204 μs        816.359 GFLOP/s  SKIPPED
"kernel_name": "linear_q8csw_tiled_buffer_te..     (512,64,1)      (8,8,1)     performance_256_2048_2048_Buffer_Float                                                     [256x2048]        2034.460 μs       1055.812 GFLOP/s  SKIPPED
"kernel_name": "quantize_and_pack_4h4w_per_t..     (512,128,1)     (16,4,1)                                                                                                                   75.940 μs                                 
"kernel_name": "linear_q8ta_q8csw_tiled_text..     (256,128,1)     (8,8,1)                                                                                                                   671.528 μs                                 
et_vk.linear_q8ta_q8csw.default                                                performance_512_2048_2048_Texture3D_Float                                                  [512x2048]         747.468 μs       5747.424 GFLOP/s  SKIPPED
"kernel_name": "quantize_and_pack_4h4w_per_t..     (512,128,1)     (16,4,1)                                                                                                                   74.284 μs                                 
"kernel_name": "linear_q8ta_q8csw_tiled_buff..     (256,128,1)     (8,8,1)                                                                                                                   647.432 μs                                 
et_vk.linear_q8ta_q8csw.default                                                performance_512_2048_2048_Buffer_Float                                                     [512x2048]         721.716 μs       5952.502 GFLOP/s  SKIPPED
"kernel_name": "linear_q8csw_tiled_texture3d..     (512,128,1)     (8,8,1)     performance_512_2048_2048_Texture3D_Float                                                  [512x2048]        2823.696 μs       1521.416 GFLOP/s  SKIPPED
"kernel_name": "linear_q8csw_tiled_buffer_te..     (512,128,1)     (8,8,1)     performance_512_2048_2048_Buffer_Float                                                     [512x2048]        2799.920 μs       1534.335 GFLOP/s  SKIPPED
"kernel_name": "quantize_and_pack_4h4w_per_t..     (512,256,1)     (16,4,1)                                                                                                                  138.592 μs                                 
"kernel_name": "linear_q8ta_q8csw_tiled_text..     (256,256,1)     (8,8,1)                                                                                                                  1228.392 μs                                 
et_vk.linear_q8ta_q8csw.default                                                performance_1024_2048_2048_Texture3D_Float                                                [1024x2048]        1366.984 μs       6285.393 GFLOP/s  SKIPPED
"kernel_name": "quantize_and_pack_4h4w_per_t..     (512,256,1)     (16,4,1)                                                                                                                  149.544 μs                                 
"kernel_name": "linear_q8ta_q8csw_tiled_buff..     (256,256,1)     (8,8,1)                                                                                                                  1197.096 μs                                 
et_vk.linear_q8ta_q8csw.default                                                performance_1024_2048_2048_Buffer_Float                                                   [1024x2048]        1346.640 μs       6380.348 GFLOP/s  SKIPPED
"kernel_name": "linear_q8csw_tiled_texture3d..     (512,256,1)     (8,8,1)     performance_1024_2048_2048_Texture3D_Float                                                [1024x2048]        5152.492 μs       1667.549 GFLOP/s  SKIPPED
"kernel_name": "linear_q8csw_tiled_buffer_te..     (512,256,1)     (8,8,1)     performance_1024_2048_2048_Buffer_Float                                                   [1024x2048]        5576.600 μs       1540.729 GFLOP/s  SKIPPED
"kernel_name": "quantize_and_pack_4h4w_per_t..     (1024,32,1)     (16,4,1)                                                                                                                   38.488 μs                                 
"kernel_name": "linear_q8ta_q8csw_tiled_text..     (1792,32,1)     (8,8,1)                                                                                                                  3217.252 μs                                 
et_vk.linear_q8ta_q8csw.default                                                performance_128_4096_14336_no_bias_Texture3D_Float                                         [128x4096]        3255.740 μs       4617.758 GFLOP/s  SKIPPED
"kernel_name": "quantize_and_pack_4h4w_per_t..     (1024,32,1)     (16,4,1)                                                                                                                   36.932 μs                                 
"kernel_name": "linear_q8ta_q8csw_tiled_buff..     (1792,32,1)     (8,8,1)                                                                                                                  3182.804 μs                                 
et_vk.linear_q8ta_q8csw.default                                                performance_128_4096_14336_no_bias_Buffer_Float                                            [128x4096]        3219.736 μs       4669.396 GFLOP/s  SKIPPED
"kernel_name": "linear_q8csw_tiled_texture3d..     (3584,32,1)     (8,8,1)     performance_128_4096_14336_no_bias_Texture3D_Float                                         [128x4096]        9291.324 μs       1618.092 GFLOP/s  SKIPPED
"kernel_name": "linear_q8csw_tiled_buffer_te..     (3584,32,1)     (8,8,1)     performance_128_4096_14336_no_bias_Buffer_Float                                            [128x4096]        9786.760 μs       1536.180 GFLOP/s  SKIPPED
"kernel_name": "quantize_and_pack_4h4w_per_t..     (3584,32,1)     (16,4,1)                                                                                                                  129.324 μs                                 
"kernel_name": "linear_q8ta_q8csw_tiled_text..     (512,32,1)      (8,8,1)                                                                                                                  3083.044 μs                                 
et_vk.linear_q8ta_q8csw.default                                                performance_128_14336_4096_no_bias_Texture3D_Float                                        [128x14336]        3212.368 μs       4679.697 GFLOP/s  SKIPPED
"kernel_name": "quantize_and_pack_4h4w_per_t..     (3584,32,1)     (16,4,1)                                                                                                                  128.912 μs                                 
"kernel_name": "linear_q8ta_q8csw_tiled_buff..     (512,32,1)      (8,8,1)                                                                                                                  2972.744 μs                                 
et_vk.linear_q8ta_q8csw.default                                                performance_128_14336_4096_no_bias_Buffer_Float                                           [128x14336]        3101.656 μs       4846.736 GFLOP/s  SKIPPED
"kernel_name": "linear_q8csw_tiled_texture3d..     (1024,32,1)     (8,8,1)     performance_128_14336_4096_no_bias_Texture3D_Float                                        [128x14336]        9717.881 μs       1546.933 GFLOP/s  SKIPPED
"kernel_name": "linear_q8csw_tiled_buffer_te..     (1024,32,1)     (8,8,1)     performance_128_14336_4096_no_bias_Buffer_Float                                           [128x14336]       10520.516 μs       1428.914 GFLOP/s  SKIPPED
"kernel_name": "quantize_and_pack_4h4w_per_t..     (1024,32,1)     (16,4,1)                                                                                                                   43.844 μs                                 
"kernel_name": "linear_q8ta_q8csw_tiled_text..     (512,32,1)      (8,8,1)                                                                                                                   739.324 μs                                 
et_vk.linear_q8ta_q8csw.default                                                performance_128_4096_4096_no_bias_Texture3D_Float                                          [128x4096]         783.168 μs       5484.764 GFLOP/s  SKIPPED
"kernel_name": "quantize_and_pack_4h4w_per_t..     (1024,32,1)     (16,4,1)                                                                                                                   38.160 μs                                 
"kernel_name": "linear_q8ta_q8csw_tiled_buff..     (512,32,1)      (8,8,1)                                                                                                                   734.304 μs                                 
et_vk.linear_q8ta_q8csw.default                                                performance_128_4096_4096_no_bias_Buffer_Float                                             [128x4096]         772.464 μs       5560.767 GFLOP/s  SKIPPED
"kernel_name": "linear_q8csw_tiled_texture3d..     (1024,32,1)     (8,8,1)     performance_128_4096_4096_no_bias_Texture3D_Float                                          [128x4096]        2669.072 μs       1609.358 GFLOP/s  SKIPPED
"kernel_name": "linear_q8csw_tiled_buffer_te..     (1024,32,1)     (8,8,1)     performance_128_4096_4096_no_bias_Buffer_Float                                             [128x4096]        2945.132 μs       1458.506 GFLOP/s  SKIPPED
"kernel_name": "quantize_and_pack_4h4w_per_t..     (1024,32,1)     (16,4,1)                                                                                                                   38.408 μs                                 
"kernel_name": "linear_q8ta_q8csw_tiled_text..     (128,32,1)      (8,8,1)                                                                                                                   287.604 μs                                 
et_vk.linear_q8ta_q8csw.default                                                performance_128_4096_1024_no_bias_Texture3D_Float                                          [128x4096]         326.012 μs       3293.967 GFLOP/s  SKIPPED
"kernel_name": "quantize_and_pack_4h4w_per_t..     (1024,32,1)     (16,4,1)                                                                                                                   39.276 μs                                 
"kernel_name": "linear_q8ta_q8csw_tiled_buff..     (128,32,1)      (8,8,1)                                                                                                                   291.212 μs                                 
et_vk.linear_q8ta_q8csw.default                                                performance_128_4096_1024_no_bias_Buffer_Float                                             [128x4096]         330.488 μs       3249.356 GFLOP/s  SKIPPED
"kernel_name": "quantize_and_pack_4h4w_per_t..     (1024,32,1)     (16,4,1)                                                                                                                   38.512 μs                                 
"kernel_name": "linear_q8ta_q8csw_tiled_text..     (128,32,1)      (8,8,1)                                                                                                                   286.144 μs                                 
et_vk.linear_q8ta_q8csw.default                                                performance_128_4096_1024_no_bias_Texture3D_Float                                          [128x4096]         324.656 μs       3307.726 GFLOP/s  SKIPPED
"kernel_name": "quantize_and_pack_4h4w_per_t..     (1024,32,1)     (16,4,1)                                                                                                                   37.608 μs                                 
"kernel_name": "linear_q8ta_q8csw_tiled_buff..     (128,32,1)      (8,8,1)                                                                                                                   285.432 μs                                 
et_vk.linear_q8ta_q8csw.default                                                performance_128_4096_1024_no_bias_Buffer_Float                                             [128x4096]         323.040 μs       3324.272 GFLOP/s  SKIPPED
"kernel_name": "linear_q8csw_tiled_texture3d..     (256,32,1)      (8,8,1)     performance_128_4096_1024_no_bias_Texture3D_Float                                          [128x4096]         830.864 μs       1292.477 GFLOP/s  SKIPPED
"kernel_name": "linear_q8csw_tiled_buffer_te..     (256,32,1)      (8,8,1)     performance_128_4096_1024_no_bias_Buffer_Float                                             [128x4096]         900.956 μs       1191.926 GFLOP/s  SKIPPED
"kernel_name": "linear_q8csw_tiled_texture3d..     (256,32,1)      (8,8,1)     performance_128_4096_1024_no_bias_Texture3D_Float                                          [128x4096]         819.584 μs       1310.266 GFLOP/s  SKIPPED
"kernel_name": "linear_q8csw_tiled_buffer_te..     (256,32,1)      (8,8,1)     performance_128_4096_1024_no_bias_Buffer_Float                                             [128x4096]         901.308 μs       1191.461 GFLOP/s  SKIPPED
"kernel_name": "quantize_and_pack_4h4w_per_t..     (1024,1024,1)   (16,4,1)                                                                                                                 1098.996 μs                                 
"kernel_name": "linear_q8ta_q8csw_tiled_text..     (512,1024,1)    (8,8,1)                                                                                                                 28602.105 μs                                 
et_vk.linear_q8ta_q8csw.default                                                performance_4096_4096_4096_no_bias_Texture3D_Float                                        [4096x4096]       29701.105 μs       4627.967 GFLOP/s  SKIPPED
"kernel_name": "quantize_and_pack_4h4w_per_t..     (1024,1024,1)   (16,4,1)                                                                                                                 1101.232 μs                                 
"kernel_name": "linear_q8ta_q8csw_tiled_buff..     (512,1024,1)    (8,8,1)                                                                                                                 28536.057 μs                                 
et_vk.linear_q8ta_q8csw.default                                                performance_4096_4096_4096_no_bias_Buffer_Float                                           [4096x4096]       29637.287 μs       4637.933 GFLOP/s  SKIPPED
"kernel_name": "linear_q8csw_tiled_texture3d..     (1024,1024,1)   (8,8,1)     performance_4096_4096_4096_no_bias_Texture3D_Float                                        [4096x4096]       82735.195 μs       1661.394 GFLOP/s  SKIPPED
"kernel_name": "linear_q8csw_tiled_buffer_te..     (1024,1024,1)   (8,8,1)     performance_4096_4096_4096_no_bias_Buffer_Float                                           [4096x4096]       90585.555 μs       1517.413 GFLOP/s  SKIPPED
"kernel_name": "quantize_and_pack_4h4w_per_t..     (1024,32,1)     (16,4,1)                                                                                                                   39.060 μs                                 
"kernel_name": "linear_q8ta_q8csw_tiled_text..     (64,32,1)       (8,8,1)                                                                                                                   407.828 μs                                 
et_vk.linear_q8ta_q8csw.default                                                performance_128_4096_512_no_bias_Texture3D_Float                                           [128x4096]         446.888 μs       1201.501 GFLOP/s  SKIPPED
"kernel_name": "quantize_and_pack_4h4w_per_t..     (1024,32,1)     (16,4,1)                                                                                                                   36.360 μs                                 
"kernel_name": "linear_q8ta_q8csw_tiled_buff..     (64,32,1)       (8,8,1)                                                                                                                   409.248 μs                                 
et_vk.linear_q8ta_q8csw.default                                                performance_128_4096_512_no_bias_Buffer_Float                                              [128x4096]         445.608 μs       1204.953 GFLOP/s  SKIPPED
"kernel_name": "linear_q8csw_tiled_texture3d..     (128,32,1)      (8,8,1)     performance_128_4096_512_no_bias_Texture3D_Float                                           [128x4096]         765.248 μs        701.650 GFLOP/s  SKIPPED
"kernel_name": "linear_q8csw_tiled_buffer_te..     (128,32,1)      (8,8,1)     performance_128_4096_512_no_bias_Buffer_Float                                              [128x4096]         836.256 μs        642.072 GFLOP/s  SKIPPED
"kernel_name": "quantize_and_pack_4h4w_per_t..     (1024,32,1)     (16,4,1)                                                                                                                   38.932 μs                                 
"kernel_name": "linear_q8ta_q8csw_tiled_text..     (256,32,1)      (8,8,1)                                                                                                                   466.668 μs                                 
et_vk.linear_q8ta_q8csw.default                                                performance_128_4096_2048_no_bias_Texture3D_Float                                          [128x4096]         505.600 μs       4247.915 GFLOP/s  SKIPPED
"kernel_name": "quantize_and_pack_4h4w_per_t..     (1024,32,1)     (16,4,1)                                                                                                                   36.992 μs                                 
"kernel_name": "linear_q8ta_q8csw_tiled_buff..     (256,32,1)      (8,8,1)                                                                                                                   453.836 μs                                 
et_vk.linear_q8ta_q8csw.default                                                performance_128_4096_2048_no_bias_Buffer_Float                                             [128x4096]         490.828 μs       4375.761 GFLOP/s  SKIPPED
"kernel_name": "linear_q8csw_tiled_texture3d..     (512,32,1)      (8,8,1)     performance_128_4096_2048_no_bias_Texture3D_Float                                          [128x4096]        1901.408 μs       1129.556 GFLOP/s  SKIPPED
"kernel_name": "linear_q8csw_tiled_buffer_te..     (512,32,1)      (8,8,1)     performance_128_4096_2048_no_bias_Buffer_Float                                             [128x4096]        1789.492 μs       1200.199 GFLOP/s  SKIPPED
"kernel_name": "quantize_and_pack_4h4w_per_t..     (1024,32,1)     (16,4,1)                                                                                                                   43.572 μs                                 
"kernel_name": "linear_q8ta_q8csw_tiled_text..     (1024,32,1)     (8,8,1)                                                                                                                  1753.796 μs                                 
et_vk.linear_q8ta_q8csw.default                                                performance_128_4096_8192_no_bias_Texture3D_Float                                          [128x4096]        1797.368 μs       4779.758 GFLOP/s  SKIPPED
"kernel_name": "quantize_and_pack_4h4w_per_t..     (1024,32,1)     (16,4,1)                                                                                                                   38.564 μs                                 
"kernel_name": "linear_q8ta_q8csw_tiled_buff..     (1024,32,1)     (8,8,1)                                                                                                                  1721.468 μs                                 
et_vk.linear_q8ta_q8csw.default                                                performance_128_4096_8192_no_bias_Buffer_Float                                             [128x4096]        1760.032 μs       4881.152 GFLOP/s  SKIPPED
"kernel_name": "linear_q8csw_tiled_texture3d..     (2048,32,1)     (8,8,1)     performance_128_4096_8192_no_bias_Texture3D_Float                                          [128x4096]        5358.063 μs       1603.375 GFLOP/s  SKIPPED
"kernel_name": "linear_q8csw_tiled_buffer_te..     (2048,32,1)     (8,8,1)     performance_128_4096_8192_no_bias_Buffer_Float                                             [128x4096]        5734.872 μs       1498.025 GFLOP/s  SKIPPED
"kernel_name": "quantize_and_pack_4h4w_per_t..     (1024,32,1)     (16,4,1)                                                                                                                   39.416 μs                                 
"kernel_name": "linear_q8ta_q8csw_tiled_text..     (1536,32,1)     (8,8,1)                                                                                                                  2697.944 μs                                 
et_vk.linear_q8ta_q8csw.default                                                performance_128_4096_12288_no_bias_Texture3D_Float                                         [128x4096]        2737.360 μs       4707.629 GFLOP/s  SKIPPED
"kernel_name": "quantize_and_pack_4h4w_per_t..     (1024,32,1)     (16,4,1)                                                                                                                   39.316 μs                                 
"kernel_name": "linear_q8ta_q8csw_tiled_buff..     (1536,32,1)     (8,8,1)                                                                                                                  2735.872 μs                                 
et_vk.linear_q8ta_q8csw.default                                                performance_128_4096_12288_no_bias_Buffer_Float                                            [128x4096]        2775.188 μs       4643.460 GFLOP/s  SKIPPED
"kernel_name": "linear_q8csw_tiled_texture3d..     (3072,32,1)     (8,8,1)     performance_128_4096_12288_no_bias_Texture3D_Float                                         [128x4096]        7705.417 μs       1672.392 GFLOP/s  SKIPPED
"kernel_name": "linear_q8csw_tiled_buffer_te..     (3072,32,1)     (8,8,1)     performance_128_4096_12288_no_bias_Buffer_Float                                            [128x4096]        8700.232 μs       1481.164 GFLOP/s  SKIPPED
"kernel_name": "quantize_and_pack_4h4w_per_t..     (1024,32,1)     (16,4,1)                                                                                                                   39.260 μs                                 
"kernel_name": "linear_q8ta_q8csw_tiled_text..     (2048,32,1)     (8,8,1)                                                                                                                  3626.412 μs                                 
et_vk.linear_q8ta_q8csw.default                                                performance_128_4096_16384_no_bias_Texture3D_Float                                         [128x4096]        3665.672 μs       4687.262 GFLOP/s  SKIPPED
"kernel_name": "quantize_and_pack_4h4w_per_t..     (1024,32,1)     (16,4,1)                                                                                                                   37.252 μs                                 
"kernel_name": "linear_q8ta_q8csw_tiled_buff..     (2048,32,1)     (8,8,1)                                                                                                                  3608.956 μs                                 
et_vk.linear_q8ta_q8csw.default                                                performance_128_4096_16384_no_bias_Buffer_Float                                            [128x4096]        3646.208 μs       4712.284 GFLOP/s  SKIPPED
"kernel_name": "linear_q8csw_tiled_texture3d..     (4096,32,1)     (8,8,1)     performance_128_4096_16384_no_bias_Texture3D_Float                                         [128x4096]       10252.463 μs       1675.887 GFLOP/s  SKIPPED
"kernel_name": "linear_q8csw_tiled_buffer_te..     (4096,32,1)     (8,8,1)     performance_128_4096_16384_no_bias_Buffer_Float                                            [128x4096]       12376.048 μs       1388.324 GFLOP/s  SKIPPED
----------------------------------------------------------------------
Completed 88 test cases
