[00:45:41] [+    0.0s] [PLAN] 36 total combos, 0 already done, 36 remaining.
[00:45:42] [+    1.0s] [DEVICE] idle, no llama_main process running.
[00:45:42] [+    1.7s] [DRIVER] OK: c9861e9906d03fa2c7d48b804e1a1c80 -> f14c51b6f8 (27.0.1271, documented production default)
[00:45:43] [+    2.2s] [DEVICE] llama_main_origcm present and executable.
[00:45:47] [+    6.2s] [CORRECTNESS] 16 PASSED, 0 FAILED
[00:45:47] [+    6.2s] [CLOCK] setting maxpin (980000/5333000/934000) for the whole sweep...
[00:45:52] [+   11.2s] [CLOCK] verified maxpin: {'gpu_min': 980000, 'gpu_max': 980000, 'mif_min': 5333000, 'mif_max': 5333000, 'int_min': 934000, 'int_max': 934000}
[00:45:52] [+   11.2s] [MODEL] === starting 1b ===
[00:45:52] [+   11.7s] [STAGE] llama3_2_1b_4w_buffer_ctx3072.pte already staged and size-verified (1692049024 bytes).
[00:45:53] [+   12.2s] [STAGE] llama3_2_1b_8da4w_buffer_ctx3072.pte already staged and size-verified (1730745344 bytes).
[00:45:53] [+   12.7s] [DEVICE] MemAvailable=7.33 GB -- OK
[00:45:56] [+   15.4s] [COHERENCE] 1b/4w/baseline: OK (Paris)
[00:45:58] [+   17.6s] [COHERENCE] 1b/4w/wmma: OK (Paris)
[00:46:02] [+   21.4s] [COHERENCE] 1b/8da4w/baseline: OK (Paris)
[00:46:06] [+   25.0s] [COHERENCE] 1b/8da4w/wmma: OK (Paris)
[00:46:06] [+   25.0s] [PROGRESS] [........................] 0/36 done (0 failed) | next: 1b/4w/baseline rep1
[00:46:06] [+   25.0s] [RUN] 1b/4w/baseline rep1 (attempt 1)...
[00:46:36] [+   55.0s] [HEARTBEAT] 1b/4w/baseline rep1 still running, 30s elapsed
[00:47:06] [+   85.0s] [HEARTBEAT] 1b/4w/baseline rep1 still running, 60s elapsed
[00:47:32] [+  111.1s] [OK] 1b/4w/baseline rep1 -> prefill=609.89 decode=26.78 (86s)
[00:47:47] [+  126.1s] [PROGRESS] [........................] 1/36 done (0 failed) | next: 1b/4w/wmma rep1 | ETA ~52 min
[00:47:47] [+  126.1s] [RUN] 1b/4w/wmma rep1 (attempt 1)...
[00:48:17] [+  156.1s] [HEARTBEAT] 1b/4w/wmma rep1 still running, 30s elapsed
[00:48:47] [+  186.1s] [HEARTBEAT] 1b/4w/wmma rep1 still running, 60s elapsed
[00:49:14] [+  213.1s] [OK] 1b/4w/wmma rep1 -> prefill=846.63 decode=26.65 (87s)
[00:49:29] [+  228.1s] [PROGRESS] [#.......................] 2/36 done (0 failed) | next: 1b/8da4w/baseline rep1 | ETA ~52 min
[00:49:29] [+  228.1s] [RUN] 1b/8da4w/baseline rep1 (attempt 1)...
[00:49:59] [+  258.1s] [HEARTBEAT] 1b/8da4w/baseline rep1 still running, 30s elapsed
[00:50:29] [+  288.1s] [HEARTBEAT] 1b/8da4w/baseline rep1 still running, 60s elapsed
[00:50:59] [+  318.1s] [HEARTBEAT] 1b/8da4w/baseline rep1 still running, 90s elapsed
Traceback (most recent call last):
  File "/local/yanwen.xu/workspace/dev/executorch/specs/036-m51-maxclock-coopmat-ab/scripts/run_maxclock_ab.py", line 641, in <module>
    main()
  File "/local/yanwen.xu/workspace/dev/executorch/specs/036-m51-maxclock-coopmat-ab/scripts/run_maxclock_ab.py", line 599, in main
    result = run_one(model, scheme, config, rep, pte_paths[scheme], status)
             ^^^^^^^^^^^^^^^^^^^^^^^^^^^^^^^^^^^^^^^^^^^^^^^^^^^^^^^^^^^^^^
  File "/local/yanwen.xu/workspace/dev/executorch/specs/036-m51-maxclock-coopmat-ab/scripts/run_maxclock_ab.py", line 414, in run_one
    r = ssh(f"adb -s {SERIAL} shell cat {out_file}", check=False)
        ^^^^^^^^^^^^^^^^^^^^^^^^^^^^^^^^^^^^^^^^^^^^^^^^^^^^^^^^^
  File "/local/yanwen.xu/workspace/dev/executorch/specs/036-m51-maxclock-coopmat-ab/scripts/run_maxclock_ab.py", line 123, in ssh
    return sh(
           ^^^
  File "/local/yanwen.xu/workspace/dev/executorch/specs/036-m51-maxclock-coopmat-ab/scripts/run_maxclock_ab.py", line 117, in sh
    return subprocess.run(
           ^^^^^^^^^^^^^^^
  File "/tool/pkg/Python-3.12.9-1/lib/python3.12/subprocess.py", line 552, in run
    stdout, stderr = process.communicate(input, timeout=timeout)
                     ^^^^^^^^^^^^^^^^^^^^^^^^^^^^^^^^^^^^^^^^^^^
  File "/tool/pkg/Python-3.12.9-1/lib/python3.12/subprocess.py", line 1211, in communicate
    stdout, stderr = self._communicate(input, endtime, timeout)
                     ^^^^^^^^^^^^^^^^^^^^^^^^^^^^^^^^^^^^^^^^^^
  File "/tool/pkg/Python-3.12.9-1/lib/python3.12/subprocess.py", line 2161, in _communicate
    stdout = self._translate_newlines(stdout,
             ^^^^^^^^^^^^^^^^^^^^^^^^^^^^^^^^
  File "/tool/pkg/Python-3.12.9-1/lib/python3.12/subprocess.py", line 1088, in _translate_newlines
    data = data.decode(encoding, errors)
           ^^^^^^^^^^^^^^^^^^^^^^^^^^^^^
UnicodeDecodeError: 'utf-8' codec can't decode bytes in position 14287-14288: invalid continuation byte
[01:11:07] [+    0.0s] [PLAN] 36 total combos, 2 already done, 34 remaining.
[01:11:08] [+    0.5s] [DEVICE] idle, no llama_main process running.
[01:11:08] [+    1.2s] [DRIVER] OK: c9861e9906d03fa2c7d48b804e1a1c80 -> f14c51b6f8 (27.0.1271, documented production default)
[01:11:09] [+    1.7s] [DEVICE] llama_main_origcm present and executable.
[01:11:12] [+    4.6s] [CORRECTNESS] 16 PASSED, 0 FAILED
[01:11:12] [+    4.6s] [CLOCK] setting maxpin (980000/5333000/934000) for the whole sweep...
[01:11:18] [+   10.7s] [CLOCK] verified maxpin: {'gpu_min': 980000, 'gpu_max': 980000, 'mif_min': 5333000, 'mif_max': 5333000, 'int_min': 934000, 'int_max': 934000}
[01:11:18] [+   10.7s] [MODEL] === starting 1b ===
[01:11:19] [+   11.2s] [STAGE] llama3_2_1b_4w_buffer_ctx3072.pte already staged and size-verified (1692049024 bytes).
[01:11:19] [+   11.7s] [STAGE] llama3_2_1b_8da4w_buffer_ctx3072.pte already staged and size-verified (1730745344 bytes).
[01:11:20] [+   12.2s] [DEVICE] MemAvailable=7.33 GB -- OK
[01:11:22] [+   14.4s] [COHERENCE] 1b/4w/baseline: OK (Paris)
[01:11:25] [+   17.9s] [COHERENCE] 1b/4w/wmma: OK (Paris)
[01:11:28] [+   20.3s] [COHERENCE] 1b/8da4w/baseline: OK (Paris)
[01:11:31] [+   23.9s] [COHERENCE] 1b/8da4w/wmma: OK (Paris)
[01:11:31] [+   23.9s] [PROGRESS] [#.......................] 2/36 done (0 failed) | next: 1b/8da4w/baseline rep1
[01:11:31] [+   23.9s] [RUN] 1b/8da4w/baseline rep1 (attempt 1)...
[01:12:01] [+   53.9s] [HEARTBEAT] 1b/8da4w/baseline rep1 still running, 30s elapsed
[01:12:31] [+   83.9s] [HEARTBEAT] 1b/8da4w/baseline rep1 still running, 60s elapsed
[01:13:01] [+  113.9s] [HEARTBEAT] 1b/8da4w/baseline rep1 still running, 90s elapsed
[01:13:03] [+  115.9s] [OK] 1b/8da4w/baseline rep1 -> prefill=428.72 decode=25.66 (92s)
[01:13:18] [+  130.9s] [PROGRESS] [##......................] 3/36 done (0 failed) | next: 1b/8da4w/wmma rep1 | ETA ~52 min
[01:13:18] [+  130.9s] [RUN] 1b/8da4w/wmma rep1 (attempt 1)...
[01:13:48] [+  160.9s] [HEARTBEAT] 1b/8da4w/wmma rep1 still running, 30s elapsed
[01:14:18] [+  190.9s] [HEARTBEAT] 1b/8da4w/wmma rep1 still running, 60s elapsed
[01:14:48] [+  220.9s] [HEARTBEAT] 1b/8da4w/wmma rep1 still running, 90s elapsed
[01:14:49] [+  221.9s] [OK] 1b/8da4w/wmma rep1 -> prefill=973.38 decode=25.59 (91s)
[01:15:04] [+  236.9s] [PROGRESS] [##......................] 4/36 done (0 failed) | next: 1b/4w/baseline rep2 | ETA ~52 min
[01:15:04] [+  236.9s] [RUN] 1b/4w/baseline rep2 (attempt 1)...
[01:15:34] [+  266.9s] [HEARTBEAT] 1b/4w/baseline rep2 still running, 30s elapsed
[01:16:04] [+  296.9s] [HEARTBEAT] 1b/4w/baseline rep2 still running, 60s elapsed
[01:16:31] [+  324.1s] [OK] 1b/4w/baseline rep2 -> prefill=610.43 decode=26.79 (87s)
[01:16:46] [+  339.1s] [PROGRESS] [###.....................] 5/36 done (0 failed) | next: 1b/4w/wmma rep2 | ETA ~51 min
[01:16:46] [+  339.1s] [RUN] 1b/4w/wmma rep2 (attempt 1)...
[01:17:16] [+  369.1s] [HEARTBEAT] 1b/4w/wmma rep2 still running, 30s elapsed
[01:17:46] [+  399.1s] [HEARTBEAT] 1b/4w/wmma rep2 still running, 60s elapsed
[01:18:13] [+  426.1s] [OK] 1b/4w/wmma rep2 -> prefill=844.54 decode=26.73 (87s)
[01:18:28] [+  441.1s] [PROGRESS] [####....................] 6/36 done (0 failed) | next: 1b/8da4w/baseline rep2 | ETA ~51 min
[01:18:28] [+  441.1s] [RUN] 1b/8da4w/baseline rep2 (attempt 1)...
[01:18:58] [+  471.1s] [HEARTBEAT] 1b/8da4w/baseline rep2 still running, 30s elapsed
[01:19:28] [+  501.1s] [HEARTBEAT] 1b/8da4w/baseline rep2 still running, 60s elapsed
[01:19:58] [+  531.1s] [HEARTBEAT] 1b/8da4w/baseline rep2 still running, 90s elapsed
[01:20:01] [+  534.1s] [OK] 1b/8da4w/baseline rep2 -> prefill=428.99 decode=25.67 (93s)
[01:20:16] [+  549.1s] [PROGRESS] [####....................] 7/36 done (0 failed) | next: 1b/8da4w/wmma rep2 | ETA ~51 min
[01:20:16] [+  549.1s] [RUN] 1b/8da4w/wmma rep2 (attempt 1)...
[01:20:46] [+  579.1s] [HEARTBEAT] 1b/8da4w/wmma rep2 still running, 30s elapsed
[01:21:16] [+  609.1s] [HEARTBEAT] 1b/8da4w/wmma rep2 still running, 60s elapsed
[01:21:46] [+  639.1s] [HEARTBEAT] 1b/8da4w/wmma rep2 still running, 90s elapsed
[01:21:47] [+  640.1s] [OK] 1b/8da4w/wmma rep2 -> prefill=970.62 decode=25.59 (91s)
[01:22:02] [+  655.1s] [PROGRESS] [#####...................] 8/36 done (0 failed) | next: 1b/4w/baseline rep3 | ETA ~51 min
[01:22:02] [+  655.1s] [RUN] 1b/4w/baseline rep3 (attempt 1)...
[01:22:32] [+  685.1s] [HEARTBEAT] 1b/4w/baseline rep3 still running, 30s elapsed
[01:23:02] [+  715.1s] [HEARTBEAT] 1b/4w/baseline rep3 still running, 60s elapsed
[01:23:31] [+  743.2s] [OK] 1b/4w/baseline rep3 -> prefill=610.80 decode=26.73 (88s)
[01:23:46] [+  758.2s] [PROGRESS] [######..................] 9/36 done (0 failed) | next: 1b/4w/wmma rep3 | ETA ~51 min
[01:23:46] [+  758.2s] [RUN] 1b/4w/wmma rep3 (attempt 1)...
[01:24:16] [+  788.2s] [HEARTBEAT] 1b/4w/wmma rep3 still running, 30s elapsed
[01:24:46] [+  818.2s] [HEARTBEAT] 1b/4w/wmma rep3 still running, 60s elapsed
[01:25:12] [+  844.2s] [OK] 1b/4w/wmma rep3 -> prefill=847.68 decode=26.76 (86s)
[01:25:27] [+  859.2s] [PROGRESS] [######..................] 10/36 done (0 failed) | next: 1b/8da4w/baseline rep3 | ETA ~51 min
[01:25:27] [+  859.2s] [RUN] 1b/8da4w/baseline rep3 (attempt 1)...
[01:25:57] [+  889.2s] [HEARTBEAT] 1b/8da4w/baseline rep3 still running, 30s elapsed
[01:26:27] [+  919.2s] [HEARTBEAT] 1b/8da4w/baseline rep3 still running, 60s elapsed
[01:26:57] [+  949.3s] [HEARTBEAT] 1b/8da4w/baseline rep3 still running, 90s elapsed
[01:27:01] [+  953.3s] [OK] 1b/8da4w/baseline rep3 -> prefill=428.72 decode=25.59 (94s)
[01:27:16] [+  968.3s] [PROGRESS] [#######.................] 11/36 done (0 failed) | next: 1b/8da4w/wmma rep3 | ETA ~51 min
[01:27:16] [+  968.3s] [RUN] 1b/8da4w/wmma rep3 (attempt 1)...
[01:27:46] [+  998.3s] [HEARTBEAT] 1b/8da4w/wmma rep3 still running, 30s elapsed
[01:28:16] [+ 1028.3s] [HEARTBEAT] 1b/8da4w/wmma rep3 still running, 60s elapsed
[01:28:46] [+ 1058.3s] [HEARTBEAT] 1b/8da4w/wmma rep3 still running, 90s elapsed
[01:28:47] [+ 1059.3s] [OK] 1b/8da4w/wmma rep3 -> prefill=969.70 decode=25.62 (91s)
[01:29:04] [+ 1076.8s] [STAGE] removed 1b's buffer PTEs from device.
[01:29:04] [+ 1076.8s] [MODEL] === finished 1b ===
[01:29:04] [+ 1076.8s] [MODEL] === starting 3b ===
[01:29:06] [+ 1078.6s] [STAGE] llama3_2_3b_4w_buffer_ctx3072.pte already staged and size-verified (3240923904 bytes).
[01:29:06] [+ 1079.1s] [STAGE] llama3_2_3b_8da4w_buffer_ctx3072.pte already staged and size-verified (3341455104 bytes).
[01:29:07] [+ 1079.6s] [DEVICE] MemAvailable=7.26 GB -- OK
[01:29:17] [+ 1089.3s] [COHERENCE] 3b/4w/baseline: OK (Paris)
[01:29:22] [+ 1094.3s] [COHERENCE] 3b/4w/wmma: OK (Paris)
[01:29:28] [+ 1100.4s] [COHERENCE] 3b/8da4w/baseline: OK (Paris)
[01:29:33] [+ 1105.7s] [COHERENCE] 3b/8da4w/wmma: OK (Paris)
[01:29:33] [+ 1105.7s] [PROGRESS] [########................] 12/36 done (0 failed) | next: 3b/4w/baseline rep1 | ETA ~51 min
[01:29:33] [+ 1105.7s] [RUN] 3b/4w/baseline rep1 (attempt 1)...
[01:30:03] [+ 1135.7s] [HEARTBEAT] 3b/4w/baseline rep1 still running, 30s elapsed
[01:30:33] [+ 1165.7s] [HEARTBEAT] 3b/4w/baseline rep1 still running, 60s elapsed
[01:31:03] [+ 1195.7s] [HEARTBEAT] 3b/4w/baseline rep1 still running, 90s elapsed
[01:31:33] [+ 1225.7s] [HEARTBEAT] 3b/4w/baseline rep1 still running, 120s elapsed
[01:32:03] [+ 1255.7s] [HEARTBEAT] 3b/4w/baseline rep1 still running, 150s elapsed
[01:32:33] [+ 1285.7s] [OK] 3b/4w/baseline rep1 -> prefill=224.41 decode=13.15 (180s)
[01:32:48] [+ 1300.7s] [PROGRESS] [########................] 13/36 done (0 failed) | next: 3b/4w/wmma rep1 | ETA ~56 min
[01:32:48] [+ 1300.7s] [RUN] 3b/4w/wmma rep1 (attempt 1)...
[01:33:18] [+ 1330.7s] [HEARTBEAT] 3b/4w/wmma rep1 still running, 30s elapsed
[01:33:48] [+ 1360.7s] [HEARTBEAT] 3b/4w/wmma rep1 still running, 60s elapsed
[01:34:18] [+ 1390.8s] [HEARTBEAT] 3b/4w/wmma rep1 still running, 90s elapsed
[01:34:48] [+ 1420.8s] [HEARTBEAT] 3b/4w/wmma rep1 still running, 120s elapsed
[01:35:18] [+ 1450.8s] [HEARTBEAT] 3b/4w/wmma rep1 still running, 150s elapsed
[01:35:44] [+ 1476.8s] [OK] 3b/4w/wmma rep1 -> prefill=313.25 decode=13.14 (176s)
[01:35:59] [+ 1491.8s] [PROGRESS] [#########...............] 14/36 done (0 failed) | next: 3b/8da4w/baseline rep1 | ETA ~59 min
[01:35:59] [+ 1491.8s] [RUN] 3b/8da4w/baseline rep1 (attempt 1)...
[01:36:29] [+ 1521.8s] [HEARTBEAT] 3b/8da4w/baseline rep1 still running, 30s elapsed
[01:36:59] [+ 1551.9s] [HEARTBEAT] 3b/8da4w/baseline rep1 still running, 60s elapsed
[01:37:29] [+ 1581.9s] [HEARTBEAT] 3b/8da4w/baseline rep1 still running, 90s elapsed
[01:37:59] [+ 1611.9s] [HEARTBEAT] 3b/8da4w/baseline rep1 still running, 120s elapsed
[01:38:29] [+ 1641.9s] [HEARTBEAT] 3b/8da4w/baseline rep1 still running, 150s elapsed
[01:38:59] [+ 1671.9s] [HEARTBEAT] 3b/8da4w/baseline rep1 still running, 180s elapsed
[01:39:12] [+ 1685.0s] [OK] 3b/8da4w/baseline rep1 -> prefill=154.61 decode=12.68 (193s)
[01:39:27] [+ 1700.0s] [PROGRESS] [##########..............] 15/36 done (0 failed) | next: 3b/8da4w/wmma rep1 | ETA ~63 min
[01:39:27] [+ 1700.0s] [RUN] 3b/8da4w/wmma rep1 (attempt 1)...
[01:39:57] [+ 1730.0s] [HEARTBEAT] 3b/8da4w/wmma rep1 still running, 30s elapsed
[01:40:27] [+ 1760.0s] [HEARTBEAT] 3b/8da4w/wmma rep1 still running, 60s elapsed
[01:40:57] [+ 1790.0s] [HEARTBEAT] 3b/8da4w/wmma rep1 still running, 90s elapsed
[01:41:27] [+ 1820.0s] [HEARTBEAT] 3b/8da4w/wmma rep1 still running, 120s elapsed
[01:41:57] [+ 1850.0s] [HEARTBEAT] 3b/8da4w/wmma rep1 still running, 150s elapsed
[01:42:27] [+ 1880.0s] [HEARTBEAT] 3b/8da4w/wmma rep1 still running, 180s elapsed
[01:42:32] [+ 1885.1s] [OK] 3b/8da4w/wmma rep1 -> prefill=368.35 decode=12.69 (185s)
[01:42:47] [+ 1900.1s] [PROGRESS] [##########..............] 16/36 done (0 failed) | next: 3b/4w/baseline rep2 | ETA ~66 min
[01:42:47] [+ 1900.1s] [RUN] 3b/4w/baseline rep2 (attempt 1)...
[01:43:17] [+ 1930.1s] [HEARTBEAT] 3b/4w/baseline rep2 still running, 30s elapsed
[01:43:47] [+ 1960.1s] [HEARTBEAT] 3b/4w/baseline rep2 still running, 60s elapsed
[01:44:17] [+ 1990.1s] [HEARTBEAT] 3b/4w/baseline rep2 still running, 90s elapsed
[01:44:47] [+ 2020.1s] [HEARTBEAT] 3b/4w/baseline rep2 still running, 120s elapsed
[01:45:17] [+ 2050.1s] [HEARTBEAT] 3b/4w/baseline rep2 still running, 150s elapsed
[01:45:47] [+ 2080.2s] [OK] 3b/4w/baseline rep2 -> prefill=225.13 decode=13.08 (180s)
[01:46:02] [+ 2095.2s] [PROGRESS] [###########.............] 17/36 done (0 failed) | next: 3b/4w/wmma rep2 | ETA ~69 min
[01:46:02] [+ 2095.2s] [RUN] 3b/4w/wmma rep2 (attempt 1)...
[01:46:32] [+ 2125.2s] [HEARTBEAT] 3b/4w/wmma rep2 still running, 30s elapsed
[01:47:02] [+ 2155.2s] [HEARTBEAT] 3b/4w/wmma rep2 still running, 60s elapsed
[01:47:32] [+ 2185.2s] [HEARTBEAT] 3b/4w/wmma rep2 still running, 90s elapsed
[01:48:02] [+ 2215.2s] [HEARTBEAT] 3b/4w/wmma rep2 still running, 120s elapsed
[01:48:32] [+ 2245.2s] [HEARTBEAT] 3b/4w/wmma rep2 still running, 150s elapsed
[01:48:59] [+ 2272.2s] [OK] 3b/4w/wmma rep2 -> prefill=313.20 decode=13.09 (177s)
[01:49:14] [+ 2287.2s] [PROGRESS] [############............] 18/36 done (0 failed) | next: 3b/8da4w/baseline rep2 | ETA ~71 min
[01:49:14] [+ 2287.2s] [RUN] 3b/8da4w/baseline rep2 (attempt 1)...
[01:49:44] [+ 2317.2s] [HEARTBEAT] 3b/8da4w/baseline rep2 still running, 30s elapsed
[01:50:14] [+ 2347.2s] [HEARTBEAT] 3b/8da4w/baseline rep2 still running, 60s elapsed
[01:50:44] [+ 2377.2s] [HEARTBEAT] 3b/8da4w/baseline rep2 still running, 90s elapsed
[01:51:14] [+ 2407.2s] [HEARTBEAT] 3b/8da4w/baseline rep2 still running, 120s elapsed
[01:51:45] [+ 2437.2s] [HEARTBEAT] 3b/8da4w/baseline rep2 still running, 150s elapsed
[01:52:15] [+ 2467.2s] [HEARTBEAT] 3b/8da4w/baseline rep2 still running, 180s elapsed
[01:52:29] [+ 2481.3s] [OK] 3b/8da4w/baseline rep2 -> prefill=154.47 decode=12.62 (194s)
[01:52:44] [+ 2496.3s] [PROGRESS] [############............] 19/36 done (0 failed) | next: 3b/8da4w/wmma rep2 | ETA ~73 min
[01:52:44] [+ 2496.3s] [RUN] 3b/8da4w/wmma rep2 (attempt 1)...
[01:53:14] [+ 2526.4s] [HEARTBEAT] 3b/8da4w/wmma rep2 still running, 30s elapsed
[01:53:44] [+ 2556.4s] [HEARTBEAT] 3b/8da4w/wmma rep2 still running, 60s elapsed
[01:54:14] [+ 2586.4s] [HEARTBEAT] 3b/8da4w/wmma rep2 still running, 90s elapsed
[01:54:44] [+ 2616.4s] [HEARTBEAT] 3b/8da4w/wmma rep2 still running, 120s elapsed
[01:55:14] [+ 2646.4s] [HEARTBEAT] 3b/8da4w/wmma rep2 still running, 150s elapsed
[01:55:44] [+ 2676.4s] [HEARTBEAT] 3b/8da4w/wmma rep2 still running, 180s elapsed
[01:55:49] [+ 2681.4s] [OK] 3b/8da4w/wmma rep2 -> prefill=366.83 decode=12.66 (185s)
[01:56:04] [+ 2696.4s] [PROGRESS] [#############...........] 20/36 done (0 failed) | next: 3b/4w/baseline rep3 | ETA ~75 min
[01:56:04] [+ 2696.4s] [RUN] 3b/4w/baseline rep3 (attempt 1)...
[01:56:34] [+ 2726.4s] [HEARTBEAT] 3b/4w/baseline rep3 still running, 30s elapsed
[01:57:04] [+ 2756.4s] [HEARTBEAT] 3b/4w/baseline rep3 still running, 60s elapsed
[01:57:34] [+ 2786.4s] [HEARTBEAT] 3b/4w/baseline rep3 still running, 90s elapsed
[01:58:04] [+ 2816.4s] [HEARTBEAT] 3b/4w/baseline rep3 still running, 120s elapsed
[01:58:34] [+ 2846.4s] [HEARTBEAT] 3b/4w/baseline rep3 still running, 150s elapsed
[01:59:04] [+ 2876.4s] [OK] 3b/4w/baseline rep3 -> prefill=224.73 decode=13.06 (180s)
[01:59:19] [+ 2891.4s] [PROGRESS] [##############..........] 21/36 done (0 failed) | next: 3b/4w/wmma rep3 | ETA ~76 min
[01:59:19] [+ 2891.4s] [RUN] 3b/4w/wmma rep3 (attempt 1)...
[01:59:49] [+ 2921.4s] [HEARTBEAT] 3b/4w/wmma rep3 still running, 30s elapsed
[02:00:19] [+ 2951.4s] [HEARTBEAT] 3b/4w/wmma rep3 still running, 60s elapsed
[02:00:49] [+ 2981.4s] [HEARTBEAT] 3b/4w/wmma rep3 still running, 90s elapsed
[02:01:19] [+ 3011.4s] [HEARTBEAT] 3b/4w/wmma rep3 still running, 120s elapsed
[02:01:49] [+ 3041.4s] [HEARTBEAT] 3b/4w/wmma rep3 still running, 150s elapsed
[02:02:16] [+ 3068.5s] [OK] 3b/4w/wmma rep3 -> prefill=314.06 decode=13.10 (177s)
[02:02:31] [+ 3083.5s] [PROGRESS] [##############..........] 22/36 done (0 failed) | next: 3b/8da4w/baseline rep3 | ETA ~77 min
[02:02:31] [+ 3083.5s] [RUN] 3b/8da4w/baseline rep3 (attempt 1)...
[02:03:01] [+ 3113.5s] [HEARTBEAT] 3b/8da4w/baseline rep3 still running, 30s elapsed
[02:03:31] [+ 3143.5s] [HEARTBEAT] 3b/8da4w/baseline rep3 still running, 60s elapsed
[02:04:01] [+ 3173.5s] [HEARTBEAT] 3b/8da4w/baseline rep3 still running, 90s elapsed
[02:04:31] [+ 3203.5s] [HEARTBEAT] 3b/8da4w/baseline rep3 still running, 120s elapsed
[02:05:01] [+ 3233.5s] [HEARTBEAT] 3b/8da4w/baseline rep3 still running, 150s elapsed
[02:05:31] [+ 3263.6s] [HEARTBEAT] 3b/8da4w/baseline rep3 still running, 180s elapsed
[02:05:45] [+ 3277.5s] [OK] 3b/8da4w/baseline rep3 -> prefill=154.62 decode=12.63 (194s)
[02:06:00] [+ 3292.5s] [PROGRESS] [###############.........] 23/36 done (0 failed) | next: 3b/8da4w/wmma rep3 | ETA ~79 min
[02:06:00] [+ 3292.5s] [RUN] 3b/8da4w/wmma rep3 (attempt 1)...
[02:06:30] [+ 3322.6s] [HEARTBEAT] 3b/8da4w/wmma rep3 still running, 30s elapsed
[02:07:00] [+ 3352.6s] [HEARTBEAT] 3b/8da4w/wmma rep3 still running, 60s elapsed
[02:07:30] [+ 3382.6s] [HEARTBEAT] 3b/8da4w/wmma rep3 still running, 90s elapsed
[02:08:00] [+ 3412.6s] [HEARTBEAT] 3b/8da4w/wmma rep3 still running, 120s elapsed
[02:08:30] [+ 3442.6s] [HEARTBEAT] 3b/8da4w/wmma rep3 still running, 150s elapsed
[02:09:00] [+ 3472.6s] [HEARTBEAT] 3b/8da4w/wmma rep3 still running, 180s elapsed
[02:09:05] [+ 3477.7s] [OK] 3b/8da4w/wmma rep3 -> prefill=366.30 decode=12.65 (185s)
[02:09:22] [+ 3495.2s] [STAGE] removed 3b's buffer PTEs from device.
[02:09:22] [+ 3495.2s] [MODEL] === finished 3b ===
[02:09:22] [+ 3495.2s] [MODEL] === starting 8b ===
[02:09:24] [+ 3497.2s] [STAGE] llama3_1_8b_4w_buffer_ctx3072.pte already staged and size-verified (5979578240 bytes).
[02:09:25] [+ 3497.7s] [STAGE] llama3_1_8b_8da4w_buffer_ctx3072.pte already staged and size-verified (6214256512 bytes).
[02:09:25] [+ 3498.2s] [DEVICE] MemAvailable=7.45 GB -- OK
[02:09:44] [+ 3516.3s] [COHERENCE] 8b/4w/baseline: OK (Paris)
[02:09:53] [+ 3525.5s] [COHERENCE] 8b/4w/wmma: OK (Paris)
[02:10:08] [+ 3541.0s] [COHERENCE] 8b/8da4w/baseline: OK (Paris)
[02:10:18] [+ 3551.2s] [COHERENCE] 8b/8da4w/wmma: OK (Paris)
[02:10:18] [+ 3551.2s] [PROGRESS] [################........] 24/36 done (0 failed) | next: 8b/4w/baseline rep1 | ETA ~80 min
[02:10:18] [+ 3551.2s] [RUN] 8b/4w/baseline rep1 (attempt 1)...
[02:10:48] [+ 3581.2s] [HEARTBEAT] 8b/4w/baseline rep1 still running, 30s elapsed
[02:11:18] [+ 3611.2s] [HEARTBEAT] 8b/4w/baseline rep1 still running, 60s elapsed
[02:11:49] [+ 3641.2s] [HEARTBEAT] 8b/4w/baseline rep1 still running, 90s elapsed
[02:12:19] [+ 3671.2s] [HEARTBEAT] 8b/4w/baseline rep1 still running, 120s elapsed
[02:12:49] [+ 3701.2s] [HEARTBEAT] 8b/4w/baseline rep1 still running, 150s elapsed
[02:13:19] [+ 3731.2s] [HEARTBEAT] 8b/4w/baseline rep1 still running, 180s elapsed
[02:13:49] [+ 3761.2s] [HEARTBEAT] 8b/4w/baseline rep1 still running, 210s elapsed
[02:14:19] [+ 3791.2s] [HEARTBEAT] 8b/4w/baseline rep1 still running, 240s elapsed
[02:14:49] [+ 3821.3s] [HEARTBEAT] 8b/4w/baseline rep1 still running, 270s elapsed
[02:15:19] [+ 3851.3s] [HEARTBEAT] 8b/4w/baseline rep1 still running, 300s elapsed
[02:15:46] [+ 3878.4s] [OK] 8b/4w/baseline rep1 -> prefill=101.30 decode=7.35 (327s)
[02:16:01] [+ 3893.4s] [PROGRESS] [################........] 25/36 done (0 failed) | next: 8b/4w/wmma rep1 | ETA ~85 min
[02:16:01] [+ 3893.4s] [RUN] 8b/4w/wmma rep1 (attempt 1)...
[02:16:31] [+ 3923.4s] [HEARTBEAT] 8b/4w/wmma rep1 still running, 30s elapsed
[02:17:01] [+ 3953.4s] [HEARTBEAT] 8b/4w/wmma rep1 still running, 60s elapsed
[02:17:31] [+ 3983.4s] [HEARTBEAT] 8b/4w/wmma rep1 still running, 90s elapsed
[02:18:01] [+ 4013.4s] [HEARTBEAT] 8b/4w/wmma rep1 still running, 120s elapsed
[02:18:31] [+ 4043.4s] [HEARTBEAT] 8b/4w/wmma rep1 still running, 150s elapsed
[02:19:01] [+ 4073.4s] [HEARTBEAT] 8b/4w/wmma rep1 still running, 180s elapsed
[02:19:31] [+ 4103.4s] [HEARTBEAT] 8b/4w/wmma rep1 still running, 210s elapsed
[02:20:01] [+ 4133.4s] [HEARTBEAT] 8b/4w/wmma rep1 still running, 240s elapsed
[02:20:31] [+ 4163.4s] [HEARTBEAT] 8b/4w/wmma rep1 still running, 270s elapsed
[02:21:01] [+ 4193.4s] [HEARTBEAT] 8b/4w/wmma rep1 still running, 300s elapsed
[02:21:22] [+ 4214.5s] [OK] 8b/4w/wmma rep1 -> prefill=151.31 decode=7.32 (321s)
[02:21:37] [+ 4229.5s] [PROGRESS] [#################.......] 26/36 done (0 failed) | next: 8b/8da4w/baseline rep1 | ETA ~89 min
[02:21:37] [+ 4229.5s] [RUN] 8b/8da4w/baseline rep1 (attempt 1)...
[02:22:07] [+ 4259.5s] [HEARTBEAT] 8b/8da4w/baseline rep1 still running, 30s elapsed
[02:22:37] [+ 4289.5s] [HEARTBEAT] 8b/8da4w/baseline rep1 still running, 60s elapsed
[02:23:07] [+ 4319.5s] [HEARTBEAT] 8b/8da4w/baseline rep1 still running, 90s elapsed
[02:23:37] [+ 4349.5s] [HEARTBEAT] 8b/8da4w/baseline rep1 still running, 120s elapsed
[02:24:07] [+ 4379.6s] [HEARTBEAT] 8b/8da4w/baseline rep1 still running, 150s elapsed
[02:24:37] [+ 4409.6s] [HEARTBEAT] 8b/8da4w/baseline rep1 still running, 180s elapsed
[02:25:07] [+ 4439.6s] [HEARTBEAT] 8b/8da4w/baseline rep1 still running, 210s elapsed
[02:25:37] [+ 4469.6s] [HEARTBEAT] 8b/8da4w/baseline rep1 still running, 240s elapsed
[02:26:07] [+ 4499.6s] [HEARTBEAT] 8b/8da4w/baseline rep1 still running, 270s elapsed
[02:26:37] [+ 4529.6s] [HEARTBEAT] 8b/8da4w/baseline rep1 still running, 300s elapsed
[02:27:07] [+ 4559.6s] [HEARTBEAT] 8b/8da4w/baseline rep1 still running, 330s elapsed
[02:27:27] [+ 4579.6s] [OK] 8b/8da4w/baseline rep1 -> prefill=68.10 decode=7.24 (350s)
[02:27:42] [+ 4594.6s] [PROGRESS] [##################......] 27/36 done (0 failed) | next: 8b/8da4w/wmma rep1 | ETA ~93 min
[02:27:42] [+ 4594.6s] [RUN] 8b/8da4w/wmma rep1 (attempt 1)...
[02:28:12] [+ 4624.6s] [HEARTBEAT] 8b/8da4w/wmma rep1 still running, 30s elapsed
[02:28:42] [+ 4654.6s] [HEARTBEAT] 8b/8da4w/wmma rep1 still running, 60s elapsed
[02:29:12] [+ 4684.6s] [HEARTBEAT] 8b/8da4w/wmma rep1 still running, 90s elapsed
[02:29:42] [+ 4714.6s] [HEARTBEAT] 8b/8da4w/wmma rep1 still running, 120s elapsed
[02:30:12] [+ 4744.6s] [HEARTBEAT] 8b/8da4w/wmma rep1 still running, 150s elapsed
[02:30:42] [+ 4774.6s] [HEARTBEAT] 8b/8da4w/wmma rep1 still running, 180s elapsed
[02:31:12] [+ 4804.6s] [HEARTBEAT] 8b/8da4w/wmma rep1 still running, 210s elapsed
[02:31:42] [+ 4834.6s] [HEARTBEAT] 8b/8da4w/wmma rep1 still running, 240s elapsed
[02:32:12] [+ 4864.6s] [HEARTBEAT] 8b/8da4w/wmma rep1 still running, 270s elapsed
[02:32:42] [+ 4894.7s] [HEARTBEAT] 8b/8da4w/wmma rep1 still running, 300s elapsed
[02:33:12] [+ 4924.7s] [HEARTBEAT] 8b/8da4w/wmma rep1 still running, 330s elapsed
[02:33:13] [+ 4925.8s] [OK] 8b/8da4w/wmma rep1 -> prefill=185.00 decode=7.24 (331s)
[02:33:28] [+ 4940.8s] [PROGRESS] [##################......] 28/36 done (0 failed) | next: 8b/4w/baseline rep2 | ETA ~97 min
[02:33:28] [+ 4940.8s] [RUN] 8b/4w/baseline rep2 (attempt 1)...
[02:33:58] [+ 4970.8s] [HEARTBEAT] 8b/4w/baseline rep2 still running, 30s elapsed
[02:34:28] [+ 5000.8s] [HEARTBEAT] 8b/4w/baseline rep2 still running, 60s elapsed
[02:34:58] [+ 5030.8s] [HEARTBEAT] 8b/4w/baseline rep2 still running, 90s elapsed
[02:35:28] [+ 5060.8s] [HEARTBEAT] 8b/4w/baseline rep2 still running, 120s elapsed
[02:35:58] [+ 5090.8s] [HEARTBEAT] 8b/4w/baseline rep2 still running, 150s elapsed
[02:36:28] [+ 5120.8s] [HEARTBEAT] 8b/4w/baseline rep2 still running, 180s elapsed
[02:36:58] [+ 5150.8s] [HEARTBEAT] 8b/4w/baseline rep2 still running, 210s elapsed
[02:37:28] [+ 5180.8s] [HEARTBEAT] 8b/4w/baseline rep2 still running, 240s elapsed
[02:37:58] [+ 5210.8s] [HEARTBEAT] 8b/4w/baseline rep2 still running, 270s elapsed
[02:38:28] [+ 5240.8s] [HEARTBEAT] 8b/4w/baseline rep2 still running, 300s elapsed
[02:38:59] [+ 5272.1s] [OK] 8b/4w/baseline rep2 -> prefill=93.82 decode=7.34 (331s)
[02:39:14] [+ 5287.1s] [PROGRESS] [###################.....] 29/36 done (0 failed) | next: 8b/4w/wmma rep2 | ETA ~100 min
[02:39:14] [+ 5287.1s] [RUN] 8b/4w/wmma rep2 (attempt 1)...
[02:39:44] [+ 5317.1s] [HEARTBEAT] 8b/4w/wmma rep2 still running, 30s elapsed
[02:40:14] [+ 5347.1s] [HEARTBEAT] 8b/4w/wmma rep2 still running, 60s elapsed
[02:40:44] [+ 5377.1s] [HEARTBEAT] 8b/4w/wmma rep2 still running, 90s elapsed
[02:41:14] [+ 5407.1s] [HEARTBEAT] 8b/4w/wmma rep2 still running, 120s elapsed
[02:41:44] [+ 5437.1s] [HEARTBEAT] 8b/4w/wmma rep2 still running, 150s elapsed
[02:42:14] [+ 5467.1s] [HEARTBEAT] 8b/4w/wmma rep2 still running, 180s elapsed
[02:42:44] [+ 5497.1s] [HEARTBEAT] 8b/4w/wmma rep2 still running, 210s elapsed
[02:43:14] [+ 5527.1s] [HEARTBEAT] 8b/4w/wmma rep2 still running, 240s elapsed
[02:43:44] [+ 5557.1s] [HEARTBEAT] 8b/4w/wmma rep2 still running, 270s elapsed
[02:44:14] [+ 5587.1s] [HEARTBEAT] 8b/4w/wmma rep2 still running, 300s elapsed
[02:44:35] [+ 5607.3s] [OK] 8b/4w/wmma rep2 -> prefill=151.50 decode=7.35 (320s)
[02:44:50] [+ 5622.3s] [PROGRESS] [####################....] 30/36 done (0 failed) | next: 8b/8da4w/baseline rep2 | ETA ~103 min
[02:44:50] [+ 5622.3s] [RUN] 8b/8da4w/baseline rep2 (attempt 1)...
[02:45:20] [+ 5652.3s] [HEARTBEAT] 8b/8da4w/baseline rep2 still running, 30s elapsed
[02:45:50] [+ 5682.3s] [HEARTBEAT] 8b/8da4w/baseline rep2 still running, 60s elapsed
[02:46:20] [+ 5712.3s] [HEARTBEAT] 8b/8da4w/baseline rep2 still running, 90s elapsed
[02:46:50] [+ 5742.3s] [HEARTBEAT] 8b/8da4w/baseline rep2 still running, 120s elapsed
[02:47:20] [+ 5772.3s] [HEARTBEAT] 8b/8da4w/baseline rep2 still running, 150s elapsed
[02:47:50] [+ 5802.3s] [HEARTBEAT] 8b/8da4w/baseline rep2 still running, 180s elapsed
[02:48:20] [+ 5832.3s] [HEARTBEAT] 8b/8da4w/baseline rep2 still running, 210s elapsed
[02:48:50] [+ 5862.3s] [HEARTBEAT] 8b/8da4w/baseline rep2 still running, 240s elapsed
[02:49:20] [+ 5892.3s] [HEARTBEAT] 8b/8da4w/baseline rep2 still running, 270s elapsed
[02:49:50] [+ 5922.3s] [HEARTBEAT] 8b/8da4w/baseline rep2 still running, 300s elapsed
[02:50:20] [+ 5952.3s] [HEARTBEAT] 8b/8da4w/baseline rep2 still running, 330s elapsed
[02:50:42] [+ 5974.4s] [OK] 8b/8da4w/baseline rep2 -> prefill=67.74 decode=7.21 (352s)
[02:50:57] [+ 5989.4s] [PROGRESS] [####################....] 31/36 done (0 failed) | next: 8b/8da4w/wmma rep2 | ETA ~106 min
[02:50:57] [+ 5989.4s] [RUN] 8b/8da4w/wmma rep2 (attempt 1)...
[02:51:27] [+ 6019.4s] [HEARTBEAT] 8b/8da4w/wmma rep2 still running, 30s elapsed
[02:51:57] [+ 6049.4s] [HEARTBEAT] 8b/8da4w/wmma rep2 still running, 60s elapsed
[02:52:27] [+ 6079.4s] [HEARTBEAT] 8b/8da4w/wmma rep2 still running, 90s elapsed
[02:52:57] [+ 6109.4s] [HEARTBEAT] 8b/8da4w/wmma rep2 still running, 120s elapsed
[02:53:27] [+ 6139.4s] [HEARTBEAT] 8b/8da4w/wmma rep2 still running, 150s elapsed
[02:53:57] [+ 6169.5s] [HEARTBEAT] 8b/8da4w/wmma rep2 still running, 180s elapsed
[02:54:27] [+ 6199.5s] [HEARTBEAT] 8b/8da4w/wmma rep2 still running, 210s elapsed
[02:54:57] [+ 6229.5s] [HEARTBEAT] 8b/8da4w/wmma rep2 still running, 240s elapsed
[02:55:27] [+ 6259.5s] [HEARTBEAT] 8b/8da4w/wmma rep2 still running, 270s elapsed
[02:55:57] [+ 6289.5s] [HEARTBEAT] 8b/8da4w/wmma rep2 still running, 300s elapsed
[02:56:27] [+ 6319.5s] [HEARTBEAT] 8b/8da4w/wmma rep2 still running, 330s elapsed
[02:56:29] [+ 6321.6s] [OK] 8b/8da4w/wmma rep2 -> prefill=185.06 decode=7.21 (332s)
[02:56:44] [+ 6336.6s] [PROGRESS] [#####################...] 32/36 done (0 failed) | next: 8b/4w/baseline rep3 | ETA ~109 min
[02:56:44] [+ 6336.6s] [RUN] 8b/4w/baseline rep3 (attempt 1)...
[02:57:14] [+ 6366.6s] [HEARTBEAT] 8b/4w/baseline rep3 still running, 30s elapsed
[02:57:44] [+ 6396.6s] [HEARTBEAT] 8b/4w/baseline rep3 still running, 60s elapsed
[02:58:14] [+ 6426.7s] [HEARTBEAT] 8b/4w/baseline rep3 still running, 90s elapsed
[02:58:44] [+ 6456.7s] [HEARTBEAT] 8b/4w/baseline rep3 still running, 120s elapsed
[02:59:14] [+ 6486.7s] [HEARTBEAT] 8b/4w/baseline rep3 still running, 150s elapsed
[02:59:44] [+ 6516.7s] [HEARTBEAT] 8b/4w/baseline rep3 still running, 180s elapsed
[03:00:14] [+ 6546.7s] [HEARTBEAT] 8b/4w/baseline rep3 still running, 210s elapsed
[03:00:44] [+ 6576.7s] [HEARTBEAT] 8b/4w/baseline rep3 still running, 240s elapsed
[03:01:14] [+ 6606.7s] [HEARTBEAT] 8b/4w/baseline rep3 still running, 270s elapsed
[03:01:44] [+ 6636.7s] [HEARTBEAT] 8b/4w/baseline rep3 still running, 300s elapsed
[03:02:14] [+ 6666.7s] [HEARTBEAT] 8b/4w/baseline rep3 still running, 330s elapsed
[03:02:15] [+ 6667.8s] [OK] 8b/4w/baseline rep3 -> prefill=90.96 decode=7.33 (331s)
[03:02:30] [+ 6682.8s] [PROGRESS] [######################..] 33/36 done (0 failed) | next: 8b/4w/wmma rep3 | ETA ~112 min
[03:02:30] [+ 6682.8s] [RUN] 8b/4w/wmma rep3 (attempt 1)...
[03:03:00] [+ 6712.8s] [HEARTBEAT] 8b/4w/wmma rep3 still running, 30s elapsed
[03:03:30] [+ 6742.8s] [HEARTBEAT] 8b/4w/wmma rep3 still running, 60s elapsed
[03:04:00] [+ 6772.8s] [HEARTBEAT] 8b/4w/wmma rep3 still running, 90s elapsed
[03:04:30] [+ 6802.8s] [HEARTBEAT] 8b/4w/wmma rep3 still running, 120s elapsed
[03:05:00] [+ 6832.8s] [HEARTBEAT] 8b/4w/wmma rep3 still running, 150s elapsed
[03:05:30] [+ 6862.8s] [HEARTBEAT] 8b/4w/wmma rep3 still running, 180s elapsed
[03:06:00] [+ 6892.8s] [HEARTBEAT] 8b/4w/wmma rep3 still running, 210s elapsed
[03:06:30] [+ 6922.8s] [HEARTBEAT] 8b/4w/wmma rep3 still running, 240s elapsed
[03:07:00] [+ 6952.8s] [HEARTBEAT] 8b/4w/wmma rep3 still running, 270s elapsed
[03:07:30] [+ 6982.8s] [HEARTBEAT] 8b/4w/wmma rep3 still running, 300s elapsed
[03:07:50] [+ 7002.9s] [OK] 8b/4w/wmma rep3 -> prefill=152.70 decode=7.36 (320s)
[03:08:05] [+ 7017.9s] [PROGRESS] [######################..] 34/36 done (0 failed) | next: 8b/8da4w/baseline rep3 | ETA ~114 min
[03:08:05] [+ 7017.9s] [RUN] 8b/8da4w/baseline rep3 (attempt 1)...
[03:08:35] [+ 7047.9s] [HEARTBEAT] 8b/8da4w/baseline rep3 still running, 30s elapsed
[03:09:05] [+ 7077.9s] [HEARTBEAT] 8b/8da4w/baseline rep3 still running, 60s elapsed
[03:09:35] [+ 7107.9s] [HEARTBEAT] 8b/8da4w/baseline rep3 still running, 90s elapsed
[03:10:05] [+ 7137.9s] [HEARTBEAT] 8b/8da4w/baseline rep3 still running, 120s elapsed
[03:10:35] [+ 7167.9s] [HEARTBEAT] 8b/8da4w/baseline rep3 still running, 150s elapsed
[03:11:05] [+ 7197.9s] [HEARTBEAT] 8b/8da4w/baseline rep3 still running, 180s elapsed
[03:11:35] [+ 7227.9s] [HEARTBEAT] 8b/8da4w/baseline rep3 still running, 210s elapsed
[03:12:05] [+ 7257.9s] [HEARTBEAT] 8b/8da4w/baseline rep3 still running, 240s elapsed
[03:12:35] [+ 7287.9s] [HEARTBEAT] 8b/8da4w/baseline rep3 still running, 270s elapsed
[03:13:05] [+ 7317.9s] [HEARTBEAT] 8b/8da4w/baseline rep3 still running, 300s elapsed
[03:13:35] [+ 7347.9s] [HEARTBEAT] 8b/8da4w/baseline rep3 still running, 330s elapsed
[03:13:56] [+ 7369.0s] [OK] 8b/8da4w/baseline rep3 -> prefill=66.28 decode=7.24 (351s)
[03:14:11] [+ 7384.0s] [PROGRESS] [#######################.] 35/36 done (0 failed) | next: 8b/8da4w/wmma rep3 | ETA ~116 min
[03:14:11] [+ 7384.0s] [RUN] 8b/8da4w/wmma rep3 (attempt 1)...
[03:14:41] [+ 7414.0s] [HEARTBEAT] 8b/8da4w/wmma rep3 still running, 30s elapsed
[03:15:11] [+ 7444.0s] [HEARTBEAT] 8b/8da4w/wmma rep3 still running, 60s elapsed
[03:15:41] [+ 7474.0s] [HEARTBEAT] 8b/8da4w/wmma rep3 still running, 90s elapsed
[03:16:11] [+ 7504.1s] [HEARTBEAT] 8b/8da4w/wmma rep3 still running, 120s elapsed
[03:16:41] [+ 7534.1s] [HEARTBEAT] 8b/8da4w/wmma rep3 still running, 150s elapsed
[03:17:11] [+ 7564.1s] [HEARTBEAT] 8b/8da4w/wmma rep3 still running, 180s elapsed
[03:17:41] [+ 7594.1s] [HEARTBEAT] 8b/8da4w/wmma rep3 still running, 210s elapsed
[03:18:11] [+ 7624.1s] [HEARTBEAT] 8b/8da4w/wmma rep3 still running, 240s elapsed
[03:18:41] [+ 7654.1s] [HEARTBEAT] 8b/8da4w/wmma rep3 still running, 270s elapsed
[03:19:11] [+ 7684.1s] [HEARTBEAT] 8b/8da4w/wmma rep3 still running, 300s elapsed
[03:19:41] [+ 7714.1s] [HEARTBEAT] 8b/8da4w/wmma rep3 still running, 330s elapsed
[03:19:45] [+ 7717.6s] [OK] 8b/8da4w/wmma rep3 -> prefill=184.87 decode=7.23 (334s)
[03:20:02] [+ 7735.2s] [STAGE] removed 8b's buffer PTEs from device.
[03:20:02] [+ 7735.2s] [MODEL] === finished 8b ===
[03:20:02] [+ 7735.2s] [CLOCK] sweep complete. Restoring 509 default pin...
[03:20:09] [+ 7741.4s] [CLOCK] verified pinned: {'gpu_min': 509000, 'gpu_max': 509000, 'mif_min': 2730000, 'mif_max': 2730000, 'int_min': 663000, 'int_max': 663000}
[03:20:09] [+ 7741.4s] [SUMMARY] median prefill/decode tok/s per combo:
     1b/4w     baseline  prefill_med=  610.43 decode_med= 26.78  n=3
     1b/4w     wmma      prefill_med=  846.63 decode_med= 26.73  n=3
     1b/8da4w  baseline  prefill_med=  428.72 decode_med= 25.66  n=3
     1b/8da4w  wmma      prefill_med=  970.62 decode_med= 25.59  n=3
     3b/4w     baseline  prefill_med=  224.73 decode_med= 13.08  n=3
     3b/4w     wmma      prefill_med=  313.25 decode_med= 13.10  n=3
     3b/8da4w  baseline  prefill_med=  154.61 decode_med= 12.63  n=3
     3b/8da4w  wmma      prefill_med=  366.83 decode_med= 12.66  n=3
     8b/4w     baseline  prefill_med=   93.82 decode_med=  7.34  n=3
     8b/4w     wmma      prefill_med=  151.50 decode_med=  7.35  n=3
     8b/8da4w  baseline  prefill_med=   67.74 decode_med=  7.24  n=3
     8b/8da4w  wmma      prefill_med=  185.00 decode_med=  7.23  n=3
[03:20:09] [+ 7741.4s] [DONE] results in ../results/maxclock_ab.jsonl -- 36 combos done, 0 failed.
